00:00 +0: loading /Users/avayroy/Optivus/test/group_c_adversarial_stress_test.dart                                                                                                                     00:01 +0: loading /Users/avayroy/Optivus/test/group_c_adversarial_stress_test.dart                                                                                                                     00:02 +0: loading /Users/avayroy/Optivus/test/group_c_adversarial_stress_test.dart                                                                                                                     00:02 +0: loading /Users/avayroy/Optivus/test/routine_validation_service_test.dart                                                                                                                     00:02 +0: /Users/avayroy/Optivus/test/routine_validation_service_test.dart: RoutineValidationService Validates empty owner UID                                                                         00:02 +1: /Users/avayroy/Optivus/test/routine_validation_service_test.dart: RoutineValidationService Validates empty owner UID                                                                         00:02 +1: /Users/avayroy/Optivus/test/routine_validation_service_test.dart: RoutineValidationService Validates date component                                                                          00:02 +2: /Users/avayroy/Optivus/test/routine_validation_service_test.dart: RoutineValidationService Validates date component                                                                          00:02 +2: loading /Users/avayroy/Optivus/test/onboarding_completion_bundle_test.dart                                                                                                                   00:02 +2: /Users/avayroy/Optivus/test/onboarding_completion_bundle_test.dart: completion bundle merges duplicate language and meditation systems                                                       00:02 +3: /Users/avayroy/Optivus/test/onboarding_completion_bundle_test.dart: completion bundle merges duplicate language and meditation systems                                                       00:02 +3: /Users/avayroy/Optivus/test/onboarding_completion_bundle_test.dart: mock app state starts empty and accepts onboarding bundle output                                                         00:02 +4: /Users/avayroy/Optivus/test/onboarding_completion_bundle_test.dart: mock app state starts empty and accepts onboarding bundle output                                                         00:02 +4: loading /Users/avayroy/Optivus/test/group_c_adversarial_stress_test.dart                                                                                                                     00:02 +4: /Users/avayroy/Optivus/test/group_c_adversarial_stress_test.dart: ... Issue 12: Owner UID Validation & Mismatch Security Adversarial: Constructor rejects empty, whitespace, and slash UIDs  00:02 +5: /Users/avayroy/Optivus/test/group_c_adversarial_stress_test.dart: ... Issue 12: Owner UID Validation & Mismatch Security Adversarial: Constructor rejects empty, whitespace, and slash UIDs  00:02 +5: /Users/avayroy/Optivus/test/group_c_adversarial_stress_test.dart: ... (Issues 12–15) Issue 12: Owner UID Validation & Mismatch Security Adversarial: fromMap rejects invalid ownerUid inputs 00:02 +6: /Users/avayroy/Optivus/test/group_c_adversarial_stress_test.dart: ... (Issues 12–15) Issue 12: Owner UID Validation & Mismatch Security Adversarial: fromMap rejects invalid ownerUid inputs 00:02 +6: /Users/avayroy/Optivus/test/group_c_adversarial_stress_test.dart: ... 12: Owner UID Validation & Mismatch Security Adversarial: HabitSystemOnboardingProjection rejects corrupt bundle UID   00:02 +7: /Users/avayroy/Optivus/test/onboarding_completion_retry_contract_test.dart: Gate 1 rejected activation is observable without a phantom running job                                           00:02 +8: /Users/avayroy/Optivus/test/onboarding_completion_retry_contract_test.dart: Gate 1 rejected activation is observable without a phantom running job                                           00:02 +9: /Users/avayroy/Optivus/test/onboarding_completion_retry_contract_test.dart: Gate 1 rejected activation is observable without a phantom running job                                           00:02 +9: /Users/avayroy/Optivus/test/onboarding_completion_retry_contract_test.dart: Gate 1 rejected activation is observable without a phantom running job                                           
[SystemWakeLock] Acquired wake lock claim.
00:02 +10: /Users/avayroy/Optivus/test/onboarding_completion_retry_contract_test.dart: Gate 1 rejected activation is observable without a phantom running job                                          00:02 +11: /Users/avayroy/Optivus/test/onboarding_completion_retry_contract_test.dart: Gate 1 rejected activation is observable without a phantom running job                                          00:02 +12: /Users/avayroy/Optivus/test/onboarding_completion_retry_contract_test.dart: Gate 1 rejected activation is observable without a phantom running job                                          00:02 +13: /Users/avayroy/Optivus/test/onboarding_completion_retry_contract_test.dart: Gate 1 rejected activation is observable without a phantom running job                                          00:02 +14: /Users/avayroy/Optivus/test/onboarding_completion_retry_contract_test.dart: Gate 1 rejected activation is observable without a phantom running job                                          00:02 +15: /Users/avayroy/Optivus/test/onboarding_completion_retry_contract_test.dart: Gate 1 rejected activation is observable without a phantom running job                                          00:02 +15: /Users/avayroy/Optivus/test/onboarding_completion_retry_contract_test.dart: Gate 1 rejected activation is observable without a phantom running job                                          
[CompletionFailure] stage=validateInput code=COMPLETION_ACTIVATION_PERMISSION_DENIED category=cloud_persistence retryable=true
[SystemWakeLock] Released wake lock claim.
00:02 +16: /Users/avayroy/Optivus/test/onboarding_completion_retry_contract_test.dart: Gate 1 rejected activation is observable without a phantom running job                                          00:02 +16: /Users/avayroy/Optivus/test/onboarding_completion_retry_contract_test.dart: Gate 1 rejected activation is observable without a phantom running job                                          
[SystemWakeLock] Acquired wake lock claim.
[CompletionFailure] stage=validateInput code=COMPLETION_ACTIVATION_PERMISSION_DENIED category=cloud_persistence retryable=true
[SystemWakeLock] Released wake lock claim.
00:02 +17: /Users/avayroy/Optivus/test/onboarding_completion_retry_contract_test.dart: Gate 1 rejected activation is observable without a phantom running job                                          00:02 +18: /Users/avayroy/Optivus/test/group_c_adversarial_stress_test.dart: ... Reconciler & R11 Zero Deletion R11 Compliance: Archiving habit system updates schedule without deleting routine items 00:02 +19: /Users/avayroy/Optivus/test/onboarding_completion_retry_contract_test.dart: Gate 1 durable diagnostics outrank raw auth strings                                                             00:02 +20: /Users/avayroy/Optivus/test/group_c_adversarial_stress_test.dart: ... Reconciler & R11 Zero Deletion Orphan Pruning: Deleting a routine item prunes ID from habit system linkedRoutineIds   00:02 +21: /Users/avayroy/Optivus/test/onboarding_completion_retry_contract_test.dart: Gate 1 typed permission denial is distinct from expired authentication                                          00:02 +22: /Users/avayroy/Optivus/test/onboarding_completion_retry_contract_test.dart: Gate 1 typed permission denial is distinct from expired authentication                                          00:02 +22: /Users/avayroy/Optivus/test/onboarding_completion_retry_contract_test.dart: Gate 1 dangling and completed pointers never permit editing without a job                                       00:02 +23: /Users/avayroy/Optivus/test/onboarding_completion_retry_contract_test.dart: Gate 1 dangling and completed pointers never permit editing without a job                                       00:02 +23: /Users/avayroy/Optivus/test/onboarding_completion_retry_contract_test.dart: Gate 1 attempted reconciliation prevents editing at an earlier durable checkpoint                               00:02 +24: /Users/avayroy/Optivus/test/onboarding_completion_retry_contract_test.dart: Gate 1 attempted reconciliation prevents editing at an earlier durable checkpoint                               00:02 +24: /Users/avayroy/Optivus/test/onboarding_completion_retry_contract_test.dart: Gate 1 legacy job without metadata remains safe and unknown metadata cannot leak                                00:02 +25: /Users/avayroy/Optivus/test/onboarding_completion_retry_contract_test.dart: Gate 1 legacy job without metadata remains safe and unknown metadata cannot leak                                00:02 +25: /Users/avayroy/Optivus/test/onboarding_completion_retry_contract_test.dart: Gate 1 matching early failed pointer permits review but running or contradictory state does not                 00:02 +26: /Users/avayroy/Optivus/test/onboarding_completion_retry_contract_test.dart: Gate 1 matching early failed pointer permits review but running or contradictory state does not                 00:02 +26: /Users/avayroy/Optivus/test/onboarding_completion_retry_contract_test.dart: Gate 1 later Firestore failure persists exact stage and successful retry clears it                              00:02 +26: /Users/avayroy/Optivus/test/onboarding_completion_retry_contract_test.dart: Gate 1 later Firestore failure persists exact stage and successful retry clears it                              
[SystemWakeLock] Acquired wake lock claim.
[CompletionTiming] validateInput=0ms
[CompletionTiming] persistDraft=0ms
[CompletionTiming] verifyDraft=1ms
[CompletionFailure] stage=persistBundle code=COMPLETION_PERSISTENCE_PERMISSION_DENIED category=cloud_persistence retryable=true
[SystemWakeLock] Released wake lock claim.
[SystemWakeLock] Acquired wake lock claim.
[CompletionTiming] persistBundle=0ms
[CompletionTiming] verifyBundle=0ms
[CompletionTiming] reconcileRoutines=3ms
[CompletionTiming] verifyRoutines=0ms
[CompletionTiming] projectRoutineHistory=0ms
[CompletionTiming] verifyRoutineHistory=0ms
[CompletionTiming] reconcileHabitSystems=0ms
[CompletionTiming] verifyHabitSystems=0ms
[CompletionTiming] reloadControllers=0ms
[CompletionTiming] verifyFrontendState=0ms
[CompletionTiming] finalizeProfile=0ms
[CompletionTiming] total=23ms
[SystemWakeLock] Released wake lock claim.
00:02 +27: /Users/avayroy/Optivus/test/onboarding_completion_retry_contract_test.dart: Gate 1 later Firestore failure persists exact stage and successful retry clears it                              00:02 +27: /Users/avayroy/Optivus/test/onboarding_completion_retry_contract_test.dart: Step 14 retry reuses only the exact persisted final-draft bundle identity                                       00:03 +27: /Users/avayroy/Optivus/test/onboarding_completion_retry_contract_test.dart: Step 14 retry reuses only the exact persisted final-draft bundle identity                                       00:03 +28: /Users/avayroy/Optivus/test/onboarding_completion_retry_contract_test.dart: Step 14 retry reuses only the exact persisted final-draft bundle identity                                       00:03 +28: /Users/avayroy/Optivus/test/onboarding_completion_retry_contract_test.dart: Step 14 completion persists and verifies the schema-v2 bundle before reconciliation                             00:03 +28: /Users/avayroy/Optivus/test/onboarding_completion_retry_contract_test.dart: Step 14 completion persists and verifies the schema-v2 bundle before reconciliation                             
[SystemWakeLock] Acquired wake lock claim.
[CompletionTiming] validateInput=0ms
[CompletionTiming] persistDraft=0ms
[CompletionTiming] verifyDraft=1ms
[CompletionTiming] persistBundle=0ms
[CompletionTiming] verifyBundle=0ms
[CompletionTiming] reconcileRoutines=0ms
[CompletionTiming] verifyRoutines=0ms
[CompletionTiming] projectRoutineHistory=0ms
[CompletionTiming] verifyRoutineHistory=0ms
[CompletionTiming] reconcileHabitSystems=0ms
[CompletionTiming] verifyHabitSystems=0ms
[CompletionTiming] reloadControllers=0ms
[CompletionTiming] verifyFrontendState=0ms
[CompletionTiming] finalizeProfile=0ms
[CompletionTiming] total=8ms
[SystemWakeLock] Released wake lock claim.
00:03 +29: /Users/avayroy/Optivus/test/onboarding_completion_retry_contract_test.dart: Step 14 completion persists and verifies the schema-v2 bundle before reconciliation                             00:03 +29: /Users/avayroy/Optivus/test/onboarding_completion_retry_contract_test.dart: production retry transition removes failure keys and preserves run state across multiple retries                00:03 +29: /Users/avayroy/Optivus/test/onboarding_completion_retry_contract_test.dart: production retry transition removes failure keys and preserves run state across multiple retries                
[SystemWakeLock] Acquired wake lock claim.
[CompletionTiming] validateInput=0ms
[CompletionTiming] persistDraft=0ms
[CompletionTiming] verifyDraft=0ms
[CompletionFailure] stage=persistBundle code=COMPLETION_VERIFY_FAILED category=transient_failure retryable=true
[SystemWakeLock] Released wake lock claim.
[SystemWakeLock] Acquired wake lock claim.
[CompletionFailure] stage=persistBundle code=COMPLETION_VERIFY_FAILED category=transient_failure retryable=true
[SystemWakeLock] Released wake lock claim.
[SystemWakeLock] Acquired wake lock claim.
[CompletionTiming] persistBundle=0ms
[CompletionTiming] verifyBundle=0ms
[CompletionTiming] reconcileRoutines=0ms
[CompletionTiming] verifyRoutines=0ms
[CompletionTiming] projectRoutineHistory=0ms
[CompletionTiming] verifyRoutineHistory=0ms
[CompletionTiming] reconcileHabitSystems=0ms
[CompletionTiming] verifyHabitSystems=0ms
[CompletionTiming] reloadControllers=0ms
[CompletionTiming] verifyFrontendState=0ms
[CompletionTiming] finalizeProfile=0ms
[CompletionTiming] total=9ms
[SystemWakeLock] Released wake lock claim.
00:03 +30: /Users/avayroy/Optivus/test/onboarding_completion_retry_contract_test.dart: production retry transition removes failure keys and preserves run state across multiple retries                00:03 +30: /Users/avayroy/Optivus/test/onboarding_completion_retry_contract_test.dart: failed run can be replaced after edit while stale reclaim is denied and restart restores B                      00:03 +30: /Users/avayroy/Optivus/test/onboarding_completion_retry_contract_test.dart: failed run can be replaced after edit while stale reclaim is denied and restart restores B                      
[SystemWakeLock] Acquired wake lock claim.
[CompletionTiming] validateInput=0ms
[CompletionTiming] persistDraft=0ms
[CompletionTiming] verifyDraft=0ms
[CompletionFailure] stage=persistBundle code=COMPLETION_VERIFY_FAILED category=transient_failure retryable=true
[SystemWakeLock] Released wake lock claim.
[SystemWakeLock] Acquired wake lock claim.
[CompletionTiming] validateInput=0ms
[CompletionTiming] persistDraft=0ms
[CompletionTiming] verifyDraft=0ms
[CompletionTiming] persistBundle=0ms
[CompletionTiming] verifyBundle=0ms
[CompletionTiming] reconcileRoutines=0ms
[CompletionTiming] verifyRoutines=0ms
[CompletionTiming] projectRoutineHistory=0ms
[CompletionTiming] verifyRoutineHistory=0ms
[CompletionTiming] reconcileHabitSystems=0ms
[CompletionTiming] verifyHabitSystems=0ms
[CompletionTiming] reloadControllers=0ms
[CompletionTiming] verifyFrontendState=0ms
[CompletionTiming] finalizeProfile=0ms
[CompletionTiming] total=5ms
[SystemWakeLock] Released wake lock claim.
[SystemWakeLock] Acquired wake lock claim.
[SystemWakeLock] Released wake lock claim.
[SystemWakeLock] Acquired wake lock claim.
[CompletionFailure] stage=validateInput code=state_error category=validation_failed retryable=false
[SystemWakeLock] Released wake lock claim.
00:03 +31: /Users/avayroy/Optivus/test/onboarding_completion_retry_contract_test.dart: failed run can be replaced after edit while stale reclaim is denied and restart restores B                      00:03 +31: loading /Users/avayroy/Optivus/test/routine_conflict_resolver_sheet_test.dart                                                                                                               00:03 +31: /Users/avayroy/Optivus/test/routine_conflict_resolver_sheet_test.dart: disables close button and prevents pop during pending write                                                          00:03 +32: /Users/avayroy/Optivus/test/routine_conflict_resolver_sheet_test.dart: disables close button and prevents pop during pending write                                                          00:03 +33: /Users/avayroy/Optivus/test/routine_conflict_resolver_sheet_test.dart: disables close button and prevents pop during pending write                                                          00:03 +34: /Users/avayroy/Optivus/test/routine_conflict_resolver_sheet_test.dart: disables close button and prevents pop during pending write                                                          00:03 +35: /Users/avayroy/Optivus/test/routine_conflict_resolver_sheet_test.dart: disables close button and prevents pop during pending write                                                          00:03 +36: /Users/avayroy/Optivus/test/routine_conflict_resolver_sheet_test.dart: disables close button and prevents pop during pending write                                                          00:03 +37: /Users/avayroy/Optivus/test/routine_conflict_resolver_sheet_test.dart: disables close button and prevents pop during pending write                                                          00:03 +37: /Users/avayroy/Optivus/test/challenger_p46_m3_1_adversarial_test.dart: Challenger P46 M3.1: Onboarding Recovery State Transitions & Draft Handling ResumeOnboardingAction without a draft fails safely
[AuthRecovery] Recovery action failed safely (StateError).
00:03 +38: /Users/avayroy/Optivus/test/routine_conflict_resolver_sheet_test.dart: disables close button and prevents pop during pending write                                                          00:03 +38: /Users/avayroy/Optivus/test/challenger_p46_m3_1_adversarial_test.dart: Challenger P46 M3.1: Onboarding Recovery State Transitions & Draft Handling RebuildBundleFromVerifiedDraftAction when draft is missing fails safely
[AuthRecovery] Recovery action failed safely (StateError).
00:03 +39: /Users/avayroy/Optivus/test/routine_conflict_resolver_sheet_test.dart: disables close button and prevents pop during pending write                                                          00:03 +39: /Users/avayroy/Optivus/test/challenger_p46_m3_1_adversarial_test.dart: Challenger P46 M3.1: Onboarding Recovery State Transitions & Draft Handling RebuildBundleFromVerifiedDraftAction rejects a malformed completed draft
[AuthRecovery] Recovery action failed safely (StateError).
00:03 +40: /Users/avayroy/Optivus/test/routine_conflict_resolver_sheet_test.dart: disables close button and prevents pop during pending write                                                          00:03 +40: /Users/avayroy/Optivus/test/challenger_p46_m3_1_adversarial_test.dart: Challenger P46 M3.1: Onboarding Recovery State Transitions & Draft Handling executeRecoveryAction at max attempts still fails closed without a draft
[AuthRecovery] Recovery action failed safely (StateError).
00:03 +41: /Users/avayroy/Optivus/test/routine_conflict_resolver_sheet_test.dart: disables close button and prevents pop during pending write                                                          00:04 +41: /Users/avayroy/Optivus/test/routine_conflict_resolver_sheet_test.dart: disables close button and prevents pop during pending write                                                          00:04 +42: /Users/avayroy/Optivus/test/routine_conflict_resolver_sheet_test.dart: disables close button and prevents pop during pending write                                                          00:04 +43: /Users/avayroy/Optivus/test/routine_conflict_resolver_sheet_test.dart: disables close button and prevents pop during pending write                                                          00:04 +44: /Users/avayroy/Optivus/test/work_package_a_test.dart: Work Package A - PATH3-14-01: Pre-fetch reset removal Cached state is retained when backend user restore fails on network hiccup      00:04 +45: /Users/avayroy/Optivus/test/work_package_a_test.dart: Work Package A - PATH3-14-01: Pre-fetch reset removal Cached state is retained when backend user restore fails on network hiccup      00:04 +46: /Users/avayroy/Optivus/test/work_package_a_test.dart: Work Package A - PATH3-14-01: Pre-fetch reset removal Cached state is retained when backend user restore fails on network hiccup      00:04 +47: /Users/avayroy/Optivus/test/work_package_a_test.dart: Work Package A - PATH3-14-01: Pre-fetch reset removal Cached state is retained when backend user restore fails on network hiccup      00:04 +47: /Users/avayroy/Optivus/test/group_j_issues_56_to_62_test.dart: Group J - Issue 60: System Wake Lock Release in Background Sync runWithWakeLock acquires and releases wake lock on success   
[SystemWakeLock] Acquired wake lock claim.
[SystemWakeLock] Released wake lock claim.
00:04 +48: /Users/avayroy/Optivus/test/work_package_a_test.dart: Work Package A - PATH3-14-01: Pre-fetch reset removal Cached state is retained when backend user restore fails on network hiccup      00:04 +48: /Users/avayroy/Optivus/test/group_j_issues_56_to_62_test.dart: Group J - Issue 60: System Wake Lock Release in Background Sync runWithWakeLock releases wake lock even when syncTask throws 
[SystemWakeLock] Acquired wake lock claim.
[SystemWakeLock] Released wake lock claim.
00:04 +49: /Users/avayroy/Optivus/test/work_package_a_test.dart: Work Package A - PATH3-14-01: Pre-fetch reset removal Cached state is retained when backend user restore fails on network hiccup      00:04 +49: /Users/avayroy/Optivus/test/group_j_issues_56_to_62_test.dart: Group J - Issue 60: System Wake Lock Release in Background Sync OnboardingCompletionJobService releases wake lock claim      
[SystemWakeLock] Acquired wake lock claim.
[CompletionTiming] validateInput=0ms
[CompletionTiming] persistDraft=0ms
[CompletionTiming] verifyDraft=0ms
[CompletionTiming] persistBundle=0ms
[CompletionTiming] verifyBundle=0ms
[CompletionTiming] reconcileRoutines=4ms
[CompletionTiming] verifyRoutines=0ms
[CompletionTiming] projectRoutineHistory=1ms
[CompletionTiming] verifyRoutineHistory=0ms
[CompletionTiming] reconcileHabitSystems=0ms
[CompletionTiming] verifyHabitSystems=0ms
[CompletionTiming] reloadControllers=0ms
[CompletionTiming] verifyFrontendState=0ms
[CompletionTiming] finalizeProfile=0ms
[CompletionTiming] total=23ms
[SystemWakeLock] Released wake lock claim.
00:04 +50: /Users/avayroy/Optivus/test/work_package_a_test.dart: Work Package A - PATH3-14-01: Pre-fetch reset removal Cached state is retained when backend user restore fails on network hiccup      00:04 +50: /Users/avayroy/Optivus/test/group_j_issues_56_to_62_test.dart: Group J - Issue 61: iOS Platform Channel Async Error Boundary Safety safePlatformCall returns fallback on MissingPluginException
[PlatformChannelBoundary] Missing plugin in testMissingPlugin.
00:04 +51: /Users/avayroy/Optivus/test/work_package_a_test.dart: Work Package A - PATH3-14-01: Pre-fetch reset removal Cached state is retained when backend user restore fails on network hiccup      00:04 +51: /Users/avayroy/Optivus/test/group_j_issues_56_to_62_test.dart: Group J - Issue 61: iOS Platform Channel Async Error Boundary Safety safePlatformCall returns fallback on PlatformException  
[PlatformChannelBoundary] Platform call failed in testPlatformException (PlatformException).
00:04 +52: /Users/avayroy/Optivus/test/work_package_a_test.dart: Work Package A - PATH3-14-01: Pre-fetch reset removal Cached state is retained when backend user restore fails on network hiccup      00:04 +53: /Users/avayroy/Optivus/test/work_package_a_test.dart: Work Package A - PATH3-14-01: Pre-fetch reset removal Cached state is retained when backend user restore fails on network hiccup      00:04 +54: /Users/avayroy/Optivus/test/work_package_a_test.dart: Work Package A - PATH3-14-01: Pre-fetch reset removal Cached state is retained when backend user restore fails on network hiccup      00:04 +55: /Users/avayroy/Optivus/test/work_package_a_test.dart: Work Package A - PATH3-14-01: Pre-fetch reset removal Cached state is retained when backend user restore fails on network hiccup      00:04 +56: /Users/avayroy/Optivus/test/work_package_a_test.dart: Work Package A - PATH3-14-01: Pre-fetch reset removal Cached state is retained when backend user restore fails on network hiccup      00:04 +57: /Users/avayroy/Optivus/test/work_package_a_test.dart: Work Package A - PATH3-14-01: Pre-fetch reset removal Cached state is retained when backend user restore fails on network hiccup      00:04 +57: /Users/avayroy/Optivus/test/work_package_a_test.dart: Work Package A - PATH3-14-01: Pre-fetch reset removal Cached state is retained when backend user restore fails on network hiccup      
[Reconstruction] event=operation_started operationId=1
[Reconstruction] event=attempt_started operationId=1 attempt=1
[DeviceCountryService] Detection failed safely (MissingPluginException).
[Reconstruction] started uid=fak…118
[Reconstruction] event=attempt_failed operationId=1 attempt=1 failureKind=firestore_no-app elapsedMs=80
[Reconstruction] event=retry_exhausted attempts=1
[Reconstruction] event=operation_started operationId=2
[Reconstruction] event=attempt_started operationId=2 attempt=1
[DeviceCountryService] Detection failed safely (MissingPluginException).
[Reconstruction] started uid=fak…118
[Reconstruction] event=attempt_failed operationId=2 attempt=1 failureKind=server_read_failed__Exception elapsedMs=1
[Reconstruction] event=retry_exhausted attempts=1
00:04 +58: /Users/avayroy/Optivus/test/challenger_p46_m3_1_adversarial_test.dart: ... & Account Switching Isolation 10-cycle rapid sign-in / sign-out / switch stress test maintains complete isolation00:05 +58: /Users/avayroy/Optivus/test/challenger_p46_m3_1_adversarial_test.dart: ... & Account Switching Isolation 10-cycle rapid sign-in / sign-out / switch stress test maintains complete isolation00:05 +59: /Users/avayroy/Optivus/test/challenger_p46_m3_1_adversarial_test.dart: ... & Account Switching Isolation 10-cycle rapid sign-in / sign-out / switch stress test maintains complete isolation00:05 +60: /Users/avayroy/Optivus/test/challenger_p46_m3_1_adversarial_test.dart: ... & Account Switching Isolation 10-cycle rapid sign-in / sign-out / switch stress test maintains complete isolation00:05 +61: /Users/avayroy/Optivus/test/challenger_p46_m3_1_adversarial_test.dart: ... & Account Switching Isolation 10-cycle rapid sign-in / sign-out / switch stress test maintains complete isolation00:05 +62: /Users/avayroy/Optivus/test/challenger_p46_m3_1_adversarial_test.dart: ... & Account Switching Isolation 10-cycle rapid sign-in / sign-out / switch stress test maintains complete isolation00:05 +63: /Users/avayroy/Optivus/test/challenger_p46_m3_1_adversarial_test.dart: ... & Account Switching Isolation 10-cycle rapid sign-in / sign-out / switch stress test maintains complete isolation00:05 +64: /Users/avayroy/Optivus/test/challenger_p46_m3_1_adversarial_test.dart: ... & Account Switching Isolation 10-cycle rapid sign-in / sign-out / switch stress test maintains complete isolation00:05 +65: /Users/avayroy/Optivus/test/challenger_p46_m3_1_adversarial_test.dart: ... & Account Switching Isolation 10-cycle rapid sign-in / sign-out / switch stress test maintains complete isolation00:05 +66: /Users/avayroy/Optivus/test/challenger_p46_m3_1_adversarial_test.dart: ... & Account Switching Isolation 10-cycle rapid sign-in / sign-out / switch stress test maintains complete isolation00:05 +67: /Users/avayroy/Optivus/test/challenger_p46_m3_1_adversarial_test.dart: ... & Account Switching Isolation 10-cycle rapid sign-in / sign-out / switch stress test maintains complete isolation00:05 +68: /Users/avayroy/Optivus/test/challenger_p46_m3_1_adversarial_test.dart: ... & Account Switching Isolation 10-cycle rapid sign-in / sign-out / switch stress test maintains complete isolation00:05 +69: /Users/avayroy/Optivus/test/challenger_p46_m3_1_adversarial_test.dart: ... & Account Switching Isolation 10-cycle rapid sign-in / sign-out / switch stress test maintains complete isolation00:05 +70: /Users/avayroy/Optivus/test/challenger_p46_m3_1_adversarial_test.dart: ... & Account Switching Isolation 10-cycle rapid sign-in / sign-out / switch stress test maintains complete isolation00:05 +71: /Users/avayroy/Optivus/test/challenger_p46_m3_1_adversarial_test.dart: ... & Account Switching Isolation 10-cycle rapid sign-in / sign-out / switch stress test maintains complete isolation00:05 +72: /Users/avayroy/Optivus/test/challenger_p46_m3_1_adversarial_test.dart: ... & Account Switching Isolation 10-cycle rapid sign-in / sign-out / switch stress test maintains complete isolation00:05 +73: /Users/avayroy/Optivus/test/challenger_p46_m3_1_adversarial_test.dart: ... & Account Switching Isolation 10-cycle rapid sign-in / sign-out / switch stress test maintains complete isolation00:05 +74: /Users/avayroy/Optivus/test/challenger_p46_m3_1_adversarial_test.dart: ... & Account Switching Isolation 10-cycle rapid sign-in / sign-out / switch stress test maintains complete isolation00:05 +75: /Users/avayroy/Optivus/test/challenger_p46_m3_1_adversarial_test.dart: ... & Account Switching Isolation 10-cycle rapid sign-in / sign-out / switch stress test maintains complete isolation00:05 +76: /Users/avayroy/Optivus/test/challenger_p46_m3_1_adversarial_test.dart: ... & Account Switching Isolation 10-cycle rapid sign-in / sign-out / switch stress test maintains complete isolation00:05 +76: /Users/avayroy/Optivus/test/work_package_a_test.dart: Work Package A - PATH3-15-01: Full state purge on logout Failed logout retains RecoveryRetryController and authenticated state        
[Reconstruction] event=operation_started operationId=1
[Reconstruction] event=attempt_started operationId=1 attempt=1
[DeviceCountryService] Detection failed safely (MissingPluginException).
[Reconstruction] event=classified operationId=1 attempt=1 totalElapsedMs=32
00:06 +77: /Users/avayroy/Optivus/test/challenger_p46_m3_1_adversarial_test.dart: ... & Account Switching Isolation 10-cycle rapid sign-in / sign-out / switch stress test maintains complete isolation00:06 +78: /Users/avayroy/Optivus/test/challenger_p46_m3_1_adversarial_test.dart: ... & Account Switching Isolation 10-cycle rapid sign-in / sign-out / switch stress test maintains complete isolation00:06 +79: /Users/avayroy/Optivus/test/upload_phase2a_test.dart: skin face image uses smaller AI face policy while preserving orientation bake                                                         00:06 +80: /Users/avayroy/Optivus/test/upload_phase2a_test.dart: skin face image uses smaller AI face policy while preserving orientation bake                                                         00:06 +81: /Users/avayroy/Optivus/test/upload_phase2a_test.dart: skin face image uses smaller AI face policy while preserving orientation bake                                                         00:06 +82: /Users/avayroy/Optivus/test/upload_phase2a_test.dart: skin face image uses smaller AI face policy while preserving orientation bake                                                         00:06 +83: /Users/avayroy/Optivus/test/upload_phase2a_test.dart: skin face image uses smaller AI face policy while preserving orientation bake                                                         00:06 +84: /Users/avayroy/Optivus/test/upload_phase2a_test.dart: skin face image uses smaller AI face policy while preserving orientation bake                                                         00:07 +84: /Users/avayroy/Optivus/test/upload_phase2a_test.dart: skin face image uses smaller AI face policy while preserving orientation bake                                                         00:07 +85: /Users/avayroy/Optivus/test/upload_phase2a_test.dart: skin face image uses smaller AI face policy while preserving orientation bake                                                         00:07 +86: /Users/avayroy/Optivus/test/upload_phase2a_test.dart: skin face image uses smaller AI face policy while preserving orientation bake                                                         00:07 +87: /Users/avayroy/Optivus/test/upload_phase2a_test.dart: skin face image uses smaller AI face policy while preserving orientation bake                                                         00:07 +88: /Users/avayroy/Optivus/test/upload_phase2a_test.dart: skin face image uses smaller AI face policy while preserving orientation bake                                                         00:07 +89: /Users/avayroy/Optivus/test/upload_phase2a_test.dart: skin face image uses smaller AI face policy while preserving orientation bake                                                         00:07 +89: /Users/avayroy/Optivus/test/verify_email_redesign_test.dart: signup records initial verification send only after success                                                                    
[OptivusBuild] commit=source-email-verification-v1
[EmailVerification] stage=signup_started
[EmailVerification] stage=firebase_account_created uid=use...123
00:07 +89: /Users/avayroy/Optivus/test/work_package_a_test.dart: Work Package A - PATH3-16-01 & FINDING-P1-08: Account switch isolation & status order Account switch sets loadingBackendUser before resetting state when UID changes
[Reconstruction] event=operation_started operationId=1
[Reconstruction] event=attempt_started operationId=1 attempt=1
[DeviceCountryService] Detection failed safely (MissingPluginException).
[Reconstruction] event=classified operationId=1 attempt=1 totalElapsedMs=9
00:07 +89: /Users/avayroy/Optivus/test/verify_email_redesign_test.dart: signup records initial verification send only after success                                                                    
[EmailVerification] stage=before_initial_send
[EmailVerification] stage=after_initial_send
[EmailVerification] stage=display_name_update_started uid=use...123
[EmailVerification] stage=display_name_update_success uid=use...123
00:07 +90: /Users/avayroy/Optivus/test/upload_phase2a_test.dart: skin face image uses smaller AI face policy while preserving orientation bake                                                         00:07 +90: /Users/avayroy/Optivus/test/verify_email_redesign_test.dart: signup owns Firebase initial auth event until verification is sent once                                                        
[OptivusBuild] commit=source-email-verification-v1
[EmailVerification] stage=signup_started
[EmailVerification] stage=firebase_account_created uid=use...123
[EmailVerification] stage=before_initial_send
[EmailVerification] stage=after_initial_send
[EmailVerification] stage=display_name_update_started uid=use...123
[EmailVerification] stage=display_name_update_success uid=use...123
00:07 +91: /Users/avayroy/Optivus/test/upload_phase2a_test.dart: skin face image uses smaller AI face policy while preserving orientation bake                                                         00:07 +91: /Users/avayroy/Optivus/test/verify_email_redesign_test.dart: initial verification send completes before a hanging display-name update                                                       
[OptivusBuild] commit=source-email-verification-v1
[EmailVerification] stage=signup_started
[EmailVerification] stage=firebase_account_created uid=use...123
[EmailVerification] stage=before_initial_send
[EmailVerification] stage=after_initial_send
[EmailVerification] stage=display_name_update_started uid=use...123
00:07 +92: /Users/avayroy/Optivus/test/upload_phase2a_test.dart: skin face image uses smaller AI face policy while preserving orientation bake                                                         00:07 +92: /Users/avayroy/Optivus/test/verify_email_redesign_test.dart: display-name failure preserves the completed verification-email flow                                                           
[OptivusBuild] commit=source-email-verification-v1
[EmailVerification] stage=signup_started
[EmailVerification] stage=firebase_account_created uid=use...123
[EmailVerification] stage=before_initial_send
[EmailVerification] stage=after_initial_send
[EmailVerification] stage=display_name_update_started uid=use...123
[EmailVerification] stage=display_name_update_failure code=AUTH_UNKNOWN
00:07 +93: /Users/avayroy/Optivus/test/upload_phase2a_test.dart: skin face image uses smaller AI face policy while preserving orientation bake                                                         00:07 +93: /Users/avayroy/Optivus/test/verify_email_redesign_test.dart: signup ignores stale signed-out auth event and still sends email                                                               
[OptivusBuild] commit=source-email-verification-v1
[EmailVerification] stage=signup_started
[EmailVerification] stage=firebase_account_created uid=use...123
[EmailVerification] stage=before_initial_send
[EmailVerification] stage=after_initial_send
[EmailVerification] stage=display_name_update_started uid=use...123
[EmailVerification] stage=display_name_update_success uid=use...123
00:07 +94: /Users/avayroy/Optivus/test/upload_phase2a_test.dart: skin face image uses smaller AI face policy while preserving orientation bake                                                         00:07 +95: /Users/avayroy/Optivus/test/upload_phase2a_test.dart: skin face image uses smaller AI face policy while preserving orientation bake                                                         00:07 +95: /Users/avayroy/Optivus/test/verify_email_redesign_test.dart: unrelated UID auth event invalidates an in-flight signup                                                                       
[OptivusBuild] commit=source-email-verification-v1
[EmailVerification] stage=signup_started
00:07 +96: /Users/avayroy/Optivus/test/upload_phase2a_test.dart: skin face image uses smaller AI face policy while preserving orientation bake                                                         00:07 +96: /Users/avayroy/Optivus/test/verify_email_redesign_test.dart: failed initial verification send keeps resend immediately available                                                            
[OptivusBuild] commit=source-email-verification-v1
[EmailVerification] stage=signup_started
[EmailVerification] stage=firebase_account_created uid=use...123
[EmailVerification] stage=before_initial_send
[EmailVerification] stage=initial_send_failed code=NETWORK_UNAVAILABLE
00:07 +97: /Users/avayroy/Optivus/test/upload_phase2a_test.dart: skin face image uses smaller AI face policy while preserving orientation bake                                                         00:07 +98: /Users/avayroy/Optivus/test/upload_phase2a_test.dart: skin face image uses smaller AI face policy while preserving orientation bake                                                         00:07 +99: /Users/avayroy/Optivus/test/work_package_a_test.dart: ... Account switch isolation & status order Account switch sets loadingBackendUser before resetting state when UID changes            00:07 +100: /Users/avayroy/Optivus/test/work_package_a_test.dart: ... Account switch isolation & status order Account switch sets loadingBackendUser before resetting state when UID changes           00:07 +101: /Users/avayroy/Optivus/test/work_package_a_test.dart: ... Account switch isolation & status order Account switch sets loadingBackendUser before resetting state when UID changes           00:07 +102: /Users/avayroy/Optivus/test/work_package_a_test.dart: ... Account switch isolation & status order Account switch sets loadingBackendUser before resetting state when UID changes           00:07 +103: /Users/avayroy/Optivus/test/work_package_a_test.dart: ... Account switch isolation & status order Account switch sets loadingBackendUser before resetting state when UID changes           00:07 +104: /Users/avayroy/Optivus/test/work_package_a_test.dart: ... Account switch isolation & status order Account switch sets loadingBackendUser before resetting state when UID changes           00:07 +105: /Users/avayroy/Optivus/test/work_package_a_test.dart: ... Account switch isolation & status order Account switch sets loadingBackendUser before resetting state when UID changes           00:07 +106: /Users/avayroy/Optivus/test/work_package_a_test.dart: ... Account switch isolation & status order Account switch sets loadingBackendUser before resetting state when UID changes           00:07 +107: /Users/avayroy/Optivus/test/work_package_a_test.dart: ... Account switch isolation & status order Account switch sets loadingBackendUser before resetting state when UID changes           00:07 +108: /Users/avayroy/Optivus/test/work_package_a_test.dart: ... Account switch isolation & status order Account switch sets loadingBackendUser before resetting state when UID changes           00:07 +109: /Users/avayroy/Optivus/test/work_package_a_test.dart: ... Account switch isolation & status order Account switch sets loadingBackendUser before resetting state when UID changes           00:07 +110: /Users/avayroy/Optivus/test/work_package_a_test.dart: ... Account switch isolation & status order Account switch sets loadingBackendUser before resetting state when UID changes           00:07 +111: /Users/avayroy/Optivus/test/work_package_a_test.dart: ... Account switch isolation & status order Account switch sets loadingBackendUser before resetting state when UID changes           00:07 +112: /Users/avayroy/Optivus/test/work_package_a_test.dart: ... Account switch isolation & status order Account switch sets loadingBackendUser before resetting state when UID changes           00:07 +113: /Users/avayroy/Optivus/test/work_package_a_test.dart: ... Account switch isolation & status order Account switch sets loadingBackendUser before resetting state when UID changes           00:07 +114: /Users/avayroy/Optivus/test/work_package_a_test.dart: ... Account switch isolation & status order Account switch sets loadingBackendUser before resetting state when UID changes           00:07 +115: /Users/avayroy/Optivus/test/work_package_a_test.dart: ... Account switch isolation & status order Account switch sets loadingBackendUser before resetting state when UID changes           00:07 +116: /Users/avayroy/Optivus/test/work_package_a_test.dart: ... Account switch isolation & status order Account switch sets loadingBackendUser before resetting state when UID changes           00:07 +117: /Users/avayroy/Optivus/test/work_package_a_test.dart: ... Account switch isolation & status order Account switch sets loadingBackendUser before resetting state when UID changes           00:07 +117: /Users/avayroy/Optivus/test/verify_email_redesign_test.dart: renders single primary verification card, identity, steps, and bounded CTA                                                    
[EmailVerification] stage=verify_screen_entered initialSendState=sent
[VerificationLifecycle] event=check_started reason=poll epoch=0 attempt=0
[VerificationLifecycle] event=check_completed epoch=0 verified=false elapsedMs=5
[VerificationLifecycle] event=poll_cancelled reason=dispose
00:07 +118: /Users/avayroy/Optivus/test/work_package_a_test.dart: ... Account switch isolation & status order Account switch sets loadingBackendUser before resetting state when UID changes           00:07 +118: /Users/avayroy/Optivus/test/verify_email_redesign_test.dart: pending initial send does not claim verification link was sent                                                                
[EmailVerification] stage=verify_screen_entered initialSendState=pending
[VerificationLifecycle] event=poll_cancelled reason=dispose
00:07 +119: /Users/avayroy/Optivus/test/work_package_a_test.dart: ... Account switch isolation & status order Account switch sets loadingBackendUser before resetting state when UID changes           00:07 +119: /Users/avayroy/Optivus/test/verify_email_redesign_test.dart: removes mail launcher UI, failure copy, and old action label                                                                  
[EmailVerification] stage=verify_screen_entered initialSendState=sent
[VerificationLifecycle] event=check_started reason=poll epoch=0 attempt=0
[VerificationLifecycle] event=check_completed epoch=0 verified=false elapsedMs=0
[VerificationLifecycle] event=poll_cancelled reason=dispose
00:08 +120: /Users/avayroy/Optivus/test/work_package_a_test.dart: ... Account switch isolation & status order Account switch sets loadingBackendUser before resetting state when UID changes           00:08 +120: /Users/avayroy/Optivus/test/verify_email_redesign_test.dart: automatic check uses authoritative action and coalesces                                                                       
[EmailVerification] stage=verify_screen_entered initialSendState=sent
[VerificationLifecycle] event=check_started reason=poll epoch=0 attempt=0
[VerificationLifecycle] event=check_completed epoch=0 verified=false elapsedMs=11
[VerificationLifecycle] event=poll_cancelled reason=dispose
00:08 +121: /Users/avayroy/Optivus/test/work_package_a_test.dart: ... Account switch isolation & status order Account switch sets loadingBackendUser before resetting state when UID changes           00:08 +121: /Users/avayroy/Optivus/test/verify_email_redesign_test.dart: check failure is compact and keeps message region stable                                                                      
[EmailVerification] stage=verify_screen_entered initialSendState=sent
[VerificationLifecycle] event=check_started reason=poll epoch=0 attempt=0
[VerificationLifecycle] event=check_started reason=poll epoch=0 attempt=1
[VerificationLifecycle] event=poll_cancelled reason=dispose
00:08 +122: /Users/avayroy/Optivus/test/work_package_a_test.dart: ... Account switch isolation & status order Account switch sets loadingBackendUser before resetting state when UID changes           00:08 +122: /Users/avayroy/Optivus/test/verify_email_redesign_test.dart: resend preserves ready, progress, temporary helper, and cooldown states                                                       
[EmailVerification] stage=verify_screen_entered initialSendState=sent
[VerificationLifecycle] event=check_started reason=poll epoch=0 attempt=0
[VerificationLifecycle] event=check_completed epoch=0 verified=false elapsedMs=0
[VerificationLifecycle] event=poll_cancelled reason=dispose
00:08 +123: /Users/avayroy/Optivus/test/work_package_a_test.dart: ... Account switch isolation & status order Account switch sets loadingBackendUser before resetting state when UID changes           00:08 +123: /Users/avayroy/Optivus/test/verify_email_redesign_test.dart: existing cooldown renders in its reserved action region                                                                       
[EmailVerification] stage=verify_screen_entered initialSendState=pending
[VerificationLifecycle] event=poll_cancelled reason=dispose
00:08 +124: /Users/avayroy/Optivus/test/work_package_a_test.dart: ... Account switch isolation & status order Account switch sets loadingBackendUser before resetting state when UID changes           00:08 +124: /Users/avayroy/Optivus/test/verify_email_redesign_test.dart: use another email and sign out both use transactional logout                                                                  
[EmailVerification] stage=verify_screen_entered initialSendState=sent
[VerificationLifecycle] event=check_started reason=poll epoch=0 attempt=0
[VerificationLifecycle] event=check_completed epoch=0 verified=false elapsedMs=0
[VerificationLifecycle] event=poll_cancelled reason=signout
[VerificationLifecycle] event=poll_cancelled reason=dispose
00:08 +124: /Users/avayroy/Optivus/test/work_package_a_test.dart: ... Account switch isolation & status order Account switch sets loadingBackendUser before resetting state when UID changes           00:08 +124: /Users/avayroy/Optivus/test/verify_email_redesign_test.dart: use another email and sign out both use transactional logout                                                                  
[EmailVerification] stage=verify_screen_entered initialSendState=sent
[VerificationLifecycle] event=check_started reason=poll epoch=0 attempt=0
[VerificationLifecycle] event=check_completed epoch=0 verified=false elapsedMs=0
[VerificationLifecycle] event=poll_cancelled reason=signout
[VerificationLifecycle] event=poll_cancelled reason=dispose
00:08 +125: /Users/avayroy/Optivus/test/work_package_a_test.dart: ... Account switch isolation & status order Account switch sets loadingBackendUser before resetting state when UID changes           00:08 +125: /Users/avayroy/Optivus/test/verify_email_redesign_test.dart: failed logout retains verified-route identity and shows safe error                                                            
[EmailVerification] stage=verify_screen_entered initialSendState=sent
[VerificationLifecycle] event=check_started reason=poll epoch=0 attempt=0
[VerificationLifecycle] event=check_completed epoch=0 verified=false elapsedMs=0
[VerificationLifecycle] event=poll_cancelled reason=dispose
00:08 +126: /Users/avayroy/Optivus/test/work_package_a_test.dart: ... Account switch isolation & status order Account switch sets loadingBackendUser before resetting state when UID changes           00:08 +126: /Users/avayroy/Optivus/test/verify_email_redesign_test.dart: visual and Android back cannot bypass verification                                                                            
[EmailVerification] stage=verify_screen_entered initialSendState=sent
[VerificationLifecycle] event=check_started reason=poll epoch=0 attempt=0
[VerificationLifecycle] event=check_completed epoch=0 verified=false elapsedMs=1
[VerificationLifecycle] event=poll_cancelled reason=dispose
00:08 +127: /Users/avayroy/Optivus/test/work_package_a_test.dart: ... Account switch isolation & status order Account switch sets loadingBackendUser before resetting state when UID changes           00:08 +127: /Users/avayroy/Optivus/test/verify_email_redesign_test.dart: representative logical viewports render cleanly without overflow                                                              
[EmailVerification] stage=verify_screen_entered initialSendState=sent
[VerificationLifecycle] event=check_started reason=poll epoch=0 attempt=0
[VerificationLifecycle] event=check_completed epoch=0 verified=false elapsedMs=0
[VerificationLifecycle] event=poll_cancelled reason=dispose
[EmailVerification] stage=verify_screen_entered initialSendState=sent
[VerificationLifecycle] event=check_started reason=poll epoch=0 attempt=0
[VerificationLifecycle] event=check_completed epoch=0 verified=false elapsedMs=0
[VerificationLifecycle] event=poll_cancelled reason=dispose
[EmailVerification] stage=verify_screen_entered initialSendState=sent
[VerificationLifecycle] event=check_started reason=poll epoch=0 attempt=0
[VerificationLifecycle] event=check_completed epoch=0 verified=false elapsedMs=0
[VerificationLifecycle] event=poll_cancelled reason=dispose
00:08 +128: /Users/avayroy/Optivus/test/work_package_a_test.dart: ... Account switch isolation & status order Account switch sets loadingBackendUser before resetting state when UID changes           00:08 +128: /Users/avayroy/Optivus/test/verify_email_redesign_test.dart: long email, missing email, and large text remain usable                                                                       
[EmailVerification] stage=verify_screen_entered initialSendState=pending
[VerificationLifecycle] event=poll_cancelled reason=dispose
[EmailVerification] stage=verify_screen_entered initialSendState=pending
00:08 +128: /Users/avayroy/Optivus/test/work_package_a_test.dart: Work Package A - PATH3-16-01 & FINDING-P1-08: Account switch isolation & status order Account switch sets loadingBackendUser before resetting state when UID changes
[Reconstruction] event=operation_started operationId=2
[Reconstruction] event=attempt_started operationId=2 attempt=1
[DeviceCountryService] Detection failed safely (MissingPluginException).
[Reconstruction] event=classified operationId=2 attempt=1 totalElapsedMs=7
00:08 +128: /Users/avayroy/Optivus/test/verify_email_redesign_test.dart: long email, missing email, and large text remain usable                                                                       
[VerificationLifecycle] event=poll_cancelled reason=dispose
00:08 +129: /Users/avayroy/Optivus/test/work_package_a_test.dart: ... Account switch isolation & status order Account switch sets loadingBackendUser before resetting state when UID changes           00:08 +129: /Users/avayroy/Optivus/test/verify_email_redesign_test.dart: foreground polling pauses, resumes immediately, and stays single                                                              
[EmailVerification] stage=verify_screen_entered initialSendState=sent
[VerificationLifecycle] event=check_started reason=poll epoch=0 attempt=0
[VerificationLifecycle] event=check_completed epoch=0 verified=false elapsedMs=0
[VerificationLifecycle] event=poll_cancelled reason=background
00:08 +130: /Users/avayroy/Optivus/test/group_i_adversarial_test.dart: ... Scale & Long Strings Overflow Protection OnboardingChip withstands 200% font scale and 250-char string in narrow container  00:08 +130: /Users/avayroy/Optivus/test/verify_email_redesign_test.dart: foreground polling pauses, resumes immediately, and stays single                                                              
[VerificationLifecycle] event=resume freshnessEpoch=1 inFlight=false
[VerificationLifecycle] event=check_started reason=resume epoch=1 attempt=0
[VerificationLifecycle] event=check_completed epoch=1 verified=false elapsedMs=0
00:08 +130: /Users/avayroy/Optivus/test/work_package_a_test.dart: Work Package A - FINDING-P1-03: Signup retains user on sendEmailVerification failure Signup retains AuthUser if signUp succeeds even if sendEmailVerification throws
[OptivusBuild] commit=source-email-verification-v1
[EmailVerification] stage=signup_started
00:08 +130: /Users/avayroy/Optivus/test/verify_email_redesign_test.dart: foreground polling pauses, resumes immediately, and stays single                                                              
[VerificationLifecycle] event=check_started reason=poll epoch=1 attempt=1
[VerificationLifecycle] event=check_completed epoch=1 verified=false elapsedMs=0
[VerificationLifecycle] event=poll_cancelled reason=background
00:08 +130: /Users/avayroy/Optivus/test/group_i_adversarial_test.dart: ... Scale & Long Strings Overflow Protection OnboardingChip withstands 200% font scale and 250-char string in narrow container  00:08 +130: /Users/avayroy/Optivus/test/verify_email_redesign_test.dart: foreground polling pauses, resumes immediately, and stays single                                                              
[VerificationLifecycle] event=resume freshnessEpoch=2 inFlight=false
[VerificationLifecycle] event=check_started reason=resume epoch=2 attempt=0
[VerificationLifecycle] event=check_completed epoch=2 verified=false elapsedMs=0
[VerificationLifecycle] event=poll_cancelled reason=background
[VerificationLifecycle] event=resume freshnessEpoch=3 inFlight=false
[VerificationLifecycle] event=check_started reason=resume epoch=3 attempt=0
[VerificationLifecycle] event=check_completed epoch=3 verified=false elapsedMs=0
[VerificationLifecycle] event=poll_cancelled reason=background
[VerificationLifecycle] event=resume freshnessEpoch=4 inFlight=false
[VerificationLifecycle] event=check_started reason=resume epoch=4 attempt=0
[VerificationLifecycle] event=check_completed epoch=4 verified=false elapsedMs=0
[VerificationLifecycle] event=check_started reason=poll epoch=4 attempt=1
[VerificationLifecycle] event=check_completed epoch=4 verified=false elapsedMs=6
[VerificationLifecycle] event=poll_cancelled reason=dispose
00:08 +131: /Users/avayroy/Optivus/test/group_i_adversarial_test.dart: ... Scale & Long Strings Overflow Protection OnboardingChip withstands 200% font scale and 250-char string in narrow container  00:08 +131: /Users/avayroy/Optivus/test/verify_email_redesign_test.dart: resume during an old check queues one fresh follow-up without concurrent reloads                                              
[EmailVerification] stage=verify_screen_entered initialSendState=sent
[VerificationLifecycle] event=check_started reason=poll epoch=0 attempt=0
[VerificationLifecycle] event=poll_cancelled reason=background
[VerificationLifecycle] event=resume freshnessEpoch=1 inFlight=true
[VerificationLifecycle] event=fresh_followup_queued requestedEpoch=1
[VerificationLifecycle] event=resume freshnessEpoch=2 inFlight=true
[VerificationLifecycle] event=fresh_followup_queued requestedEpoch=2
[VerificationLifecycle] event=resume freshnessEpoch=3 inFlight=true
[VerificationLifecycle] event=fresh_followup_queued requestedEpoch=3
[VerificationLifecycle] event=check_completed epoch=0 verified=false elapsedMs=22
[VerificationLifecycle] event=fresh_followup_started
[VerificationLifecycle] event=check_started reason=post_resume_freshness epoch=3 attempt=1
[Reconstruction] event=operation_started operationId=1
[Reconstruction] event=attempt_started operationId=1 attempt=1
[VerificationLifecycle] event=poll_cancelled reason=verified
[VerificationLifecycle] event=poll_cancelled reason=dispose
00:08 +132: /Users/avayroy/Optivus/test/group_i_adversarial_test.dart: ... Scale & Long Strings Overflow Protection OnboardingChip withstands 200% font scale and 250-char string in narrow container  00:08 +132: /Users/avayroy/Optivus/test/verify_email_redesign_test.dart: verified reload refreshes token once and uses destination pipeline                                                            
[EmailVerification] stage=verify_screen_entered initialSendState=sent
[VerificationLifecycle] event=check_started reason=poll epoch=0 attempt=0
[Reconstruction] event=operation_started operationId=1
[Reconstruction] event=attempt_started operationId=1 attempt=1
[VerificationLifecycle] event=poll_cancelled reason=verified
[Reconstruction] event=attempt_failed operationId=1 attempt=1 failureKind=timeout elapsedMs=22
[Reconstruction] event=retry_scheduled operationId=1 attempt=2 delayMs=750
[Reconstruction] event=attempt_started operationId=1 attempt=2
[VerificationLifecycle] event=poll_cancelled reason=verified
[VerificationLifecycle] event=poll_cancelled reason=dispose
00:08 +133: /Users/avayroy/Optivus/test/group_i_adversarial_test.dart: ... Scale & Long Strings Overflow Protection OnboardingChip withstands 200% font scale and 250-char string in narrow container  00:08 +133: /Users/avayroy/Optivus/test/verify_email_redesign_test.dart: automatic and manual checks share one in-flight success                                                                       
[EmailVerification] stage=verify_screen_entered initialSendState=sent
[VerificationLifecycle] event=check_started reason=poll epoch=0 attempt=0
[Reconstruction] event=operation_started operationId=1
[Reconstruction] event=attempt_started operationId=1 attempt=1
[VerificationLifecycle] event=poll_cancelled reason=verified
[VerificationLifecycle] event=poll_cancelled reason=dispose
00:08 +134: /Users/avayroy/Optivus/test/group_i_adversarial_test.dart: ... Scale & Long Strings Overflow Protection OnboardingChip withstands 200% font scale and 250-char string in narrow container  00:08 +134: /Users/avayroy/Optivus/test/verify_email_redesign_test.dart: failed initial send does not claim success or start resend cooldown                                                           
[EmailVerification] stage=verify_screen_entered initialSendState=failed
00:08 +135: /Users/avayroy/Optivus/test/work_package_a_test.dart: ... retains user on sendEmailVerification failure Signup retains AuthUser if signUp succeeds even if sendEmailVerification throws    00:08 +135: /Users/avayroy/Optivus/test/verify_email_redesign_test.dart: failed initial send does not claim success or start resend cooldown                                                           
[VerificationLifecycle] event=poll_cancelled reason=dispose
00:08 +136: /Users/avayroy/Optivus/test/work_package_a_test.dart: ... retains user on sendEmailVerification failure Signup retains AuthUser if signUp succeeds even if sendEmailVerification throws    00:08 +136: /Users/avayroy/Optivus/test/verify_email_redesign_test.dart: resend is deduplicated and deadline accounts for background time                                                              
[EmailVerification] stage=verify_screen_entered initialSendState=sent
00:08 +137: /Users/avayroy/Optivus/test/work_package_a_test.dart: ... retains user on sendEmailVerification failure Signup retains AuthUser if signUp succeeds even if sendEmailVerification throws    00:08 +137: /Users/avayroy/Optivus/test/verify_email_redesign_test.dart: resend is deduplicated and deadline accounts for background time                                                              
[VerificationLifecycle] event=check_started reason=poll epoch=0 attempt=0
[VerificationLifecycle] event=check_completed epoch=0 verified=false elapsedMs=0
[VerificationLifecycle] event=poll_cancelled reason=background
[VerificationLifecycle] event=resume freshnessEpoch=1 inFlight=false
[VerificationLifecycle] event=check_started reason=resume epoch=1 attempt=0
[VerificationLifecycle] event=check_completed epoch=1 verified=false elapsedMs=0
[VerificationLifecycle] event=poll_cancelled reason=dispose
00:08 +138: /Users/avayroy/Optivus/test/work_package_a_test.dart: ... retains user on sendEmailVerification failure Signup retains AuthUser if signUp succeeds even if sendEmailVerification throws    00:08 +138: /Users/avayroy/Optivus/test/verify_email_redesign_test.dart: resend distinguishes network and escalating capped throttles                                                                  
[EmailVerification] stage=verify_screen_entered initialSendState=sent
00:08 +139: /Users/avayroy/Optivus/test/work_package_a_test.dart: ... retains user on sendEmailVerification failure Signup retains AuthUser if signUp succeeds even if sendEmailVerification throws    00:09 +139: /Users/avayroy/Optivus/test/work_package_a_test.dart: ... retains user on sendEmailVerification failure Signup retains AuthUser if signUp succeeds even if sendEmailVerification throws    00:09 +139: /Users/avayroy/Optivus/test/verify_email_redesign_test.dart: resend distinguishes network and escalating capped throttles                                                                  
[VerificationLifecycle] event=check_started reason=poll epoch=0 attempt=0
[VerificationLifecycle] event=check_completed epoch=0 verified=false elapsedMs=0
[VerificationLifecycle] event=check_started reason=poll epoch=0 attempt=1
[VerificationLifecycle] event=check_completed epoch=0 verified=false elapsedMs=0
00:09 +140: /Users/avayroy/Optivus/test/work_package_a_test.dart: ... retains user on sendEmailVerification failure Signup retains AuthUser if signUp succeeds even if sendEmailVerification throws    00:09 +140: /Users/avayroy/Optivus/test/verify_email_redesign_test.dart: resend distinguishes network and escalating capped throttles                                                                  
[VerificationLifecycle] event=check_started reason=poll epoch=0 attempt=2
[VerificationLifecycle] event=check_completed epoch=0 verified=false elapsedMs=0
[VerificationLifecycle] event=poll_cancelled reason=dispose
00:09 +141: /Users/avayroy/Optivus/test/work_package_a_test.dart: ... retains user on sendEmailVerification failure Signup retains AuthUser if signUp succeeds even if sendEmailVerification throws    00:09 +141: /Users/avayroy/Optivus/test/verify_email_redesign_test.dart: check errors distinguish network, rate limit, and unknown                                                                     
[EmailVerification] stage=verify_screen_entered initialSendState=sent
00:09 +142: /Users/avayroy/Optivus/test/work_package_a_test.dart: ... retains user on sendEmailVerification failure Signup retains AuthUser if signUp succeeds even if sendEmailVerification throws    00:09 +143: /Users/avayroy/Optivus/test/work_package_a_test.dart: ... retains user on sendEmailVerification failure Signup retains AuthUser if signUp succeeds even if sendEmailVerification throws    00:09 +143: /Users/avayroy/Optivus/test/verify_email_redesign_test.dart: check errors distinguish network, rate limit, and unknown                                                                     
[VerificationLifecycle] event=check_started reason=poll epoch=0 attempt=0
[VerificationLifecycle] event=check_started reason=manual epoch=0 attempt=1
[VerificationLifecycle] event=check_started reason=manual epoch=0 attempt=1
[VerificationLifecycle] event=poll_cancelled reason=dispose
00:09 +144: /Users/avayroy/Optivus/test/work_package_a_test.dart: ... retains user on sendEmailVerification failure Signup retains AuthUser if signUp succeeds even if sendEmailVerification throws    00:09 +144: /Users/avayroy/Optivus/test/verify_email_redesign_test.dart: expired verification session stops automatic polling                                                                          
[EmailVerification] stage=verify_screen_entered initialSendState=sent
[VerificationLifecycle] event=check_started reason=poll epoch=0 attempt=0
[VerificationLifecycle] event=poll_cancelled reason=session_expired
[VerificationLifecycle] event=poll_cancelled reason=dispose
00:09 +145: /Users/avayroy/Optivus/test/work_package_a_test.dart: ... retains user on sendEmailVerification failure Signup retains AuthUser if signUp succeeds even if sendEmailVerification throws    00:09 +145: /Users/avayroy/Optivus/test/verify_email_redesign_test.dart: UID switch and disposal ignore late verification results                                                                      
[EmailVerification] stage=verify_screen_entered initialSendState=sent
[VerificationLifecycle] event=check_started reason=poll epoch=0 attempt=0
[VerificationLifecycle] event=poll_cancelled reason=signout
[VerificationLifecycle] event=poll_cancelled reason=dispose
[EmailVerification] stage=verify_screen_entered initialSendState=sent
[VerificationLifecycle] event=check_started reason=poll epoch=0 attempt=0
[VerificationLifecycle] event=poll_cancelled reason=dispose
00:09 +146: /Users/avayroy/Optivus/test/work_package_a_test.dart: ... retains user on sendEmailVerification failure Signup retains AuthUser if signUp succeeds even if sendEmailVerification throws    00:09 +146: /Users/avayroy/Optivus/test/verify_email_redesign_test.dart: same UID refresh preserves the active verification session                                                                    
[EmailVerification] stage=verify_screen_entered initialSendState=sent
[VerificationLifecycle] event=check_started reason=poll epoch=0 attempt=0
[VerificationLifecycle] event=check_completed epoch=0 verified=false elapsedMs=8
[VerificationLifecycle] event=poll_cancelled reason=dispose
00:09 +147: /Users/avayroy/Optivus/test/work_package_a_test.dart: ... retains user on sendEmailVerification failure Signup retains AuthUser if signUp succeeds even if sendEmailVerification throws    00:09 +147: /Users/avayroy/Optivus/test/verify_email_redesign_test.dart: sign-out during reload ignores late verification result safely                                                                
[EmailVerification] stage=verify_screen_entered initialSendState=sent
[VerificationLifecycle] event=check_started reason=poll epoch=0 attempt=0
[VerificationLifecycle] event=poll_cancelled reason=signout
[VerificationLifecycle] event=poll_cancelled reason=dispose
00:09 +148: /Users/avayroy/Optivus/test/work_package_a_test.dart: ... retains user on sendEmailVerification failure Signup retains AuthUser if signUp succeeds even if sendEmailVerification throws    00:09 +149: /Users/avayroy/Optivus/test/work_package_a_test.dart: ... retains user on sendEmailVerification failure Signup retains AuthUser if signUp succeeds even if sendEmailVerification throws    00:09 +150: /Users/avayroy/Optivus/test/work_package_a_test.dart: ... retains user on sendEmailVerification failure Signup retains AuthUser if signUp succeeds even if sendEmailVerification throws    00:09 +151: /Users/avayroy/Optivus/test/work_package_a_test.dart: ... retains user on sendEmailVerification failure Signup retains AuthUser if signUp succeeds even if sendEmailVerification throws    00:09 +151: /Users/avayroy/Optivus/test/work_package_a_test.dart: Work Package A - FINDING-P1-03: Signup retains user on sendEmailVerification failure Signup retains AuthUser if signUp succeeds even if sendEmailVerification throws
[EmailVerification] stage=firebase_account_created uid=fak...328
[EmailVerification] stage=before_initial_send
[EmailVerification] stage=initial_send_failed code=NETWORK_UNAVAILABLE
00:09 +152: /Users/avayroy/Optivus/test/onboarding_step4_timeline_layout_test.dart: Onboarding 4 timeline aligns overlaps and non-hour blocks without flex errors                                      00:09 +153: /Users/avayroy/Optivus/test/onboarding_step4_timeline_layout_test.dart: Onboarding 4 timeline aligns overlaps and non-hour blocks without flex errors                                      00:09 +154: /Users/avayroy/Optivus/test/onboarding_step4_timeline_layout_test.dart: Onboarding 4 timeline aligns overlaps and non-hour blocks without flex errors                                      00:09 +155: /Users/avayroy/Optivus/test/onboarding_step4_timeline_layout_test.dart: Onboarding 4 timeline aligns overlaps and non-hour blocks without flex errors                                      00:09 +156: /Users/avayroy/Optivus/test/onboarding_step4_timeline_layout_test.dart: Onboarding 4 timeline aligns overlaps and non-hour blocks without flex errors                                      00:09 +157: /Users/avayroy/Optivus/test/onboarding_step4_timeline_layout_test.dart: Onboarding 4 timeline aligns overlaps and non-hour blocks without flex errors                                      00:09 +158: /Users/avayroy/Optivus/test/onboarding_step4_timeline_layout_test.dart: Onboarding 4 timeline aligns overlaps and non-hour blocks without flex errors                                      00:09 +159: /Users/avayroy/Optivus/test/onboarding_step4_timeline_layout_test.dart: Onboarding 4 timeline aligns overlaps and non-hour blocks without flex errors                                      00:09 +160: /Users/avayroy/Optivus/test/onboarding_step4_timeline_layout_test.dart: Onboarding 4 timeline aligns overlaps and non-hour blocks without flex errors                                      00:09 +160: /Users/avayroy/Optivus/test/onboarding_receipt_accounting_regression_test.dart: Routine projection receipt accounting regression verifyRoutines passes after a successful projection       
[SystemWakeLock] Acquired wake lock claim.
[CompletionTiming] validateInput=0ms
[CompletionTiming] persistDraft=0ms
[CompletionTiming] verifyDraft=0ms
[CompletionTiming] persistBundle=0ms
[CompletionTiming] verifyBundle=0ms
[CompletionTiming] reconcileRoutines=2ms
[CompletionTiming] verifyRoutines=0ms
[CompletionTiming] projectRoutineHistory=5ms
[CompletionTiming] verifyRoutineHistory=0ms
[CompletionTiming] reconcileHabitSystems=0ms
[CompletionTiming] verifyHabitSystems=0ms
[CompletionTiming] reloadControllers=0ms
[CompletionTiming] verifyFrontendState=0ms
[CompletionTiming] finalizeProfile=0ms
00:09 +161: /Users/avayroy/Optivus/test/group_i_adversarial_test.dart: ... Test 3: Back Swipe / Pop Gesture on Dirty vs Clean Draft Steps Pop gesture on DIRTY step triggers Unsaved Changes dialog    00:09 +161: /Users/avayroy/Optivus/test/onboarding_receipt_accounting_regression_test.dart: Routine projection receipt accounting regression verifyRoutines passes after a successful projection       
[CompletionTiming] total=33ms
[SystemWakeLock] Released wake lock claim.
00:09 +162: /Users/avayroy/Optivus/test/group_i_adversarial_test.dart: ... Test 3: Back Swipe / Pop Gesture on Dirty vs Clean Draft Steps Pop gesture on DIRTY step triggers Unsaved Changes dialog    00:09 +162: /Users/avayroy/Optivus/test/onboarding_receipt_accounting_regression_test.dart: Routine projection receipt accounting regression verifyRoutines rejects a genuinely incomplete projection  
[SystemWakeLock] Acquired wake lock claim.
[CompletionTiming] validateInput=0ms
[CompletionTiming] persistDraft=0ms
[CompletionTiming] verifyDraft=1ms
[CompletionTiming] persistBundle=0ms
[CompletionTiming] verifyBundle=0ms
[CompletionTiming] reconcileRoutines=0ms
[CompletionTiming] verifyRoutines=0ms
[CompletionTiming] projectRoutineHistory=1ms
[CompletionTiming] verifyRoutineHistory=0ms
[CompletionTiming] reconcileHabitSystems=0ms
[CompletionTiming] verifyHabitSystems=0ms
[CompletionTiming] reloadControllers=0ms
[CompletionTiming] verifyFrontendState=0ms
[CompletionTiming] finalizeProfile=0ms
[CompletionFailure] stage=finalizeProfile code=state_error category=validation_failed retryable=false
[SystemWakeLock] Released wake lock claim.
00:10 +163: /Users/avayroy/Optivus/test/group_i_adversarial_test.dart: ... Test 3: Back Swipe / Pop Gesture on Dirty vs Clean Draft Steps Pop gesture on DIRTY step triggers Unsaved Changes dialog    00:10 +164: /Users/avayroy/Optivus/test/group_i_adversarial_test.dart: ... Test 3: Back Swipe / Pop Gesture on Dirty vs Clean Draft Steps Pop gesture on DIRTY step triggers Unsaved Changes dialog    00:10 +165: /Users/avayroy/Optivus/test/group_i_adversarial_test.dart: ... Test 3: Back Swipe / Pop Gesture on Dirty vs Clean Draft Steps Pop gesture on DIRTY step triggers Unsaved Changes dialog    00:10 +166: /Users/avayroy/Optivus/test/group_i_adversarial_test.dart: ... Test 3: Back Swipe / Pop Gesture on Dirty vs Clean Draft Steps Pop gesture on DIRTY step triggers Unsaved Changes dialog    00:10 +167: /Users/avayroy/Optivus/test/group_i_adversarial_test.dart: ... Test 3: Back Swipe / Pop Gesture on Dirty vs Clean Draft Steps Pop gesture on DIRTY step triggers Unsaved Changes dialog    00:10 +168: /Users/avayroy/Optivus/test/group_i_adversarial_test.dart: ... Test 3: Back Swipe / Pop Gesture on Dirty vs Clean Draft Steps Pop gesture on DIRTY step triggers Unsaved Changes dialog    00:10 +169: /Users/avayroy/Optivus/test/group_i_adversarial_test.dart: ... Test 3: Back Swipe / Pop Gesture on Dirty vs Clean Draft Steps Pop gesture on DIRTY step triggers Unsaved Changes dialog    00:10 +170: /Users/avayroy/Optivus/test/group_i_adversarial_test.dart: ... Test 3: Back Swipe / Pop Gesture on Dirty vs Clean Draft Steps Pop gesture on DIRTY step triggers Unsaved Changes dialog    00:10 +171: /Users/avayroy/Optivus/test/group_i_adversarial_test.dart: ... Test 3: Back Swipe / Pop Gesture on Dirty vs Clean Draft Steps Pop gesture on DIRTY step triggers Unsaved Changes dialog    00:10 +172: /Users/avayroy/Optivus/test/work_package_a_test.dart: Work Package A - PATH3-16-02: Anonymous link flag linkAnonymousWithEmail completes migration without wiping migrated memory state    00:10 +172: /Users/avayroy/Optivus/test/work_package_a_test.dart: Work Package A - PATH3-16-02: Anonymous link flag linkAnonymousWithEmail completes migration without wiping migrated memory state    
[Reconstruction] event=operation_started operationId=1
[Reconstruction] event=attempt_started operationId=1 attempt=1
[DeviceCountryService] Detection failed safely (MissingPluginException).
[Reconstruction] event=classified operationId=1 attempt=1 totalElapsedMs=7
00:10 +173: /Users/avayroy/Optivus/test/work_package_a_test.dart: Work Package A - PATH3-16-02: Anonymous link flag linkAnonymousWithEmail completes migration without wiping migrated memory state    00:10 +174: /Users/avayroy/Optivus/test/work_package_a_test.dart: Work Package A - PATH3-16-02: Anonymous link flag linkAnonymousWithEmail completes migration without wiping migrated memory state    00:10 +175: /Users/avayroy/Optivus/test/work_package_a_test.dart: Work Package A - PATH3-16-02: Anonymous link flag linkAnonymousWithEmail completes migration without wiping migrated memory state    00:10 +176: /Users/avayroy/Optivus/test/work_package_a_test.dart: Work Package A - PATH3-16-02: Anonymous link flag linkAnonymousWithEmail completes migration without wiping migrated memory state    00:10 +177: /Users/avayroy/Optivus/test/work_package_a_test.dart: Work Package A - PATH3-16-02: Anonymous link flag linkAnonymousWithEmail completes migration without wiping migrated memory state    00:10 +178: /Users/avayroy/Optivus/test/work_package_a_test.dart: Work Package A - PATH3-16-02: Anonymous link flag linkAnonymousWithEmail completes migration without wiping migrated memory state    00:10 +179: /Users/avayroy/Optivus/test/work_package_a_test.dart: Work Package A - PATH3-16-02: Anonymous link flag linkAnonymousWithEmail completes migration without wiping migrated memory state    00:10 +180: /Users/avayroy/Optivus/test/work_package_a_test.dart: Work Package A - PATH3-16-02: Anonymous link flag linkAnonymousWithEmail completes migration without wiping migrated memory state    00:10 +181: /Users/avayroy/Optivus/test/work_package_a_test.dart: Work Package A - PATH3-16-02: Anonymous link flag linkAnonymousWithEmail completes migration without wiping migrated memory state    00:10 +182: /Users/avayroy/Optivus/test/work_package_a_test.dart: Work Package A - PATH3-16-02: Anonymous link flag linkAnonymousWithEmail completes migration without wiping migrated memory state    00:10 +183: /Users/avayroy/Optivus/test/work_package_a_test.dart: Work Package A - PATH3-16-02: Anonymous link flag linkAnonymousWithEmail completes migration without wiping migrated memory state    00:10 +184: /Users/avayroy/Optivus/test/work_package_a_test.dart: Work Package A - PATH3-16-02: Anonymous link flag linkAnonymousWithEmail completes migration without wiping migrated memory state    00:10 +185: /Users/avayroy/Optivus/test/work_package_a_test.dart: Work Package A - PATH3-16-02: Anonymous link flag linkAnonymousWithEmail completes migration without wiping migrated memory state    00:10 +186: /Users/avayroy/Optivus/test/work_package_a_test.dart: Work Package A - PATH3-16-02: Anonymous link flag linkAnonymousWithEmail completes migration without wiping migrated memory state    00:10 +187: /Users/avayroy/Optivus/test/onboarding_step7_full_timeline_regression_test.dart: Step 7 Full-Screen Timeline Scaffold and Weekday Navigation Regression Test                               00:10 +188: /Users/avayroy/Optivus/test/onboarding_step7_full_timeline_regression_test.dart: Step 7 Full-Screen Timeline Scaffold and Weekday Navigation Regression Test                               00:10 +189: /Users/avayroy/Optivus/test/onboarding_step7_full_timeline_regression_test.dart: Step 7 Full-Screen Timeline Scaffold and Weekday Navigation Regression Test                               00:11 +189: /Users/avayroy/Optivus/test/onboarding_step7_full_timeline_regression_test.dart: Step 7 Full-Screen Timeline Scaffold and Weekday Navigation Regression Test                               00:11 +190: /Users/avayroy/Optivus/test/onboarding_step7_full_timeline_regression_test.dart: Step 7 Full-Screen Timeline Scaffold and Weekday Navigation Regression Test                               00:11 +191: /Users/avayroy/Optivus/test/onboarding_step7_full_timeline_regression_test.dart: Step 7 Full-Screen Timeline Scaffold and Weekday Navigation Regression Test                               00:11 +192: /Users/avayroy/Optivus/test/onboarding_step7_full_timeline_regression_test.dart: Step 7 Full-Screen Timeline Scaffold and Weekday Navigation Regression Test                               00:11 +193: /Users/avayroy/Optivus/test/onboarding_step7_full_timeline_regression_test.dart: Step 7 Full-Screen Timeline Scaffold and Weekday Navigation Regression Test                               00:11 +194: /Users/avayroy/Optivus/test/onboarding_step7_full_timeline_regression_test.dart: Step 7 Full-Screen Timeline Scaffold and Weekday Navigation Regression Test                               00:11 +195: /Users/avayroy/Optivus/test/onboarding_step7_full_timeline_regression_test.dart: Step 7 Full-Screen Timeline Scaffold and Weekday Navigation Regression Test                               00:11 +196: /Users/avayroy/Optivus/test/onboarding_step7_full_timeline_regression_test.dart: Step 7 Full-Screen Timeline Scaffold and Weekday Navigation Regression Test                               00:11 +197: /Users/avayroy/Optivus/test/onboarding_step7_full_timeline_regression_test.dart: Step 7 Full-Screen Timeline Scaffold and Weekday Navigation Regression Test                               00:11 +198: /Users/avayroy/Optivus/test/onboarding_step7_full_timeline_regression_test.dart: Step 7 Full-Screen Timeline Scaffold and Weekday Navigation Regression Test                               00:11 +199: /Users/avayroy/Optivus/test/onboarding_step7_full_timeline_regression_test.dart: Step 7 Full-Screen Timeline Scaffold and Weekday Navigation Regression Test                               00:11 +200: /Users/avayroy/Optivus/test/onboarding_step7_full_timeline_regression_test.dart: Step 7 Full-Screen Timeline Scaffold and Weekday Navigation Regression Test                               00:11 +201: /Users/avayroy/Optivus/test/onboarding_step7_full_timeline_regression_test.dart: Step 7 Full-Screen Timeline Scaffold and Weekday Navigation Regression Test                               00:11 +202: /Users/avayroy/Optivus/test/onboarding_step7_full_timeline_regression_test.dart: Step 7 Full-Screen Timeline Scaffold and Weekday Navigation Regression Test                               00:11 +203: /Users/avayroy/Optivus/test/onboarding_step7_full_timeline_regression_test.dart: Step 7 Full-Screen Timeline Scaffold and Weekday Navigation Regression Test                               00:11 +204: /Users/avayroy/Optivus/test/onboarding_step7_full_timeline_regression_test.dart: Step 7 Full-Screen Timeline Scaffold and Weekday Navigation Regression Test                               00:11 +205: /Users/avayroy/Optivus/test/onboarding_step7_full_timeline_regression_test.dart: Step 7 Full-Screen Timeline Scaffold and Weekday Navigation Regression Test                               00:11 +205: /Users/avayroy/Optivus/test/onboarding_step4_timeline_layout_test.dart: Eating no path saves generated blocks and advances to Fixed                                                        
[Onboarding5] GENERATE source=create hasBodyBasics=true
00:11 +205: /Users/avayroy/Optivus/test/onboarding_step7_full_timeline_regression_test.dart: Step 7 Full-Screen Timeline Scaffold and Weekday Navigation Regression Test                               00:11 +206: /Users/avayroy/Optivus/test/onboarding_step7_full_timeline_regression_test.dart: Step 7 Full-Screen Timeline Scaffold and Weekday Navigation Regression Test                               00:11 +207: /Users/avayroy/Optivus/test/onboarding_step7_full_timeline_regression_test.dart: Step 7 Full-Screen Timeline Scaffold and Weekday Navigation Regression Test                               00:11 +208: /Users/avayroy/Optivus/test/onboarding_step4_timeline_layout_test.dart: Eating no path saves generated blocks and advances to Fixed                                                        00:11 +209: /Users/avayroy/Optivus/test/onboarding_step4_timeline_layout_test.dart: Eating no path saves generated blocks and advances to Fixed                                                        00:11 +210: /Users/avayroy/Optivus/test/onboarding_step4_timeline_layout_test.dart: Eating no path saves generated blocks and advances to Fixed                                                        00:11 +211: /Users/avayroy/Optivus/test/group_i_layout_stress_test.dart: ... & width) Header & Title Overlaps OnboardingStepShell responsive header height (50.0) at 320.0x568.0 without title overlap 00:12 +211: /Users/avayroy/Optivus/test/group_i_layout_stress_test.dart: ... & width) Header & Title Overlaps OnboardingStepShell responsive header height (50.0) at 320.0x568.0 without title overlap 00:12 +212: /Users/avayroy/Optivus/test/group_i_layout_stress_test.dart: ... & width) Header & Title Overlaps OnboardingStepShell responsive header height (50.0) at 320.0x568.0 without title overlap 00:12 +213: /Users/avayroy/Optivus/test/group_i_layout_stress_test.dart: ... & width) Header & Title Overlaps OnboardingStepShell responsive header height (50.0) at 320.0x568.0 without title overlap 00:12 +214: /Users/avayroy/Optivus/test/group_i_layout_stress_test.dart: ... & width) Header & Title Overlaps OnboardingStepShell responsive header height (50.0) at 320.0x568.0 without title overlap 00:12 +215: /Users/avayroy/Optivus/test/group_i_layout_stress_test.dart: ... & width) Header & Title Overlaps OnboardingStepShell responsive header height (50.0) at 320.0x568.0 without title overlap 00:12 +216: /Users/avayroy/Optivus/test/group_i_layout_stress_test.dart: ... & width) Header & Title Overlaps OnboardingStepShell responsive header height (50.0) at 320.0x568.0 without title overlap 00:12 +217: /Users/avayroy/Optivus/test/group_i_layout_stress_test.dart: ... & width) Header & Title Overlaps OnboardingStepShell responsive header height (50.0) at 320.0x568.0 without title overlap 00:12 +218: /Users/avayroy/Optivus/test/group_i_layout_stress_test.dart: ... & width) Header & Title Overlaps OnboardingStepShell responsive header height (50.0) at 320.0x568.0 without title overlap 00:12 +219: /Users/avayroy/Optivus/test/group_i_layout_stress_test.dart: ... & width) Header & Title Overlaps OnboardingStepShell responsive header height (50.0) at 320.0x568.0 without title overlap 00:12 +220: /Users/avayroy/Optivus/test/group_i_layout_stress_test.dart: ... & width) Header & Title Overlaps OnboardingStepShell responsive header height (50.0) at 320.0x568.0 without title overlap 00:12 +221: /Users/avayroy/Optivus/test/group_i_layout_stress_test.dart: ... & width) Header & Title Overlaps OnboardingStepShell responsive header height (50.0) at 320.0x568.0 without title overlap 00:12 +222: /Users/avayroy/Optivus/test/group_i_layout_stress_test.dart: ... & width) Header & Title Overlaps OnboardingStepShell responsive header height (50.0) at 320.0x568.0 without title overlap 00:12 +223: /Users/avayroy/Optivus/test/group_i_layout_stress_test.dart: ... & width) Header & Title Overlaps OnboardingStepShell responsive header height (50.0) at 320.0x568.0 without title overlap 00:12 +224: /Users/avayroy/Optivus/test/group_i_layout_stress_test.dart: ... & width) Header & Title Overlaps OnboardingStepShell responsive header height (50.0) at 320.0x568.0 without title overlap 00:12 +225: /Users/avayroy/Optivus/test/group_i_layout_stress_test.dart: ... & width) Header & Title Overlaps OnboardingStepShell responsive header height (50.0) at 320.0x568.0 without title overlap 00:12 +226: /Users/avayroy/Optivus/test/group_i_layout_stress_test.dart: ... & width) Header & Title Overlaps OnboardingStepShell responsive header height (50.0) at 320.0x568.0 without title overlap 00:12 +227: /Users/avayroy/Optivus/test/group_i_layout_stress_test.dart: ... & width) Header & Title Overlaps OnboardingStepShell responsive header height (50.0) at 320.0x568.0 without title overlap 00:12 +228: /Users/avayroy/Optivus/test/group_i_layout_stress_test.dart: ... & width) Header & Title Overlaps OnboardingStepShell responsive header height (50.0) at 320.0x568.0 without title overlap 00:12 +229: /Users/avayroy/Optivus/test/group_i_layout_stress_test.dart: ... & width) Header & Title Overlaps OnboardingStepShell responsive header height (50.0) at 320.0x568.0 without title overlap 00:12 +229: /Users/avayroy/Optivus/test/group_i_layout_stress_test.dart: ... & width) Header & Title Overlaps OnboardingStepShell responsive header height (50.0) at 360.0x500.0 without title overlap 00:12 +230: /Users/avayroy/Optivus/test/group_i_layout_stress_test.dart: ... & width) Header & Title Overlaps OnboardingStepShell responsive header height (50.0) at 360.0x500.0 without title overlap 00:12 +231: /Users/avayroy/Optivus/test/group_i_layout_stress_test.dart: ... & width) Header & Title Overlaps OnboardingStepShell responsive header height (50.0) at 360.0x500.0 without title overlap 00:12 +232: /Users/avayroy/Optivus/test/group_i_layout_stress_test.dart: ... & width) Header & Title Overlaps OnboardingStepShell responsive header height (50.0) at 360.0x500.0 without title overlap 00:12 +233: /Users/avayroy/Optivus/test/group_i_layout_stress_test.dart: ... & width) Header & Title Overlaps OnboardingStepShell responsive header height (50.0) at 360.0x500.0 without title overlap 00:12 +234: /Users/avayroy/Optivus/test/group_i_layout_stress_test.dart: ... & width) Header & Title Overlaps OnboardingStepShell responsive header height (50.0) at 360.0x500.0 without title overlap 00:12 +235: /Users/avayroy/Optivus/test/onboarding_step5_eating_ai_flow_test.dart: Onboarding Step 5 AI Loading UI shows AiThinkingCard during generated meal plan creation                            00:12 +236: /Users/avayroy/Optivus/test/onboarding_step5_eating_ai_flow_test.dart: Onboarding Step 5 AI Loading UI shows AiThinkingCard during generated meal plan creation                            00:12 +237: /Users/avayroy/Optivus/test/onboarding_step5_eating_ai_flow_test.dart: Onboarding Step 5 AI Loading UI shows AiThinkingCard during generated meal plan creation                            00:12 +238: /Users/avayroy/Optivus/test/onboarding_step5_eating_ai_flow_test.dart: Onboarding Step 5 AI Loading UI shows AiThinkingCard during generated meal plan creation                            00:12 +239: /Users/avayroy/Optivus/test/onboarding_step5_eating_ai_flow_test.dart: Onboarding Step 5 AI Loading UI shows AiThinkingCard during generated meal plan creation                            00:13 +239: /Users/avayroy/Optivus/test/onboarding_step5_eating_ai_flow_test.dart: Onboarding Step 5 AI Loading UI shows AiThinkingCard during generated meal plan creation                            00:13 +240: /Users/avayroy/Optivus/test/onboarding_step5_eating_ai_flow_test.dart: Onboarding Step 5 AI Loading UI shows AiThinkingCard during generated meal plan creation                            00:13 +241: /Users/avayroy/Optivus/test/onboarding_step5_eating_ai_flow_test.dart: Onboarding Step 5 AI Loading UI shows AiThinkingCard during generated meal plan creation                            00:13 +242: /Users/avayroy/Optivus/test/onboarding_step5_eating_ai_flow_test.dart: Onboarding Step 5 AI Loading UI shows AiThinkingCard during generated meal plan creation                            00:13 +243: /Users/avayroy/Optivus/test/onboarding_step5_eating_ai_flow_test.dart: Onboarding Step 5 AI Loading UI shows AiThinkingCard during generated meal plan creation                            00:13 +244: /Users/avayroy/Optivus/test/onboarding_step5_eating_ai_flow_test.dart: Onboarding Step 5 AI Loading UI shows AiThinkingCard during generated meal plan creation                            00:13 +245: /Users/avayroy/Optivus/test/onboarding_step5_eating_ai_flow_test.dart: Onboarding Step 5 AI Loading UI shows AiThinkingCard during generated meal plan creation                            00:13 +246: /Users/avayroy/Optivus/test/onboarding_step5_eating_ai_flow_test.dart: Onboarding Step 5 AI Loading UI shows AiThinkingCard during generated meal plan creation                            00:13 +247: /Users/avayroy/Optivus/test/onboarding_step5_eating_ai_flow_test.dart: Onboarding Step 5 AI Loading UI shows AiThinkingCard during generated meal plan creation                            00:13 +248: /Users/avayroy/Optivus/test/onboarding_step5_eating_ai_flow_test.dart: Onboarding Step 5 AI Loading UI shows AiThinkingCard during generated meal plan creation                            00:13 +249: /Users/avayroy/Optivus/test/onboarding_step5_eating_ai_flow_test.dart: Onboarding Step 5 AI Loading UI shows AiThinkingCard during generated meal plan creation                            00:13 +249: /Users/avayroy/Optivus/test/onboarding_completion_group_a_test.dart: Issue 3: Onboarding completion job tracking & service OnboardingCompletionJobService executes stages idempotently to completion
[SystemWakeLock] Acquired wake lock claim.
00:13 +250: /Users/avayroy/Optivus/test/onboarding_step5_eating_ai_flow_test.dart: Onboarding Step 5 AI Loading UI shows AiThinkingCard during generated meal plan creation                            00:13 +250: /Users/avayroy/Optivus/test/onboarding_completion_group_a_test.dart: Issue 3: Onboarding completion job tracking & service OnboardingCompletionJobService executes stages idempotently to completion
[CompletionTiming] validateInput=0ms
[CompletionTiming] persistDraft=1ms
[CompletionTiming] verifyDraft=2ms
[CompletionTiming] persistBundle=0ms
[CompletionTiming] verifyBundle=0ms
[CompletionTiming] reconcileRoutines=0ms
[CompletionTiming] verifyRoutines=0ms
[CompletionTiming] projectRoutineHistory=1ms
[CompletionTiming] verifyRoutineHistory=0ms
[CompletionTiming] reconcileHabitSystems=0ms
[CompletionTiming] verifyHabitSystems=0ms
[CompletionTiming] reloadControllers=0ms
[CompletionTiming] verifyFrontendState=0ms
[CompletionTiming] finalizeProfile=0ms
[CompletionTiming] total=22ms
[SystemWakeLock] Released wake lock claim.
[SystemWakeLock] Acquired wake lock claim.
[SystemWakeLock] Released wake lock claim.
00:13 +251: /Users/avayroy/Optivus/test/onboarding_step5_eating_ai_flow_test.dart: Onboarding Step 5 AI Loading UI shows AiThinkingCard during generated meal plan creation                            00:13 +252: /Users/avayroy/Optivus/test/onboarding_step5_eating_ai_flow_test.dart: Onboarding Step 5 AI Loading UI shows AiThinkingCard during generated meal plan creation                            00:13 +253: /Users/avayroy/Optivus/test/onboarding_step5_eating_ai_flow_test.dart: Onboarding Step 5 AI Loading UI shows AiThinkingCard during generated meal plan creation                            00:13 +254: /Users/avayroy/Optivus/test/onboarding_step5_eating_ai_flow_test.dart: Onboarding Step 5 AI Loading UI shows AiThinkingCard during generated meal plan creation                            00:13 +255: /Users/avayroy/Optivus/test/onboarding_step5_eating_ai_flow_test.dart: Onboarding Step 5 AI Loading UI shows AiThinkingCard during generated meal plan creation                            00:13 +255: /Users/avayroy/Optivus/test/onboarding_step5_eating_ai_flow_test.dart: Onboarding Step 5 AI Loading UI shows AiThinkingCard during generated meal plan creation                            
[Onboarding5] GENERATE source=create hasBodyBasics=true
00:13 +256: /Users/avayroy/Optivus/test/onboarding_step5_eating_ai_flow_test.dart: Onboarding Step 5 AI Loading UI shows AiThinkingCard during generated meal plan creation                            00:13 +257: /Users/avayroy/Optivus/test/onboarding_completion_group_a_test.dart: ... Router directs onboardingInputCompleted = true & onboardingProjectionStatus = failed to /onboarding/recovery      00:13 +258: /Users/avayroy/Optivus/test/onboarding_completion_group_a_test.dart: ... Router directs onboardingInputCompleted = true & onboardingProjectionStatus = failed to /onboarding/recovery      00:13 +259: /Users/avayroy/Optivus/test/onboarding_completion_group_a_test.dart: ... Router directs onboardingInputCompleted = true & onboardingProjectionStatus = failed to /onboarding/recovery      00:13 +260: /Users/avayroy/Optivus/test/onboarding_completion_group_a_test.dart: ... Router directs onboardingInputCompleted = true & onboardingProjectionStatus = failed to /onboarding/recovery      00:13 +261: /Users/avayroy/Optivus/test/onboarding_completion_group_a_test.dart: ... Router directs onboardingInputCompleted = true & onboardingProjectionStatus = failed to /onboarding/recovery      00:13 +262: /Users/avayroy/Optivus/test/onboarding_completion_group_a_test.dart: ... Router directs onboardingInputCompleted = true & onboardingProjectionStatus = failed to /onboarding/recovery      00:13 +263: /Users/avayroy/Optivus/test/routine_occurrence_actions_test.dart: Failure and retry                                                                                                        00:13 +264: /Users/avayroy/Optivus/test/onboarding_completion_group_a_test.dart: Issue 5: 4-tier recovery fallback recoverCompletionState executes Tier 1 when bundle exists                           00:13 +265: /Users/avayroy/Optivus/test/routine_occurrence_actions_test.dart: deleteHistory idempotent                                                                                                 00:13 +266: /Users/avayroy/Optivus/test/onboarding_completion_group_a_test.dart: Issue 5: 4-tier recovery fallback recoverCompletionState executes Tier 2 when draft exists but bundle is missing      00:13 +267: /Users/avayroy/Optivus/test/onboarding_completion_group_a_test.dart: Issue 5: 4-tier recovery fallback recoverCompletionState executes Tier 2 when draft exists but bundle is missing      00:14 +267: /Users/avayroy/Optivus/test/onboarding_completion_group_a_test.dart: Issue 5: 4-tier recovery fallback recoverCompletionState executes Tier 2 when draft exists but bundle is missing      00:14 +268: /Users/avayroy/Optivus/test/routine_occurrence_actions_test.dart: Reload during pending                                                                                                    00:14 +269: /Users/avayroy/Optivus/test/routine_occurrence_actions_test.dart: Reload during pending                                                                                                    00:14 +270: /Users/avayroy/Optivus/test/routine_occurrence_actions_test.dart: Reload during pending                                                                                                    00:14 +271: /Users/avayroy/Optivus/test/routine_occurrence_actions_test.dart: Reload during pending                                                                                                    00:14 +272: /Users/avayroy/Optivus/test/routine_occurrence_actions_test.dart: Reload during pending                                                                                                    00:14 +273: /Users/avayroy/Optivus/test/work_package_c_remediation_test.dart: Work Package C Remediation Tests ISSUE-06-01: completeOnboarding enforces items length limit <= 240                      00:14 +274: /Users/avayroy/Optivus/test/routine_occurrence_actions_test.dart: Two identical rapid completion actions                                                                                   00:14 +275: /Users/avayroy/Optivus/test/work_package_c_remediation_test.dart: ... C Remediation Tests ISSUE-07-01: RoutineOnboardingEventProjector completes pending receipt when cursor == totalCount 00:14 +276: /Users/avayroy/Optivus/test/routine_occurrence_actions_test.dart: Two different rapid move actions                                                                                         00:14 +277: /Users/avayroy/Optivus/test/routine_occurrence_actions_test.dart: Two different rapid move actions                                                                                         00:14 +278: /Users/avayroy/Optivus/test/routine_occurrence_actions_test.dart: Two different rapid move actions                                                                                         00:14 +279: /Users/avayroy/Optivus/test/routine_occurrence_actions_test.dart: Two different rapid move actions                                                                                         00:14 +280: /Users/avayroy/Optivus/test/routine_occurrence_actions_test.dart: Two different rapid move actions                                                                                         00:14 +281: /Users/avayroy/Optivus/test/routine_occurrence_actions_test.dart: Two different rapid move actions                                                                                         00:14 +282: /Users/avayroy/Optivus/test/routine_occurrence_actions_test.dart: Two different rapid move actions                                                                                         00:14 +283: /Users/avayroy/Optivus/test/routine_occurrence_actions_test.dart: Two different rapid move actions                                                                                         00:14 +284: /Users/avayroy/Optivus/test/routine_occurrence_actions_test.dart: Two different rapid move actions                                                                                         00:14 +285: /Users/avayroy/Optivus/test/routine_occurrence_actions_test.dart: Two different rapid move actions                                                                                         00:14 +285: /Users/avayroy/Optivus/test/work_package_c_remediation_test.dart: Work Package C Remediation Tests ISSUE-11-02: OnboardingCompletionJobService completes Stage 5 and finalizes profile     
[SystemWakeLock] Acquired wake lock claim.
[CompletionTiming] validateInput=0ms
[CompletionTiming] persistDraft=0ms
00:14 +286: /Users/avayroy/Optivus/test/work_package_c_remediation_test.dart: Work Package C Remediation Tests ISSUE-11-02: OnboardingCompletionJobService completes Stage 5 and finalizes profile     00:14 +286: /Users/avayroy/Optivus/test/work_package_c_remediation_test.dart: Work Package C Remediation Tests ISSUE-11-02: OnboardingCompletionJobService completes Stage 5 and finalizes profile     
[CompletionTiming] verifyDraft=3ms
[CompletionTiming] persistBundle=0ms
[CompletionTiming] verifyBundle=0ms
[CompletionTiming] reconcileRoutines=2ms
00:14 +287: /Users/avayroy/Optivus/test/work_package_c_remediation_test.dart: Work Package C Remediation Tests ISSUE-11-02: OnboardingCompletionJobService completes Stage 5 and finalizes profile     00:14 +287: /Users/avayroy/Optivus/test/work_package_c_remediation_test.dart: Work Package C Remediation Tests ISSUE-11-02: OnboardingCompletionJobService completes Stage 5 and finalizes profile     
[CompletionTiming] verifyRoutines=0ms
[CompletionTiming] projectRoutineHistory=2ms
[CompletionTiming] verifyRoutineHistory=0ms
[CompletionTiming] reconcileHabitSystems=1ms
[CompletionTiming] verifyHabitSystems=0ms
[CompletionTiming] reloadControllers=16ms
[CompletionTiming] verifyFrontendState=0ms
[CompletionTiming] finalizeProfile=0ms
[CompletionTiming] total=49ms
[SystemWakeLock] Released wake lock claim.
00:14 +288: /Users/avayroy/Optivus/test/routine_occurrence_actions_test.dart: First action fails and a newer queued action succeeds                                                                    00:14 +289: /Users/avayroy/Optivus/test/routine_occurrence_actions_test.dart: First action fails and a newer queued action succeeds                                                                    00:14 +290: /Users/avayroy/Optivus/test/routine_occurrence_actions_test.dart: First action fails and a newer queued action succeeds                                                                    00:14 +290: /Users/avayroy/Optivus/test/work_package_c_remediation_test.dart: Work Package C Remediation Tests WORKSTREAM-C-01: OnboardingCompletionJobService populates expectedHistoryIds and appliedHistoryIds
[SystemWakeLock] Acquired wake lock claim.
[CompletionTiming] validateInput=0ms
[CompletionTiming] persistDraft=0ms
[CompletionTiming] verifyDraft=1ms
[CompletionTiming] persistBundle=0ms
[CompletionTiming] verifyBundle=0ms
[CompletionTiming] reconcileRoutines=0ms
[CompletionTiming] verifyRoutines=0ms
[CompletionTiming] projectRoutineHistory=1ms
[CompletionTiming] verifyRoutineHistory=0ms
[CompletionTiming] reconcileHabitSystems=1ms
[CompletionTiming] verifyHabitSystems=0ms
[CompletionTiming] reloadControllers=3ms
[CompletionTiming] verifyFrontendState=0ms
[CompletionTiming] finalizeProfile=0ms
[CompletionTiming] total=17ms
[SystemWakeLock] Released wake lock claim.
00:14 +291: /Users/avayroy/Optivus/test/routine_occurrence_actions_test.dart: First action fails and a newer queued action succeeds                                                                    00:14 +291: /Users/avayroy/Optivus/test/work_package_c_remediation_test.dart: Work Package C Remediation Tests WORKSTREAM-C-02: OnboardingCompletionJobService populates structured failure payload on error
[SystemWakeLock] Acquired wake lock claim.
[SystemWakeLock] Released wake lock claim.
00:14 +292: /Users/avayroy/Optivus/test/routine_occurrence_actions_test.dart: First action fails and a newer queued action succeeds                                                                    00:14 +293: /Users/avayroy/Optivus/test/routine_occurrence_actions_test.dart: First action fails and a newer queued action succeeds                                                                    00:14 +294: /Users/avayroy/Optivus/test/routine_occurrence_actions_test.dart: First action fails and a newer queued action succeeds                                                                    00:14 +295: /Users/avayroy/Optivus/test/routine_occurrence_actions_test.dart: First action fails and a newer queued action succeeds                                                                    00:14 +296: /Users/avayroy/Optivus/test/routine_occurrence_actions_test.dart: First action fails and a newer queued action succeeds                                                                    00:14 +297: /Users/avayroy/Optivus/test/routine_occurrence_actions_test.dart: First action fails and a newer queued action succeeds                                                                    00:14 +298: /Users/avayroy/Optivus/test/routine_occurrence_actions_test.dart: First action fails and a newer queued action succeeds                                                                    00:14 +299: /Users/avayroy/Optivus/test/routine_occurrence_actions_test.dart: First action fails and a newer queued action succeeds                                                                    00:14 +300: /Users/avayroy/Optivus/test/routine_occurrence_actions_test.dart: First action fails and a newer queued action succeeds                                                                    00:14 +301: /Users/avayroy/Optivus/test/routine_occurrence_actions_test.dart: First action fails and a newer queued action succeeds                                                                    00:14 +301: /Users/avayroy/Optivus/test/routine_occurrence_actions_test.dart: Latest queued action fails                                                                                               00:14 +302: /Users/avayroy/Optivus/test/routine_occurrence_actions_test.dart: Latest queued action fails                                                                                               00:14 +302: loading /Users/avayroy/Optivus/test/habit_systems_test.dart                                                                                                                                00:14 +302: /Users/avayroy/Optivus/test/habit_systems_test.dart: HabitSystemRecord model tests toMap and fromMap round-trip                                                                            00:14 +303: /Users/avayroy/Optivus/test/habit_systems_test.dart: HabitSystemRecord model tests toMap and fromMap round-trip                                                                            00:14 +303: /Users/avayroy/Optivus/test/habit_systems_test.dart: HabitSystemRecord model tests copyWith updates state correctly                                                                        00:14 +304: /Users/avayroy/Optivus/test/habit_systems_test.dart: HabitSystemRecord model tests copyWith updates state correctly                                                                        00:14 +304: /Users/avayroy/Optivus/test/habit_systems_test.dart: HabitSystemsNotifier CRUD and auth lifecycle create, update, pause, resume, archive, restore, and delete system                       00:14 +305: /Users/avayroy/Optivus/test/habit_systems_test.dart: HabitSystemsNotifier CRUD and auth lifecycle create, update, pause, resume, archive, restore, and delete system                       00:14 +305: /Users/avayroy/Optivus/test/habit_systems_test.dart: HabitSystemsNotifier CRUD and auth lifecycle sign-out resets state and clears cache                                                   00:14 +306: /Users/avayroy/Optivus/test/habit_systems_test.dart: HabitSystemsNotifier CRUD and auth lifecycle sign-out resets state and clears cache                                                   00:14 +306: /Users/avayroy/Optivus/test/habit_systems_test.dart: HabitSystemOnboardingProjection tests builds HabitSystemRecords from OnboardingCompletionBundle                                       00:14 +307: /Users/avayroy/Optivus/test/habit_systems_test.dart: HabitSystemOnboardingProjection tests builds HabitSystemRecords from OnboardingCompletionBundle                                       00:14 +307: loading /Users/avayroy/Optivus/test/routine_architecture_test.dart                                                                                                                         00:14 +307: /Users/avayroy/Optivus/test/routine_architecture_test.dart: Routine Phase 4 Source-Level Architecture Tests production Routine screens do not import or watch legacy mock routine providers00:14 +308: /Users/avayroy/Optivus/test/routine_architecture_test.dart: Routine Phase 4 Source-Level Architecture Tests production Routine screens do not import or watch legacy mock routine providers00:14 +309: /Users/avayroy/Optivus/test/routine_architecture_test.dart: Routine Phase 4 Source-Level Architecture Tests production Routine screens do not import or watch legacy mock routine providers00:14 +310: /Users/avayroy/Optivus/test/routine_architecture_test.dart: Routine Phase 4 Source-Level Architecture Tests production Routine screens do not import or watch legacy mock routine providers00:14 +311: /Users/avayroy/Optivus/test/routine_architecture_test.dart: Routine Phase 4 Source-Level Architecture Tests production Routine screens do not import or watch legacy mock routine providers00:14 +312: /Users/avayroy/Optivus/test/routine_architecture_test.dart: Routine Phase 4 Source-Level Architecture Tests production Routine screens do not import or watch legacy mock routine providers00:14 +313: /Users/avayroy/Optivus/test/routine_architecture_test.dart: Routine Phase 4 Source-Level Architecture Tests production Routine screens do not import or watch legacy mock routine providers00:15 +313: /Users/avayroy/Optivus/test/routine_architecture_test.dart: Routine Phase 4 Source-Level Architecture Tests production Routine screens do not import or watch legacy mock routine providers00:15 +313: loading /Users/avayroy/Optivus/test/routine_state_test.dart                                                                                                                                00:15 +313: /Users/avayroy/Optivus/test/routine_state_test.dart: routine materialization dated one-off item appears only on its date                                                                   00:15 +314: /Users/avayroy/Optivus/test/routine_state_test.dart: routine materialization dated one-off item appears only on its date                                                                   00:15 +314: /Users/avayroy/Optivus/test/routine_state_test.dart: routine materialization repeating item appears only on selected repeat days                                                           00:15 +315: /Users/avayroy/Optivus/test/routine_state_test.dart: routine materialization repeating item appears only on selected repeat days                                                           00:15 +315: /Users/avayroy/Optivus/test/routine_state_test.dart: routine materialization overnight block contributes next-day morning segment                                                          00:15 +316: /Users/avayroy/Optivus/test/routine_state_test.dart: routine materialization overnight block contributes next-day morning segment                                                          00:15 +316: /Users/avayroy/Optivus/test/routine_state_test.dart: routine conflicts compatible hard blocks require explicit acceptance                                                                  00:15 +317: /Users/avayroy/Optivus/test/routine_state_test.dart: routine conflicts compatible hard blocks require explicit acceptance                                                                  00:15 +317: /Users/avayroy/Optivus/test/routine_state_test.dart: routine conflicts Keep both enabled for compatible hard-block conflict                                                                00:15 +318: /Users/avayroy/Optivus/test/routine_state_test.dart: routine conflicts Keep both enabled for compatible hard-block conflict                                                                00:15 +318: /Users/avayroy/Optivus/test/routine_state_test.dart: routine conflicts allows flexible task overlapping single hard block with soft warning                                                00:15 +319: /Users/avayroy/Optivus/test/routine_state_test.dart: routine conflicts allows flexible task overlapping single hard block with soft warning                                                00:15 +319: /Users/avayroy/Optivus/test/routine_state_test.dart: tracker and money sync Tracker task start sets inTracker and launch intent                                                            00:15 +320: /Users/avayroy/Optivus/test/routine_state_test.dart: tracker and money sync Tracker task start sets inTracker and launch intent                                                            00:15 +320: /Users/avayroy/Optivus/test/routine_state_test.dart: tracker and money sync Tracker completion marks Routine completed                                                                     00:15 +321: /Users/avayroy/Optivus/test/routine_state_test.dart: tracker and money sync Tracker completion marks Routine completed                                                                     00:15 +321: /Users/avayroy/Optivus/test/routine_state_test.dart: tracker and money sync Money already saved logs saving and completes item                                                             00:15 +322: /Users/avayroy/Optivus/test/routine_state_test.dart: tracker and money sync Money already saved logs saving and completes item                                                             00:15 +322: /Users/avayroy/Optivus/test/routine_state_test.dart: Check-ins Screen time is not available as manual check-in option                                                                      00:15 +323: /Users/avayroy/Optivus/test/routine_state_test.dart: Check-ins Screen time is not available as manual check-in option                                                                      00:15 +323: loading /Users/avayroy/Optivus/test/routine_onboarding_event_outbox_test.dart                                                                                                              00:15 +323: /Users/avayroy/Optivus/test/routine_onboarding_event_outbox_test.dart: projects created events only for templates actually created                                                         00:15 +324: /Users/avayroy/Optivus/test/routine_onboarding_event_outbox_test.dart: projects created events only for templates actually created                                                         00:15 +324: /Users/avayroy/Optivus/test/routine_onboarding_event_outbox_test.dart: resumes interrupted projection without duplicating event IDs                                                        00:15 +325: /Users/avayroy/Optivus/test/routine_onboarding_event_outbox_test.dart: resumes interrupted projection without duplicating event IDs                                                        00:15 +325: /Users/avayroy/Optivus/test/routine_onboarding_event_outbox_test.dart: repairs 52 legitimate prior-projection History records into the current run                                         00:15 +326: /Users/avayroy/Optivus/test/routine_onboarding_event_outbox_test.dart: repairs 52 legitimate prior-projection History records into the current run                                         00:15 +326: loading /Users/avayroy/Optivus/test/group_g_adversarial_test.dart                                                                                                                          00:15 +326: /Users/avayroy/Optivus/test/group_g_adversarial_test.dart: ... — Issue 31: Routine & Class Overlap Validation 31.A Contiguous Block Boundaries: Exact boundary touch vs 1-minute overlaps  00:15 +327: /Users/avayroy/Optivus/test/group_g_adversarial_test.dart: ... — Issue 31: Routine & Class Overlap Validation 31.A Contiguous Block Boundaries: Exact boundary touch vs 1-minute overlaps  00:15 +327: /Users/avayroy/Optivus/test/group_g_adversarial_test.dart: Adversarial Stress Testing — Issue 31: Routine & Class Overlap Validation 31.B Midnight Wrapping & Overnight Blocks (1430 to 30)00:15 +328: /Users/avayroy/Optivus/test/group_g_adversarial_test.dart: Adversarial Stress Testing — Issue 31: Routine & Class Overlap Validation 31.B Midnight Wrapping & Overnight Blocks (1430 to 30)00:15 +328: /Users/avayroy/Optivus/test/group_g_adversarial_test.dart: Adversarial Stress Testing — Issue 31: Routine & Class Overlap Validation 31.C Multiple Soft Blocks Overlapping One Class Block 00:15 +329: /Users/avayroy/Optivus/test/group_g_adversarial_test.dart: Adversarial Stress Testing — Issue 31: Routine & Class Overlap Validation 31.C Multiple Soft Blocks Overlapping One Class Block 00:15 +329: /Users/avayroy/Optivus/test/group_g_adversarial_test.dart: ... Stress Testing — Issue 31: Routine & Class Overlap Validation 31.D Eating Category Invariants: 6-meal cap & 120-min spacing 00:15 +330: /Users/avayroy/Optivus/test/group_g_adversarial_test.dart: ... Stress Testing — Issue 31: Routine & Class Overlap Validation 31.D Eating Category Invariants: 6-meal cap & 120-min spacing 00:15 +330: /Users/avayroy/Optivus/test/group_g_adversarial_test.dart: ... Stress Testing — Issue 32: Exam Priority & Keyword Matching 32.A Multi-Exam Overlaps & Class Schedule Template Preservation 00:15 +331: /Users/avayroy/Optivus/test/group_g_adversarial_test.dart: ... Stress Testing — Issue 32: Exam Priority & Keyword Matching 32.A Multi-Exam Overlaps & Class Schedule Template Preservation 00:15 +331: /Users/avayroy/Optivus/test/group_g_adversarial_test.dart: ... Stress Testing — Issue 32: Exam Priority & Keyword Matching 32.B Uppercase, Mixed-Case, Hyphenated & Variant Exam Keywords  00:15 +332: /Users/avayroy/Optivus/test/group_g_adversarial_test.dart: ... Stress Testing — Issue 32: Exam Priority & Keyword Matching 32.B Uppercase, Mixed-Case, Hyphenated & Variant Exam Keywords  00:15 +332: /Users/avayroy/Optivus/test/group_g_adversarial_test.dart: Adversarial Stress Testing — Issue 32: Exam Priority & Keyword Matching 32.C Candidate Mapping Invariant & Filtering Edge Cases 00:15 +333: /Users/avayroy/Optivus/test/group_g_adversarial_test.dart: Adversarial Stress Testing — Issue 32: Exam Priority & Keyword Matching 32.C Candidate Mapping Invariant & Filtering Edge Cases 00:15 +333: /Users/avayroy/Optivus/test/group_g_adversarial_test.dart: ... 32: Exam Priority & Keyword Matching 32.D Probing Substring False Positives & Hyphenated Exclusions in Exam Keyword Matcher 00:15 +334: /Users/avayroy/Optivus/test/group_g_adversarial_test.dart: ... 32: Exam Priority & Keyword Matching 32.D Probing Substring False Positives & Hyphenated Exclusions in Exam Keyword Matcher 00:15 +334: /Users/avayroy/Optivus/test/group_g_adversarial_test.dart: Adversarial Stress Testing — Issue 32: Exam Priority & Keyword Matching 31.E Probing Overnight Soft Block Conflict Behavior     00:15 +335: /Users/avayroy/Optivus/test/group_g_adversarial_test.dart: Adversarial Stress Testing — Issue 32: Exam Priority & Keyword Matching 31.E Probing Overnight Soft Block Conflict Behavior     00:15 +335: loading /Users/avayroy/Optivus/test/group_h_issues_33_to_42_test.dart                                                                                                                      00:15 +335: /Users/avayroy/Optivus/test/group_h_issues_33_to_42_test.dart: Group H - Issue 33: Recovery Scaffold Failure Causes Differentiates missingDraftAndBundle vs missingBundle                  00:15 +336: /Users/avayroy/Optivus/test/group_h_issues_33_to_42_test.dart: Group H - Issue 33: Recovery Scaffold Failure Causes Differentiates missingDraftAndBundle vs missingBundle                  00:15 +336: /Users/avayroy/Optivus/test/group_h_issues_33_to_42_test.dart: ... H - Issue 34: Typed Error Presentation and User Messaging Renders friendly Needs Action UI with hidden technical details00:15 +337: /Users/avayroy/Optivus/test/group_h_issues_33_to_42_test.dart: ... H - Issue 34: Typed Error Presentation and User Messaging Renders friendly Needs Action UI with hidden technical details00:16 +337: /Users/avayroy/Optivus/test/group_h_issues_33_to_42_test.dart: ... H - Issue 34: Typed Error Presentation and User Messaging Renders friendly Needs Action UI with hidden technical details00:16 +338: /Users/avayroy/Optivus/test/group_h_issues_33_to_42_test.dart: ... H - Issue 34: Typed Error Presentation and User Messaging Renders friendly Needs Action UI with hidden technical details00:16 +339: /Users/avayroy/Optivus/test/group_h_issues_33_to_42_test.dart: ... H - Issue 34: Typed Error Presentation and User Messaging Renders friendly Needs Action UI with hidden technical details00:16 +340: /Users/avayroy/Optivus/test/group_h_issues_33_to_42_test.dart: ... H - Issue 34: Typed Error Presentation and User Messaging Renders friendly Needs Action UI with hidden technical details00:16 +341: /Users/avayroy/Optivus/test/group_h_issues_33_to_42_test.dart: ... H - Issue 34: Typed Error Presentation and User Messaging Renders friendly Needs Action UI with hidden technical details00:16 +342: /Users/avayroy/Optivus/test/group_h_issues_33_to_42_test.dart: ... H - Issue 34: Typed Error Presentation and User Messaging Renders friendly Needs Action UI with hidden technical details00:16 +343: /Users/avayroy/Optivus/test/group_h_issues_33_to_42_test.dart: ... H - Issue 34: Typed Error Presentation and User Messaging Renders friendly Needs Action UI with hidden technical details00:16 +344: /Users/avayroy/Optivus/test/group_h_issues_33_to_42_test.dart: ... H - Issue 34: Typed Error Presentation and User Messaging Renders friendly Needs Action UI with hidden technical details00:16 +345: /Users/avayroy/Optivus/test/group_h_issues_33_to_42_test.dart: ... H - Issue 34: Typed Error Presentation and User Messaging Renders friendly Needs Action UI with hidden technical details00:16 +346: /Users/avayroy/Optivus/test/group_h_issues_33_to_42_test.dart: ... H - Issue 34: Typed Error Presentation and User Messaging Renders friendly Needs Action UI with hidden technical details00:16 +347: /Users/avayroy/Optivus/test/group_h_issues_33_to_42_test.dart: ... H - Issue 34: Typed Error Presentation and User Messaging Renders friendly Needs Action UI with hidden technical details00:16 +348: /Users/avayroy/Optivus/test/group_h_issues_33_to_42_test.dart: ... H - Issue 34: Typed Error Presentation and User Messaging Renders friendly Needs Action UI with hidden technical details00:16 +349: /Users/avayroy/Optivus/test/group_h_issues_33_to_42_test.dart: ... H - Issue 34: Typed Error Presentation and User Messaging Renders friendly Needs Action UI with hidden technical details00:16 +349: /Users/avayroy/Optivus/test/group_b_issues_7_to_11_test.dart: Issue 9: Intermediate account state OnboardingCompletionJobService verifies a successful projection before profile update    
[SystemWakeLock] Acquired wake lock claim.
[CompletionTiming] validateInput=1ms
[CompletionTiming] persistDraft=0ms
[CompletionTiming] verifyDraft=0ms
[CompletionTiming] persistBundle=0ms
[CompletionTiming] verifyBundle=0ms
[CompletionTiming] reconcileRoutines=0ms
[CompletionTiming] verifyRoutines=0ms
[CompletionTiming] projectRoutineHistory=5ms
[CompletionTiming] verifyRoutineHistory=0ms
[CompletionTiming] reconcileHabitSystems=0ms
[CompletionTiming] verifyHabitSystems=0ms
[CompletionTiming] reloadControllers=0ms
[CompletionTiming] verifyFrontendState=0ms
[CompletionTiming] finalizeProfile=0ms
[CompletionTiming] total=37ms
[SystemWakeLock] Released wake lock claim.
00:16 +350: /Users/avayroy/Optivus/test/group_h_issues_33_to_42_test.dart: ... H - Issue 34: Typed Error Presentation and User Messaging Renders friendly Needs Action UI with hidden technical details00:16 +351: /Users/avayroy/Optivus/test/group_h_issues_33_to_42_test.dart: ... H - Issue 34: Typed Error Presentation and User Messaging Renders friendly Needs Action UI with hidden technical details00:16 +352: /Users/avayroy/Optivus/test/group_h_issues_33_to_42_test.dart: ... H - Issue 34: Typed Error Presentation and User Messaging Renders friendly Needs Action UI with hidden technical details00:16 +353: /Users/avayroy/Optivus/test/group_h_issues_33_to_42_test.dart: ... H - Issue 34: Typed Error Presentation and User Messaging Renders friendly Needs Action UI with hidden technical details00:16 +354: /Users/avayroy/Optivus/test/group_h_issues_33_to_42_test.dart: ... H - Issue 34: Typed Error Presentation and User Messaging Renders friendly Needs Action UI with hidden technical details00:16 +355: /Users/avayroy/Optivus/test/group_h_issues_33_to_42_test.dart: ... H - Issue 34: Typed Error Presentation and User Messaging Renders friendly Needs Action UI with hidden technical details00:16 +356: /Users/avayroy/Optivus/test/group_h_issues_33_to_42_test.dart: ... H - Issue 34: Typed Error Presentation and User Messaging Renders friendly Needs Action UI with hidden technical details00:16 +357: /Users/avayroy/Optivus/test/group_h_issues_33_to_42_test.dart: ... H - Issue 34: Typed Error Presentation and User Messaging Renders friendly Needs Action UI with hidden technical details00:16 +358: /Users/avayroy/Optivus/test/group_h_issues_33_to_42_test.dart: ... H - Issue 34: Typed Error Presentation and User Messaging Renders friendly Needs Action UI with hidden technical details00:16 +359: /Users/avayroy/Optivus/test/onboarding_header_position_polish_test.dart: ... Indicator remains above Header LiquidGlassOnboardingIndicator sits vertically above OnboardingSectionTitle    00:16 +360: /Users/avayroy/Optivus/test/onboarding_header_position_polish_test.dart: ... Indicator remains above Header LiquidGlassOnboardingIndicator sits vertically above OnboardingSectionTitle    00:16 +361: /Users/avayroy/Optivus/test/onboarding_header_position_polish_test.dart: ... Indicator remains above Header LiquidGlassOnboardingIndicator sits vertically above OnboardingSectionTitle    00:16 +361: /Users/avayroy/Optivus/test/group_h_issues_33_to_42_test.dart: Group H - Issue 35: Draft Profile Repair Action Execution executeRecoveryAction fails closed when action preconditions are absent
[AuthRecovery] Recovery action failed safely (StateError).
00:16 +362: /Users/avayroy/Optivus/test/onboarding_header_position_polish_test.dart: ... Indicator remains above Header LiquidGlassOnboardingIndicator sits vertically above OnboardingSectionTitle    00:16 +362: /Users/avayroy/Optivus/test/group_h_issues_33_to_42_test.dart: Group H - Issue 35: Draft Profile Repair Action Execution executeRecoveryAction fails closed when action preconditions are absent
[AuthRecovery] Recovery action failed safely (StateError).
[AuthRecovery] Recovery action failed safely (StateError).
[Reconstruction] event=operation_started operationId=1
00:16 +363: /Users/avayroy/Optivus/test/onboarding_header_position_polish_test.dart: ... Indicator remains above Header LiquidGlassOnboardingIndicator sits vertically above OnboardingSectionTitle    00:16 +363: /Users/avayroy/Optivus/test/group_h_issues_33_to_42_test.dart: Group H - Issue 35: Draft Profile Repair Action Execution executeRecoveryAction fails closed when action preconditions are absent
[Reconstruction] event=attempt_started operationId=1 attempt=1
00:16 +364: /Users/avayroy/Optivus/test/onboarding_header_position_polish_test.dart: ... Indicator remains above Header LiquidGlassOnboardingIndicator sits vertically above OnboardingSectionTitle    00:16 +364: /Users/avayroy/Optivus/test/group_h_issues_33_to_42_test.dart: Group H - Issue 35: Draft Profile Repair Action Execution executeRecoveryAction fails closed when action preconditions are absent
[DeviceCountryService] Detection failed safely (MissingPluginException).
00:16 +365: /Users/avayroy/Optivus/test/onboarding_header_position_polish_test.dart: ... Indicator remains above Header LiquidGlassOnboardingIndicator sits vertically above OnboardingSectionTitle    00:16 +365: /Users/avayroy/Optivus/test/group_h_issues_33_to_42_test.dart: Group H - Issue 35: Draft Profile Repair Action Execution executeRecoveryAction fails closed when action preconditions are absent
[Reconstruction] event=classified operationId=1 attempt=1 totalElapsedMs=62
[Reconstruction] event=operation_started operationId=2
[Reconstruction] event=attempt_started operationId=2 attempt=1
[DeviceCountryService] Detection failed safely (MissingPluginException).
[Reconstruction] event=classified operationId=2 attempt=1 totalElapsedMs=2
00:16 +366: /Users/avayroy/Optivus/test/onboarding_header_position_polish_test.dart: ... Indicator remains above Header LiquidGlassOnboardingIndicator sits vertically above OnboardingSectionTitle    00:16 +367: /Users/avayroy/Optivus/test/onboarding_header_position_polish_test.dart: ... Indicator remains above Header LiquidGlassOnboardingIndicator sits vertically above OnboardingSectionTitle    00:16 +368: /Users/avayroy/Optivus/test/onboarding_header_position_polish_test.dart: ... Indicator remains above Header LiquidGlassOnboardingIndicator sits vertically above OnboardingSectionTitle    00:16 +369: /Users/avayroy/Optivus/test/onboarding_header_position_polish_test.dart: ... Indicator remains above Header LiquidGlassOnboardingIndicator sits vertically above OnboardingSectionTitle    00:16 +370: /Users/avayroy/Optivus/test/onboarding_header_position_polish_test.dart: ... Indicator remains above Header LiquidGlassOnboardingIndicator sits vertically above OnboardingSectionTitle    00:16 +371: /Users/avayroy/Optivus/test/onboarding_header_position_polish_test.dart: ... Indicator remains above Header LiquidGlassOnboardingIndicator sits vertically above OnboardingSectionTitle    00:16 +372: /Users/avayroy/Optivus/test/onboarding_header_position_polish_test.dart: ... Indicator remains above Header LiquidGlassOnboardingIndicator sits vertically above OnboardingSectionTitle    00:16 +373: /Users/avayroy/Optivus/test/onboarding_header_position_polish_test.dart: ... Indicator remains above Header LiquidGlassOnboardingIndicator sits vertically above OnboardingSectionTitle    00:16 +374: /Users/avayroy/Optivus/test/ah_f009_truthful_save_status_test.dart: AH-F009 onboarding failure UX validation error is distinguished from sync error                                        00:16 +375: /Users/avayroy/Optivus/test/ah_f009_truthful_save_status_test.dart: AH-F009 onboarding failure UX validation error is distinguished from sync error                                        00:16 +376: /Users/avayroy/Optivus/test/ah_f009_truthful_save_status_test.dart: AH-F009 onboarding failure UX validation error is distinguished from sync error                                        00:16 +377: /Users/avayroy/Optivus/test/ah_f009_truthful_save_status_test.dart: AH-F009 onboarding failure UX validation error is distinguished from sync error                                        00:16 +378: /Users/avayroy/Optivus/test/ah_f009_truthful_save_status_test.dart: AH-F009 onboarding failure UX validation error is distinguished from sync error                                        00:16 +379: /Users/avayroy/Optivus/test/ah_f009_truthful_save_status_test.dart: AH-F009 onboarding failure UX validation error is distinguished from sync error                                        00:16 +380: /Users/avayroy/Optivus/test/ah_f009_truthful_save_status_test.dart: AH-F009 onboarding failure UX validation error is distinguished from sync error                                        00:16 +381: /Users/avayroy/Optivus/test/ah_f009_truthful_save_status_test.dart: AH-F009 onboarding failure UX validation error is distinguished from sync error                                        00:16 +382: /Users/avayroy/Optivus/test/ah_f009_truthful_save_status_test.dart: AH-F009 onboarding failure UX validation error is distinguished from sync error                                        00:16 +383: /Users/avayroy/Optivus/test/ah_f009_truthful_save_status_test.dart: AH-F009 onboarding failure UX validation error is distinguished from sync error                                        00:16 +384: /Users/avayroy/Optivus/test/ah_f009_truthful_save_status_test.dart: AH-F009 onboarding failure UX validation error is distinguished from sync error                                        00:16 +385: /Users/avayroy/Optivus/test/ah_f009_truthful_save_status_test.dart: AH-F009 onboarding failure UX validation error is distinguished from sync error                                        00:16 +386: /Users/avayroy/Optivus/test/ah_f009_truthful_save_status_test.dart: AH-F009 onboarding failure UX validation error is distinguished from sync error                                        00:16 +387: /Users/avayroy/Optivus/test/ah_f009_truthful_save_status_test.dart: AH-F009 onboarding failure UX validation error is distinguished from sync error                                        00:16 +388: /Users/avayroy/Optivus/test/ah_f009_truthful_save_status_test.dart: AH-F009 onboarding failure UX validation error is distinguished from sync error                                        00:16 +389: /Users/avayroy/Optivus/test/ah_f009_truthful_save_status_test.dart: AH-F009 onboarding failure UX validation error is distinguished from sync error                                        00:17 +389: /Users/avayroy/Optivus/test/ah_f009_truthful_save_status_test.dart: AH-F009 onboarding failure UX validation error is distinguished from sync error                                        00:17 +390: /Users/avayroy/Optivus/test/ah_f009_truthful_save_status_test.dart: AH-F009 onboarding failure UX validation error is distinguished from sync error                                        00:17 +391: /Users/avayroy/Optivus/test/ah_f009_truthful_save_status_test.dart: AH-F009 onboarding failure UX validation error is distinguished from sync error                                        00:17 +392: /Users/avayroy/Optivus/test/ah_f009_truthful_save_status_test.dart: AH-F009 onboarding failure UX validation error is distinguished from sync error                                        00:17 +393: /Users/avayroy/Optivus/test/ah_f009_truthful_save_status_test.dart: AH-F009 onboarding failure UX validation error is distinguished from sync error                                        00:17 +394: /Users/avayroy/Optivus/test/ah_f009_truthful_save_status_test.dart: AH-F009 onboarding failure UX validation error is distinguished from sync error                                        00:17 +395: /Users/avayroy/Optivus/test/ah_f009_truthful_save_status_test.dart: AH-F009 onboarding failure UX validation error is distinguished from sync error                                        00:17 +396: /Users/avayroy/Optivus/test/ah_f009_truthful_save_status_test.dart: AH-F009 onboarding failure UX validation error is distinguished from sync error                                        00:17 +397: /Users/avayroy/Optivus/test/ah_f009_truthful_save_status_test.dart: AH-F009 onboarding failure UX validation error is distinguished from sync error                                        00:17 +398: /Users/avayroy/Optivus/test/ah_f009_truthful_save_status_test.dart: AH-F009 onboarding failure UX validation error is distinguished from sync error                                        00:17 +399: /Users/avayroy/Optivus/test/ah_f009_truthful_save_status_test.dart: AH-F009 onboarding failure UX validation error is distinguished from sync error                                        00:17 +400: /Users/avayroy/Optivus/test/ah_f009_truthful_save_status_test.dart: AH-F009 onboarding failure UX validation error is distinguished from sync error                                        00:17 +401: /Users/avayroy/Optivus/test/onboarding_header_position_polish_test.dart: F. Text Scale 1.6 Does Not Overflow Step 2 with text scale 1.6 renders without layout exceptions or overflow      00:17 +402: /Users/avayroy/Optivus/test/ah_f009_truthful_save_status_test.dart: AH-F009 onboarding failure UX failed required save blocks progression and offers Retry                                 00:17 +403: /Users/avayroy/Optivus/test/ah_f009_truthful_save_status_test.dart: AH-F009 onboarding failure UX failed required save blocks progression and offers Retry                                 00:17 +404: /Users/avayroy/Optivus/test/ah_f009_truthful_save_status_test.dart: AH-F009 onboarding failure UX failed required save blocks progression and offers Retry                                 00:17 +405: /Users/avayroy/Optivus/test/ah_f009_truthful_save_status_test.dart: AH-F009 onboarding failure UX failed required save blocks progression and offers Retry                                 00:17 +406: /Users/avayroy/Optivus/test/ah_f009_truthful_save_status_test.dart: AH-F009 onboarding failure UX failed required save blocks progression and offers Retry                                 00:17 +407: /Users/avayroy/Optivus/test/ah_f009_truthful_save_status_test.dart: AH-F009 onboarding failure UX failed required save blocks progression and offers Retry                                 00:17 +408: /Users/avayroy/Optivus/test/ah_f009_truthful_save_status_test.dart: AH-F009 onboarding failure UX failed required save blocks progression and offers Retry                                 00:17 +409: /Users/avayroy/Optivus/test/onboarding_header_position_polish_test.dart: G-J. Responsive Viewport Verifications Step 2 renders correctly on I. 393x873                                     00:17 +410: /Users/avayroy/Optivus/test/ah_f009_truthful_save_status_test.dart: AH-F009 onboarding failure UX repeated Next taps do not issue concurrent writes                                        00:17 +411: /Users/avayroy/Optivus/test/ah_f009_truthful_save_status_test.dart: AH-F009 onboarding failure UX repeated Next taps do not issue concurrent writes                                        00:17 +412: /Users/avayroy/Optivus/test/onboarding_header_position_polish_test.dart: K. CTA/Footer Clearance Remains Intact OnboardingScrollView includes bottom footer reserve for CTA                00:17 +413: /Users/avayroy/Optivus/test/ah_f009_truthful_save_status_test.dart: AH-F009 onboarding failure UX late User A failure cannot dirty User B state                                            00:17 +414: /Users/avayroy/Optivus/test/ah_f009_truthful_save_status_test.dart: AH-F009 onboarding failure UX late User A failure cannot dirty User B state                                            00:17 +415: /Users/avayroy/Optivus/test/ah_f009_truthful_save_status_test.dart: AH-F009 onboarding failure UX late User A failure cannot dirty User B state                                            00:17 +416: /Users/avayroy/Optivus/test/onboarding_header_position_polish_test.dart: L. Special Screens Are Not Forced into Standard Layout Step 4 (Unified Timeline) maintains full timeline layout   00:17 +417: /Users/avayroy/Optivus/test/ah_f009_truthful_save_status_test.dart: AH-F009 onboarding failure UX bug report submission is truthfully scoped to session                                    00:18 +417: /Users/avayroy/Optivus/test/ah_f009_truthful_save_status_test.dart: AH-F009 onboarding failure UX bug report submission is truthfully scoped to session                                    00:18 +418: /Users/avayroy/Optivus/test/ah_f009_truthful_save_status_test.dart: AH-F009 onboarding failure UX bug report submission is truthfully scoped to session                                    00:18 +419: /Users/avayroy/Optivus/test/ah_f009_truthful_save_status_test.dart: AH-F009 onboarding failure UX bug report submission is truthfully scoped to session                                    00:18 +420: /Users/avayroy/Optivus/test/routine_habit_systems_screen_test.dart: RoutineHabitSystemsScreen renders empty state truthfully and supports system creation                                  00:18 +421: /Users/avayroy/Optivus/test/routine_habit_systems_screen_test.dart: RoutineHabitSystemsScreen renders empty state truthfully and supports system creation                                  00:18 +422: /Users/avayroy/Optivus/test/routine_habit_systems_screen_test.dart: RoutineHabitSystemsScreen renders empty state truthfully and supports system creation                                  00:18 +423: /Users/avayroy/Optivus/test/routine_habit_systems_screen_test.dart: RoutineHabitSystemsScreen renders empty state truthfully and supports system creation                                  00:18 +424: /Users/avayroy/Optivus/test/routine_habit_systems_screen_test.dart: RoutineHabitSystemsScreen renders empty state truthfully and supports system creation                                  00:18 +424: /Users/avayroy/Optivus/test/group_h_adversarial_stress_test.dart: Group H Adversarial Stress-Test: Recovery Screen UI & State Repair 1. 4-Tier Recovery Fallback Matrix executeRecoveryAction executes RetryNetworkAction and handles Tier 4 transition
[Reconstruction] event=operation_started operationId=1
[Reconstruction] event=attempt_started operationId=1 attempt=1
[DeviceCountryService] Detection failed safely (MissingPluginException).
[Reconstruction] event=classified operationId=1 attempt=1 totalElapsedMs=47
00:18 +425: /Users/avayroy/Optivus/test/routine_habit_systems_screen_test.dart: RoutineHabitSystemsScreen renders empty state truthfully and supports system creation                                  00:18 +425: /Users/avayroy/Optivus/test/group_h_adversarial_stress_test.dart: Group H Adversarial Stress-Test: Recovery Screen UI & State Repair 1. 4-Tier Recovery Fallback Matrix RebuildBundleFromVerifiedDraftAction fails closed when draft is absent
[AuthRecovery] Recovery action failed safely (StateError).
00:18 +426: /Users/avayroy/Optivus/test/routine_habit_systems_screen_test.dart: RoutineHabitSystemsScreen renders empty state truthfully and supports system creation                                  00:18 +426: /Users/avayroy/Optivus/test/group_h_adversarial_stress_test.dart: Group H Adversarial Stress-Test: Recovery Screen UI & State Repair 1. 4-Tier Recovery Fallback Matrix RebuildBundleFromVerifiedDraftAction preserves a broken state
[AuthRecovery] Recovery action failed safely (StateError).
00:18 +427: /Users/avayroy/Optivus/test/routine_habit_systems_screen_test.dart: RoutineHabitSystemsScreen renders empty state truthfully and supports system creation                                  00:18 +428: /Users/avayroy/Optivus/test/routine_habit_systems_screen_test.dart: RoutineHabitSystemsScreen renders empty state truthfully and supports system creation                                  00:18 +428: /Users/avayroy/Optivus/test/group_h_adversarial_stress_test.dart: Group H Adversarial Stress-Test: Recovery Screen UI & State Repair 2. RepairProjectionAction Resilience RebuildBundleFromVerifiedDraftAction recovers bundle when missing
[Reconstruction] event=operation_started operationId=1
[Reconstruction] event=attempt_started operationId=1 attempt=1
[DeviceCountryService] Detection failed safely (MissingPluginException).
[Reconstruction] event=classified operationId=1 attempt=1 totalElapsedMs=7
00:18 +429: /Users/avayroy/Optivus/test/routine_habit_systems_screen_test.dart: RoutineHabitSystemsScreen renders empty state truthfully and supports system creation                                  00:18 +430: /Users/avayroy/Optivus/test/routine_habit_systems_screen_test.dart: RoutineHabitSystemsScreen renders empty state truthfully and supports system creation                                  00:18 +431: /Users/avayroy/Optivus/test/routine_habit_systems_screen_test.dart: RoutineHabitSystemsScreen renders empty state truthfully and supports system creation                                  00:18 +432: /Users/avayroy/Optivus/test/routine_habit_systems_screen_test.dart: RoutineHabitSystemsScreen renders empty state truthfully and supports system creation                                  00:18 +433: /Users/avayroy/Optivus/test/routine_habit_systems_screen_test.dart: RoutineHabitSystemsScreen renders empty state truthfully and supports system creation                                  00:18 +434: /Users/avayroy/Optivus/test/routine_habit_systems_screen_test.dart: RoutineHabitSystemsScreen renders empty state truthfully and supports system creation                                  00:18 +435: /Users/avayroy/Optivus/test/routine_habit_systems_screen_test.dart: RoutineHabitSystemsScreen renders empty state truthfully and supports system creation                                  00:18 +436: /Users/avayroy/Optivus/test/routine_habit_systems_screen_test.dart: RoutineHabitSystemsScreen renders empty state truthfully and supports system creation                                  00:18 +437: /Users/avayroy/Optivus/test/routine_habit_systems_screen_test.dart: RoutineHabitSystemsScreen renders empty state truthfully and supports system creation                                  00:18 +438: /Users/avayroy/Optivus/test/routine_habit_systems_screen_test.dart: RoutineHabitSystemsScreen renders empty state truthfully and supports system creation                                  00:18 +439: /Users/avayroy/Optivus/test/routine_habit_systems_screen_test.dart: RoutineHabitSystemsScreen renders empty state truthfully and supports system creation                                  00:18 +440: /Users/avayroy/Optivus/test/routine_habit_systems_screen_test.dart: RoutineHabitSystemsScreen renders empty state truthfully and supports system creation                                  00:18 +441: /Users/avayroy/Optivus/test/routine_habit_systems_screen_test.dart: RoutineHabitSystemsScreen renders empty state truthfully and supports system creation                                  00:19 +441: /Users/avayroy/Optivus/test/routine_habit_systems_screen_test.dart: RoutineHabitSystemsScreen renders empty state truthfully and supports system creation                                  00:19 +442: /Users/avayroy/Optivus/test/routine_habit_systems_screen_test.dart: RoutineHabitSystemsScreen renders empty state truthfully and supports system creation                                  00:19 +443: /Users/avayroy/Optivus/test/routine_habit_systems_screen_test.dart: RoutineHabitSystemsScreen renders empty state truthfully and supports system creation                                  00:19 +444: /Users/avayroy/Optivus/test/routine_habit_systems_screen_test.dart: RoutineHabitSystemsScreen renders empty state truthfully and supports system creation                                  00:19 +445: /Users/avayroy/Optivus/test/routine_habit_systems_screen_test.dart: RoutineHabitSystemsScreen renders empty state truthfully and supports system creation                                  00:19 +445: /Users/avayroy/Optivus/test/onboarding_setup_lineage_migration_test.dart: Migration Coordinator - Physical Defect Resolution Form A: Incomplete draft with stale run pointer migrates and resumes at Step 3 (no Recovery)
[Reconstruction] started uid=mig…ser
00:19 +446: /Users/avayroy/Optivus/test/routine_habit_systems_screen_test.dart: RoutineHabitSystemsScreen renders empty state truthfully and supports system creation                                  00:19 +446: /Users/avayroy/Optivus/test/onboarding_setup_lineage_migration_test.dart: Migration Coordinator - Physical Defect Resolution Form A: Incomplete draft with stale run pointer migrates and resumes at Step 3 (no Recovery)
[Reconstruction] legacy lineage detected for uid=mig…ser, migrating...
[Reconstruction] classified uid=mig…ser lifecycle=incomplete durationMs=16
00:19 +447: /Users/avayroy/Optivus/test/routine_habit_systems_screen_test.dart: RoutineHabitSystemsScreen renders empty state truthfully and supports system creation                                  00:19 +447: /Users/avayroy/Optivus/test/onboarding_setup_lineage_migration_test.dart: Migration Coordinator - Physical Defect Resolution Form B: Fresh pre-lineage account migrates and returns ReconstructionFresh
[Reconstruction] started uid=mig…ser
[Reconstruction] legacy lineage detected for uid=mig…ser, migrating...
[Reconstruction] classified uid=mig…ser lifecycle=fresh durationMs=0
00:19 +448: /Users/avayroy/Optivus/test/routine_habit_systems_screen_test.dart: RoutineHabitSystemsScreen renders empty state truthfully and supports system creation                                  00:19 +448: /Users/avayroy/Optivus/test/onboarding_setup_lineage_migration_test.dart: Migration Coordinator - Physical Defect Resolution Draft Content Integrity: Step data and answers preserved 100% during migration
[Reconstruction] started uid=mig…ser
[Reconstruction] legacy lineage detected for uid=mig…ser, migrating...
[Reconstruction] classified uid=mig…ser lifecycle=incomplete durationMs=1
00:19 +449: /Users/avayroy/Optivus/test/routine_habit_systems_screen_test.dart: RoutineHabitSystemsScreen renders empty state truthfully and supports system creation                                  00:19 +449: /Users/avayroy/Optivus/test/onboarding_setup_lineage_migration_test.dart: Migration Coordinator - Physical Defect Resolution Migration idempotency: running migration multiple times is stable
[Reconstruction] started uid=mig…ser
[Reconstruction] legacy lineage detected for uid=mig…ser, migrating...
[Reconstruction] classified uid=mig…ser lifecycle=incomplete durationMs=0
[Reconstruction] started uid=mig…ser
[Reconstruction] classified uid=mig…ser lifecycle=incomplete durationMs=0
00:19 +450: /Users/avayroy/Optivus/test/routine_habit_systems_screen_test.dart: RoutineHabitSystemsScreen renders empty state truthfully and supports system creation                                  00:19 +451: /Users/avayroy/Optivus/test/routine_habit_systems_screen_test.dart: RoutineHabitSystemsScreen renders empty state truthfully and supports system creation                                  00:19 +451: /Users/avayroy/Optivus/test/onboarding_setup_lineage_migration_test.dart: Migration Coordinator - Physical Defect Resolution Completed legacy account is not migrated and returns ReconstructionCompleted
[Reconstruction] started uid=mig…ser
[Reconstruction] classified uid=mig…ser lifecycle=completed durationMs=10
00:19 +452: /Users/avayroy/Optivus/test/routine_habit_systems_screen_test.dart: RoutineHabitSystemsScreen renders empty state truthfully and supports system creation                                  00:19 +453: /Users/avayroy/Optivus/test/features/uploads/upload_interaction_system_test.dart: ... (28 Mandatory Tests) 8. Product names edited while product image retry runs -> names remain current  00:19 +454: /Users/avayroy/Optivus/test/features/uploads/upload_interaction_system_test.dart: ... (28 Mandatory Tests) 8. Product names edited while product image retry runs -> names remain current  00:19 +455: /Users/avayroy/Optivus/test/features/uploads/upload_interaction_system_test.dart: ... (28 Mandatory Tests) 8. Product names edited while product image retry runs -> names remain current  00:19 +456: /Users/avayroy/Optivus/test/features/uploads/upload_interaction_system_test.dart: ... (28 Mandatory Tests) 8. Product names edited while product image retry runs -> names remain current  00:19 +457: /Users/avayroy/Optivus/test/features/uploads/upload_interaction_system_test.dart: ... (28 Mandatory Tests) 8. Product names edited while product image retry runs -> names remain current  00:19 +458: /Users/avayroy/Optivus/test/features/uploads/upload_interaction_system_test.dart: ... (28 Mandatory Tests) 8. Product names edited while product image retry runs -> names remain current  00:19 +459: /Users/avayroy/Optivus/test/features/uploads/upload_interaction_system_test.dart: ... (28 Mandatory Tests) 8. Product names edited while product image retry runs -> names remain current  00:19 +460: /Users/avayroy/Optivus/test/features/uploads/upload_interaction_system_test.dart: ... (28 Mandatory Tests) 8. Product names edited while product image retry runs -> names remain current  00:19 +461: /Users/avayroy/Optivus/test/features/uploads/upload_interaction_system_test.dart: ... (28 Mandatory Tests) 8. Product names edited while product image retry runs -> names remain current  00:19 +462: /Users/avayroy/Optivus/test/features/uploads/upload_interaction_system_test.dart: ... (28 Mandatory Tests) 8. Product names edited while product image retry runs -> names remain current  00:19 +463: /Users/avayroy/Optivus/test/features/uploads/upload_interaction_system_test.dart: ... (28 Mandatory Tests) 8. Product names edited while product image retry runs -> names remain current  00:19 +463: /Users/avayroy/Optivus/test/features/uploads/upload_interaction_system_test.dart: AH-F017 One Upload Interaction System (28 Mandatory Tests) 9. All 5 Shared Actions execute cleanly       00:19 +464: /Users/avayroy/Optivus/test/features/uploads/upload_interaction_system_test.dart: AH-F017 One Upload Interaction System (28 Mandatory Tests) 9. All 5 Shared Actions execute cleanly       00:19 +464: /Users/avayroy/Optivus/test/features/uploads/upload_interaction_system_test.dart: ... Mandatory Tests) 10. Platform-aware permissions: grant, soft denial, and detectable permanent denial 00:19 +465: /Users/avayroy/Optivus/test/features/uploads/upload_interaction_system_test.dart: ... Mandatory Tests) 10. Platform-aware permissions: grant, soft denial, and detectable permanent denial 00:19 +465: /Users/avayroy/Optivus/test/features/uploads/upload_interaction_system_test.dart: ... System (28 Mandatory Tests) 11. Orientation / EXIF normalization occurs exactly once during decoding 00:19 +466: /Users/avayroy/Optivus/test/features/uploads/upload_interaction_system_test.dart: ... System (28 Mandatory Tests) 11. Orientation / EXIF normalization occurs exactly once during decoding 00:19 +466: /Users/avayroy/Optivus/test/features/uploads/upload_interaction_system_test.dart: ... (28 Mandatory Tests) 12. Compression and dimension limits conform to UploadImagePolicy.forPurpose    00:19 +467: /Users/avayroy/Optivus/test/features/uploads/upload_interaction_system_test.dart: ... (28 Mandatory Tests) 12. Compression and dimension limits conform to UploadImagePolicy.forPurpose    00:19 +467: /Users/avayroy/Optivus/test/features/uploads/upload_interaction_system_test.dart: ... System (28 Mandatory Tests) 13. Corrupted / Invalid image reports friendly error without crashing    00:19 +468: /Users/avayroy/Optivus/test/features/uploads/upload_interaction_system_test.dart: ... System (28 Mandatory Tests) 13. Corrupted / Invalid image reports friendly error without crashing    00:19 +468: /Users/avayroy/Optivus/test/features/uploads/upload_interaction_system_test.dart: AH-F017 One Upload Interaction System (28 Mandatory Tests) 14. Configuration modes instantiate correctly 00:19 +469: /Users/avayroy/Optivus/test/features/uploads/upload_interaction_system_test.dart: AH-F017 One Upload Interaction System (28 Mandatory Tests) 14. Configuration modes instantiate correctly 00:19 +469: /Users/avayroy/Optivus/test/features/uploads/upload_interaction_system_test.dart: ... One Upload Interaction System (28 Mandatory Tests) 15. Target features render upload shell cleanly   00:19 +470: /Users/avayroy/Optivus/test/features/uploads/upload_interaction_system_test.dart: ... One Upload Interaction System (28 Mandatory Tests) 15. Target features render upload shell cleanly   00:19 +470: /Users/avayroy/Optivus/test/features/uploads/upload_interaction_system_test.dart: ... System (28 Mandatory Tests) 16. A upload starts -> account switches A -> B -> late A result ignored  00:19 +471: /Users/avayroy/Optivus/test/features/uploads/upload_interaction_system_test.dart: ... System (28 Mandatory Tests) 16. A upload starts -> account switches A -> B -> late A result ignored  00:19 +471: /Users/avayroy/Optivus/test/features/uploads/upload_interaction_system_test.dart: ... System (28 Mandatory Tests) 17. Same UID auth refresh during upload -> upload continues exactly once 00:19 +472: /Users/avayroy/Optivus/test/features/uploads/upload_interaction_system_test.dart: ... System (28 Mandatory Tests) 17. Same UID auth refresh during upload -> upload continues exactly once 00:19 +472: /Users/avayroy/Optivus/test/features/uploads/upload_interaction_system_test.dart: ... Interaction System (28 Mandatory Tests) 18. same-slot selection is ignored while an upload is busy   00:19 +473: /Users/avayroy/Optivus/test/features/uploads/upload_interaction_system_test.dart: ... Interaction System (28 Mandatory Tests) 18. same-slot selection is ignored while an upload is busy   00:19 +473: /Users/avayroy/Optivus/test/features/uploads/upload_interaction_system_test.dart: ... 19. Process death before durable metadata -> B is NOT restored, previous A restored if it existed    00:19 +474: /Users/avayroy/Optivus/test/features/uploads/upload_interaction_system_test.dart: ... 19. Process death before durable metadata -> B is NOT restored, previous A restored if it existed    00:19 +474: /Users/avayroy/Optivus/test/features/uploads/upload_interaction_system_test.dart: ... Tests) 20. Process death after binary + metadata success -> restores as Restored with zero re-upload 00:19 +475: /Users/avayroy/Optivus/test/features/uploads/upload_interaction_system_test.dart: ... Tests) 20. Process death after binary + metadata success -> restores as Restored with zero re-upload 00:19 +475: /Users/avayroy/Optivus/test/features/uploads/upload_interaction_system_test.dart: ... Mandatory Tests) 21. Restored A preview starts -> B replacement succeeds -> late A preview ignored   00:19 +476: /Users/avayroy/Optivus/test/features/uploads/upload_interaction_system_test.dart: ... Mandatory Tests) 21. Restored A preview starts -> B replacement succeeds -> late A preview ignored   00:19 +476: /Users/avayroy/Optivus/test/features/uploads/upload_interaction_system_test.dart: ... 22. Restored asset + preview unavailable -> Replace works, Remove works, required condition satisfied00:19 +477: /Users/avayroy/Optivus/test/features/uploads/upload_interaction_system_test.dart: ... 22. Restored asset + preview unavailable -> Replace works, Remove works, required condition satisfied00:19 +477: /Users/avayroy/Optivus/test/features/uploads/upload_interaction_system_test.dart: ... System (28 Mandatory Tests) 23. Remove success -> Empty only after durable remove succeeds           00:19 +478: /Users/avayroy/Optivus/test/features/uploads/upload_interaction_system_test.dart: ... System (28 Mandatory Tests) 23. Remove success -> Empty only after durable remove succeeds           00:19 +478: /Users/avayroy/Optivus/test/features/uploads/upload_interaction_system_test.dart: ... Interaction System (28 Mandatory Tests) 24. Terminal metadata write failure keeps uploaded authority 00:19 +479: /Users/avayroy/Optivus/test/features/uploads/upload_interaction_system_test.dart: ... Interaction System (28 Mandatory Tests) 24. Terminal metadata write failure keeps uploaded authority 00:19 +479: /Users/avayroy/Optivus/test/features/uploads/upload_interaction_system_test.dart: ... Interaction System (28 Mandatory Tests) terminalized remove R2 failure drops authority; restart retry00:19 +480: /Users/avayroy/Optivus/test/features/uploads/upload_interaction_system_test.dart: ... Interaction System (28 Mandatory Tests) terminalized remove R2 failure drops authority; restart retry00:19 +480: /Users/avayroy/Optivus/test/features/uploads/upload_interaction_system_test.dart: ... System (28 Mandatory Tests) terminalized remove final marker failure drops authority; restart retry  00:19 +481: /Users/avayroy/Optivus/test/features/uploads/upload_interaction_system_test.dart: ... System (28 Mandatory Tests) terminalized remove final marker failure drops authority; restart retry  00:19 +481: /Users/avayroy/Optivus/test/features/uploads/upload_interaction_system_test.dart: ... System (28 Mandatory Tests) 24b. account switch during byte cleanup cannot clear the new owner slot  00:19 +482: /Users/avayroy/Optivus/test/features/uploads/upload_interaction_system_test.dart: ... System (28 Mandatory Tests) 24b. account switch during byte cleanup cannot clear the new owner slot  00:19 +482: /Users/avayroy/Optivus/test/features/uploads/upload_interaction_system_test.dart: ... Interaction System (28 Mandatory Tests) 25. Rapid Remove x3 -> exactly one durable remove operation  00:19 +483: /Users/avayroy/Optivus/test/features/uploads/upload_interaction_system_test.dart: ... Interaction System (28 Mandatory Tests) 25. Rapid Remove x3 -> exactly one durable remove operation  00:19 +483: /Users/avayroy/Optivus/test/features/uploads/upload_interaction_system_test.dart: ... Upload Interaction System (28 Mandatory Tests) 26. Upload failure -> AH-F016 AI invocation count = 0 00:19 +484: /Users/avayroy/Optivus/test/features/uploads/upload_interaction_system_test.dart: ... Upload Interaction System (28 Mandatory Tests) 26. Upload failure -> AH-F016 AI invocation count = 0 00:19 +484: /Users/avayroy/Optivus/test/features/uploads/upload_interaction_system_test.dart: ... Mandatory Tests) 27. Durable upload + AI failure + Retry AI -> additional upload invocation count = 000:19 +485: /Users/avayroy/Optivus/test/features/uploads/upload_interaction_system_test.dart: ... Mandatory Tests) 27. Durable upload + AI failure + Retry AI -> additional upload invocation count = 000:19 +485: /Users/avayroy/Optivus/test/features/uploads/upload_interaction_system_test.dart: ... Interaction System (28 Mandatory Tests) 28. Class and Work each have independent operation generation00:19 +486: /Users/avayroy/Optivus/test/features/uploads/upload_interaction_system_test.dart: ... Interaction System (28 Mandatory Tests) 28. Class and Work each have independent operation generation00:19 +486: /Users/avayroy/Optivus/test/features/uploads/upload_interaction_system_test.dart: ... true stages candidate as pendingReplacementAsset, preserves durableAsset Photo A in repo and R2      00:19 +487: /Users/avayroy/Optivus/test/features/uploads/upload_interaction_system_test.dart: ... true stages candidate as pendingReplacementAsset, preserves durableAsset Photo A in repo and R2      00:19 +487: /Users/avayroy/Optivus/test/features/uploads/upload_interaction_system_test.dart: ... rollbackReplacement cleans candidate from repo and R2, restores Photo A as canonical and undeleted   00:19 +488: /Users/avayroy/Optivus/test/features/uploads/upload_interaction_system_test.dart: ... rollbackReplacement cleans candidate from repo and R2, restores Photo A as canonical and undeleted   00:19 +488: /Users/avayroy/Optivus/test/features/uploads/upload_interaction_system_test.dart: ... Tests) 31. commitReplacement promotes candidate to durableAsset and deletes Photo A only after commit00:19 +489: /Users/avayroy/Optivus/test/features/onboarding/onboarding_step4_step5_ux_closure_test.dart: ... Step 4 & Step 5 UX Closure Contract Step 4 AI screen is top-aligned inside switcher body  00:19 +490: /Users/avayroy/Optivus/test/features/onboarding/onboarding_step4_step5_ux_closure_test.dart: ... Step 4 & Step 5 UX Closure Contract Step 4 AI screen is top-aligned inside switcher body  00:19 +491: /Users/avayroy/Optivus/test/features/onboarding/onboarding_step4_step5_ux_closure_test.dart: ... Step 4 & Step 5 UX Closure Contract Step 4 AI screen is top-aligned inside switcher body  00:19 +492: /Users/avayroy/Optivus/test/features/onboarding/onboarding_step4_step5_ux_closure_test.dart: ... Step 4 & Step 5 UX Closure Contract Step 4 AI screen is top-aligned inside switcher body  00:19 +493: /Users/avayroy/Optivus/test/features/onboarding/onboarding_step4_step5_ux_closure_test.dart: ... Step 4 & Step 5 UX Closure Contract Step 4 AI screen is top-aligned inside switcher body  00:19 +494: /Users/avayroy/Optivus/test/features/onboarding/onboarding_step4_step5_ux_closure_test.dart: ... Step 4 & Step 5 UX Closure Contract Step 4 AI screen is top-aligned inside switcher body  00:19 +495: /Users/avayroy/Optivus/test/features/onboarding/onboarding_step4_step5_ux_closure_test.dart: ... Step 4 & Step 5 UX Closure Contract Step 4 AI screen is top-aligned inside switcher body  00:19 +496: /Users/avayroy/Optivus/test/features/onboarding/onboarding_step4_step5_ux_closure_test.dart: ... Step 4 & Step 5 UX Closure Contract Step 4 AI screen is top-aligned inside switcher body  00:19 +497: /Users/avayroy/Optivus/test/features/onboarding/onboarding_step4_step5_ux_closure_test.dart: ... Step 4 & Step 5 UX Closure Contract Step 4 AI screen is top-aligned inside switcher body  00:19 +498: /Users/avayroy/Optivus/test/features/onboarding/onboarding_step4_step5_ux_closure_test.dart: ... Step 4 & Step 5 UX Closure Contract Step 4 AI screen is top-aligned inside switcher body  00:19 +499: /Users/avayroy/Optivus/test/features/onboarding/onboarding_step4_step5_ux_closure_test.dart: ... Step 4 & Step 5 UX Closure Contract Step 4 AI screen is top-aligned inside switcher body  00:19 +500: /Users/avayroy/Optivus/test/features/onboarding/onboarding_step4_step5_ux_closure_test.dart: ... Step 4 & Step 5 UX Closure Contract Step 4 AI screen is top-aligned inside switcher body  00:19 +501: /Users/avayroy/Optivus/test/features/onboarding/onboarding_step4_step5_ux_closure_test.dart: ... Step 4 & Step 5 UX Closure Contract Step 4 AI screen is top-aligned inside switcher body  00:19 +502: /Users/avayroy/Optivus/test/features/onboarding/onboarding_step4_step5_ux_closure_test.dart: ... Step 4 & Step 5 UX Closure Contract Step 4 AI screen is top-aligned inside switcher body  00:19 +503: /Users/avayroy/Optivus/test/features/onboarding/onboarding_step4_step5_ux_closure_test.dart: ... Step 4 & Step 5 UX Closure Contract Step 4 AI screen is top-aligned inside switcher body  00:19 +504: /Users/avayroy/Optivus/test/features/onboarding/onboarding_step4_step5_ux_closure_test.dart: ... Step 4 & Step 5 UX Closure Contract Step 4 AI screen is top-aligned inside switcher body  00:19 +505: /Users/avayroy/Optivus/test/features/onboarding/onboarding_step4_step5_ux_closure_test.dart: ... Step 4 & Step 5 UX Closure Contract Step 4 AI screen is top-aligned inside switcher body  00:20 +505: /Users/avayroy/Optivus/test/features/onboarding/onboarding_step4_step5_ux_closure_test.dart: ... Step 4 & Step 5 UX Closure Contract Step 4 AI screen is top-aligned inside switcher body  00:20 +505: /Users/avayroy/Optivus/test/onboarding_restore_test.dart: new verified Firebase account opens a local Step 0 draft without entering restore                                                
[Reconstruction] event=operation_started operationId=1
[Reconstruction] event=attempt_started operationId=1 attempt=1
00:20 +506: /Users/avayroy/Optivus/test/features/onboarding/onboarding_progressive_cta_step1_to_13_test.dart: ... & Invariant Regressions Step 1: Checkbox toggling reveals and disables CTA stably    00:20 +507: /Users/avayroy/Optivus/test/features/onboarding/onboarding_progressive_cta_step1_to_13_test.dart: ... & Invariant Regressions Step 1: Checkbox toggling reveals and disables CTA stably    00:20 +508: /Users/avayroy/Optivus/test/features/onboarding/onboarding_progressive_cta_step1_to_13_test.dart: ... & Invariant Regressions Step 1: Checkbox toggling reveals and disables CTA stably    00:20 +509: /Users/avayroy/Optivus/test/features/onboarding/onboarding_progressive_cta_step1_to_13_test.dart: ... & Invariant Regressions Step 1: Checkbox toggling reveals and disables CTA stably    00:20 +510: /Users/avayroy/Optivus/test/features/onboarding/onboarding_progressive_cta_step1_to_13_test.dart: ... & Invariant Regressions Step 1: Checkbox toggling reveals and disables CTA stably    00:20 +510: /Users/avayroy/Optivus/test/onboarding_restore_test.dart: new verified Firebase account opens a local Step 0 draft without entering restore                                                
[Reconstruction] started uid=bra…ser
00:20 +511: /Users/avayroy/Optivus/test/features/onboarding/onboarding_progressive_cta_step1_to_13_test.dart: ... & Invariant Regressions Step 1: Checkbox toggling reveals and disables CTA stably    00:20 +511: /Users/avayroy/Optivus/test/onboarding_restore_test.dart: new verified Firebase account opens a local Step 0 draft without entering restore                                                
[Reconstruction] classified uid=bra…ser lifecycle=fresh durationMs=8
[OnboardingRestore] {migrationAction: none, uploadReconciliation: valid, finalResumeStep: 0, reasonCode: fresh_account}
[Reconstruction] event=classified operationId=1 attempt=1 totalElapsedMs=93
00:20 +512: /Users/avayroy/Optivus/test/features/onboarding/onboarding_progressive_cta_step1_to_13_test.dart: ... & Invariant Regressions Step 1: Checkbox toggling reveals and disables CTA stably    00:20 +513: /Users/avayroy/Optivus/test/features/onboarding/onboarding_progressive_cta_step1_to_13_test.dart: ... & Invariant Regressions Step 1: Checkbox toggling reveals and disables CTA stably    00:20 +514: /Users/avayroy/Optivus/test/features/onboarding/onboarding_progressive_cta_step1_to_13_test.dart: ... & Invariant Regressions Step 1: Checkbox toggling reveals and disables CTA stably    00:20 +515: /Users/avayroy/Optivus/test/features/onboarding/onboarding_progressive_cta_step1_to_13_test.dart: ... & Invariant Regressions Step 1: Checkbox toggling reveals and disables CTA stably    00:20 +516: /Users/avayroy/Optivus/test/features/onboarding/onboarding_progressive_cta_step1_to_13_test.dart: ... & Invariant Regressions Step 1: Checkbox toggling reveals and disables CTA stably    00:20 +517: /Users/avayroy/Optivus/test/features/onboarding/onboarding_progressive_cta_step1_to_13_test.dart: ... & Invariant Regressions Step 1: Checkbox toggling reveals and disables CTA stably    00:20 +518: /Users/avayroy/Optivus/test/features/onboarding/onboarding_progressive_cta_step1_to_13_test.dart: ... & Invariant Regressions Step 1: Checkbox toggling reveals and disables CTA stably    00:20 +519: /Users/avayroy/Optivus/test/features/onboarding/onboarding_progressive_cta_step1_to_13_test.dart: ... & Invariant Regressions Step 1: Checkbox toggling reveals and disables CTA stably    00:20 +520: /Users/avayroy/Optivus/test/features/onboarding/onboarding_progressive_cta_step1_to_13_test.dart: ... & Invariant Regressions Step 1: Checkbox toggling reveals and disables CTA stably    00:20 +521: /Users/avayroy/Optivus/test/features/onboarding/onboarding_progressive_cta_step1_to_13_test.dart: ... & Invariant Regressions Step 1: Checkbox toggling reveals and disables CTA stably    00:20 +522: /Users/avayroy/Optivus/test/features/onboarding/onboarding_progressive_cta_step1_to_13_test.dart: ... & Invariant Regressions Step 1: Checkbox toggling reveals and disables CTA stably    00:20 +523: /Users/avayroy/Optivus/test/features/onboarding/onboarding_progressive_cta_step1_to_13_test.dart: ... & Invariant Regressions Step 1: Checkbox toggling reveals and disables CTA stably    00:20 +524: /Users/avayroy/Optivus/test/features/onboarding/onboarding_progressive_cta_step1_to_13_test.dart: ... & Invariant Regressions Step 1: Checkbox toggling reveals and disables CTA stably    00:20 +525: /Users/avayroy/Optivus/test/features/onboarding/onboarding_progressive_cta_step1_to_13_test.dart: ... & Invariant Regressions Step 1: Checkbox toggling reveals and disables CTA stably    00:20 +526: /Users/avayroy/Optivus/test/onboarding_restore_test.dart: fresh account never shows restore copy while checking for a draft                                                                00:20 +527: /Users/avayroy/Optivus/test/onboarding_restore_test.dart: fresh account never shows restore copy while checking for a draft                                                                00:21 +527: /Users/avayroy/Optivus/test/onboarding_restore_test.dart: fresh account never shows restore copy while checking for a draft                                                                00:21 +528: /Users/avayroy/Optivus/test/onboarding_restore_test.dart: fresh account never shows restore copy while checking for a draft                                                                00:21 +528: /Users/avayroy/Optivus/test/onboarding_restore_test.dart: fresh account never shows restore copy while checking for a draft                                                                
[Reconstruction] event=operation_started operationId=1
[Reconstruction] event=attempt_started operationId=1 attempt=1
[Reconstruction] started uid=fre…ser
[Reconstruction] classified uid=fre…ser lifecycle=fresh durationMs=38
[OnboardingRestore] {migrationAction: none, uploadReconciliation: valid, finalResumeStep: 0, reasonCode: fresh_account}
[Reconstruction] event=classified operationId=1 attempt=1 totalElapsedMs=59
00:21 +529: /Users/avayroy/Optivus/test/onboarding_restore_test.dart: fresh account never shows restore copy while checking for a draft                                                                00:21 +530: /Users/avayroy/Optivus/test/onboarding_restore_test.dart: fresh account never shows restore copy while checking for a draft                                                                00:21 +531: /Users/avayroy/Optivus/test/onboarding_restore_test.dart: fresh account never shows restore copy while checking for a draft                                                                00:21 +532: /Users/avayroy/Optivus/test/onboarding_restore_test.dart: fresh account never shows restore copy while checking for a draft                                                                00:21 +533: /Users/avayroy/Optivus/test/onboarding_restore_test.dart: fresh account never shows restore copy while checking for a draft                                                                00:21 +534: /Users/avayroy/Optivus/test/onboarding_restore_test.dart: fresh account never shows restore copy while checking for a draft                                                                00:21 +535: /Users/avayroy/Optivus/test/onboarding_restore_test.dart: fresh account never shows restore copy while checking for a draft                                                                00:21 +536: /Users/avayroy/Optivus/test/features/onboarding/onboarding_step4_step5_ux_closure_test.dart: ... 5 UX Closure Contract Step 4: actual Generate button transitions setup to AI then review  00:21 +536: /Users/avayroy/Optivus/test/features/onboarding/onboarding_step4_step5_ux_closure_test.dart: Onboarding Step 4 & Step 5 UX Closure Contract Step 4: actual Generate button transitions setup to AI then review
[Onboarding4] aiMode=fake workerUrlConfigured=true
00:21 +537: /Users/avayroy/Optivus/test/features/onboarding/onboarding_step4_step5_ux_closure_test.dart: ... 5 UX Closure Contract Step 4: actual Generate button transitions setup to AI then review  00:21 +537: /Users/avayroy/Optivus/test/features/onboarding/onboarding_step4_step5_ux_closure_test.dart: Onboarding Step 4 & Step 5 UX Closure Contract Step 4: actual Generate button transitions setup to AI then review
[Onboarding4] START source=classes purpose=classTimetable assetIdPresent=true r2KeyPresent=true contentTypePresent=true
00:21 +537: /Users/avayroy/Optivus/test/onboarding_restore_test.dart: completed account never publishes restoringOnboarding while final reconstruction is pending                                      
[Reconstruction] event=operation_started operationId=1
[Reconstruction] event=attempt_started operationId=1 attempt=1
[Reconstruction] started uid=com…ser
00:21 +537: /Users/avayroy/Optivus/test/features/onboarding/onboarding_step4_step5_ux_closure_test.dart: Onboarding Step 4 & Step 5 UX Closure Contract Step 4: actual Generate button transitions setup to AI then review
[Onboarding4] RESULT source=classes controllerStatus=extracted resultNull=false warningCount=0
[Onboarding4] RAW source=classes rawCandidates=1 engine=manualSeed version=phase2c
[Onboarding4] MAPPED source=classes mappedBlocks=1 droppedNoTitle=0 droppedInvalidTime=0 droppedNoRepeatDays=0 droppedNonWork=0
[Onboarding4] classBlocks=1 workBlocks=0 allVisible=1
00:21 +538: /Users/avayroy/Optivus/test/features/onboarding/onboarding_step4_step5_ux_closure_test.dart: ... 5 UX Closure Contract Step 4: actual Generate button transitions setup to AI then review  00:21 +538: /Users/avayroy/Optivus/test/onboarding_restore_test.dart: completed account never publishes restoringOnboarding while final reconstruction is pending                                      
[Reconstruction] classified uid=com…ser lifecycle=completed durationMs=24
00:21 +539: /Users/avayroy/Optivus/test/features/onboarding/onboarding_step4_step5_ux_closure_test.dart: ... 5 UX Closure Contract Step 4: actual Generate button transitions setup to AI then review  00:21 +539: /Users/avayroy/Optivus/test/onboarding_restore_test.dart: completed account never publishes restoringOnboarding while final reconstruction is pending                                      
[OnboardingRestore] {schemaVersion: 4, detectedTopology: current15, migrationAction: none, originalAcknowledgedCompletionBoundary: 14, durableValidatorResult: verified_completion_bundle, uploadReconciliation: valid, finalResumeStep: home, reasonCode: completed_onboarding}
00:21 +540: /Users/avayroy/Optivus/test/features/onboarding/onboarding_step4_step5_ux_closure_test.dart: ... 5 UX Closure Contract Step 4: actual Generate button transitions setup to AI then review  00:21 +540: /Users/avayroy/Optivus/test/onboarding_restore_test.dart: completed account never publishes restoringOnboarding while final reconstruction is pending                                      
[Reconstruction] event=classified operationId=1 attempt=1 totalElapsedMs=66
00:21 +541: /Users/avayroy/Optivus/test/features/onboarding/onboarding_step4_step5_ux_closure_test.dart: ... 5 UX Closure Contract Step 4: actual Generate button transitions setup to AI then review  00:21 +542: /Users/avayroy/Optivus/test/features/onboarding/onboarding_step4_step5_ux_closure_test.dart: ... 5 UX Closure Contract Step 4: actual Generate button transitions setup to AI then review  00:21 +543: /Users/avayroy/Optivus/test/onboarding_restore_test.dart: completed account never publishes restoringOnboarding while final reconstruction is pending                                      00:21 +544: /Users/avayroy/Optivus/test/onboarding_restore_test.dart: completed account never publishes restoringOnboarding while final reconstruction is pending                                      00:21 +545: /Users/avayroy/Optivus/test/onboarding_restore_test.dart: completed account never publishes restoringOnboarding while final reconstruction is pending                                      00:21 +546: /Users/avayroy/Optivus/test/onboarding_restore_test.dart: completed account never publishes restoringOnboarding while final reconstruction is pending                                      00:21 +547: /Users/avayroy/Optivus/test/onboarding_restore_test.dart: completed account never publishes restoringOnboarding while final reconstruction is pending                                      00:21 +548: /Users/avayroy/Optivus/test/onboarding_restore_test.dart: completed account never publishes restoringOnboarding while final reconstruction is pending                                      00:21 +549: /Users/avayroy/Optivus/test/onboarding_restore_test.dart: completed account never publishes restoringOnboarding while final reconstruction is pending                                      00:21 +550: /Users/avayroy/Optivus/test/onboarding_restore_test.dart: completed account never publishes restoringOnboarding while final reconstruction is pending                                      00:21 +551: /Users/avayroy/Optivus/test/onboarding_restore_test.dart: completed account never publishes restoringOnboarding while final reconstruction is pending                                      00:21 +552: /Users/avayroy/Optivus/test/onboarding_restore_test.dart: completed account never publishes restoringOnboarding while final reconstruction is pending                                      00:21 +553: /Users/avayroy/Optivus/test/onboarding_restore_test.dart: completed account never publishes restoringOnboarding while final reconstruction is pending                                      00:21 +554: /Users/avayroy/Optivus/test/onboarding_restore_test.dart: completed account never publishes restoringOnboarding while final reconstruction is pending                                      00:21 +555: /Users/avayroy/Optivus/test/onboarding_restore_test.dart: completed account never publishes restoringOnboarding while final reconstruction is pending                                      00:21 +556: /Users/avayroy/Optivus/test/onboarding_restore_test.dart: completed account never publishes restoringOnboarding while final reconstruction is pending                                      00:21 +557: /Users/avayroy/Optivus/test/onboarding_restore_test.dart: completed account never publishes restoringOnboarding while final reconstruction is pending                                      00:21 +558: /Users/avayroy/Optivus/test/onboarding_restore_test.dart: completed account never publishes restoringOnboarding while final reconstruction is pending                                      00:21 +559: /Users/avayroy/Optivus/test/onboarding_restore_test.dart: completed account never publishes restoringOnboarding while final reconstruction is pending                                      00:21 +560: /Users/avayroy/Optivus/test/onboarding_restore_test.dart: completed account never publishes restoringOnboarding while final reconstruction is pending                                      00:21 +560: /Users/avayroy/Optivus/test/features/onboarding/onboarding_step4_step5_ux_closure_test.dart: Onboarding Step 4 & Step 5 UX Closure Contract Step 4: Schedule A survives Back during same-source regeneration and late success is ignored
[Onboarding4] aiMode=fake workerUrlConfigured=true
[Onboarding4] START source=classes purpose=classTimetable assetIdPresent=true r2KeyPresent=true contentTypePresent=true
00:21 +561: /Users/avayroy/Optivus/test/features/onboarding/onboarding_step4_step5_ux_closure_test.dart: ... 4: Schedule A survives Back during same-source regeneration and late success is ignored   00:21 +561: /Users/avayroy/Optivus/test/onboarding_restore_test.dart: firebase incomplete user does not become onboarding incomplete until draft fetch completes                                       
[Reconstruction] event=operation_started operationId=1
[Reconstruction] event=attempt_started operationId=1 attempt=1
[Reconstruction] started uid=res…ser
[Reconstruction] classified uid=res…ser lifecycle=incomplete durationMs=4
[OnboardingRestore] {schemaVersion: 4, detectedTopology: current15, migrationAction: none, originalAcknowledgedCompletionBoundary: 3, durableValidatorResult: step_4_save_not_acknowledged, uploadReconciliation: valid, affectedStep: 4, finalResumeStep: 4, reasonCode: step_4_save_not_acknowledged, resumeStep: 4, validThroughStep: 3, reason: durableCompletionNotRecorded, diagnosticCode: step_4_save_not_acknowledged}
[Reconstruction] event=classified operationId=1 attempt=1 totalElapsedMs=10
00:21 +562: /Users/avayroy/Optivus/test/features/onboarding/onboarding_step4_step5_ux_closure_test.dart: ... 4: Schedule A survives Back during same-source regeneration and late success is ignored   00:21 +563: /Users/avayroy/Optivus/test/onboarding_restore_test.dart: saved onboarding draft currentStep 4 opens directly at step 4                                                                    00:22 +563: /Users/avayroy/Optivus/test/onboarding_restore_test.dart: saved onboarding draft currentStep 4 opens directly at step 4                                                                    00:22 +564: /Users/avayroy/Optivus/test/features/onboarding/onboarding_step4_step5_ux_closure_test.dart: ... Step 4: failed same-source rebuild keeps Schedule A visible with retained-schedule error  00:22 +564: /Users/avayroy/Optivus/test/onboarding_restore_test.dart: router shows restoring setup and no onboarding welcome while draft is fetching                                                   
[Reconstruction] event=operation_started operationId=1
[Reconstruction] event=attempt_started operationId=1 attempt=1
[Reconstruction] started uid=rou…ser
00:22 +565: /Users/avayroy/Optivus/test/features/onboarding/onboarding_step4_step5_ux_closure_test.dart: ... Step 4: failed same-source rebuild keeps Schedule A visible with retained-schedule error  00:22 +565: /Users/avayroy/Optivus/test/onboarding_restore_test.dart: draft fetch failure shows restore error, allows retry, and does not reset draft                                                  
[Reconstruction] event=operation_started operationId=1
[Reconstruction] event=attempt_started operationId=1 attempt=1
[Reconstruction] started uid=ret…ser
[Reconstruction] event=attempt_failed operationId=1 attempt=1 failureKind=server_read_failed__Exception elapsedMs=9
[Reconstruction] event=retry_exhausted attempts=1
[Reconstruction] event=operation_started operationId=2
[Reconstruction] event=attempt_started operationId=2 attempt=1
[Reconstruction] started uid=ret…ser
[Reconstruction] classified uid=ret…ser lifecycle=incomplete durationMs=0
[OnboardingRestore] {schemaVersion: 4, detectedTopology: current15, migrationAction: none, originalAcknowledgedCompletionBoundary: 3, durableValidatorResult: step_4_save_not_acknowledged, uploadReconciliation: valid, affectedStep: 4, finalResumeStep: 4, reasonCode: step_4_save_not_acknowledged, resumeStep: 4, validThroughStep: 3, reason: durableCompletionNotRecorded, diagnosticCode: step_4_save_not_acknowledged}
[Reconstruction] event=classified operationId=2 attempt=1 totalElapsedMs=1
00:22 +566: /Users/avayroy/Optivus/test/features/onboarding/onboarding_step4_step5_ux_closure_test.dart: ... Step 4: failed same-source rebuild keeps Schedule A visible with retained-schedule error  00:22 +566: /Users/avayroy/Optivus/test/onboarding_restore_test.dart: fake mode starts at welcome step when no draft exists                                                                            
[Reconstruction] event=operation_started operationId=1
[Reconstruction] event=attempt_started operationId=1 attempt=1
[DeviceCountryService] Detection failed safely (MissingPluginException).
[Reconstruction] event=classified operationId=1 attempt=1 totalElapsedMs=16
00:22 +567: /Users/avayroy/Optivus/test/features/onboarding/onboarding_step4_step5_ux_closure_test.dart: ... Step 4: failed same-source rebuild keeps Schedule A visible with retained-schedule error  00:22 +567: /Users/avayroy/Optivus/test/onboarding_restore_test.dart: fake mode resumes a saved draft when one exists                                                                                  
[Reconstruction] event=operation_started operationId=1
[Reconstruction] event=attempt_started operationId=1 attempt=1
[DeviceCountryService] Detection failed safely (MissingPluginException).
00:22 +567: /Users/avayroy/Optivus/test/features/onboarding/onboarding_step4_step5_ux_closure_test.dart: Onboarding Step 4 & Step 5 UX Closure Contract Step 4: failed same-source rebuild keeps Schedule A visible with retained-schedule error
[Onboarding4] aiMode=fake workerUrlConfigured=true
[Onboarding4] START source=classes purpose=classTimetable assetIdPresent=true r2KeyPresent=true contentTypePresent=true
00:22 +567: /Users/avayroy/Optivus/test/onboarding_restore_test.dart: fake mode resumes a saved draft when one exists                                                                                  
[Reconstruction] event=classified operationId=1 attempt=1 totalElapsedMs=4
00:22 +568: /Users/avayroy/Optivus/test/features/onboarding/onboarding_step4_step5_ux_closure_test.dart: ... Step 4: failed same-source rebuild keeps Schedule A visible with retained-schedule error  00:22 +568: /Users/avayroy/Optivus/test/onboarding_restore_test.dart: real fresh-session durable restore pipeline Steps 0 through 13 restore to the next semantic step                                 
[Reconstruction] event=operation_started operationId=1
[Reconstruction] event=attempt_started operationId=1 attempt=1
00:22 +568: /Users/avayroy/Optivus/test/features/onboarding/onboarding_step4_step5_ux_closure_test.dart: Onboarding Step 4 & Step 5 UX Closure Contract Step 4: failed same-source rebuild keeps Schedule A visible with retained-schedule error
[Onboarding4] RESULT source=classes controllerStatus=failed resultNull=true warningCount=1
[Onboarding4] MAPPED source=classes mappedBlocks=0 droppedNoTitle=0 droppedInvalidTime=0 droppedNoRepeatDays=0 droppedNonWork=0
[Onboarding4] zero mapped blocks source=classes purpose=classTimetable workerMode=fake uploadedAssetIdExists=true uploadedAssetR2KeyExists=true droppedExampleCount=0
[Onboarding4] classBlocks=1 workBlocks=0 allVisible=1
00:22 +568: /Users/avayroy/Optivus/test/onboarding_restore_test.dart: real fresh-session durable restore pipeline Steps 0 through 13 restore to the next semantic step                                 
[Reconstruction] started uid=fre…ser
[Reconstruction] classified uid=fre…ser lifecycle=incomplete durationMs=13
[OnboardingRestore] {schemaVersion: 4, detectedTopology: current15, migrationAction: none, originalAcknowledgedCompletionBoundary: 0, durableValidatorResult: step_1_save_not_acknowledged, uploadReconciliation: valid, affectedStep: 1, finalResumeStep: 1, reasonCode: step_1_save_not_acknowledged, resumeStep: 1, validThroughStep: 0, reason: durableCompletionNotRecorded, diagnosticCode: step_1_save_not_acknowledged}
[Reconstruction] event=classified operationId=1 attempt=1 totalElapsedMs=43
[Reconstruction] event=operation_started operationId=1
[Reconstruction] event=attempt_started operationId=1 attempt=1
[Reconstruction] started uid=fre…ser
[Reconstruction] classified uid=fre…ser lifecycle=incomplete durationMs=0
[OnboardingRestore] {schemaVersion: 4, detectedTopology: current15, migrationAction: none, originalAcknowledgedCompletionBoundary: 1, durableValidatorResult: step_2_save_not_acknowledged, uploadReconciliation: valid, affectedStep: 2, finalResumeStep: 2, reasonCode: step_2_save_not_acknowledged, resumeStep: 2, validThroughStep: 1, reason: durableCompletionNotRecorded, diagnosticCode: step_2_save_not_acknowledged}
[Reconstruction] event=classified operationId=1 attempt=1 totalElapsedMs=6
[Reconstruction] event=operation_started operationId=1
[Reconstruction] event=attempt_started operationId=1 attempt=1
[Reconstruction] started uid=fre…ser
[Reconstruction] classified uid=fre…ser lifecycle=incomplete durationMs=1
[OnboardingRestore] {schemaVersion: 4, detectedTopology: current15, migrationAction: none, originalAcknowledgedCompletionBoundary: 2, durableValidatorResult: step_3_save_not_acknowledged, uploadReconciliation: valid, affectedStep: 3, finalResumeStep: 3, reasonCode: step_3_save_not_acknowledged, resumeStep: 3, validThroughStep: 2, reason: durableCompletionNotRecorded, diagnosticCode: step_3_save_not_acknowledged}
[Reconstruction] event=classified operationId=1 attempt=1 totalElapsedMs=4
[Reconstruction] event=operation_started operationId=1
[Reconstruction] event=attempt_started operationId=1 attempt=1
[Reconstruction] started uid=fre…ser
[Reconstruction] classified uid=fre…ser lifecycle=incomplete durationMs=3
[OnboardingRestore] {schemaVersion: 4, detectedTopology: current15, migrationAction: none, originalAcknowledgedCompletionBoundary: 3, durableValidatorResult: step_4_save_not_acknowledged, uploadReconciliation: valid, affectedStep: 4, finalResumeStep: 4, reasonCode: step_4_save_not_acknowledged, resumeStep: 4, validThroughStep: 3, reason: durableCompletionNotRecorded, diagnosticCode: step_4_save_not_acknowledged}
[Reconstruction] event=classified operationId=1 attempt=1 totalElapsedMs=10
[Reconstruction] event=operation_started operationId=1
[Reconstruction] event=attempt_started operationId=1 attempt=1
[Reconstruction] started uid=fre…ser
[Reconstruction] classified uid=fre…ser lifecycle=incomplete durationMs=3
[OnboardingRestore] {schemaVersion: 4, detectedTopology: current15, migrationAction: none, originalAcknowledgedCompletionBoundary: 4, durableValidatorResult: step_5_save_not_acknowledged, uploadReconciliation: valid, affectedStep: 5, finalResumeStep: 5, reasonCode: step_5_save_not_acknowledged, resumeStep: 5, validThroughStep: 4, reason: durableCompletionNotRecorded, diagnosticCode: step_5_save_not_acknowledged}
[Reconstruction] event=classified operationId=1 attempt=1 totalElapsedMs=8
[Reconstruction] event=operation_started operationId=1
[Reconstruction] event=attempt_started operationId=1 attempt=1
[Reconstruction] started uid=fre…ser
00:22 +569: /Users/avayroy/Optivus/test/onboarding_restore_test.dart: real fresh-session durable restore pipeline Steps 0 through 13 restore to the next semantic step                                 00:22 +569: /Users/avayroy/Optivus/test/onboarding_restore_test.dart: real fresh-session durable restore pipeline Steps 0 through 13 restore to the next semantic step                                 
[Reconstruction] classified uid=fre…ser lifecycle=incomplete durationMs=3
[OnboardingRestore] {schemaVersion: 4, detectedTopology: current15, migrationAction: none, originalAcknowledgedCompletionBoundary: 5, durableValidatorResult: step_6_save_not_acknowledged, uploadReconciliation: valid, affectedStep: 6, finalResumeStep: 6, reasonCode: step_6_save_not_acknowledged, resumeStep: 6, validThroughStep: 5, reason: durableCompletionNotRecorded, diagnosticCode: step_6_save_not_acknowledged}
[Reconstruction] event=classified operationId=1 attempt=1 totalElapsedMs=12
[Reconstruction] event=operation_started operationId=1
[Reconstruction] event=attempt_started operationId=1 attempt=1
[Reconstruction] started uid=fre…ser
[Reconstruction] classified uid=fre…ser lifecycle=incomplete durationMs=3
[OnboardingRestore] {schemaVersion: 4, detectedTopology: current15, migrationAction: none, originalAcknowledgedCompletionBoundary: 6, durableValidatorResult: step_7_save_not_acknowledged, uploadReconciliation: valid, affectedStep: 7, finalResumeStep: 7, reasonCode: step_7_save_not_acknowledged, resumeStep: 7, validThroughStep: 6, reason: durableCompletionNotRecorded, diagnosticCode: step_7_save_not_acknowledged}
[Reconstruction] event=classified operationId=1 attempt=1 totalElapsedMs=7
[Reconstruction] event=operation_started operationId=1
[Reconstruction] event=attempt_started operationId=1 attempt=1
[Reconstruction] started uid=fre…ser
[Reconstruction] classified uid=fre…ser lifecycle=incomplete durationMs=1
[OnboardingRestore] {schemaVersion: 4, detectedTopology: current15, migrationAction: none, originalAcknowledgedCompletionBoundary: 7, durableValidatorResult: step_8_save_not_acknowledged, uploadReconciliation: valid, affectedStep: 8, finalResumeStep: 8, reasonCode: step_8_save_not_acknowledged, resumeStep: 8, validThroughStep: 7, reason: durableCompletionNotRecorded, diagnosticCode: step_8_save_not_acknowledged}
[Reconstruction] event=classified operationId=1 attempt=1 totalElapsedMs=4
[Reconstruction] event=operation_started operationId=1
[Reconstruction] event=attempt_started operationId=1 attempt=1
[Reconstruction] started uid=fre…ser
[Reconstruction] classified uid=fre…ser lifecycle=incomplete durationMs=0
[OnboardingRestore] {schemaVersion: 4, detectedTopology: current15, migrationAction: none, originalAcknowledgedCompletionBoundary: 8, durableValidatorResult: step_9_save_not_acknowledged, uploadReconciliation: valid, affectedStep: 9, finalResumeStep: 9, reasonCode: step_9_save_not_acknowledged, resumeStep: 9, validThroughStep: 8, reason: durableCompletionNotRecorded, diagnosticCode: step_9_save_not_acknowledged}
[Reconstruction] event=classified operationId=1 attempt=1 totalElapsedMs=3
[Reconstruction] event=operation_started operationId=1
[Reconstruction] event=attempt_started operationId=1 attempt=1
[Reconstruction] started uid=fre…ser
[Reconstruction] classified uid=fre…ser lifecycle=incomplete durationMs=1
[OnboardingRestore] {schemaVersion: 4, detectedTopology: current15, migrationAction: none, originalAcknowledgedCompletionBoundary: 9, durableValidatorResult: step_10_save_not_acknowledged, uploadReconciliation: valid, affectedStep: 10, finalResumeStep: 10, reasonCode: step_10_save_not_acknowledged, resumeStep: 10, validThroughStep: 9, reason: durableCompletionNotRecorded, diagnosticCode: step_10_save_not_acknowledged}
[Reconstruction] event=classified operationId=1 attempt=1 totalElapsedMs=4
[Reconstruction] event=operation_started operationId=1
[Reconstruction] event=attempt_started operationId=1 attempt=1
[Reconstruction] started uid=fre…ser
[Reconstruction] classified uid=fre…ser lifecycle=incomplete durationMs=0
[OnboardingRestore] {schemaVersion: 4, detectedTopology: current15, migrationAction: none, originalAcknowledgedCompletionBoundary: 10, durableValidatorResult: step_11_save_not_acknowledged, uploadReconciliation: valid, affectedStep: 11, finalResumeStep: 11, reasonCode: step_11_save_not_acknowledged, resumeStep: 11, validThroughStep: 10, reason: durableCompletionNotRecorded, diagnosticCode: step_11_save_not_acknowledged}
[Reconstruction] event=classified operationId=1 attempt=1 totalElapsedMs=4
[Reconstruction] event=operation_started operationId=1
[Reconstruction] event=attempt_started operationId=1 attempt=1
[Reconstruction] started uid=fre…ser
[Reconstruction] classified uid=fre…ser lifecycle=incomplete durationMs=1
[OnboardingRestore] {schemaVersion: 4, detectedTopology: current15, migrationAction: none, originalAcknowledgedCompletionBoundary: 11, durableValidatorResult: step_12_save_not_acknowledged, uploadReconciliation: valid, affectedStep: 12, finalResumeStep: 12, reasonCode: step_12_save_not_acknowledged, resumeStep: 12, validThroughStep: 11, reason: durableCompletionNotRecorded, diagnosticCode: step_12_save_not_acknowledged}
[Reconstruction] event=classified operationId=1 attempt=1 totalElapsedMs=6
[Reconstruction] event=operation_started operationId=1
[Reconstruction] event=attempt_started operationId=1 attempt=1
00:22 +570: /Users/avayroy/Optivus/test/onboarding_restore_test.dart: real fresh-session durable restore pipeline Steps 0 through 13 restore to the next semantic step                                 00:22 +570: /Users/avayroy/Optivus/test/onboarding_restore_test.dart: real fresh-session durable restore pipeline Steps 0 through 13 restore to the next semantic step                                 
[Reconstruction] started uid=fre…ser
[Reconstruction] classified uid=fre…ser lifecycle=incomplete durationMs=0
[OnboardingRestore] {schemaVersion: 4, detectedTopology: current15, migrationAction: none, originalAcknowledgedCompletionBoundary: 12, durableValidatorResult: step_13_save_not_acknowledged, uploadReconciliation: valid, affectedStep: 13, finalResumeStep: 13, reasonCode: step_13_save_not_acknowledged, resumeStep: 13, validThroughStep: 12, reason: durableCompletionNotRecorded, diagnosticCode: step_13_save_not_acknowledged}
[Reconstruction] event=classified operationId=1 attempt=1 totalElapsedMs=3
[Reconstruction] event=operation_started operationId=1
[Reconstruction] event=attempt_started operationId=1 attempt=1
[Reconstruction] started uid=fre…ser
[Reconstruction] classified uid=fre…ser lifecycle=incomplete durationMs=0
[OnboardingRestore] {schemaVersion: 4, detectedTopology: current15, migrationAction: none, originalAcknowledgedCompletionBoundary: 13, durableValidatorResult: ready_for_final_review, uploadReconciliation: valid, finalResumeStep: 14, reasonCode: ready_for_final_review, resumeStep: 14, validThroughStep: 13, reason: readyForFinalReview, diagnosticCode: ready_for_final_review}
[Reconstruction] event=classified operationId=1 attempt=1 totalElapsedMs=2
00:22 +571: /Users/avayroy/Optivus/test/features/onboarding/onboarding_step4_step5_ux_closure_test.dart: ... Contract Step 5: Setup stage (Yes path) renders upload card, hides timeline & primary CTA 00:22 +571: /Users/avayroy/Optivus/test/onboarding_restore_test.dart: real fresh-session durable restore pipeline Step 5 skip survives restart and routes Step 6                                       
[Reconstruction] event=operation_started operationId=1
[Reconstruction] event=attempt_started operationId=1 attempt=1
[Reconstruction] started uid=ste…ser
[Reconstruction] classified uid=ste…ser lifecycle=incomplete durationMs=0
[OnboardingRestore] {schemaVersion: 4, detectedTopology: current15, migrationAction: none, originalAcknowledgedCompletionBoundary: 5, durableValidatorResult: step_6_save_not_acknowledged, uploadReconciliation: valid, affectedStep: 6, finalResumeStep: 6, reasonCode: step_6_save_not_acknowledged, resumeStep: 6, validThroughStep: 5, reason: durableCompletionNotRecorded, diagnosticCode: step_6_save_not_acknowledged}
[Reconstruction] event=classified operationId=1 attempt=1 totalElapsedMs=4
00:22 +572: /Users/avayroy/Optivus/test/features/onboarding/onboarding_step4_step5_ux_closure_test.dart: ... Contract Step 5: Setup stage (Yes path) renders upload card, hides timeline & primary CTA 00:22 +572: /Users/avayroy/Optivus/test/onboarding_restore_test.dart: real fresh-session durable restore pipeline Step 7 skip survives restart and routes Step 8                                       
[Reconstruction] event=operation_started operationId=1
[Reconstruction] event=attempt_started operationId=1 attempt=1
[Reconstruction] started uid=ste…ser
[Reconstruction] classified uid=ste…ser lifecycle=incomplete durationMs=0
[OnboardingRestore] {schemaVersion: 4, detectedTopology: current15, migrationAction: none, originalAcknowledgedCompletionBoundary: 7, durableValidatorResult: step_8_save_not_acknowledged, uploadReconciliation: valid, affectedStep: 8, finalResumeStep: 8, reasonCode: step_8_save_not_acknowledged, resumeStep: 8, validThroughStep: 7, reason: durableCompletionNotRecorded, diagnosticCode: step_8_save_not_acknowledged}
[Reconstruction] event=classified operationId=1 attempt=1 totalElapsedMs=4
00:22 +573: /Users/avayroy/Optivus/test/features/onboarding/onboarding_step4_step5_ux_closure_test.dart: ... Contract Step 5: Setup stage (Yes path) renders upload card, hides timeline & primary CTA 00:22 +573: /Users/avayroy/Optivus/test/onboarding_restore_test.dart: real fresh-session durable restore pipeline Step 5 skip survives logout_login and routes Step 6                                  
[Reconstruction] event=operation_started operationId=1
[Reconstruction] event=attempt_started operationId=1 attempt=1
[Reconstruction] started uid=ste…ser
[Reconstruction] classified uid=ste…ser lifecycle=incomplete durationMs=1
[OnboardingRestore] {schemaVersion: 4, detectedTopology: current15, migrationAction: none, originalAcknowledgedCompletionBoundary: 5, durableValidatorResult: step_6_save_not_acknowledged, uploadReconciliation: valid, affectedStep: 6, finalResumeStep: 6, reasonCode: step_6_save_not_acknowledged, resumeStep: 6, validThroughStep: 5, reason: durableCompletionNotRecorded, diagnosticCode: step_6_save_not_acknowledged}
[Reconstruction] event=classified operationId=1 attempt=1 totalElapsedMs=4
[Reconstruction] event=operation_started operationId=2
[Reconstruction] event=attempt_started operationId=2 attempt=1
[Reconstruction] started uid=ste…ser
[Reconstruction] classified uid=ste…ser lifecycle=incomplete durationMs=0
[OnboardingRestore] {schemaVersion: 4, detectedTopology: current15, migrationAction: none, originalAcknowledgedCompletionBoundary: 5, durableValidatorResult: step_6_save_not_acknowledged, uploadReconciliation: valid, affectedStep: 6, finalResumeStep: 6, reasonCode: step_6_save_not_acknowledged, resumeStep: 6, validThroughStep: 5, reason: durableCompletionNotRecorded, diagnosticCode: step_6_save_not_acknowledged}
[Reconstruction] event=classified operationId=2 attempt=1 totalElapsedMs=2
00:22 +574: /Users/avayroy/Optivus/test/features/onboarding/onboarding_step4_step5_ux_closure_test.dart: ... Contract Step 5: Setup stage (Yes path) renders upload card, hides timeline & primary CTA 00:22 +574: /Users/avayroy/Optivus/test/onboarding_restore_test.dart: real fresh-session durable restore pipeline Step 7 skip survives logout_login and routes Step 8                                  
[Reconstruction] event=operation_started operationId=1
[Reconstruction] event=attempt_started operationId=1 attempt=1
[Reconstruction] started uid=ste…ser
[Reconstruction] classified uid=ste…ser lifecycle=incomplete durationMs=2
[OnboardingRestore] {schemaVersion: 4, detectedTopology: current15, migrationAction: none, originalAcknowledgedCompletionBoundary: 7, durableValidatorResult: step_8_save_not_acknowledged, uploadReconciliation: valid, affectedStep: 8, finalResumeStep: 8, reasonCode: step_8_save_not_acknowledged, resumeStep: 8, validThroughStep: 7, reason: durableCompletionNotRecorded, diagnosticCode: step_8_save_not_acknowledged}
[Reconstruction] event=classified operationId=1 attempt=1 totalElapsedMs=5
[Reconstruction] event=operation_started operationId=2
[Reconstruction] event=attempt_started operationId=2 attempt=1
[Reconstruction] started uid=ste…ser
[Reconstruction] classified uid=ste…ser lifecycle=incomplete durationMs=1
[OnboardingRestore] {schemaVersion: 4, detectedTopology: current15, migrationAction: none, originalAcknowledgedCompletionBoundary: 7, durableValidatorResult: step_8_save_not_acknowledged, uploadReconciliation: valid, affectedStep: 8, finalResumeStep: 8, reasonCode: step_8_save_not_acknowledged, resumeStep: 8, validThroughStep: 7, reason: durableCompletionNotRecorded, diagnosticCode: step_8_save_not_acknowledged}
[Reconstruction] event=classified operationId=2 attempt=1 totalElapsedMs=4
00:22 +575: /Users/avayroy/Optivus/test/features/onboarding/onboarding_step4_step5_ux_closure_test.dart: ... Contract Step 5: Setup stage (Yes path) renders upload card, hides timeline & primary CTA 00:22 +575: /Users/avayroy/Optivus/test/onboarding_restore_test.dart: real fresh-session durable restore pipeline Step 5 skip survives zero_cache and routes Step 6                                    
[Reconstruction] event=operation_started operationId=1
[Reconstruction] event=attempt_started operationId=1 attempt=1
[Reconstruction] started uid=ste…ser
[Reconstruction] classified uid=ste…ser lifecycle=incomplete durationMs=1
[OnboardingRestore] {schemaVersion: 4, detectedTopology: current15, migrationAction: none, originalAcknowledgedCompletionBoundary: 5, durableValidatorResult: step_6_save_not_acknowledged, uploadReconciliation: valid, affectedStep: 6, finalResumeStep: 6, reasonCode: step_6_save_not_acknowledged, resumeStep: 6, validThroughStep: 5, reason: durableCompletionNotRecorded, diagnosticCode: step_6_save_not_acknowledged}
[Reconstruction] event=classified operationId=1 attempt=1 totalElapsedMs=6
00:22 +576: /Users/avayroy/Optivus/test/features/onboarding/onboarding_step4_step5_ux_closure_test.dart: ... Contract Step 5: Setup stage (Yes path) renders upload card, hides timeline & primary CTA 00:22 +576: /Users/avayroy/Optivus/test/onboarding_restore_test.dart: real fresh-session durable restore pipeline Step 7 skip survives zero_cache and routes Step 8                                    
[Reconstruction] event=operation_started operationId=1
[Reconstruction] event=attempt_started operationId=1 attempt=1
[Reconstruction] started uid=ste…ser
[Reconstruction] classified uid=ste…ser lifecycle=incomplete durationMs=1
[OnboardingRestore] {schemaVersion: 4, detectedTopology: current15, migrationAction: none, originalAcknowledgedCompletionBoundary: 7, durableValidatorResult: step_8_save_not_acknowledged, uploadReconciliation: valid, affectedStep: 8, finalResumeStep: 8, reasonCode: step_8_save_not_acknowledged, resumeStep: 8, validThroughStep: 7, reason: durableCompletionNotRecorded, diagnosticCode: step_8_save_not_acknowledged}
[Reconstruction] event=classified operationId=1 attempt=1 totalElapsedMs=9
00:22 +577: /Users/avayroy/Optivus/test/features/onboarding/onboarding_step4_step5_ux_closure_test.dart: ... Contract Step 5: Setup stage (Yes path) renders upload card, hides timeline & primary CTA 00:22 +577: /Users/avayroy/Optivus/test/onboarding_restore_test.dart: real fresh-session durable restore pipeline generated weekly Step 5 restores to Step 6                                           
[Reconstruction] event=operation_started operationId=1
[Reconstruction] event=attempt_started operationId=1 attempt=1
[Reconstruction] started uid=gen…ser
[Reconstruction] classified uid=gen…ser lifecycle=incomplete durationMs=6
[OnboardingRestore] {schemaVersion: 4, detectedTopology: current15, migrationAction: none, originalAcknowledgedCompletionBoundary: 5, durableValidatorResult: step_6_save_not_acknowledged, uploadReconciliation: valid, affectedStep: 6, finalResumeStep: 6, reasonCode: step_6_save_not_acknowledged, resumeStep: 6, validThroughStep: 5, reason: durableCompletionNotRecorded, diagnosticCode: step_6_save_not_acknowledged}
[Reconstruction] event=classified operationId=1 attempt=1 totalElapsedMs=16
00:22 +578: /Users/avayroy/Optivus/test/features/onboarding/onboarding_step4_step5_ux_closure_test.dart: ... Contract Step 5: Setup stage (Yes path) renders upload card, hides timeline & primary CTA 00:22 +579: /Users/avayroy/Optivus/test/onboarding_restore_test.dart: real fresh-session durable restore pipeline uploaded existing-routine Step 5 restores exact source to Step 6                     00:22 +579: /Users/avayroy/Optivus/test/onboarding_restore_test.dart: real fresh-session durable restore pipeline uploaded existing-routine Step 5 restores exact source to Step 6                     
[Reconstruction] event=operation_started operationId=1
[Reconstruction] event=attempt_started operationId=1 attempt=1
[Reconstruction] started uid=imp…ser
[Reconstruction] classified uid=imp…ser lifecycle=incomplete durationMs=6
[OnboardingRestore] {schemaVersion: 4, detectedTopology: current15, migrationAction: none, originalAcknowledgedCompletionBoundary: 5, durableValidatorResult: step_6_save_not_acknowledged, uploadReconciliation: valid, affectedStep: 6, finalResumeStep: 6, reasonCode: step_6_save_not_acknowledged, resumeStep: 6, validThroughStep: 5, reason: durableCompletionNotRecorded, diagnosticCode: step_6_save_not_acknowledged}
[Reconstruction] event=classified operationId=1 attempt=1 totalElapsedMs=11
00:22 +580: /Users/avayroy/Optivus/test/features/onboarding/onboarding_step4_step5_ux_closure_test.dart: ... Review mode renders FullScreenTimelineScaffold without double padding, reveals Primary CTA00:22 +580: /Users/avayroy/Optivus/test/onboarding_restore_test.dart: real fresh-session durable restore pipeline has-products Step 7 receipt restores to Step 8                                       
[Reconstruction] event=operation_started operationId=1
[Reconstruction] event=attempt_started operationId=1 attempt=1
[Reconstruction] started uid=ski…ser
[Reconstruction] classified uid=ski…ser lifecycle=incomplete durationMs=3
[OnboardingRestore] {schemaVersion: 4, detectedTopology: current15, migrationAction: none, originalAcknowledgedCompletionBoundary: 7, durableValidatorResult: step_8_save_not_acknowledged, uploadReconciliation: valid, affectedStep: 8, finalResumeStep: 8, reasonCode: step_8_save_not_acknowledged, resumeStep: 8, validThroughStep: 7, reason: durableCompletionNotRecorded, diagnosticCode: step_8_save_not_acknowledged}
[Reconstruction] event=classified operationId=1 attempt=1 totalElapsedMs=8
00:22 +581: /Users/avayroy/Optivus/test/features/onboarding/onboarding_step4_step5_ux_closure_test.dart: ... Review mode renders FullScreenTimelineScaffold without double padding, reveals Primary CTA00:22 +581: /Users/avayroy/Optivus/test/onboarding_restore_test.dart: real fresh-session durable restore pipeline build-for-me Step 7 receipt restores exact face source to Step 8                     
[Reconstruction] event=operation_started operationId=1
[Reconstruction] event=attempt_started operationId=1 attempt=1
[Reconstruction] started uid=ski…ser
[Reconstruction] classified uid=ski…ser lifecycle=incomplete durationMs=1
[OnboardingRestore] {schemaVersion: 4, detectedTopology: current15, migrationAction: none, originalAcknowledgedCompletionBoundary: 7, durableValidatorResult: step_8_save_not_acknowledged, uploadReconciliation: valid, affectedStep: 8, finalResumeStep: 8, reasonCode: step_8_save_not_acknowledged, resumeStep: 8, validThroughStep: 7, reason: durableCompletionNotRecorded, diagnosticCode: step_8_save_not_acknowledged}
[Reconstruction] event=classified operationId=1 attempt=1 totalElapsedMs=5
00:22 +582: /Users/avayroy/Optivus/test/features/onboarding/onboarding_step4_step5_ux_closure_test.dart: ... Review mode renders FullScreenTimelineScaffold without double padding, reveals Primary CTA00:22 +582: /Users/avayroy/Optivus/test/onboarding_restore_test.dart: real fresh-session durable restore pipeline completed onboarding in totally fresh local state routes Home                        
[Reconstruction] event=operation_started operationId=1
[Reconstruction] event=attempt_started operationId=1 attempt=1
[Reconstruction] started uid=fre…ser
[Reconstruction] classified uid=fre…ser lifecycle=completed durationMs=4
[OnboardingRestore] {schemaVersion: 4, detectedTopology: current15, migrationAction: none, originalAcknowledgedCompletionBoundary: 14, durableValidatorResult: verified_completion_bundle, uploadReconciliation: valid, finalResumeStep: home, reasonCode: completed_onboarding}
[Reconstruction] event=classified operationId=1 attempt=1 totalElapsedMs=10
00:22 +583: /Users/avayroy/Optivus/test/features/onboarding/onboarding_step4_step5_ux_closure_test.dart: ... Review mode renders FullScreenTimelineScaffold without double padding, reveals Primary CTA00:22 +583: /Users/avayroy/Optivus/test/onboarding_restore_test.dart: real fresh-session durable restore pipeline exact Step 5 source older than 150 uploads remains authoritative                     
[Reconstruction] event=operation_started operationId=1
[Reconstruction] event=attempt_started operationId=1 attempt=1
[Reconstruction] started uid=old…ser
[Reconstruction] classified uid=old…ser lifecycle=incomplete durationMs=4
[OnboardingRestore] {schemaVersion: 4, detectedTopology: current15, migrationAction: none, originalAcknowledgedCompletionBoundary: 5, durableValidatorResult: step_6_save_not_acknowledged, uploadReconciliation: valid, affectedStep: 6, finalResumeStep: 6, reasonCode: step_6_save_not_acknowledged, resumeStep: 6, validThroughStep: 5, reason: durableCompletionNotRecorded, diagnosticCode: step_6_save_not_acknowledged}
[Reconstruction] event=classified operationId=1 attempt=1 totalElapsedMs=13
00:22 +584: /Users/avayroy/Optivus/test/features/onboarding/onboarding_step4_step5_ux_closure_test.dart: ... Review mode renders FullScreenTimelineScaffold without double padding, reveals Primary CTA00:22 +584: /Users/avayroy/Optivus/test/onboarding_restore_test.dart: real fresh-session durable restore pipeline deleted exact A with newer B reopens Step 5 without adopting B                       
[Reconstruction] event=operation_started operationId=1
[Reconstruction] event=attempt_started operationId=1 attempt=1
[Reconstruction] started uid=del…ser
[Reconstruction] classified uid=del…ser lifecycle=incomplete durationMs=0
[OnboardingRestore] {schemaVersion: 4, detectedTopology: current15, migrationAction: none, originalAcknowledgedCompletionBoundary: 5, durableValidatorResult: step_5_save_not_acknowledged, uploadReconciliation: affected, uploadReasonCodes: [step5_eating_source_stale], affectedStep: 5, finalResumeStep: 5, reasonCode: step_5_save_not_acknowledged, resumeStep: 5, validThroughStep: 4, reason: durableCompletionNotRecorded, diagnosticCode: step_5_save_not_acknowledged}
[Reconstruction] event=classified operationId=1 attempt=1 totalElapsedMs=5
00:22 +585: /Users/avayroy/Optivus/test/features/onboarding/onboarding_step4_step5_ux_closure_test.dart: ... Review mode renders FullScreenTimelineScaffold without double padding, reveals Primary CTA00:22 +585: /Users/avayroy/Optivus/test/onboarding_restore_test.dart: real fresh-session durable restore pipeline explicit persisted replacement A to B makes B authoritative                          
[Reconstruction] event=operation_started operationId=1
[Reconstruction] event=attempt_started operationId=1 attempt=1
[Reconstruction] started uid=exp…ser
[Reconstruction] classified uid=exp…ser lifecycle=incomplete durationMs=1
[OnboardingRestore] {schemaVersion: 4, detectedTopology: current15, migrationAction: none, originalAcknowledgedCompletionBoundary: 5, durableValidatorResult: step_6_save_not_acknowledged, uploadReconciliation: valid, affectedStep: 6, finalResumeStep: 6, reasonCode: step_6_save_not_acknowledged, resumeStep: 6, validThroughStep: 5, reason: durableCompletionNotRecorded, diagnosticCode: step_6_save_not_acknowledged}
[Reconstruction] event=classified operationId=1 attempt=1 totalElapsedMs=5
00:22 +586: /Users/avayroy/Optivus/test/features/onboarding/onboarding_step4_step5_ux_closure_test.dart: ... Review mode renders FullScreenTimelineScaffold without double padding, reveals Primary CTA00:22 +586: /Users/avayroy/Optivus/test/onboarding_restore_test.dart: real fresh-session durable restore pipeline temporary upload backend failure reconnects without demotion                         
[Reconstruction] event=operation_started operationId=1
[Reconstruction] event=attempt_started operationId=1 attempt=1
[Reconstruction] started uid=upl…ser
[Reconstruction] classified uid=upl…ser lifecycle=incomplete durationMs=0
[Reconstruction] event=classified operationId=1 attempt=1 totalElapsedMs=3
00:22 +587: /Users/avayroy/Optivus/test/features/onboarding/onboarding_step4_step5_ux_closure_test.dart: ... Review mode renders FullScreenTimelineScaffold without double padding, reveals Primary CTA00:22 +587: /Users/avayroy/Optivus/test/onboarding_restore_test.dart: real fresh-session durable restore pipeline wrong-owner exact asset enters typed integrity recovery                              
[Reconstruction] event=operation_started operationId=1
[Reconstruction] event=attempt_started operationId=1 attempt=1
[Reconstruction] started uid=ass…ser
[Reconstruction] classified uid=ass…ser lifecycle=incomplete durationMs=0
[OnboardingRestore] {schemaVersion: 4, detectedTopology: current15, migrationAction: none, originalAcknowledgedCompletionBoundary: 5, durableValidatorResult: step_6_save_not_acknowledged, uploadReconciliation: integrity_failure, uploadReasonCodes: [step5_eating_source_owner_mismatch], affectedStep: 6, finalResumeStep: 6, reasonCode: step_6_save_not_acknowledged, resumeStep: 6, validThroughStep: 5, reason: durableCompletionNotRecorded, diagnosticCode: step_6_save_not_acknowledged, code: step5_eating_source_owner_mismatch}
[Reconstruction] event=classified operationId=1 attempt=1 totalElapsedMs=7
00:22 +588: /Users/avayroy/Optivus/test/features/onboarding/onboarding_step4_step5_ux_closure_test.dart: ... Review mode renders FullScreenTimelineScaffold without double padding, reveals Primary CTA00:22 +588: /Users/avayroy/Optivus/test/onboarding_restore_test.dart: real fresh-session durable restore pipeline wrong exact R2 key enters typed integrity recovery                                   
[Reconstruction] event=operation_started operationId=1
[Reconstruction] event=attempt_started operationId=1 attempt=1
[Reconstruction] started uid=ass…ser
[Reconstruction] classified uid=ass…ser lifecycle=incomplete durationMs=0
[OnboardingRestore] {schemaVersion: 4, detectedTopology: current15, migrationAction: none, originalAcknowledgedCompletionBoundary: 5, durableValidatorResult: step_5_eating_provenance_mismatch, uploadReconciliation: integrity_failure, uploadReasonCodes: [step5_eating_source_r2_key_mismatch], affectedStep: 5, finalResumeStep: 5, reasonCode: step_5_eating_provenance_mismatch, resumeStep: 5, validThroughStep: 4, reason: durableStepInvalid, diagnosticCode: step_5_eating_provenance_mismatch, code: step5_eating_source_r2_key_mismatch}
[Reconstruction] event=classified operationId=1 attempt=1 totalElapsedMs=2
00:22 +589: /Users/avayroy/Optivus/test/features/onboarding/onboarding_step4_step5_ux_closure_test.dart: ... Review mode renders FullScreenTimelineScaffold without double padding, reveals Primary CTA00:22 +589: /Users/avayroy/Optivus/test/onboarding_restore_test.dart: real fresh-session durable restore pipeline wrong exact purpose enters typed integrity recovery                                  
[Reconstruction] event=operation_started operationId=1
[Reconstruction] event=attempt_started operationId=1 attempt=1
[Reconstruction] started uid=ass…ser
[Reconstruction] classified uid=ass…ser lifecycle=incomplete durationMs=1
[OnboardingRestore] {schemaVersion: 4, detectedTopology: current15, migrationAction: none, originalAcknowledgedCompletionBoundary: 5, durableValidatorResult: step_6_save_not_acknowledged, uploadReconciliation: integrity_failure, uploadReasonCodes: [step5_eating_source_purpose_mismatch], affectedStep: 6, finalResumeStep: 6, reasonCode: step_6_save_not_acknowledged, resumeStep: 6, validThroughStep: 5, reason: durableCompletionNotRecorded, diagnosticCode: step_6_save_not_acknowledged, code: step5_eating_source_purpose_mismatch}
[Reconstruction] event=classified operationId=1 attempt=1 totalElapsedMs=4
00:22 +590: /Users/avayroy/Optivus/test/features/onboarding/onboarding_step4_step5_ux_closure_test.dart: ... Review mode renders FullScreenTimelineScaffold without double padding, reveals Primary CTA00:22 +590: /Users/avayroy/Optivus/test/onboarding_restore_test.dart: real fresh-session durable restore pipeline missing and unsupported completion receipts expose typed reasons                     
[Reconstruction] event=operation_started operationId=1
[Reconstruction] event=attempt_started operationId=1 attempt=1
[Reconstruction] started uid=rec…ser
[Reconstruction] classified uid=rec…ser lifecycle=incomplete durationMs=0
[OnboardingRestore] {schemaVersion: 4, detectedTopology: current15, migrationAction: none, originalAcknowledgedCompletionBoundary: 0, durableValidatorResult: step_0_completion_contract_migration_required, uploadReconciliation: valid, affectedStep: 0, finalResumeStep: 0, reasonCode: step_0_completion_contract_migration_required, resumeStep: 0, validThroughStep: -1, reason: durableContractMigrationRequired, diagnosticCode: step_0_completion_contract_migration_required}
[Reconstruction] event=classified operationId=1 attempt=1 totalElapsedMs=5
[Reconstruction] event=operation_started operationId=1
[Reconstruction] event=attempt_started operationId=1 attempt=1
[Reconstruction] started uid=rec…ser
00:22 +591: /Users/avayroy/Optivus/test/onboarding_restore_test.dart: real fresh-session durable restore pipeline missing and unsupported completion receipts expose typed reasons                     00:22 +591: /Users/avayroy/Optivus/test/onboarding_restore_test.dart: real fresh-session durable restore pipeline missing and unsupported completion receipts expose typed reasons                     
[Reconstruction] classified uid=rec…ser lifecycle=incomplete durationMs=0
[OnboardingRestore] {schemaVersion: 4, detectedTopology: current15, migrationAction: none, originalAcknowledgedCompletionBoundary: 0, durableValidatorResult: step_0_completion_contract_unsupported, uploadReconciliation: valid, affectedStep: 0, finalResumeStep: 0, reasonCode: step_0_completion_contract_unsupported, resumeStep: 0, validThroughStep: -1, reason: durableStepInvalid, diagnosticCode: step_0_completion_contract_unsupported}
[Reconstruction] event=classified operationId=1 attempt=1 totalElapsedMs=2
00:22 +592: /Users/avayroy/Optivus/test/features/onboarding/onboarding_step4_step5_ux_closure_test.dart: ... 5 UX Closure Contract Step 5: Internal Back pops review (2) -> setup (1) -> choice (0)    00:22 +592: /Users/avayroy/Optivus/test/onboarding_restore_test.dart: real fresh-session durable restore pipeline account A logout to account B leaks no onboarding state                              
[Reconstruction] event=operation_started operationId=1
[Reconstruction] event=attempt_started operationId=1 attempt=1
[Reconstruction] started uid=acc…t-A
[Reconstruction] classified uid=acc…t-A lifecycle=incomplete durationMs=1
[OnboardingRestore] {schemaVersion: 4, detectedTopology: current15, migrationAction: none, originalAcknowledgedCompletionBoundary: 5, durableValidatorResult: step_6_save_not_acknowledged, uploadReconciliation: valid, affectedStep: 6, finalResumeStep: 6, reasonCode: step_6_save_not_acknowledged, resumeStep: 6, validThroughStep: 5, reason: durableCompletionNotRecorded, diagnosticCode: step_6_save_not_acknowledged}
[Reconstruction] event=classified operationId=1 attempt=1 totalElapsedMs=4
[Reconstruction] event=operation_started operationId=2
[Reconstruction] event=attempt_started operationId=2 attempt=1
[Reconstruction] started uid=acc…t-B
[Reconstruction] classified uid=acc…t-B lifecycle=incomplete durationMs=0
[OnboardingRestore] {schemaVersion: 4, detectedTopology: current15, migrationAction: none, originalAcknowledgedCompletionBoundary: 7, durableValidatorResult: step_8_save_not_acknowledged, uploadReconciliation: valid, affectedStep: 8, finalResumeStep: 8, reasonCode: step_8_save_not_acknowledged, resumeStep: 8, validThroughStep: 7, reason: durableCompletionNotRecorded, diagnosticCode: step_8_save_not_acknowledged}
[Reconstruction] event=classified operationId=2 attempt=1 totalElapsedMs=2
00:22 +593: /Users/avayroy/Optivus/test/features/onboarding/onboarding_step4_step5_ux_closure_test.dart: ... 5 UX Closure Contract Step 5: Internal Back pops review (2) -> setup (1) -> choice (0)    00:22 +594: /Users/avayroy/Optivus/test/features/onboarding/onboarding_step4_step5_ux_closure_test.dart: ... 5 UX Closure Contract Step 5: Internal Back pops review (2) -> setup (1) -> choice (0)    00:22 +595: /Users/avayroy/Optivus/test/features/onboarding/onboarding_step4_step5_ux_closure_test.dart: ... 5 UX Closure Contract Step 5: Internal Back pops review (2) -> setup (1) -> choice (0)    00:22 +596: /Users/avayroy/Optivus/test/features/onboarding/onboarding_step4_step5_ux_closure_test.dart: ... 5 UX Closure Contract Step 5: Internal Back pops review (2) -> setup (1) -> choice (0)    00:22 +597: /Users/avayroy/Optivus/test/features/onboarding/onboarding_step4_step5_ux_closure_test.dart: ... 5 UX Closure Contract Step 5: Internal Back pops review (2) -> setup (1) -> choice (0)    00:22 +597: /Users/avayroy/Optivus/test/gate5_auth_session_isolation_test.dart: A to B clears the six-area matrix before first B publication                                                           
[Reconstruction] event=operation_started operationId=1
[Reconstruction] event=attempt_started operationId=1 attempt=1
00:22 +598: /Users/avayroy/Optivus/test/features/onboarding/onboarding_step4_step5_ux_closure_test.dart: ... 5 UX Closure Contract Step 5: Internal Back pops review (2) -> setup (1) -> choice (0)    00:22 +599: /Users/avayroy/Optivus/test/features/onboarding/onboarding_step4_step5_ux_closure_test.dart: ... 5 UX Closure Contract Step 5: Internal Back pops review (2) -> setup (1) -> choice (0)    00:22 +600: /Users/avayroy/Optivus/test/features/onboarding/onboarding_step4_step5_ux_closure_test.dart: ... 5 UX Closure Contract Step 5: Internal Back pops review (2) -> setup (1) -> choice (0)    00:22 +600: /Users/avayroy/Optivus/test/onboarding_eating_weekly_plan_test.dart: Gate 2 - Candidate Mapping Matrix (21, 28, 35 blocks) rejection on missing day-slot coverage for generated source     
[Onboarding5] Refusing invalid generated meal identities.
00:22 +601: /Users/avayroy/Optivus/test/features/onboarding/onboarding_step4_step5_ux_closure_test.dart: ... 5 UX Closure Contract Step 5: Internal Back pops review (2) -> setup (1) -> choice (0)    00:22 +602: /Users/avayroy/Optivus/test/features/onboarding/onboarding_step4_step5_ux_closure_test.dart: ... 5 UX Closure Contract Step 5: Internal Back pops review (2) -> setup (1) -> choice (0)    00:22 +603: /Users/avayroy/Optivus/test/features/onboarding/onboarding_step4_step5_ux_closure_test.dart: ... 5 UX Closure Contract Step 5: Internal Back pops review (2) -> setup (1) -> choice (0)    00:22 +604: /Users/avayroy/Optivus/test/features/onboarding/onboarding_step4_step5_ux_closure_test.dart: ... 5 UX Closure Contract Step 5: Internal Back pops review (2) -> setup (1) -> choice (0)    00:22 +605: /Users/avayroy/Optivus/test/features/onboarding/onboarding_step4_step5_ux_closure_test.dart: ... 5 UX Closure Contract Step 5: Internal Back pops review (2) -> setup (1) -> choice (0)    00:22 +606: /Users/avayroy/Optivus/test/gate5_auth_session_isolation_test.dart: A to B clears the six-area matrix before first B publication                                                           00:22 +607: /Users/avayroy/Optivus/test/gate5_auth_session_isolation_test.dart: A to B clears the six-area matrix before first B publication                                                           00:22 +608: /Users/avayroy/Optivus/test/gate5_auth_session_isolation_test.dart: A to B clears the six-area matrix before first B publication                                                           00:22 +609: /Users/avayroy/Optivus/test/gate5_auth_session_isolation_test.dart: A to B clears the six-area matrix before first B publication                                                           00:22 +610: /Users/avayroy/Optivus/test/gate5_auth_session_isolation_test.dart: A to B clears the six-area matrix before first B publication                                                           00:22 +611: /Users/avayroy/Optivus/test/gate5_auth_session_isolation_test.dart: A to B clears the six-area matrix before first B publication                                                           00:22 +612: /Users/avayroy/Optivus/test/gate5_auth_session_isolation_test.dart: A to B clears the six-area matrix before first B publication                                                           00:22 +613: /Users/avayroy/Optivus/test/gate5_auth_session_isolation_test.dart: A to B clears the six-area matrix before first B publication                                                           00:22 +614: /Users/avayroy/Optivus/test/gate5_auth_session_isolation_test.dart: A to B clears the six-area matrix before first B publication                                                           00:22 +614: /Users/avayroy/Optivus/test/gate5_auth_session_isolation_test.dart: A to B clears the six-area matrix before first B publication                                                           
[DeviceCountryService] Detection failed safely (MissingPluginException).
00:23 +615: /Users/avayroy/Optivus/test/gate5_auth_session_isolation_test.dart: A to B clears the six-area matrix before first B publication                                                           00:23 +616: /Users/avayroy/Optivus/test/gate5_auth_session_isolation_test.dart: A to B clears the six-area matrix before first B publication                                                           00:23 +616: /Users/avayroy/Optivus/test/gate5_auth_session_isolation_test.dart: A to B clears the six-area matrix before first B publication                                                           
[Reconstruction] event=classified operationId=1 attempt=1 totalElapsedMs=119
[Reconstruction] event=operation_started operationId=2
[Reconstruction] event=attempt_started operationId=2 attempt=1
00:23 +617: /Users/avayroy/Optivus/test/gate5_auth_session_isolation_test.dart: A to B clears the six-area matrix before first B publication                                                           00:23 +617: /Users/avayroy/Optivus/test/gate5_auth_session_isolation_test.dart: A to B clears the six-area matrix before first B publication                                                           
[DeviceCountryService] Detection failed safely (MissingPluginException).
[Reconstruction] event=classified operationId=2 attempt=1 totalElapsedMs=7
00:23 +618: /Users/avayroy/Optivus/test/features/onboarding/onboarding_step4_step5_ux_closure_test.dart: ... 5: "View current meal routine" button returns from setup to review without regenerating   00:23 +618: /Users/avayroy/Optivus/test/gate5_auth_session_isolation_test.dart: reset coordinator is the synchronous privacy boundary                                                                  
[Reconstruction] event=operation_started operationId=1
[Reconstruction] event=attempt_started operationId=1 attempt=1
[DeviceCountryService] Detection failed safely (MissingPluginException).
[Reconstruction] event=classified operationId=1 attempt=1 totalElapsedMs=11
00:23 +619: /Users/avayroy/Optivus/test/features/onboarding/onboarding_step4_step5_ux_closure_test.dart: ... 5: "View current meal routine" button returns from setup to review without regenerating   00:23 +619: /Users/avayroy/Optivus/test/gate5_auth_session_isolation_test.dart: successful sign out clears the complete matrix                                                                         
[Reconstruction] event=operation_started operationId=1
[Reconstruction] event=attempt_started operationId=1 attempt=1
[DeviceCountryService] Detection failed safely (MissingPluginException).
[Reconstruction] event=classified operationId=1 attempt=1 totalElapsedMs=8
00:23 +620: /Users/avayroy/Optivus/test/features/onboarding/onboarding_step4_step5_ux_closure_test.dart: ... 5: "View current meal routine" button returns from setup to review without regenerating   00:23 +621: /Users/avayroy/Optivus/test/features/onboarding/onboarding_step4_step5_ux_closure_test.dart: ... 5: "View current meal routine" button returns from setup to review without regenerating   00:23 +622: /Users/avayroy/Optivus/test/features/onboarding/onboarding_step4_step5_ux_closure_test.dart: ... 5: "View current meal routine" button returns from setup to review without regenerating   00:23 +623: /Users/avayroy/Optivus/test/features/onboarding/onboarding_step4_step5_ux_closure_test.dart: ... 5: "View current meal routine" button returns from setup to review without regenerating   00:23 +624: /Users/avayroy/Optivus/test/features/onboarding/onboarding_step4_step5_ux_closure_test.dart: ... 5: "View current meal routine" button returns from setup to review without regenerating   00:23 +625: /Users/avayroy/Optivus/test/features/onboarding/onboarding_step4_step5_ux_closure_test.dart: ... 5: "View current meal routine" button returns from setup to review without regenerating   00:23 +626: /Users/avayroy/Optivus/test/features/onboarding/onboarding_step4_step5_ux_closure_test.dart: ... 5: "View current meal routine" button returns from setup to review without regenerating   00:23 +627: /Users/avayroy/Optivus/test/features/onboarding/onboarding_step4_step5_ux_closure_test.dart: ... 5: "View current meal routine" button returns from setup to review without regenerating   00:23 +628: /Users/avayroy/Optivus/test/features/onboarding/onboarding_step4_step5_ux_closure_test.dart: ... 5: "View current meal routine" button returns from setup to review without regenerating   00:23 +629: /Users/avayroy/Optivus/test/features/onboarding/onboarding_step4_step5_ux_closure_test.dart: ... 5: "View current meal routine" button returns from setup to review without regenerating   00:23 +630: /Users/avayroy/Optivus/test/features/onboarding/onboarding_step4_step5_ux_closure_test.dart: ... 5: "View current meal routine" button returns from setup to review without regenerating   00:23 +631: /Users/avayroy/Optivus/test/features/onboarding/onboarding_step4_step5_ux_closure_test.dart: ... 5: "View current meal routine" button returns from setup to review without regenerating   00:23 +632: /Users/avayroy/Optivus/test/features/onboarding/onboarding_step4_step5_ux_closure_test.dart: ... 5: "View current meal routine" button returns from setup to review without regenerating   00:23 +633: /Users/avayroy/Optivus/test/features/onboarding/onboarding_step4_step5_ux_closure_test.dart: ... 5: "View current meal routine" button returns from setup to review without regenerating   00:23 +634: /Users/avayroy/Optivus/test/features/onboarding/onboarding_step4_step5_ux_closure_test.dart: ... 5: "View current meal routine" button returns from setup to review without regenerating   00:23 +635: /Users/avayroy/Optivus/test/features/onboarding/onboarding_step4_step5_ux_closure_test.dart: ... 5: "View current meal routine" button returns from setup to review without regenerating   00:23 +636: /Users/avayroy/Optivus/test/features/onboarding/onboarding_step4_step5_ux_closure_test.dart: ... 5: "View current meal routine" button returns from setup to review without regenerating   00:23 +637: /Users/avayroy/Optivus/test/gate5_auth_session_isolation_test.dart: successful sign out clears the complete matrix                                                                         00:23 +637: /Users/avayroy/Optivus/test/features/onboarding/onboarding_step4_step5_ux_closure_test.dart: Onboarding Step 4 & Step 5 UX Closure Contract Step 5: old same-photo operation cannot mutate after Back or interfere with a new operation
[Onboarding5] AI mode: WORKER
[Onboarding5] START source=eating purpose=eatingMenu assetIdPresent=true r2KeyPresent=true contentTypePresent=true
[Onboarding5] AI mode: WORKER
[Onboarding5] START source=eating purpose=eatingMenu assetIdPresent=true r2KeyPresent=true contentTypePresent=true
[Onboarding5] RESULT source=eating resultNull=false controllerStatus=extracted warningCount=0
[Onboarding5] RAW source=eating rawCandidates=1
[Onboarding5] MAPPED source=eating mappedBlocks=1 droppedNoTitle=0 droppedInvalidTime=0 droppedNoMealTime=0
00:23 +638: /Users/avayroy/Optivus/test/gate5_auth_session_isolation_test.dart: successful sign out clears the complete matrix                                                                         00:23 +639: /Users/avayroy/Optivus/test/features/onboarding/onboarding_step4_step5_ux_closure_test.dart: ... Contract Cold-start / Restore safety: Step 4 restores into Review when blocks exist       00:23 +639: /Users/avayroy/Optivus/test/gate5_auth_session_isolation_test.dart: failed sign out preserves the complete A matrix                                                                        
[Reconstruction] event=operation_started operationId=1
[Reconstruction] event=attempt_started operationId=1 attempt=1
[DeviceCountryService] Detection failed safely (MissingPluginException).
[Reconstruction] event=classified operationId=1 attempt=1 totalElapsedMs=7
00:23 +639: /Users/avayroy/Optivus/test/features/onboarding/onboarding_step4_step5_ux_closure_test.dart: ... Contract Cold-start / Restore safety: Step 4 restores into Review when blocks exist       00:23 +640: /Users/avayroy/Optivus/test/gate5_auth_session_isolation_test.dart: failed sign out preserves the complete A matrix                                                                        00:23 +641: /Users/avayroy/Optivus/test/gate5_auth_session_isolation_test.dart: failed sign out preserves the complete A matrix                                                                        00:23 +642: /Users/avayroy/Optivus/test/gate5_auth_session_isolation_test.dart: failed sign out preserves the complete A matrix                                                                        00:23 +643: /Users/avayroy/Optivus/test/gate5_auth_session_isolation_test.dart: failed sign out preserves the complete A matrix                                                                        00:24 +644: /Users/avayroy/Optivus/test/gate5_auth_session_isolation_test.dart: failed sign out preserves the complete A matrix                                                                        00:24 +645: /Users/avayroy/Optivus/test/gate5_auth_session_isolation_test.dart: failed sign out preserves the complete A matrix                                                                        00:24 +646: /Users/avayroy/Optivus/test/onboarding_header_back_button_overlap_test.dart: OnboardingStageBackButton uses compact layout (icon only) to prevent overlap                                  00:24 +646: /Users/avayroy/Optivus/test/gate5_auth_session_isolation_test.dart: same-UID refresh preserves the complete A matrix                                                                       
[Reconstruction] event=operation_started operationId=1
[Reconstruction] event=attempt_started operationId=1 attempt=1
[DeviceCountryService] Detection failed safely (MissingPluginException).
[Reconstruction] event=classified operationId=1 attempt=1 totalElapsedMs=5
00:24 +647: /Users/avayroy/Optivus/test/onboarding_header_back_button_overlap_test.dart: OnboardingStageBackButton uses compact layout (icon only) to prevent overlap                                  00:24 +647: /Users/avayroy/Optivus/test/gate5_auth_session_isolation_test.dart: late Account A async completion does not mutate Account B                                                              
[Reconstruction] event=operation_started operationId=1
[Reconstruction] event=attempt_started operationId=1 attempt=1
[DeviceCountryService] Detection failed safely (MissingPluginException).
[Reconstruction] event=classified operationId=1 attempt=1 totalElapsedMs=8
[Reconstruction] event=operation_started operationId=2
[Reconstruction] event=attempt_started operationId=2 attempt=1
[DeviceCountryService] Detection failed safely (MissingPluginException).
[Reconstruction] event=classified operationId=2 attempt=1 totalElapsedMs=5
00:24 +648: /Users/avayroy/Optivus/test/onboarding_header_back_button_overlap_test.dart: OnboardingStageBackButton uses compact layout (icon only) to prevent overlap                                  00:24 +649: /Users/avayroy/Optivus/test/onboarding_header_back_button_overlap_test.dart: OnboardingStageBackButton uses compact layout (icon only) to prevent overlap                                  00:24 +650: /Users/avayroy/Optivus/test/onboarding_header_back_button_overlap_test.dart: OnboardingStageBackButton uses compact layout (icon only) to prevent overlap                                  00:24 +651: /Users/avayroy/Optivus/test/onboarding_header_back_button_overlap_test.dart: OnboardingStageBackButton uses compact layout (icon only) to prevent overlap                                  00:24 +652: /Users/avayroy/Optivus/test/onboarding_header_back_button_overlap_test.dart: OnboardingStageBackButton uses compact layout (icon only) to prevent overlap                                  00:24 +653: /Users/avayroy/Optivus/test/workstream_d_auth_async_isolation_test.dart: ... Isolation RoutineImportAiController ignores stale AI results if user signs out or switches accounts mid-flight00:24 +653: /Users/avayroy/Optivus/test/workstream_d_auth_async_isolation_test.dart: Workstream D - Authentication & Async Isolation RoutineImportAiController ignores stale AI results if user signs out or switches accounts mid-flight
[Reconstruction] event=operation_started operationId=1
[Reconstruction] event=attempt_started operationId=1 attempt=1
00:24 +654: /Users/avayroy/Optivus/test/workstream_d_auth_async_isolation_test.dart: ... Isolation RoutineImportAiController ignores stale AI results if user signs out or switches accounts mid-flight00:24 +654: /Users/avayroy/Optivus/test/workstream_d_auth_async_isolation_test.dart: Workstream D - Authentication & Async Isolation RoutineImportAiController ignores stale AI results if user signs out or switches accounts mid-flight
[DeviceCountryService] Detection failed safely (FlutterError).
00:24 +655: /Users/avayroy/Optivus/test/features/onboarding/onboarding_step4_step5_ux_closure_test.dart: ... Closure Contract Step 4: Work-only role review mode reveals Primary CTA with work blocks  00:24 +656: /Users/avayroy/Optivus/test/features/onboarding/onboarding_step4_step5_ux_closure_test.dart: ... Closure Contract Step 4: Work-only role review mode reveals Primary CTA with work blocks  00:24 +657: /Users/avayroy/Optivus/test/features/onboarding/onboarding_step4_step5_ux_closure_test.dart: ... Closure Contract Step 4: Work-only role review mode reveals Primary CTA with work blocks  00:24 +657: /Users/avayroy/Optivus/test/features/onboarding/onboarding_step4_step5_ux_closure_test.dart: ... AI generation reveals top-left back, hides Primary CTA, and Back returns to setup stage 1 00:24 +657: /Users/avayroy/Optivus/test/features/onboarding/onboarding_step4_step5_ux_closure_test.dart: Onboarding Step 4 & Step 5 UX Closure Contract Step 5: Create path during AI generation reveals top-left back, hides Primary CTA, and Back returns to setup stage 1
[Onboarding5] GENERATE source=create hasBodyBasics=true
00:24 +658: /Users/avayroy/Optivus/test/features/onboarding/onboarding_step4_step5_ux_closure_test.dart: ... AI generation reveals top-left back, hides Primary CTA, and Back returns to setup stage 1 00:24 +658: /Users/avayroy/Optivus/test/features/onboarding/onboarding_step4_step5_ux_closure_test.dart: ... AI extraction reveals top-left back, hides Primary CTA, and Back returns to setup stage 1 00:24 +659: /Users/avayroy/Optivus/test/features/onboarding/onboarding_step4_step5_ux_closure_test.dart: ... AI extraction reveals top-left back, hides Primary CTA, and Back returns to setup stage 1 00:24 +659: /Users/avayroy/Optivus/test/features/onboarding/onboarding_step4_step5_ux_closure_test.dart: ... Step 4: AI extraction reveals top-left back, hides Primary CTA, and Back returns to setup 00:24 +660: /Users/avayroy/Optivus/test/features/onboarding/onboarding_step4_step5_ux_closure_test.dart: ... Step 4: AI extraction reveals top-left back, hides Primary CTA, and Back returns to setup 00:24 +660: /Users/avayroy/Optivus/test/features/onboarding/onboarding_step4_step5_ux_closure_test.dart: ... Contract Step 4: AI error remains on review screen with Retry and Back returns to setup   00:24 +661: /Users/avayroy/Optivus/test/features/onboarding/onboarding_step4_step5_ux_closure_test.dart: ... Contract Step 4: AI error remains on review screen with Retry and Back returns to setup   00:24 +661: /Users/avayroy/Optivus/test/features/onboarding/onboarding_step4_step5_ux_closure_test.dart: ... Contract Step 5: AI error remains on stage 2 with Retry and Back returns to setup stage 1 00:24 +661: /Users/avayroy/Optivus/test/features/onboarding/onboarding_step4_step5_ux_closure_test.dart: Onboarding Step 4 & Step 5 UX Closure Contract Step 5: AI error remains on stage 2 with Retry and Back returns to setup stage 1
[Onboarding5] GENERATE source=create hasBodyBasics=true
[Onboarding5Regeneration] stage=client code=service_unavailable retainedPlan=false
00:24 +662: /Users/avayroy/Optivus/test/features/onboarding/onboarding_step4_step5_ux_closure_test.dart: ... Contract Step 5: AI error remains on stage 2 with Retry and Back returns to setup stage 1 00:25 +662: /Users/avayroy/Optivus/test/features/onboarding/onboarding_step4_step5_ux_closure_test.dart: ... Contract Step 5: AI error remains on stage 2 with Retry and Back returns to setup stage 1 00:25 +662: loading /Users/avayroy/Optivus/test/ah_f008_route_preservation_test.dart                                                                                                                   00:25 +662: /Users/avayroy/Optivus/test/ah_f008_route_preservation_test.dart: AH-F008 Router redirect pure logic A. cold unresolved auth still resolves to loading                                     00:25 +663: /Users/avayroy/Optivus/test/ah_f008_route_preservation_test.dart: AH-F008 Router redirect pure logic A. cold unresolved auth still resolves to loading                                     00:25 +663: /Users/avayroy/Optivus/test/ah_f008_route_preservation_test.dart: AH-F008 Router redirect pure logic B. signed out route allows unauthenticated users without loading                      00:25 +664: /Users/avayroy/Optivus/test/ah_f008_route_preservation_test.dart: AH-F008 Router redirect pure logic B. signed out route allows unauthenticated users without loading                      00:25 +664: /Users/avayroy/Optivus/test/ah_f008_route_preservation_test.dart: AH-F008 Router redirect pure logic S. authoritative recovery overrides an authenticated URI                              00:25 +665: /Users/avayroy/Optivus/test/ah_f008_route_preservation_test.dart: AH-F008 Router redirect pure logic S. authoritative recovery overrides an authenticated URI                              00:25 +665: /Users/avayroy/Optivus/test/ah_f008_route_preservation_test.dart: AH-F008 Router redirect pure logic reconnectRequired overrides an authenticated URI                                      00:25 +666: /Users/avayroy/Optivus/test/ah_f008_route_preservation_test.dart: AH-F008 Router redirect pure logic reconnectRequired overrides an authenticated URI                                      00:25 +666: /Users/avayroy/Optivus/test/ah_f008_route_preservation_test.dart: ... Preservation Widget Tests E, F, G, H, I, J, K: same-UID refresh preserves every supported tab (0..5) without loading 00:25 +667: /Users/avayroy/Optivus/test/ah_f008_route_preservation_test.dart: ... Preservation Widget Tests E, F, G, H, I, J, K: same-UID refresh preserves every supported tab (0..5) without loading 00:25 +668: /Users/avayroy/Optivus/test/ah_f008_route_preservation_test.dart: ... Preservation Widget Tests E, F, G, H, I, J, K: same-UID refresh preserves every supported tab (0..5) without loading 00:25 +669: /Users/avayroy/Optivus/test/ah_f008_route_preservation_test.dart: ... Preservation Widget Tests E, F, G, H, I, J, K: same-UID refresh preserves every supported tab (0..5) without loading 00:25 +670: /Users/avayroy/Optivus/test/ah_f008_route_preservation_test.dart: ... Preservation Widget Tests E, F, G, H, I, J, K: same-UID refresh preserves every supported tab (0..5) without loading 00:25 +671: /Users/avayroy/Optivus/test/ah_f008_route_preservation_test.dart: ... Preservation Widget Tests E, F, G, H, I, J, K: same-UID refresh preserves every supported tab (0..5) without loading 00:25 +672: /Users/avayroy/Optivus/test/ah_f008_route_preservation_test.dart: ... Preservation Widget Tests E, F, G, H, I, J, K: same-UID refresh preserves every supported tab (0..5) without loading 00:25 +673: /Users/avayroy/Optivus/test/ah_f008_route_preservation_test.dart: ... Preservation Widget Tests E, F, G, H, I, J, K: same-UID refresh preserves every supported tab (0..5) without loading 00:25 +674: /Users/avayroy/Optivus/test/ah_f008_route_preservation_test.dart: ... Preservation Widget Tests E, F, G, H, I, J, K: same-UID refresh preserves every supported tab (0..5) without loading 00:25 +675: /Users/avayroy/Optivus/test/ah_f008_route_preservation_test.dart: ... Preservation Widget Tests E, F, G, H, I, J, K: same-UID refresh preserves every supported tab (0..5) without loading 00:25 +676: /Users/avayroy/Optivus/test/ah_f008_route_preservation_test.dart: ... Preservation Widget Tests E, F, G, H, I, J, K: same-UID refresh preserves every supported tab (0..5) without loading 00:25 +677: /Users/avayroy/Optivus/test/ah_f008_route_preservation_test.dart: ... Preservation Widget Tests E, F, G, H, I, J, K: same-UID refresh preserves every supported tab (0..5) without loading 00:25 +677: /Users/avayroy/Optivus/test/onboarding_step4_ai_flow_test.dart: Onboarding Step 4 AI Loading UI shows AiThinkingCard during class timetable extraction                                     
[Onboarding4] aiMode=fake workerUrlConfigured=true
[Onboarding4] START source=classes purpose=classTimetable assetIdPresent=true r2KeyPresent=true contentTypePresent=true
00:26 +677: /Users/avayroy/Optivus/test/ah_f008_route_preservation_test.dart: ... Preservation Widget Tests E, F, G, H, I, J, K: same-UID refresh preserves every supported tab (0..5) without loading 00:26 +678: /Users/avayroy/Optivus/test/ah_f008_route_preservation_test.dart: ... Preservation Widget Tests E, F, G, H, I, J, K: same-UID refresh preserves every supported tab (0..5) without loading 00:26 +679: /Users/avayroy/Optivus/test/ah_f008_route_preservation_test.dart: ... Preservation Widget Tests E, F, G, H, I, J, K: same-UID refresh preserves every supported tab (0..5) without loading 00:26 +680: /Users/avayroy/Optivus/test/ah_f008_route_preservation_test.dart: ... Preservation Widget Tests E, F, G, H, I, J, K: same-UID refresh preserves every supported tab (0..5) without loading 00:26 +681: /Users/avayroy/Optivus/test/ah_f008_route_preservation_test.dart: ... Preservation Widget Tests E, F, G, H, I, J, K: same-UID refresh preserves every supported tab (0..5) without loading 00:26 +682: /Users/avayroy/Optivus/test/ah_f008_route_preservation_test.dart: ... Preservation Widget Tests E, F, G, H, I, J, K: same-UID refresh preserves every supported tab (0..5) without loading 00:26 +683: /Users/avayroy/Optivus/test/ah_f008_route_preservation_test.dart: ... Preservation Widget Tests E, F, G, H, I, J, K: same-UID refresh preserves every supported tab (0..5) without loading 00:26 +684: /Users/avayroy/Optivus/test/ah_f008_route_preservation_test.dart: ... Preservation Widget Tests E, F, G, H, I, J, K: same-UID refresh preserves every supported tab (0..5) without loading 00:26 +685: /Users/avayroy/Optivus/test/ah_f008_route_preservation_test.dart: ... Preservation Widget Tests E, F, G, H, I, J, K: same-UID refresh preserves every supported tab (0..5) without loading 00:26 +686: /Users/avayroy/Optivus/test/ah_f008_route_preservation_test.dart: ... Preservation Widget Tests E, F, G, H, I, J, K: same-UID refresh preserves every supported tab (0..5) without loading 00:26 +687: /Users/avayroy/Optivus/test/ah_f008_route_preservation_test.dart: ... Preservation Widget Tests E, F, G, H, I, J, K: same-UID refresh preserves every supported tab (0..5) without loading 00:26 +688: /Users/avayroy/Optivus/test/ah_f008_route_preservation_test.dart: ... Preservation Widget Tests E, F, G, H, I, J, K: same-UID refresh preserves every supported tab (0..5) without loading 00:26 +689: /Users/avayroy/Optivus/test/ah_f008_route_preservation_test.dart: ... Preservation Widget Tests E, F, G, H, I, J, K: same-UID refresh preserves every supported tab (0..5) without loading 00:26 +690: /Users/avayroy/Optivus/test/ah_f008_route_preservation_test.dart: ... Preservation Widget Tests E, F, G, H, I, J, K: same-UID refresh preserves every supported tab (0..5) without loading 00:26 +691: /Users/avayroy/Optivus/test/ah_f008_route_preservation_test.dart: ... Preservation Widget Tests E, F, G, H, I, J, K: same-UID refresh preserves every supported tab (0..5) without loading 00:26 +691: /Users/avayroy/Optivus/test/onboarding_persistence_phase2b_test.dart: completed firebase login blocks on a missing completion snapshot                                                     
[Reconstruction] event=operation_started operationId=1
[Reconstruction] event=attempt_started operationId=1 attempt=1
[DeviceCountryService] Detection failed safely (FlutterError).
[Reconstruction] started uid=pha…ser
[Reconstruction] classified uid=pha…ser lifecycle=recovery durationMs=7
[OnboardingRestore] {code: completed_profile_without_final_draft}
[Reconstruction] event=classified operationId=1 attempt=1 totalElapsedMs=75
00:26 +692: /Users/avayroy/Optivus/test/ah_f008_route_preservation_test.dart: ... Preservation Widget Tests E, F, G, H, I, J, K: same-UID refresh preserves every supported tab (0..5) without loading 00:26 +693: /Users/avayroy/Optivus/test/onboarding_step_layout_migration_test.dart: semantic onboarding step registry semantic ownership and repository architecture stay singular                     00:26 +694: /Users/avayroy/Optivus/test/onboarding_step_layout_migration_test.dart: semantic onboarding step registry semantic ownership and repository architecture stay singular                     00:26 +695: /Users/avayroy/Optivus/test/onboarding_step_layout_migration_test.dart: semantic onboarding step registry semantic ownership and repository architecture stay singular                     00:26 +696: /Users/avayroy/Optivus/test/onboarding_step_layout_migration_test.dart: semantic onboarding step registry semantic ownership and repository architecture stay singular                     00:26 +697: /Users/avayroy/Optivus/test/onboarding_step_layout_migration_test.dart: semantic onboarding step registry semantic ownership and repository architecture stay singular                     00:26 +698: /Users/avayroy/Optivus/test/onboarding_step_layout_migration_test.dart: semantic onboarding step registry semantic ownership and repository architecture stay singular                     00:26 +699: /Users/avayroy/Optivus/test/onboarding_step_layout_migration_test.dart: semantic onboarding step registry semantic ownership and repository architecture stay singular                     00:26 +700: /Users/avayroy/Optivus/test/onboarding_step_layout_migration_test.dart: semantic onboarding step registry semantic ownership and repository architecture stay singular                     00:26 +701: /Users/avayroy/Optivus/test/onboarding_step_layout_migration_test.dart: semantic onboarding step registry semantic ownership and repository architecture stay singular                     00:27 +701: /Users/avayroy/Optivus/test/onboarding_step_layout_migration_test.dart: semantic onboarding step registry semantic ownership and repository architecture stay singular                     00:27 +702: /Users/avayroy/Optivus/test/onboarding_step7_cta_navigation_test.dart: ... Tests Plan-A blocks present while controller is in non-review mode renders selection/input UI, NOT review mode  00:27 +703: /Users/avayroy/Optivus/test/onboarding_step7_cta_navigation_test.dart: ... Tests Plan-A blocks present while controller is in non-review mode renders selection/input UI, NOT review mode  00:27 +704: /Users/avayroy/Optivus/test/onboarding_step7_cta_navigation_test.dart: ... Tests Plan-A blocks present while controller is in non-review mode renders selection/input UI, NOT review mode  00:27 +705: /Users/avayroy/Optivus/test/onboarding_step7_cta_navigation_test.dart: ... Tests Plan-A blocks present while controller is in non-review mode renders selection/input UI, NOT review mode  00:27 +706: /Users/avayroy/Optivus/test/onboarding_step7_cta_navigation_test.dart: ... Tests Plan-A blocks present while controller is in non-review mode renders selection/input UI, NOT review mode  00:27 +707: /Users/avayroy/Optivus/test/onboarding_step7_cta_navigation_test.dart: ... Tests Plan-A blocks present while controller is in non-review mode renders selection/input UI, NOT review mode  00:27 +708: /Users/avayroy/Optivus/test/onboarding_step7_cta_navigation_test.dart: ... Tests Plan-A blocks present while controller is in non-review mode renders selection/input UI, NOT review mode  00:27 +709: /Users/avayroy/Optivus/test/onboarding_step7_cta_navigation_test.dart: ... Tests Plan-A blocks present while controller is in non-review mode renders selection/input UI, NOT review mode  00:27 +710: /Users/avayroy/Optivus/test/onboarding_step7_cta_navigation_test.dart: ... Tests Plan-A blocks present while controller is in non-review mode renders selection/input UI, NOT review mode  00:27 +711: /Users/avayroy/Optivus/test/onboarding_step7_cta_navigation_test.dart: ... Tests Plan-A blocks present while controller is in non-review mode renders selection/input UI, NOT review mode  00:27 +712: /Users/avayroy/Optivus/test/onboarding_step7_cta_navigation_test.dart: ... Tests Plan-A blocks present while controller is in non-review mode renders selection/input UI, NOT review mode  00:27 +713: /Users/avayroy/Optivus/test/onboarding_step7_cta_navigation_test.dart: ... Tests Plan-A blocks present while controller is in non-review mode renders selection/input UI, NOT review mode  00:27 +714: /Users/avayroy/Optivus/test/onboarding_step7_cta_navigation_test.dart: ... Tests Plan-A blocks present while controller is in non-review mode renders selection/input UI, NOT review mode  00:27 +715: /Users/avayroy/Optivus/test/onboarding_step7_cta_navigation_test.dart: ... Tests Plan-A blocks present while controller is in non-review mode renders selection/input UI, NOT review mode  00:27 +716: /Users/avayroy/Optivus/test/onboarding_step7_cta_navigation_test.dart: ... Tests Plan-A blocks present while controller is in non-review mode renders selection/input UI, NOT review mode  00:27 +717: /Users/avayroy/Optivus/test/onboarding_step7_cta_navigation_test.dart: ... Tests Plan-A blocks present while controller is in non-review mode renders selection/input UI, NOT review mode  00:27 +718: /Users/avayroy/Optivus/test/onboarding_step7_cta_navigation_test.dart: ... Tests Plan-A blocks present while controller is in non-review mode renders selection/input UI, NOT review mode  00:27 +719: /Users/avayroy/Optivus/test/onboarding_step7_cta_navigation_test.dart: ... Tests Plan-A blocks present while controller is in non-review mode renders selection/input UI, NOT review mode  00:27 +720: /Users/avayroy/Optivus/test/onboarding_step7_cta_navigation_test.dart: ... Tests Plan-A blocks present while controller is in non-review mode renders selection/input UI, NOT review mode  00:27 +721: /Users/avayroy/Optivus/test/onboarding_step7_cta_navigation_test.dart: ... Tests Plan-A blocks present while controller is in non-review mode renders selection/input UI, NOT review mode  00:27 +722: /Users/avayroy/Optivus/test/onboarding_step7_cta_navigation_test.dart: ... Tests Plan-A blocks present while controller is in non-review mode renders selection/input UI, NOT review mode  00:27 +723: /Users/avayroy/Optivus/test/onboarding_step7_cta_navigation_test.dart: ... Tests Plan-A blocks present while controller is in non-review mode renders selection/input UI, NOT review mode  00:27 +724: /Users/avayroy/Optivus/test/onboarding_step7_cta_navigation_test.dart: ... Tests Plan-A blocks present while controller is in non-review mode renders selection/input UI, NOT review mode  00:27 +725: /Users/avayroy/Optivus/test/onboarding_step7_cta_navigation_test.dart: ... Tests Plan-A blocks present while controller is in non-review mode renders selection/input UI, NOT review mode  00:27 +726: /Users/avayroy/Optivus/test/onboarding_step7_cta_navigation_test.dart: ... Tests Plan-A blocks present while controller is in non-review mode renders selection/input UI, NOT review mode  00:27 +727: /Users/avayroy/Optivus/test/onboarding_step7_cta_navigation_test.dart: ... Tests Plan-A blocks present while controller is in non-review mode renders selection/input UI, NOT review mode  00:27 +728: /Users/avayroy/Optivus/test/onboarding_step7_cta_navigation_test.dart: ... Tests Plan-A blocks present while controller is in non-review mode renders selection/input UI, NOT review mode  00:27 +729: /Users/avayroy/Optivus/test/onboarding_step7_cta_navigation_test.dart: ... Tests Plan-A blocks present while controller is in non-review mode renders selection/input UI, NOT review mode  00:27 +730: /Users/avayroy/Optivus/test/onboarding_step7_cta_navigation_test.dart: ... Tests Plan-A blocks present while controller is in non-review mode renders selection/input UI, NOT review mode  00:27 +731: /Users/avayroy/Optivus/test/onboarding_step7_cta_navigation_test.dart: ... Tests Plan-A blocks present while controller is in non-review mode renders selection/input UI, NOT review mode  00:27 +732: /Users/avayroy/Optivus/test/onboarding_step7_cta_navigation_test.dart: ... Tests Plan-A blocks present while controller is in non-review mode renders selection/input UI, NOT review mode  00:27 +733: /Users/avayroy/Optivus/test/onboarding_step7_cta_navigation_test.dart: ... Tests Plan-A blocks present while controller is in non-review mode renders selection/input UI, NOT review mode  00:27 +734: /Users/avayroy/Optivus/test/onboarding_step7_cta_navigation_test.dart: ... Tests Plan-A blocks present while controller is in non-review mode renders selection/input UI, NOT review mode  00:27 +735: /Users/avayroy/Optivus/test/onboarding_step7_cta_navigation_test.dart: ... Tests Plan-A blocks present while controller is in non-review mode renders selection/input UI, NOT review mode  00:27 +736: /Users/avayroy/Optivus/test/onboarding_step7_cta_navigation_test.dart: ... Tests Plan-A blocks present while controller is in non-review mode renders selection/input UI, NOT review mode  00:27 +737: /Users/avayroy/Optivus/test/onboarding_step7_cta_navigation_test.dart: ... Tests Plan-A blocks present while controller is in non-review mode renders selection/input UI, NOT review mode  00:27 +738: /Users/avayroy/Optivus/test/onboarding_step7_cta_navigation_test.dart: ... Tests Plan-A blocks present while controller is in non-review mode renders selection/input UI, NOT review mode  00:27 +739: /Users/avayroy/Optivus/test/onboarding_step7_cta_navigation_test.dart: ... Tests Plan-A blocks present while controller is in non-review mode renders selection/input UI, NOT review mode  00:27 +740: /Users/avayroy/Optivus/test/onboarding_step7_cta_navigation_test.dart: ... Tests Plan-A blocks present while controller is in non-review mode renders selection/input UI, NOT review mode  00:27 +741: /Users/avayroy/Optivus/test/onboarding_step7_cta_navigation_test.dart: ... Tests Plan-A blocks present while controller is in non-review mode renders selection/input UI, NOT review mode  00:27 +742: /Users/avayroy/Optivus/test/onboarding_step7_cta_navigation_test.dart: ... Tests Plan-A blocks present while controller is in non-review mode renders selection/input UI, NOT review mode  00:27 +743: /Users/avayroy/Optivus/test/onboarding_step7_cta_navigation_test.dart: ... Tests Plan-A blocks present while controller is in non-review mode renders selection/input UI, NOT review mode  00:27 +744: /Users/avayroy/Optivus/test/onboarding_step7_cta_navigation_test.dart: ... Tests Plan-A blocks present while controller is in non-review mode renders selection/input UI, NOT review mode  00:28 +744: /Users/avayroy/Optivus/test/onboarding_step7_cta_navigation_test.dart: ... Tests Plan-A blocks present while controller is in non-review mode renders selection/input UI, NOT review mode  00:28 +745: /Users/avayroy/Optivus/test/onboarding_step7_cta_navigation_test.dart: ... Tests Plan-A blocks present while controller is in non-review mode renders selection/input UI, NOT review mode  00:28 +746: /Users/avayroy/Optivus/test/onboarding_step7_cta_navigation_test.dart: ... Tests Plan-A blocks present while controller is in non-review mode renders selection/input UI, NOT review mode  00:28 +747: /Users/avayroy/Optivus/test/onboarding_step7_cta_navigation_test.dart: ... Tests Plan-A blocks present while controller is in non-review mode renders selection/input UI, NOT review mode  00:28 +748: /Users/avayroy/Optivus/test/onboarding_step7_cta_navigation_test.dart: ... Tests Plan-A blocks present while controller is in non-review mode renders selection/input UI, NOT review mode  00:28 +749: /Users/avayroy/Optivus/test/onboarding_step7_cta_navigation_test.dart: ... Tests Plan-A blocks present while controller is in non-review mode renders selection/input UI, NOT review mode  00:28 +750: /Users/avayroy/Optivus/test/onboarding_step7_cta_navigation_test.dart: ... Tests Plan-A blocks present while controller is in non-review mode renders selection/input UI, NOT review mode  00:28 +751: /Users/avayroy/Optivus/test/onboarding_step7_cta_navigation_test.dart: ... Tests Plan-A blocks present while controller is in non-review mode renders selection/input UI, NOT review mode  00:28 +752: /Users/avayroy/Optivus/test/onboarding_step7_cta_navigation_test.dart: ... Tests Plan-A blocks present while controller is in non-review mode renders selection/input UI, NOT review mode  00:28 +753: /Users/avayroy/Optivus/test/ah_f008_route_preservation_test.dart: AH-F008 Tab and URI Preservation Widget Tests T. background / resume simulation preserves active route and tab           00:28 +754: /Users/avayroy/Optivus/test/ah_f019_onboarding_action_footer_test.dart: AH-F019 interaction ownership & double-tap protection Skip rapid taps invoke exactly one active operation          00:28 +755: /Users/avayroy/Optivus/test/onboarding_step7_cta_navigation_test.dart: ... Routing Widget Tests Valid review renders full timeline and provides null custom action so shell owns Next Step 00:28 +756: /Users/avayroy/Optivus/test/ah_f008_route_preservation_test.dart: AH-F008 Tab and URI Preservation Widget Tests U. repeated refresh stress test causes no route churn or loops             00:28 +757: /Users/avayroy/Optivus/test/ah_f008_route_preservation_test.dart: AH-F008 Tab and URI Preservation Widget Tests U. repeated refresh stress test causes no route churn or loops             00:28 +758: /Users/avayroy/Optivus/test/ah_f008_route_preservation_test.dart: AH-F008 Tab and URI Preservation Widget Tests U. repeated refresh stress test causes no route churn or loops             00:28 +759: /Users/avayroy/Optivus/test/ah_f008_route_preservation_test.dart: AH-F008 Tab and URI Preservation Widget Tests U. repeated refresh stress test causes no route churn or loops             00:28 +760: /Users/avayroy/Optivus/test/ah_f008_route_preservation_test.dart: AH-F008 Tab and URI Preservation Widget Tests U. repeated refresh stress test causes no route churn or loops             00:28 +761: /Users/avayroy/Optivus/test/ah_f019_onboarding_action_footer_test.dart: ... ownership & double-tap protection synchronous action callback is fenced against same-frame duplicates          00:28 +762: /Users/avayroy/Optivus/test/onboarding_step7_cta_navigation_test.dart: ... Authority & CTA Routing Widget Tests Shell Back uses current non-zero authGeneration for has-products edit      00:28 +762: /Users/avayroy/Optivus/test/ah_f008_route_preservation_test.dart: AH-F008 Real AuthNotifier & Server Reconstruction Integration B, C, N. Cold start / reinstall runs AH-F007 server reconstruction
[Reconstruction] event=operation_started operationId=1
[Reconstruction] event=attempt_started operationId=1 attempt=1
00:28 +763: /Users/avayroy/Optivus/test/onboarding_step7_cta_navigation_test.dart: ... Authority & CTA Routing Widget Tests Shell Back uses current non-zero authGeneration for has-products edit      00:28 +763: /Users/avayroy/Optivus/test/ah_f008_route_preservation_test.dart: AH-F008 Real AuthNotifier & Server Reconstruction Integration B, C, N. Cold start / reinstall runs AH-F007 server reconstruction
[DeviceCountryService] Detection failed safely (MissingPluginException).
[OnboardingRestore] {schemaVersion: 4, detectedTopology: current15, migrationAction: none, originalAcknowledgedCompletionBoundary: 14, durableValidatorResult: verified_completion_bundle, uploadReconciliation: valid, finalResumeStep: home, reasonCode: completed_onboarding}
[Reconstruction] event=classified operationId=1 attempt=1 totalElapsedMs=53
00:28 +764: /Users/avayroy/Optivus/test/onboarding_step7_cta_navigation_test.dart: ... Authority & CTA Routing Widget Tests Shell Back uses current non-zero authGeneration for has-products edit      00:28 +764: /Users/avayroy/Optivus/test/ah_f008_route_preservation_test.dart: AH-F008 Real AuthNotifier & Server Reconstruction Integration E, V. Same-UID refresh does NOT call server reconstructor  
[Reconstruction] event=operation_started operationId=1
[Reconstruction] event=attempt_started operationId=1 attempt=1
[DeviceCountryService] Detection failed safely (MissingPluginException).
[OnboardingRestore] {schemaVersion: 4, detectedTopology: current15, migrationAction: none, originalAcknowledgedCompletionBoundary: 14, durableValidatorResult: verified_completion_bundle, uploadReconciliation: valid, finalResumeStep: home, reasonCode: completed_onboarding}
[Reconstruction] event=classified operationId=1 attempt=1 totalElapsedMs=5
00:28 +765: /Users/avayroy/Optivus/test/onboarding_step7_cta_navigation_test.dart: ... Authority & CTA Routing Widget Tests Shell Back uses current non-zero authGeneration for has-products edit      00:28 +766: /Users/avayroy/Optivus/test/onboarding_step7_cta_navigation_test.dart: ... Authority & CTA Routing Widget Tests Shell Back uses current non-zero authGeneration for has-products edit      00:28 +766: /Users/avayroy/Optivus/test/ah_f008_route_preservation_test.dart: AH-F008 Real AuthNotifier & Server Reconstruction Integration R. Email verification transition triggers authoritative reconstruction
[Reconstruction] event=operation_started operationId=1
[Reconstruction] event=attempt_started operationId=1 attempt=1
[DeviceCountryService] Detection failed safely (MissingPluginException).
[OnboardingRestore] {schemaVersion: 4, detectedTopology: current15, migrationAction: none, originalAcknowledgedCompletionBoundary: 14, durableValidatorResult: verified_completion_bundle, uploadReconciliation: valid, finalResumeStep: home, reasonCode: completed_onboarding}
[Reconstruction] event=classified operationId=1 attempt=1 totalElapsedMs=6
00:28 +767: /Users/avayroy/Optivus/test/onboarding_step7_cta_navigation_test.dart: ... Authority & CTA Routing Widget Tests Shell Back uses current non-zero authGeneration for has-products edit      00:28 +767: /Users/avayroy/Optivus/test/ah_f008_route_preservation_test.dart: AH-F008 Real AuthNotifier & Server Reconstruction Integration P. Failed logout preserves authenticated state, reconstruction, and route
[Reconstruction] event=operation_started operationId=1
[Reconstruction] event=attempt_started operationId=1 attempt=1
[DeviceCountryService] Detection failed safely (MissingPluginException).
[OnboardingRestore] {schemaVersion: 4, detectedTopology: current15, migrationAction: none, originalAcknowledgedCompletionBoundary: 14, durableValidatorResult: verified_completion_bundle, uploadReconciliation: valid, finalResumeStep: home, reasonCode: completed_onboarding}
[Reconstruction] event=classified operationId=1 attempt=1 totalElapsedMs=30
00:28 +768: /Users/avayroy/Optivus/test/onboarding_step7_cta_navigation_test.dart: ... Authority & CTA Routing Widget Tests Shell Back uses current non-zero authGeneration for has-products edit      00:28 +769: /Users/avayroy/Optivus/test/onboarding_step7_cta_navigation_test.dart: ... Authority & CTA Routing Widget Tests Shell Back uses current non-zero authGeneration for has-products edit      00:28 +770: /Users/avayroy/Optivus/test/onboarding_step7_cta_navigation_test.dart: ... Authority & CTA Routing Widget Tests Shell Back uses current non-zero authGeneration for has-products edit      00:28 +771: /Users/avayroy/Optivus/test/onboarding_step7_cta_navigation_test.dart: ... Authority & CTA Routing Widget Tests Shell Back uses current non-zero authGeneration for has-products edit      00:28 +772: /Users/avayroy/Optivus/test/onboarding_step7_cta_navigation_test.dart: ... Authority & CTA Routing Widget Tests Shell Back uses current non-zero authGeneration for has-products edit      00:28 +773: /Users/avayroy/Optivus/test/onboarding_step7_cta_navigation_test.dart: ... Authority & CTA Routing Widget Tests Shell Back uses current non-zero authGeneration for has-products edit      00:28 +774: /Users/avayroy/Optivus/test/onboarding_step7_cta_navigation_test.dart: ... Authority & CTA Routing Widget Tests Shell Back uses current non-zero authGeneration for has-products edit      00:28 +775: /Users/avayroy/Optivus/test/onboarding_step7_cta_navigation_test.dart: ... Authority & CTA Routing Widget Tests Shell Back uses current non-zero authGeneration for has-products edit      00:28 +776: /Users/avayroy/Optivus/test/onboarding_step7_cta_navigation_test.dart: ... Authority & CTA Routing Widget Tests Shell Back uses current non-zero authGeneration for has-products edit      00:28 +777: /Users/avayroy/Optivus/test/onboarding_step7_cta_navigation_test.dart: ... Authority & CTA Routing Widget Tests Shell Back uses current non-zero authGeneration for has-products edit      00:29 +777: /Users/avayroy/Optivus/test/onboarding_step7_cta_navigation_test.dart: ... Authority & CTA Routing Widget Tests Shell Back uses current non-zero authGeneration for has-products edit      00:29 +778: /Users/avayroy/Optivus/test/ah_f019_onboarding_action_footer_test.dart: AH-F019 Step 14 structural overlap regression Step 14 footer owns space at 360.0x800.0                             00:29 +779: /Users/avayroy/Optivus/test/onboarding_step7_cta_navigation_test.dart: ... Authority & CTA Routing Widget Tests Shell Back with null auth preserves draft owner during no-products edit    00:29 +780: /Users/avayroy/Optivus/test/onboarding_step7_cta_navigation_test.dart: ... Authority & CTA Routing Widget Tests Shell Back with null auth preserves draft owner during no-products edit    00:29 +781: /Users/avayroy/Optivus/test/onboarding_step7_cta_navigation_test.dart: ... Authority & CTA Routing Widget Tests Shell Back with null auth preserves draft owner during no-products edit    00:29 +782: /Users/avayroy/Optivus/test/onboarding_step7_cta_navigation_test.dart: ... Authority & CTA Routing Widget Tests Shell Back with null auth preserves draft owner during no-products edit    00:29 +783: /Users/avayroy/Optivus/test/ah_f019_onboarding_action_footer_test.dart: AH-F019 Step 14 structural overlap regression Step 14 transient invalid state disables Enter Optivus in place      00:29 +784: /Users/avayroy/Optivus/test/ah_f019_onboarding_action_footer_test.dart: AH-F019 Step 14 structural overlap regression Step 14 transient invalid state disables Enter Optivus in place      00:29 +784: /Users/avayroy/Optivus/test/ah_f019_onboarding_action_footer_test.dart: AH-F019 Step 14 structural overlap regression Step 14 rapid Enter Optivus taps invoke completion callback only once00:29 +785: /Users/avayroy/Optivus/test/ah_f019_onboarding_action_footer_test.dart: AH-F019 Step 14 structural overlap regression Step 14 rapid Enter Optivus taps invoke completion callback only once00:29 +785: /Users/avayroy/Optivus/test/ah_f019_onboarding_action_footer_test.dart: ... timeline integration FullScreenTimelineScaffold inside OnboardingStepShell scrolls last event above footer     00:29 +786: /Users/avayroy/Optivus/test/ah_f019_onboarding_action_footer_test.dart: ... timeline integration FullScreenTimelineScaffold inside OnboardingStepShell scrolls last event above footer     00:29 +786: /Users/avayroy/Optivus/test/ah_f019_onboarding_action_footer_test.dart: AH-F019 keyboard dismiss cycle & dynamic insets keyboard dismiss smoothly restores footer without residual gaps    00:29 +787: /Users/avayroy/Optivus/test/ah_f019_onboarding_action_footer_test.dart: AH-F019 keyboard dismiss cycle & dynamic insets keyboard dismiss smoothly restores footer without residual gaps    00:29 +787: /Users/avayroy/Optivus/test/ah_f019_onboarding_action_footer_test.dart: AH-F019 keyboard dismiss cycle & dynamic insets keyboard height 250.0 correctly hides footer without double inset  00:29 +788: /Users/avayroy/Optivus/test/ah_f019_onboarding_action_footer_test.dart: AH-F019 keyboard dismiss cycle & dynamic insets keyboard height 250.0 correctly hides footer without double inset  00:29 +788: /Users/avayroy/Optivus/test/ah_f019_onboarding_action_footer_test.dart: AH-F019 keyboard dismiss cycle & dynamic insets keyboard height 300.0 correctly hides footer without double inset  00:29 +789: /Users/avayroy/Optivus/test/ah_f019_onboarding_action_footer_test.dart: AH-F019 keyboard dismiss cycle & dynamic insets keyboard height 300.0 correctly hides footer without double inset  00:29 +789: /Users/avayroy/Optivus/test/ah_f019_onboarding_action_footer_test.dart: AH-F019 keyboard dismiss cycle & dynamic insets keyboard height 350.0 correctly hides footer without double inset  00:29 +790: /Users/avayroy/Optivus/test/routine_data_contract_phase4_test.dart: Routine template Firestore contract serializes canonical fields with Firestore timestamps                              00:29 +791: /Users/avayroy/Optivus/test/ah_f019_onboarding_action_footer_test.dart: AH-F019 keyboard dismiss cycle & dynamic insets safe-area bottom 0.0 applies metric calculation exactly once       00:29 +792: /Users/avayroy/Optivus/test/ah_f019_onboarding_action_footer_test.dart: AH-F019 keyboard dismiss cycle & dynamic insets safe-area bottom 0.0 applies metric calculation exactly once       00:29 +793: /Users/avayroy/Optivus/test/ah_f019_onboarding_action_footer_test.dart: AH-F019 keyboard dismiss cycle & dynamic insets safe-area bottom 0.0 applies metric calculation exactly once       00:29 +794: /Users/avayroy/Optivus/test/routine_data_contract_phase4_test.dart: Routine template Firestore contract reads supported legacy Routine shape and normalizes daily state                    00:29 +795: /Users/avayroy/Optivus/test/ah_f019_onboarding_action_footer_test.dart: AH-F019 keyboard dismiss cycle & dynamic insets safe-area bottom 16.0 applies metric calculation exactly once      00:29 +796: /Users/avayroy/Optivus/test/ah_f019_onboarding_action_footer_test.dart: AH-F019 keyboard dismiss cycle & dynamic insets safe-area bottom 16.0 applies metric calculation exactly once      00:29 +797: /Users/avayroy/Optivus/test/ah_f019_onboarding_action_footer_test.dart: AH-F019 keyboard dismiss cycle & dynamic insets safe-area bottom 16.0 applies metric calculation exactly once      00:29 +798: /Users/avayroy/Optivus/test/ah_f019_onboarding_action_footer_test.dart: AH-F019 keyboard dismiss cycle & dynamic insets safe-area bottom 16.0 applies metric calculation exactly once      00:29 +799: /Users/avayroy/Optivus/test/ah_f019_onboarding_action_footer_test.dart: AH-F019 keyboard dismiss cycle & dynamic insets safe-area bottom 16.0 applies metric calculation exactly once      00:29 +800: /Users/avayroy/Optivus/test/ah_f019_onboarding_action_footer_test.dart: AH-F019 keyboard dismiss cycle & dynamic insets safe-area bottom 16.0 applies metric calculation exactly once      00:29 +801: /Users/avayroy/Optivus/test/routine_data_contract_phase4_test.dart: Routine occurrence contract completion is dated and does not mutate the repeating template                             00:29 +802: /Users/avayroy/Optivus/test/ah_f019_onboarding_action_footer_test.dart: AH-F019 keyboard dismiss cycle & dynamic insets safe-area bottom 34.0 applies metric calculation exactly once      00:29 +803: /Users/avayroy/Optivus/test/ah_f019_onboarding_action_footer_test.dart: AH-F019 keyboard dismiss cycle & dynamic insets safe-area bottom 34.0 applies metric calculation exactly once      00:29 +804: /Users/avayroy/Optivus/test/ah_f019_onboarding_action_footer_test.dart: AH-F019 keyboard dismiss cycle & dynamic insets safe-area bottom 34.0 applies metric calculation exactly once      00:29 +805: /Users/avayroy/Optivus/test/routine_data_contract_phase4_test.dart: Onboarding Routine projection stable IDs and fingerprint ignore completion timestamps                                  00:29 +806: /Users/avayroy/Optivus/test/routine_data_contract_phase4_test.dart: Onboarding Routine projection stable IDs and fingerprint ignore completion timestamps                                  00:29 +807: /Users/avayroy/Optivus/test/ah_f019_onboarding_action_footer_test.dart: ... identity & deduplication resilience stale operation completion does not unlock superseding active operation    00:29 +808: /Users/avayroy/Optivus/test/ah_f019_onboarding_action_footer_test.dart: ... identity & deduplication resilience stale operation completion does not unlock superseding active operation    00:29 +809: /Users/avayroy/Optivus/test/routine_data_contract_phase4_test.dart: Onboarding Routine projection retry never overwrites a user edit                                                       00:29 +810: /Users/avayroy/Optivus/test/routine_data_contract_phase4_test.dart: Onboarding Routine projection retry never overwrites a user edit                                                       00:29 +810: /Users/avayroy/Optivus/test/ah_f019_onboarding_action_footer_test.dart: ... identity & deduplication resilience operation failure clears interaction fence allowing deliberate retry       00:29 +811: /Users/avayroy/Optivus/test/ah_f019_onboarding_action_footer_test.dart: ... identity & deduplication resilience operation failure clears interaction fence allowing deliberate retry       00:29 +812: /Users/avayroy/Optivus/test/ah_f019_onboarding_action_footer_test.dart: ... identity & deduplication resilience operation failure clears interaction fence allowing deliberate retry       00:29 +813: /Users/avayroy/Optivus/test/ah_f019_onboarding_action_footer_test.dart: ... identity & deduplication resilience operation failure clears interaction fence allowing deliberate retry       00:29 +814: /Users/avayroy/Optivus/test/onboarding_step7_skin_care_test.dart: AI error category provider_timeout                                                                                       00:30 +814: /Users/avayroy/Optivus/test/onboarding_step7_skin_care_test.dart: AI error category provider_timeout                                                                                       00:30 +815: /Users/avayroy/Optivus/test/routine_data_contract_phase4_test.dart: Onboarding Routine projection Firebase hydration loads canonical Routine and leaves mock empty                         00:30 +816: /Users/avayroy/Optivus/test/routine_data_contract_phase4_test.dart: Onboarding Routine projection Firebase hydration loads canonical Routine and leaves mock empty                         00:30 +817: /Users/avayroy/Optivus/test/routine_data_contract_phase4_test.dart: Onboarding Routine projection Firebase hydration loads canonical Routine and leaves mock empty                         00:30 +818: /Users/avayroy/Optivus/test/routine_data_contract_phase4_test.dart: Onboarding Routine projection Firebase hydration loads canonical Routine and leaves mock empty                         00:30 +819: /Users/avayroy/Optivus/test/routine_data_contract_phase4_test.dart: Onboarding Routine projection Firebase hydration loads canonical Routine and leaves mock empty                         00:30 +820: /Users/avayroy/Optivus/test/ah_f019_onboarding_action_footer_test.dart: ... content & loading geometry Step 14 short review content anchors footer at bottom without vertical centering bug00:30 +820: /Users/avayroy/Optivus/test/routine_data_contract_phase4_test.dart: Onboarding Routine projection Firebase auth reconstruction defers receipt-backed Routine until post-route load         
[Reconstruction] event=operation_started operationId=1
[Reconstruction] event=attempt_started operationId=1 attempt=1
00:30 +821: /Users/avayroy/Optivus/test/onboarding_step7_skin_care_test.dart: Product source sheet dismissal does not pick or mutate                                                                   00:30 +821: /Users/avayroy/Optivus/test/routine_data_contract_phase4_test.dart: Onboarding Routine projection Firebase auth reconstruction defers receipt-backed Routine until post-route load         
[DeviceCountryService] Detection failed safely (FlutterError).
[Reconstruction] started uid=***
[Reconstruction] classified uid=*** lifecycle=completed durationMs=8
[OnboardingRestore] {schemaVersion: 4, detectedTopology: current15, migrationAction: none, originalAcknowledgedCompletionBoundary: 14, durableValidatorResult: verified_completion_bundle, uploadReconciliation: valid, finalResumeStep: home, reasonCode: completed_onboarding}
[Reconstruction] event=classified operationId=1 attempt=1 totalElapsedMs=78
[Reconstruction] event=operation_started operationId=2
[Reconstruction] event=attempt_started operationId=2 attempt=1
[DeviceCountryService] Detection failed safely (FlutterError).
[Reconstruction] started uid=***
[Reconstruction] classified uid=*** lifecycle=completed durationMs=1
[OnboardingRestore] {schemaVersion: 4, detectedTopology: current15, migrationAction: none, originalAcknowledgedCompletionBoundary: 14, durableValidatorResult: verified_completion_bundle, uploadReconciliation: valid, finalResumeStep: home, reasonCode: completed_onboarding}
[Reconstruction] event=classified operationId=2 attempt=1 totalElapsedMs=4
00:30 +822: /Users/avayroy/Optivus/test/onboarding_step7_skin_care_test.dart: Product source sheet dismissal does not pick or mutate                                                                   00:30 +823: /Users/avayroy/Optivus/test/onboarding_step7_skin_care_test.dart: Product source sheet dismissal does not pick or mutate                                                                   00:30 +824: /Users/avayroy/Optivus/test/onboarding_step7_skin_care_test.dart: Product source sheet dismissal does not pick or mutate                                                                   00:30 +825: /Users/avayroy/Optivus/test/onboarding_step7_skin_care_test.dart: Product source sheet dismissal does not pick or mutate                                                                   00:30 +826: /Users/avayroy/Optivus/test/onboarding_step7_skin_care_test.dart: Product source sheet dismissal does not pick or mutate                                                                   00:30 +827: /Users/avayroy/Optivus/test/onboarding_step7_skin_care_test.dart: Product source sheet dismissal does not pick or mutate                                                                   00:30 +828: /Users/avayroy/Optivus/test/onboarding_step7_skin_care_test.dart: Product source sheet dismissal does not pick or mutate                                                                   00:30 +829: /Users/avayroy/Optivus/test/onboarding_step7_skin_care_test.dart: Product source sheet dismissal does not pick or mutate                                                                   00:30 +830: /Users/avayroy/Optivus/test/onboarding_step7_skin_care_test.dart: Product source sheet dismissal does not pick or mutate                                                                   00:30 +831: /Users/avayroy/Optivus/test/onboarding_step7_skin_care_test.dart: Product source sheet dismissal does not pick or mutate                                                                   00:30 +832: /Users/avayroy/Optivus/test/onboarding_step7_skin_care_test.dart: Product source sheet dismissal does not pick or mutate                                                                   00:30 +833: /Users/avayroy/Optivus/test/onboarding_step7_skin_care_test.dart: Product source sheet dismissal does not pick or mutate                                                                   00:30 +834: /Users/avayroy/Optivus/test/onboarding_step7_skin_care_test.dart: Product source sheet dismissal does not pick or mutate                                                                   00:30 +835: /Users/avayroy/Optivus/test/onboarding_step7_skin_care_test.dart: Product source sheet dismissal does not pick or mutate                                                                   00:30 +836: /Users/avayroy/Optivus/test/onboarding_step7_skin_care_test.dart: Product source sheet dismissal does not pick or mutate                                                                   00:30 +837: /Users/avayroy/Optivus/test/onboarding_step7_skin_care_test.dart: Product source sheet dismissal does not pick or mutate                                                                   00:30 +838: /Users/avayroy/Optivus/test/onboarding_step7_skin_care_test.dart: Product source sheet dismissal does not pick or mutate                                                                   00:30 +839: /Users/avayroy/Optivus/test/onboarding_step7_skin_care_test.dart: Product source sheet dismissal does not pick or mutate                                                                   00:30 +840: /Users/avayroy/Optivus/test/onboarding_step7_skin_care_test.dart: Product source sheet dismissal does not pick or mutate                                                                   00:30 +841: /Users/avayroy/Optivus/test/onboarding_step7_skin_care_test.dart: Product source sheet dismissal does not pick or mutate                                                                   00:30 +842: /Users/avayroy/Optivus/test/onboarding_step7_skin_care_test.dart: Product source sheet dismissal does not pick or mutate                                                                   00:30 +843: /Users/avayroy/Optivus/test/onboarding_step7_skin_care_test.dart: Product source sheet dismissal does not pick or mutate                                                                   00:30 +844: /Users/avayroy/Optivus/test/onboarding_step7_skin_care_test.dart: Product source sheet dismissal does not pick or mutate                                                                   00:30 +845: /Users/avayroy/Optivus/test/onboarding_step7_skin_care_test.dart: Product source sheet dismissal does not pick or mutate                                                                   00:30 +846: /Users/avayroy/Optivus/test/onboarding_step7_skin_care_test.dart: Product source sheet dismissal does not pick or mutate                                                                   00:30 +847: /Users/avayroy/Optivus/test/onboarding_step7_skin_care_test.dart: Product source sheet dismissal does not pick or mutate                                                                   00:30 +848: /Users/avayroy/Optivus/test/onboarding_step7_skin_care_test.dart: Product source sheet dismissal does not pick or mutate                                                                   00:30 +849: /Users/avayroy/Optivus/test/onboarding_step7_skin_care_test.dart: Product source sheet dismissal does not pick or mutate                                                                   00:30 +850: /Users/avayroy/Optivus/test/onboarding_step7_skin_care_test.dart: Product source sheet dismissal does not pick or mutate                                                                   00:30 +851: /Users/avayroy/Optivus/test/onboarding_step7_skin_care_test.dart: Product source sheet dismissal does not pick or mutate                                                                   00:30 +852: /Users/avayroy/Optivus/test/onboarding_step7_skin_care_test.dart: Product source sheet dismissal does not pick or mutate                                                                   00:30 +853: /Users/avayroy/Optivus/test/onboarding_step7_skin_care_test.dart: Product source sheet dismissal does not pick or mutate                                                                   00:30 +854: /Users/avayroy/Optivus/test/onboarding_step7_skin_care_test.dart: Product source sheet dismissal does not pick or mutate                                                                   00:30 +855: /Users/avayroy/Optivus/test/onboarding_step7_skin_care_test.dart: Product source sheet dismissal does not pick or mutate                                                                   00:30 +856: /Users/avayroy/Optivus/test/onboarding_step7_skin_care_test.dart: Product source sheet dismissal does not pick or mutate                                                                   00:30 +857: /Users/avayroy/Optivus/test/onboarding_step7_skin_care_test.dart: Product source sheet dismissal does not pick or mutate                                                                   00:30 +858: /Users/avayroy/Optivus/test/onboarding_step7_skin_care_test.dart: Product source sheet dismissal does not pick or mutate                                                                   00:31 +858: /Users/avayroy/Optivus/test/onboarding_step7_skin_care_test.dart: Product source sheet dismissal does not pick or mutate                                                                   00:31 +859: /Users/avayroy/Optivus/test/onboarding_step7_skin_care_test.dart: Product source sheet dismissal does not pick or mutate                                                                   00:31 +860: /Users/avayroy/Optivus/test/onboarding_step7_skin_care_test.dart: Product source sheet dismissal does not pick or mutate                                                                   00:31 +861: /Users/avayroy/Optivus/test/onboarding_step7_skin_care_test.dart: Product source sheet dismissal does not pick or mutate                                                                   00:31 +862: /Users/avayroy/Optivus/test/onboarding_step7_skin_care_test.dart: Product source sheet dismissal does not pick or mutate                                                                   00:31 +863: /Users/avayroy/Optivus/test/onboarding_step7_skin_care_test.dart: Product source sheet dismissal does not pick or mutate                                                                   00:31 +864: /Users/avayroy/Optivus/test/onboarding_step7_skin_care_test.dart: Product source sheet dismissal does not pick or mutate                                                                   00:31 +865: /Users/avayroy/Optivus/test/onboarding_step7_skin_care_test.dart: Product source sheet dismissal does not pick or mutate                                                                   00:31 +866: /Users/avayroy/Optivus/test/onboarding_step7_skin_care_test.dart: Product source sheet dismissal does not pick or mutate                                                                   00:31 +867: /Users/avayroy/Optivus/test/onboarding_step7_skin_care_test.dart: Product source sheet dismissal does not pick or mutate                                                                   00:31 +868: /Users/avayroy/Optivus/test/onboarding_step7_skin_care_test.dart: Product source sheet dismissal does not pick or mutate                                                                   00:31 +869: /Users/avayroy/Optivus/test/onboarding_step7_skin_care_test.dart: Product source sheet dismissal does not pick or mutate                                                                   00:31 +870: /Users/avayroy/Optivus/test/onboarding_step7_skin_care_test.dart: Product source sheet dismissal does not pick or mutate                                                                   00:31 +871: /Users/avayroy/Optivus/test/onboarding_step7_skin_care_test.dart: Product source sheet dismissal does not pick or mutate                                                                   00:31 +872: /Users/avayroy/Optivus/test/onboarding_step7_skin_care_test.dart: Product source sheet dismissal does not pick or mutate                                                                   00:31 +873: /Users/avayroy/Optivus/test/onboarding_step7_skin_care_test.dart: Product source sheet dismissal does not pick or mutate                                                                   00:31 +874: /Users/avayroy/Optivus/test/create_account_stabilization_test.dart: blank signup fits Realme 6 without user scrolling                                                                      00:31 +875: /Users/avayroy/Optivus/test/onboarding_step7_skin_care_test.dart: Product stale routine survives reconstruction                                                                            00:31 +876: /Users/avayroy/Optivus/test/create_account_stabilization_test.dart: signup tap outside dismisses the focused field                                                                         00:31 +877: /Users/avayroy/Optivus/test/create_account_stabilization_test.dart: signup tap outside dismisses the focused field                                                                         00:31 +878: /Users/avayroy/Optivus/test/onboarding_step7_skin_care_test.dart: Face stale routine survives reconstruction                                                                               00:31 +879: /Users/avayroy/Optivus/test/onboarding_step7_skin_care_test.dart: Face stale routine survives reconstruction                                                                               00:31 +880: /Users/avayroy/Optivus/test/onboarding_step7_skin_care_test.dart: Face stale routine survives reconstruction                                                                               00:31 +881: /Users/avayroy/Optivus/test/onboarding_step7_skin_care_test.dart: Face stale routine survives reconstruction                                                                               00:31 +882: /Users/avayroy/Optivus/test/onboarding_step7_skin_care_test.dart: Face stale routine survives reconstruction                                                                               00:31 +883: /Users/avayroy/Optivus/test/onboarding_step7_skin_care_test.dart: Face stale routine survives reconstruction                                                                               00:31 +884: /Users/avayroy/Optivus/test/onboarding_step7_skin_care_test.dart: Face stale routine survives reconstruction                                                                               00:31 +885: /Users/avayroy/Optivus/test/onboarding_step7_skin_care_test.dart: Face stale routine survives reconstruction                                                                               00:31 +886: /Users/avayroy/Optivus/test/onboarding_step7_skin_care_test.dart: Face stale routine survives reconstruction                                                                               00:31 +887: /Users/avayroy/Optivus/test/onboarding_step7_skin_care_test.dart: Face stale routine survives reconstruction                                                                               00:31 +888: /Users/avayroy/Optivus/test/onboarding_step7_skin_care_test.dart: Face stale routine survives reconstruction                                                                               00:31 +889: /Users/avayroy/Optivus/test/onboarding_step7_skin_care_test.dart: Face stale routine survives reconstruction                                                                               00:31 +890: /Users/avayroy/Optivus/test/onboarding_step7_skin_care_test.dart: Face stale routine survives reconstruction                                                                               00:31 +891: /Users/avayroy/Optivus/test/onboarding_step7_skin_care_test.dart: Face stale routine survives reconstruction                                                                               00:31 +892: /Users/avayroy/Optivus/test/onboarding_step7_skin_care_test.dart: Face stale routine survives reconstruction                                                                               00:31 +893: /Users/avayroy/Optivus/test/onboarding_step7_skin_care_test.dart: Face stale routine survives reconstruction                                                                               00:31 +894: /Users/avayroy/Optivus/test/onboarding_step7_skin_care_test.dart: Face stale routine survives reconstruction                                                                               00:31 +895: /Users/avayroy/Optivus/test/create_account_stabilization_test.dart: password guidance is compact and focus-driven                                                                          00:31 +896: /Users/avayroy/Optivus/test/create_account_stabilization_test.dart: password guidance is compact and focus-driven                                                                          00:31 +897: /Users/avayroy/Optivus/test/create_account_stabilization_test.dart: password guidance is compact and focus-driven                                                                          00:31 +898: /Users/avayroy/Optivus/test/create_account_stabilization_test.dart: password guidance is compact and focus-driven                                                                          00:31 +899: /Users/avayroy/Optivus/test/create_account_stabilization_test.dart: password guidance is compact and focus-driven                                                                          00:31 +900: /Users/avayroy/Optivus/test/create_account_stabilization_test.dart: password guidance is compact and focus-driven                                                                          00:31 +901: /Users/avayroy/Optivus/test/create_account_stabilization_test.dart: password guidance is compact and focus-driven                                                                          00:31 +902: /Users/avayroy/Optivus/test/create_account_stabilization_test.dart: password guidance is compact and focus-driven                                                                          00:31 +903: /Users/avayroy/Optivus/test/create_account_stabilization_test.dart: password guidance is compact and focus-driven                                                                          00:31 +904: /Users/avayroy/Optivus/test/create_account_stabilization_test.dart: password guidance is compact and focus-driven                                                                          00:31 +905: /Users/avayroy/Optivus/test/create_account_stabilization_test.dart: password guidance is compact and focus-driven                                                                          00:31 +906: /Users/avayroy/Optivus/test/create_account_stabilization_test.dart: password guidance is compact and focus-driven                                                                          00:31 +907: /Users/avayroy/Optivus/test/create_account_stabilization_test.dart: password guidance is compact and focus-driven                                                                          00:31 +908: /Users/avayroy/Optivus/test/create_account_stabilization_test.dart: password guidance is compact and focus-driven                                                                          00:31 +909: /Users/avayroy/Optivus/test/create_account_stabilization_test.dart: password guidance is compact and focus-driven                                                                          00:31 +910: /Users/avayroy/Optivus/test/create_account_stabilization_test.dart: password guidance is compact and focus-driven                                                                          00:31 +910: /Users/avayroy/Optivus/test/onboarding_step7_skin_care_test.dart: Repeated whitespace selection resolves in final routine request                                                          
[Onboarding7Scheduler] accepted gap=60 flexible=false blocks=2
00:31 +911: /Users/avayroy/Optivus/test/create_account_stabilization_test.dart: password guidance is compact and focus-driven                                                                          00:31 +912: /Users/avayroy/Optivus/test/create_account_stabilization_test.dart: password guidance is compact and focus-driven                                                                          00:31 +913: /Users/avayroy/Optivus/test/create_account_stabilization_test.dart: password guidance is compact and focus-driven                                                                          00:31 +914: /Users/avayroy/Optivus/test/create_account_stabilization_test.dart: password guidance is compact and focus-driven                                                                          00:31 +915: /Users/avayroy/Optivus/test/create_account_stabilization_test.dart: password guidance is compact and focus-driven                                                                          00:31 +916: /Users/avayroy/Optivus/test/create_account_stabilization_test.dart: password guidance is compact and focus-driven                                                                          00:31 +917: /Users/avayroy/Optivus/test/create_account_stabilization_test.dart: password guidance is compact and focus-driven                                                                          00:32 +917: /Users/avayroy/Optivus/test/create_account_stabilization_test.dart: password guidance is compact and focus-driven                                                                          00:32 +918: /Users/avayroy/Optivus/test/create_account_stabilization_test.dart: password guidance is compact and focus-driven                                                                          00:32 +919: /Users/avayroy/Optivus/test/create_account_stabilization_test.dart: password guidance is compact and focus-driven                                                                          00:32 +920: /Users/avayroy/Optivus/test/onboarding_routing_test.dart: signed-out users stay on Welcome for onboarding, app, and deep links                                                             00:32 +921: /Users/avayroy/Optivus/test/onboarding_routing_test.dart: signed-out users stay on Welcome for onboarding, app, and deep links                                                             00:32 +922: /Users/avayroy/Optivus/test/onboarding_routing_test.dart: signed-out users stay on Welcome for onboarding, app, and deep links                                                             00:32 +923: /Users/avayroy/Optivus/test/onboarding_routing_test.dart: signed-out users stay on Welcome for onboarding, app, and deep links                                                             00:32 +924: /Users/avayroy/Optivus/test/onboarding_routing_test.dart: signed-out users stay on Welcome for onboarding, app, and deep links                                                             00:32 +925: /Users/avayroy/Optivus/test/onboarding_routing_test.dart: signed-out users stay on Welcome for onboarding, app, and deep links                                                             00:32 +926: /Users/avayroy/Optivus/test/onboarding_routing_test.dart: signed-out users stay on Welcome for onboarding, app, and deep links                                                             00:32 +927: /Users/avayroy/Optivus/test/onboarding_routing_test.dart: signed-out users stay on Welcome for onboarding, app, and deep links                                                             00:32 +928: /Users/avayroy/Optivus/test/onboarding_routing_test.dart: signed-out users stay on Welcome for onboarding, app, and deep links                                                             00:32 +929: /Users/avayroy/Optivus/test/onboarding_step7_skin_care_test.dart: Selected products sheet and list width=412.0 large text                                                                  00:32 +929: /Users/avayroy/Optivus/test/onboarding_routing_test.dart: unverified users are held at verification for setup and app routes                                                               
[EmailVerification] stage=verify_screen_entered initialSendState=pending
[VerificationLifecycle] event=poll_cancelled reason=dispose
00:32 +930: /Users/avayroy/Optivus/test/onboarding_step7_skin_care_test.dart: Selected products sheet and list width=412.0 large text                                                                  00:32 +931: /Users/avayroy/Optivus/test/create_account_stabilization_test.dart: signup IME actions follow Next chain and Done unfocuses                                                                00:33 +931: /Users/avayroy/Optivus/test/create_account_stabilization_test.dart: signup IME actions follow Next chain and Done unfocuses                                                                00:33 +932: /Users/avayroy/Optivus/test/create_account_stabilization_test.dart: signup IME actions follow Next chain and Done unfocuses                                                                00:33 +933: /Users/avayroy/Optivus/test/create_account_stabilization_test.dart: signup IME actions follow Next chain and Done unfocuses                                                                00:33 +934: /Users/avayroy/Optivus/test/onboarding_routing_test.dart: verified incomplete users enter onboarding and cannot enter the app                                                              00:33 +935: /Users/avayroy/Optivus/test/onboarding_routing_test.dart: verified incomplete users enter onboarding and cannot enter the app                                                              00:33 +936: /Users/avayroy/Optivus/test/onboarding_routing_test.dart: verified incomplete users enter onboarding and cannot enter the app                                                              00:33 +937: /Users/avayroy/Optivus/test/create_account_stabilization_test.dart: keyboard layout compacts header and does not dock CTA                                                                  00:33 +938: /Users/avayroy/Optivus/test/onboarding_step7_skin_care_test.dart: No products responsive width=360.0 text=1.6 keyboard                                                                     00:33 +939: /Users/avayroy/Optivus/test/onboarding_routing_test.dart: verified completed users enter the app and cannot re-enter onboarding                                                            00:33 +940: /Users/avayroy/Optivus/test/onboarding_routing_test.dart: verified completed users enter the app and cannot re-enter onboarding                                                            00:33 +941: /Users/avayroy/Optivus/test/onboarding_routing_test.dart: verified completed users enter the app and cannot re-enter onboarding                                                            00:33 +942: /Users/avayroy/Optivus/test/onboarding_routing_test.dart: verified completed users enter the app and cannot re-enter onboarding                                                            00:33 +943: /Users/avayroy/Optivus/test/onboarding_step7_skin_care_test.dart: 1. Global CTA hides while keyboard is open                                                                               00:33 +944: /Users/avayroy/Optivus/test/create_account_stabilization_test.dart: blank login fits Realme 6 without user scrolling                                                                       00:33 +945: /Users/avayroy/Optivus/test/onboarding_routing_test.dart: logout returns a completed user to Welcome                                                                                       00:33 +946: /Users/avayroy/Optivus/test/onboarding_routing_test.dart: logout returns a completed user to Welcome                                                                                       00:33 +947: /Users/avayroy/Optivus/test/onboarding_routing_test.dart: logout returns a completed user to Welcome                                                                                       00:33 +948: /Users/avayroy/Optivus/test/create_account_stabilization_test.dart: auth entry screens reuse Back while verification blocks bypass                                                         00:33 +949: /Users/avayroy/Optivus/test/create_account_stabilization_test.dart: auth entry screens reuse Back while verification blocks bypass                                                         00:33 +950: /Users/avayroy/Optivus/test/create_account_stabilization_test.dart: auth entry screens reuse Back while verification blocks bypass                                                         00:33 +950: /Users/avayroy/Optivus/test/create_account_stabilization_test.dart: auth entry screens reuse Back while verification blocks bypass                                                         
[EmailVerification] stage=verify_screen_entered initialSendState=pending
00:33 +951: /Users/avayroy/Optivus/test/create_account_stabilization_test.dart: auth entry screens reuse Back while verification blocks bypass                                                         00:33 +951: /Users/avayroy/Optivus/test/create_account_stabilization_test.dart: auth entry screens reuse Back while verification blocks bypass                                                         
[VerificationLifecycle] event=poll_cancelled reason=dispose
00:33 +952: /Users/avayroy/Optivus/test/onboarding_step7_skin_care_test.dart: 4. Uploaded photo labels must be reviewed before generation                                                              00:33 +953: /Users/avayroy/Optivus/test/onboarding_step7_skin_care_test.dart: 4. Uploaded photo labels must be reviewed before generation                                                              00:33 +954: /Users/avayroy/Optivus/test/create_account_stabilization_test.dart: all auth text fields share 50px standard height                                                                        00:33 +955: /Users/avayroy/Optivus/test/create_account_stabilization_test.dart: all auth text fields share 50px standard height                                                                        00:33 +956: /Users/avayroy/Optivus/test/create_account_stabilization_test.dart: all auth text fields share 50px standard height                                                                        00:33 +957: /Users/avayroy/Optivus/test/onboarding_step7_skin_care_test.dart: 6b. Typing product names still allows the photo workflow                                                                 00:34 +957: /Users/avayroy/Optivus/test/onboarding_step7_skin_care_test.dart: 6b. Typing product names still allows the photo workflow                                                                 00:34 +958: /Users/avayroy/Optivus/test/onboarding_step7_skin_care_test.dart: 6b. Typing product names still allows the photo workflow                                                                 00:34 +959: /Users/avayroy/Optivus/test/onboarding_step7_skin_care_test.dart: 6b. Typing product names still allows the photo workflow                                                                 00:34 +959: /Users/avayroy/Optivus/test/onboarding_step7_skin_care_test.dart: 6c. Clearing typed product names re-enables photo upload                                                                 00:34 +960: /Users/avayroy/Optivus/test/widget_test.dart: AppButton renders text and triggers onPressed                                                                                                00:34 +961: /Users/avayroy/Optivus/test/widget_test.dart: AppButton renders text and triggers onPressed                                                                                                00:34 +961: /Users/avayroy/Optivus/test/ah_f014_step14_idempotency_test.dart: (setUpAll)                                                                                                               
[SystemWakeLock] Acquired wake lock claim.
00:34 +961: /Users/avayroy/Optivus/test/onboarding_step7_skin_care_test.dart: 6f. Personalization is persisted and sent to routine AI                                                                  
[Onboarding7Scheduler] accepted gap=60 flexible=false blocks=2
00:34 +961: /Users/avayroy/Optivus/test/ah_f014_step14_idempotency_test.dart: (setUpAll)                                                                                                               
[CompletionTiming] validateInput=0ms
[CompletionTiming] persistDraft=1ms
[CompletionTiming] verifyDraft=1ms
[CompletionTiming] persistBundle=0ms
[CompletionTiming] verifyBundle=1ms
[CompletionTiming] reconcileRoutines=7ms
[CompletionTiming] verifyRoutines=0ms
[CompletionTiming] projectRoutineHistory=13ms
[CompletionTiming] verifyRoutineHistory=0ms
00:34 +962: /Users/avayroy/Optivus/test/widget_test.dart: AppButton renders text and triggers onPressed                                                                                                00:34 +962: /Users/avayroy/Optivus/test/ah_f014_step14_idempotency_test.dart: (setUpAll)                                                                                                               
[CompletionTiming] reconcileHabitSystems=18ms
[CompletionTiming] verifyHabitSystems=0ms
[CompletionTiming] reloadControllers=23ms
00:34 +963: /Users/avayroy/Optivus/test/widget_test.dart: AppButton renders text and triggers onPressed                                                                                                00:34 +963: /Users/avayroy/Optivus/test/ah_f014_step14_idempotency_test.dart: (setUpAll)                                                                                                               
[CompletionTiming] verifyFrontendState=4ms
[CompletionTiming] finalizeProfile=0ms
00:34 +964: /Users/avayroy/Optivus/test/widget_test.dart: AppButton renders text and triggers onPressed                                                                                                00:34 +964: /Users/avayroy/Optivus/test/ah_f014_step14_idempotency_test.dart: (setUpAll)                                                                                                               
[CompletionTiming] total=121ms
[SystemWakeLock] Released wake lock claim.
00:34 +964: /Users/avayroy/Optivus/test/widget_test.dart: AppButton renders text and triggers onPressed                                                                                                00:34 +964: /Users/avayroy/Optivus/test/ah_f014_step14_idempotency_test.dart: AH-F014 clean oracle and deterministic identity history projection uses one bounded batch call                           
[SystemWakeLock] Acquired wake lock claim.
[CompletionTiming] validateInput=0ms
[CompletionTiming] persistDraft=0ms
[CompletionTiming] verifyDraft=1ms
[CompletionTiming] persistBundle=0ms
[CompletionTiming] verifyBundle=0ms
[CompletionTiming] reconcileRoutines=2ms
[CompletionTiming] verifyRoutines=0ms
[CompletionTiming] projectRoutineHistory=4ms
[CompletionTiming] verifyRoutineHistory=0ms
[CompletionTiming] reconcileHabitSystems=3ms
[CompletionTiming] verifyHabitSystems=0ms
[CompletionTiming] reloadControllers=4ms
[CompletionTiming] verifyFrontendState=2ms
[CompletionTiming] finalizeProfile=0ms
[CompletionTiming] total=34ms
[SystemWakeLock] Released wake lock claim.
00:34 +965: /Users/avayroy/Optivus/test/widget_test.dart: AppButton renders text and triggers onPressed                                                                                                00:34 +966: /Users/avayroy/Optivus/test/widget_test.dart: AppButton renders text and triggers onPressed                                                                                                00:34 +967: /Users/avayroy/Optivus/test/widget_test.dart: AppButton renders text and triggers onPressed                                                                                                00:34 +967: /Users/avayroy/Optivus/test/ah_f014_step14_idempotency_test.dart: AH-F014 cold process-kill fault matrix crash before routine transaction converges to baseline                            
[SystemWakeLock] Acquired wake lock claim.
[CompletionTiming] validateInput=0ms
[CompletionTiming] persistDraft=0ms
[CompletionTiming] verifyDraft=0ms
[CompletionTiming] persistBundle=0ms
00:34 +968: /Users/avayroy/Optivus/test/widget_test.dart: AppButton renders text and triggers onPressed                                                                                                00:34 +968: /Users/avayroy/Optivus/test/ah_f014_step14_idempotency_test.dart: AH-F014 cold process-kill fault matrix crash before routine transaction converges to baseline                            
[CompletionTiming] verifyBundle=0ms
[CompletionFailure] stage=reconcileRoutines code=unhandled_exception category=execution_failed retryable=true
[SystemWakeLock] Released wake lock claim.
[SystemWakeLock] Acquired wake lock claim.
[CompletionTiming] reconcileRoutines=1ms
[CompletionTiming] verifyRoutines=0ms
[CompletionTiming] projectRoutineHistory=3ms
[CompletionTiming] verifyRoutineHistory=0ms
[CompletionTiming] reconcileHabitSystems=1ms
[CompletionTiming] verifyHabitSystems=0ms
[CompletionTiming] reloadControllers=1ms
[CompletionTiming] verifyFrontendState=0ms
[CompletionTiming] finalizeProfile=0ms
[CompletionTiming] total=21ms
[SystemWakeLock] Released wake lock claim.
00:34 +969: /Users/avayroy/Optivus/test/widget_test.dart: AppButton renders text and triggers onPressed                                                                                                00:34 +969: /Users/avayroy/Optivus/test/ah_f014_step14_idempotency_test.dart: AH-F014 cold process-kill fault matrix crash after routine commit reuses projection with no duplicate                    
[SystemWakeLock] Acquired wake lock claim.
[CompletionTiming] validateInput=0ms
[CompletionTiming] persistDraft=0ms
[CompletionTiming] verifyDraft=1ms
[CompletionTiming] persistBundle=0ms
[CompletionTiming] verifyBundle=0ms
[CompletionFailure] stage=reconcileRoutines code=unhandled_exception category=execution_failed retryable=true
[SystemWakeLock] Released wake lock claim.
[SystemWakeLock] Acquired wake lock claim.
[CompletionTiming] reconcileRoutines=0ms
[CompletionTiming] verifyRoutines=0ms
[CompletionTiming] projectRoutineHistory=2ms
[CompletionTiming] verifyRoutineHistory=0ms
[CompletionTiming] reconcileHabitSystems=1ms
[CompletionTiming] verifyHabitSystems=0ms
[CompletionTiming] reloadControllers=2ms
[CompletionTiming] verifyFrontendState=0ms
[CompletionTiming] finalizeProfile=0ms
[CompletionTiming] total=19ms
[SystemWakeLock] Released wake lock claim.
00:34 +970: /Users/avayroy/Optivus/test/widget_test.dart: AppButton renders text and triggers onPressed                                                                                                00:34 +971: /Users/avayroy/Optivus/test/widget_test.dart: AppButton renders text and triggers onPressed                                                                                                00:34 +971: /Users/avayroy/Optivus/test/ah_f014_step14_idempotency_test.dart: AH-F014 cold process-kill fault matrix unknown routine commit result is resolved by durable identity                     
[SystemWakeLock] Acquired wake lock claim.
[CompletionTiming] validateInput=0ms
[CompletionTiming] persistDraft=0ms
[CompletionTiming] verifyDraft=0ms
[CompletionTiming] persistBundle=0ms
[CompletionTiming] verifyBundle=0ms
[CompletionFailure] stage=reconcileRoutines code=unhandled_exception category=execution_failed retryable=true
[SystemWakeLock] Released wake lock claim.
[SystemWakeLock] Acquired wake lock claim.
[CompletionTiming] reconcileRoutines=1ms
[CompletionTiming] verifyRoutines=0ms
[CompletionTiming] projectRoutineHistory=4ms
[CompletionTiming] verifyRoutineHistory=0ms
[CompletionTiming] reconcileHabitSystems=1ms
[CompletionTiming] verifyHabitSystems=0ms
[CompletionTiming] reloadControllers=1ms
[CompletionTiming] verifyFrontendState=1ms
[CompletionTiming] finalizeProfile=0ms
[CompletionTiming] total=22ms
[SystemWakeLock] Released wake lock claim.
00:34 +972: /Users/avayroy/Optivus/test/widget_test.dart: AppButton renders text and triggers onPressed                                                                                                00:34 +972: /Users/avayroy/Optivus/test/ah_f014_step14_idempotency_test.dart: AH-F014 cold process-kill fault matrix crash during routine verification reruns read-only without duplicate              
[SystemWakeLock] Acquired wake lock claim.
[CompletionTiming] validateInput=0ms
[CompletionTiming] persistDraft=0ms
[CompletionTiming] verifyDraft=0ms
[CompletionTiming] persistBundle=0ms
[CompletionTiming] verifyBundle=0ms
[CompletionTiming] reconcileRoutines=0ms
[CompletionTiming] verifyRoutines=0ms
[CompletionFailure] stage=projectRoutineHistory code=unhandled_exception category=execution_failed retryable=true
[SystemWakeLock] Released wake lock claim.
[SystemWakeLock] Acquired wake lock claim.
[CompletionTiming] projectRoutineHistory=1ms
[CompletionTiming] verifyRoutineHistory=0ms
[CompletionTiming] reconcileHabitSystems=0ms
[CompletionTiming] verifyHabitSystems=0ms
[CompletionTiming] reloadControllers=1ms
[CompletionTiming] verifyFrontendState=0ms
[CompletionTiming] finalizeProfile=0ms
[CompletionTiming] total=13ms
[SystemWakeLock] Released wake lock claim.
00:34 +973: /Users/avayroy/Optivus/test/widget_test.dart: AppButton renders text and triggers onPressed                                                                                                00:34 +973: /Users/avayroy/Optivus/test/ah_f014_step14_idempotency_test.dart: AH-F014 cold process-kill fault matrix partial K-of-N projection creates only missing outputs                            
[SystemWakeLock] Acquired wake lock claim.
[CompletionTiming] validateInput=0ms
[CompletionTiming] persistDraft=0ms
[CompletionTiming] verifyDraft=0ms
[CompletionTiming] persistBundle=0ms
[CompletionTiming] verifyBundle=0ms
[CompletionTiming] reconcileRoutines=1ms
[CompletionTiming] verifyRoutines=0ms
[CompletionTiming] projectRoutineHistory=1ms
[CompletionTiming] verifyRoutineHistory=0ms
[CompletionTiming] reconcileHabitSystems=1ms
[CompletionTiming] verifyHabitSystems=0ms
[CompletionTiming] reloadControllers=1ms
[CompletionTiming] verifyFrontendState=1ms
[CompletionTiming] finalizeProfile=0ms
[CompletionTiming] total=16ms
[SystemWakeLock] Released wake lock claim.
00:34 +974: /Users/avayroy/Optivus/test/widget_test.dart: AppButton renders text and triggers onPressed                                                                                                00:34 +974: /Users/avayroy/Optivus/test/ah_f014_step14_idempotency_test.dart: AH-F014 cold process-kill fault matrix RoutineHistory commit then crash is idempotent                                    
[SystemWakeLock] Acquired wake lock claim.
[CompletionTiming] validateInput=0ms
[CompletionTiming] persistDraft=0ms
[CompletionTiming] verifyDraft=0ms
[CompletionTiming] persistBundle=0ms
[CompletionTiming] verifyBundle=0ms
[CompletionTiming] reconcileRoutines=0ms
[CompletionTiming] verifyRoutines=0ms
00:34 +975: /Users/avayroy/Optivus/test/widget_test.dart: AppButton renders text and triggers onPressed                                                                                                00:34 +975: /Users/avayroy/Optivus/test/ah_f014_step14_idempotency_test.dart: AH-F014 cold process-kill fault matrix RoutineHistory commit then crash is idempotent                                    
[CompletionFailure] stage=projectRoutineHistory code=unhandled_exception category=execution_failed retryable=true
[SystemWakeLock] Released wake lock claim.
[SystemWakeLock] Acquired wake lock claim.
00:34 +976: /Users/avayroy/Optivus/test/widget_test.dart: AppButton renders text and triggers onPressed                                                                                                00:34 +976: /Users/avayroy/Optivus/test/ah_f014_step14_idempotency_test.dart: AH-F014 cold process-kill fault matrix RoutineHistory commit then crash is idempotent                                    
[CompletionTiming] projectRoutineHistory=2ms
[CompletionTiming] verifyRoutineHistory=0ms
[CompletionTiming] reconcileHabitSystems=1ms
[CompletionTiming] verifyHabitSystems=0ms
00:34 +977: /Users/avayroy/Optivus/test/widget_test.dart: AppButton renders text and triggers onPressed                                                                                                00:34 +977: /Users/avayroy/Optivus/test/ah_f014_step14_idempotency_test.dart: AH-F014 cold process-kill fault matrix RoutineHistory commit then crash is idempotent                                    
[CompletionTiming] reloadControllers=2ms
00:34 +978: /Users/avayroy/Optivus/test/widget_test.dart: AppButton renders text and triggers onPressed                                                                                                00:34 +978: /Users/avayroy/Optivus/test/ah_f014_step14_idempotency_test.dart: AH-F014 cold process-kill fault matrix RoutineHistory commit then crash is idempotent                                    
[CompletionTiming] verifyFrontendState=1ms
[CompletionTiming] finalizeProfile=0ms
00:34 +979: /Users/avayroy/Optivus/test/widget_test.dart: AppButton renders text and triggers onPressed                                                                                                00:34 +979: /Users/avayroy/Optivus/test/ah_f014_step14_idempotency_test.dart: AH-F014 cold process-kill fault matrix RoutineHistory commit then crash is idempotent                                    
[CompletionTiming] total=19ms
[SystemWakeLock] Released wake lock claim.
00:34 +980: /Users/avayroy/Optivus/test/widget_test.dart: AppButton renders text and triggers onPressed                                                                                                00:34 +980: /Users/avayroy/Optivus/test/ah_f014_step14_idempotency_test.dart: AH-F014 cold process-kill fault matrix HabitSystems commit then crash is idempotent                                      
[SystemWakeLock] Acquired wake lock claim.
[CompletionTiming] validateInput=0ms
[CompletionTiming] persistDraft=0ms
[CompletionTiming] verifyDraft=0ms
[CompletionTiming] persistBundle=0ms
[CompletionTiming] verifyBundle=0ms
[CompletionTiming] reconcileRoutines=1ms
[CompletionTiming] verifyRoutines=0ms
[CompletionTiming] projectRoutineHistory=1ms
[CompletionTiming] verifyRoutineHistory=0ms
[CompletionFailure] stage=reconcileHabitSystems code=unhandled_exception category=execution_failed retryable=true
[SystemWakeLock] Released wake lock claim.
[SystemWakeLock] Acquired wake lock claim.
[CompletionTiming] reconcileHabitSystems=1ms
[CompletionTiming] verifyHabitSystems=0ms
[CompletionTiming] reloadControllers=1ms
[CompletionTiming] verifyFrontendState=0ms
[CompletionTiming] finalizeProfile=0ms
[CompletionTiming] total=13ms
[SystemWakeLock] Released wake lock claim.
00:34 +981: /Users/avayroy/Optivus/test/widget_test.dart: AppButton renders text and triggers onPressed                                                                                                00:34 +981: /Users/avayroy/Optivus/test/ah_f014_step14_idempotency_test.dart: AH-F014 cold process-kill fault matrix repeated cold restarts across stages remain baseline-equivalent                   
[SystemWakeLock] Acquired wake lock claim.
[CompletionTiming] validateInput=0ms
[CompletionTiming] persistDraft=0ms
00:34 +982: /Users/avayroy/Optivus/test/onboarding_step7_skin_care_test.dart: 8d. Photo review persists rich metadata immediately and restores before routine generation                               00:34 +982: /Users/avayroy/Optivus/test/ah_f014_step14_idempotency_test.dart: AH-F014 cold process-kill fault matrix repeated cold restarts across stages remain baseline-equivalent                   
[CompletionTiming] verifyDraft=1ms
[CompletionTiming] persistBundle=0ms
[CompletionTiming] verifyBundle=0ms
[CompletionFailure] stage=reconcileRoutines code=unhandled_exception category=execution_failed retryable=true
[SystemWakeLock] Released wake lock claim.
[SystemWakeLock] Acquired wake lock claim.
[CompletionFailure] stage=reconcileRoutines code=unhandled_exception category=execution_failed retryable=true
[SystemWakeLock] Released wake lock claim.
[SystemWakeLock] Acquired wake lock claim.
[CompletionTiming] reconcileRoutines=1ms
[CompletionTiming] verifyRoutines=0ms
[CompletionFailure] stage=projectRoutineHistory code=unhandled_exception category=execution_failed retryable=true
[SystemWakeLock] Released wake lock claim.
[SystemWakeLock] Acquired wake lock claim.
[CompletionFailure] stage=projectRoutineHistory code=unhandled_exception category=execution_failed retryable=true
[SystemWakeLock] Released wake lock claim.
[SystemWakeLock] Acquired wake lock claim.
[CompletionTiming] projectRoutineHistory=1ms
[CompletionTiming] verifyRoutineHistory=0ms
[CompletionFailure] stage=reconcileHabitSystems code=unhandled_exception category=execution_failed retryable=true
[SystemWakeLock] Released wake lock claim.
[SystemWakeLock] Acquired wake lock claim.
[CompletionTiming] reconcileHabitSystems=1ms
[CompletionTiming] verifyHabitSystems=0ms
[CompletionTiming] reloadControllers=2ms
[CompletionTiming] verifyFrontendState=0ms
[CompletionTiming] finalizeProfile=0ms
[CompletionTiming] total=31ms
[SystemWakeLock] Released wake lock claim.
00:35 +983: /Users/avayroy/Optivus/test/onboarding_step7_skin_care_test.dart: 8d. Photo review persists rich metadata immediately and restores before routine generation                               00:35 +983: /Users/avayroy/Optivus/test/ah_f014_step14_idempotency_test.dart: AH-F014 receipt reuse, repair, and integrity projection exists and receipt missing repairs receipt in place              
[SystemWakeLock] Acquired wake lock claim.
[CompletionTiming] validateInput=0ms
[CompletionTiming] persistDraft=0ms
00:35 +984: /Users/avayroy/Optivus/test/ah_f014_step14_idempotency_test.dart: AH-F014 receipt reuse, repair, and integrity projection exists and receipt missing repairs receipt in place              00:35 +984: /Users/avayroy/Optivus/test/ah_f014_step14_idempotency_test.dart: AH-F014 receipt reuse, repair, and integrity projection exists and receipt missing repairs receipt in place              
[CompletionTiming] verifyDraft=0ms
[CompletionTiming] persistBundle=0ms
[CompletionTiming] verifyBundle=0ms
[CompletionTiming] reconcileRoutines=0ms
[CompletionTiming] verifyRoutines=0ms
[CompletionTiming] projectRoutineHistory=1ms
[CompletionTiming] verifyRoutineHistory=0ms
00:35 +985: /Users/avayroy/Optivus/test/ah_f014_step14_idempotency_test.dart: AH-F014 receipt reuse, repair, and integrity projection exists and receipt missing repairs receipt in place              00:35 +985: /Users/avayroy/Optivus/test/ah_f014_step14_idempotency_test.dart: AH-F014 receipt reuse, repair, and integrity projection exists and receipt missing repairs receipt in place              
[CompletionTiming] reconcileHabitSystems=1ms
[CompletionTiming] verifyHabitSystems=0ms
[CompletionTiming] reloadControllers=1ms
00:35 +986: /Users/avayroy/Optivus/test/ah_f014_step14_idempotency_test.dart: AH-F014 receipt reuse, repair, and integrity projection exists and receipt missing repairs receipt in place              00:35 +986: /Users/avayroy/Optivus/test/ah_f014_step14_idempotency_test.dart: AH-F014 receipt reuse, repair, and integrity projection exists and receipt missing repairs receipt in place              
[CompletionTiming] verifyFrontendState=1ms
[CompletionTiming] finalizeProfile=0ms
[CompletionTiming] total=17ms
[SystemWakeLock] Released wake lock claim.
00:35 +987: /Users/avayroy/Optivus/test/onboarding_step7_skin_care_test.dart: 9. Empty timelineBlocks does not create fallback blocks                                                                  00:35 +987: /Users/avayroy/Optivus/test/ah_f014_step14_idempotency_test.dart: AH-F014 receipt reuse, repair, and integrity valid projection and receipt are reused without new identity                
[SystemWakeLock] Acquired wake lock claim.
[CompletionTiming] validateInput=0ms
[CompletionTiming] persistDraft=0ms
[CompletionTiming] verifyDraft=1ms
[CompletionTiming] persistBundle=0ms
[CompletionTiming] verifyBundle=0ms
[CompletionTiming] reconcileRoutines=0ms
[CompletionTiming] verifyRoutines=0ms
[CompletionTiming] projectRoutineHistory=2ms
[CompletionTiming] verifyRoutineHistory=0ms
[CompletionTiming] reconcileHabitSystems=2ms
[CompletionTiming] verifyHabitSystems=0ms
[CompletionTiming] reloadControllers=2ms
[CompletionTiming] verifyFrontendState=1ms
[CompletionTiming] finalizeProfile=0ms
[CompletionTiming] total=20ms
[SystemWakeLock] Released wake lock claim.
00:35 +988: /Users/avayroy/Optivus/test/onboarding_step7_skin_care_test.dart: 9. Empty timelineBlocks does not create fallback blocks                                                                  00:35 +988: /Users/avayroy/Optivus/test/ah_f014_step14_idempotency_test.dart: AH-F014 receipt reuse, repair, and integrity repairable legacy projection metadata repairs the routine only              
[SystemWakeLock] Acquired wake lock claim.
[CompletionTiming] validateInput=0ms
[CompletionTiming] persistDraft=0ms
[CompletionTiming] verifyDraft=3ms
[CompletionTiming] persistBundle=0ms
[CompletionTiming] verifyBundle=0ms
[CompletionTiming] reconcileRoutines=2ms
[CompletionTiming] verifyRoutines=0ms
[CompletionTiming] projectRoutineHistory=2ms
[CompletionTiming] verifyRoutineHistory=0ms
[CompletionTiming] reconcileHabitSystems=1ms
[CompletionTiming] verifyHabitSystems=0ms
[CompletionTiming] reloadControllers=2ms
[CompletionTiming] verifyFrontendState=0ms
[CompletionTiming] finalizeProfile=0ms
[CompletionTiming] total=25ms
[SystemWakeLock] Released wake lock claim.
00:35 +989: /Users/avayroy/Optivus/test/onboarding_step7_skin_care_test.dart: 9. Empty timelineBlocks does not create fallback blocks                                                                  00:35 +989: /Users/avayroy/Optivus/test/ah_f014_step14_idempotency_test.dart: AH-F014 receipt reuse, repair, and integrity unsafe mismatched receipt is not blindly reused                             
[SystemWakeLock] Acquired wake lock claim.
[CompletionTiming] validateInput=0ms
[CompletionTiming] persistDraft=0ms
[CompletionTiming] verifyDraft=0ms
[CompletionTiming] persistBundle=0ms
[CompletionTiming] verifyBundle=0ms
[CompletionTiming] reconcileRoutines=0ms
[CompletionTiming] verifyRoutines=0ms
[CompletionTiming] projectRoutineHistory=2ms
[CompletionTiming] verifyRoutineHistory=0ms
[CompletionTiming] reconcileHabitSystems=1ms
[CompletionTiming] verifyHabitSystems=0ms
[CompletionTiming] reloadControllers=2ms
[CompletionTiming] verifyFrontendState=0ms
[CompletionTiming] finalizeProfile=0ms
[CompletionTiming] total=18ms
[SystemWakeLock] Released wake lock claim.
00:35 +990: /Users/avayroy/Optivus/test/onboarding_step7_skin_care_test.dart: 9. Empty timelineBlocks does not create fallback blocks                                                                  00:35 +991: /Users/avayroy/Optivus/test/onboarding_step7_skin_care_test.dart: 9. Empty timelineBlocks does not create fallback blocks                                                                  00:35 +992: /Users/avayroy/Optivus/test/ah_f014_step14_idempotency_test.dart: AH-F014 stage evidence, isolation, and terminalization stale stage behind committed outputs reuses all output identities 00:35 +992: /Users/avayroy/Optivus/test/ah_f014_step14_idempotency_test.dart: AH-F014 stage evidence, isolation, and terminalization stale stage behind committed outputs reuses all output identities 
[SystemWakeLock] Acquired wake lock claim.
[CompletionTiming] validateInput=0ms
[CompletionTiming] persistDraft=0ms
[CompletionTiming] verifyDraft=0ms
[CompletionTiming] persistBundle=4ms
[CompletionTiming] verifyBundle=0ms
[CompletionTiming] reconcileRoutines=0ms
[CompletionTiming] verifyRoutines=0ms
[CompletionTiming] projectRoutineHistory=6ms
[CompletionTiming] verifyRoutineHistory=0ms
[CompletionTiming] reconcileHabitSystems=1ms
[CompletionTiming] verifyHabitSystems=0ms
[CompletionTiming] reloadControllers=3ms
[CompletionTiming] verifyFrontendState=0ms
[CompletionTiming] finalizeProfile=0ms
[CompletionTiming] total=26ms
[SystemWakeLock] Released wake lock claim.
[SystemWakeLock] Acquired wake lock claim.
[CompletionTiming] reconcileRoutines=1ms
[CompletionTiming] verifyRoutines=0ms
[CompletionTiming] projectRoutineHistory=3ms
[CompletionTiming] verifyRoutineHistory=0ms
[CompletionTiming] reconcileHabitSystems=1ms
[CompletionTiming] verifyHabitSystems=0ms
00:35 +993: /Users/avayroy/Optivus/test/onboarding_step7_skin_care_test.dart: 10. Successful generation creates valid scheduled skin_care blocks                                                       00:35 +993: /Users/avayroy/Optivus/test/onboarding_step7_skin_care_test.dart: 10. Successful generation creates valid scheduled skin_care blocks                                                       
[Onboarding7Scheduler] accepted gap=60 flexible=false blocks=2
00:35 +994: /Users/avayroy/Optivus/test/onboarding_step7_skin_care_test.dart: 10. Successful generation creates valid scheduled skin_care blocks                                                       00:35 +995: /Users/avayroy/Optivus/test/onboarding_step7_skin_care_test.dart: 10. Successful generation creates valid scheduled skin_care blocks                                                       00:35 +996: /Users/avayroy/Optivus/test/ah_f014_step14_idempotency_test.dart: AH-F014 stage evidence, isolation, and terminalization legacy completed-profile gap resumes through AH-F013 proof        00:35 +997: /Users/avayroy/Optivus/test/onboarding_step7_skin_care_test.dart: 10b. Text-only routine with provided products generates exact owned names                                                00:35 +998: /Users/avayroy/Optivus/test/onboarding_step7_skin_care_test.dart: 10b. Text-only routine with provided products generates exact owned names                                                00:35 +999: /Users/avayroy/Optivus/test/onboarding_step7_skin_care_test.dart: 10b. Text-only routine with provided products generates exact owned names                                                00:35 +1000: /Users/avayroy/Optivus/test/onboarding_step7_skin_care_test.dart: 10b. Text-only routine with provided products generates exact owned names                                               00:35 +1001: /Users/avayroy/Optivus/test/onboarding_step7_skin_care_test.dart: 10b. Text-only routine with provided products generates exact owned names                                               00:35 +1002: /Users/avayroy/Optivus/test/onboarding_step7_skin_care_test.dart: 10b. Text-only routine with provided products generates exact owned names                                               00:35 +1003: /Users/avayroy/Optivus/test/onboarding_step7_skin_care_test.dart: 10b. Text-only routine with provided products generates exact owned names                                               00:35 +1004: /Users/avayroy/Optivus/test/onboarding_step7_skin_care_test.dart: 10b. Text-only routine with provided products generates exact owned names                                               00:35 +1005: /Users/avayroy/Optivus/test/onboarding_step7_skin_care_test.dart: 10b. Text-only routine with provided products generates exact owned names                                               00:35 +1006: /Users/avayroy/Optivus/test/onboarding_step7_skin_care_test.dart: 10b. Text-only routine with provided products generates exact owned names                                               00:35 +1007: /Users/avayroy/Optivus/test/onboarding_step7_skin_care_test.dart: 10b. Text-only routine with provided products generates exact owned names                                               00:35 +1008: /Users/avayroy/Optivus/test/onboarding_step7_skin_care_test.dart: 10b. Text-only routine with provided products generates exact owned names                                               00:35 +1009: /Users/avayroy/Optivus/test/onboarding_step7_skin_care_test.dart: 10b. Text-only routine with provided products generates exact owned names                                               00:35 +1009: /Users/avayroy/Optivus/test/onboarding_step7_skin_care_test.dart: 10b. Text-only routine with provided products generates exact owned names                                               
[Onboarding7Scheduler] accepted gap=60 flexible=false blocks=2
00:35 +1010: /Users/avayroy/Optivus/test/onboarding_step7_skin_care_test.dart: 10b. Text-only routine with provided products generates exact owned names                                               00:35 +1011: /Users/avayroy/Optivus/test/onboarding_step7_skin_care_test.dart: 10b. Text-only routine with provided products generates exact owned names                                               00:35 +1012: /Users/avayroy/Optivus/test/onboarding_step7_skin_care_test.dart: 10b. Text-only routine with provided products generates exact owned names                                               00:35 +1013: /Users/avayroy/Optivus/test/onboarding_step7_skin_care_test.dart: 10b. Text-only routine with provided products generates exact owned names                                               00:35 +1014: /Users/avayroy/Optivus/test/onboarding_step7_skin_care_test.dart: 10b. Text-only routine with provided products generates exact owned names                                               00:35 +1015: /Users/avayroy/Optivus/test/onboarding_step7_skin_care_test.dart: 10b. Text-only routine with provided products generates exact owned names                                               00:35 +1016: /Users/avayroy/Optivus/test/onboarding_step7_skin_care_test.dart: 10b. Text-only routine with provided products generates exact owned names                                               00:35 +1017: /Users/avayroy/Optivus/test/onboarding_step7_skin_care_test.dart: 10b. Text-only routine with provided products generates exact owned names                                               00:35 +1018: /Users/avayroy/Optivus/test/onboarding_step7_skin_care_test.dart: 10b. Text-only routine with provided products generates exact owned names                                               00:35 +1019: /Users/avayroy/Optivus/test/onboarding_step7_skin_care_test.dart: 10b. Text-only routine with provided products generates exact owned names                                               00:35 +1020: /Users/avayroy/Optivus/test/onboarding_step7_skin_care_test.dart: 10b. Text-only routine with provided products generates exact owned names                                               00:35 +1021: /Users/avayroy/Optivus/test/onboarding_step7_skin_care_test.dart: 10b. Text-only routine with provided products generates exact owned names                                               00:35 +1022: /Users/avayroy/Optivus/test/onboarding_step7_skin_care_test.dart: 10b. Text-only routine with provided products generates exact owned names                                               00:35 +1023: /Users/avayroy/Optivus/test/onboarding_step7_skin_care_test.dart: 10b. Text-only routine with provided products generates exact owned names                                               00:35 +1024: /Users/avayroy/Optivus/test/onboarding_step7_skin_care_test.dart: 10b. Text-only routine with provided products generates exact owned names                                               00:35 +1025: /Users/avayroy/Optivus/test/onboarding_step7_skin_care_test.dart: 10b. Text-only routine with provided products generates exact owned names                                               00:35 +1026: /Users/avayroy/Optivus/test/onboarding_step7_skin_care_test.dart: 10b. Text-only routine with provided products generates exact owned names                                               00:35 +1027: /Users/avayroy/Optivus/test/onboarding_step7_skin_care_test.dart: 10b. Text-only routine with provided products generates exact owned names                                               00:35 +1028: /Users/avayroy/Optivus/test/onboarding_step7_skin_care_test.dart: 10b. Text-only routine with provided products generates exact owned names                                               00:35 +1029: /Users/avayroy/Optivus/test/onboarding_step7_skin_care_test.dart: 10b. Text-only routine with provided products generates exact owned names                                               00:35 +1030: /Users/avayroy/Optivus/test/onboarding_step7_skin_care_test.dart: 10b. Text-only routine with provided products generates exact owned names                                               00:35 +1031: /Users/avayroy/Optivus/test/onboarding_step7_skin_care_test.dart: 10b. Text-only routine with provided products generates exact owned names                                               00:35 +1032: /Users/avayroy/Optivus/test/onboarding_step7_skin_care_test.dart: 10b. Text-only routine with provided products generates exact owned names                                               00:35 +1033: /Users/avayroy/Optivus/test/onboarding_step7_skin_care_test.dart: 10b. Text-only routine with provided products generates exact owned names                                               00:35 +1034: /Users/avayroy/Optivus/test/ah_f014_step14_idempotency_test.dart: ... evidence, isolation, and terminalization completion cold restart causes zero AI or upload regeneration invocations  00:35 +1035: /Users/avayroy/Optivus/test/ah_f012_onboarding_resume_monotonicity_test.dart: AH-F012 reconstruction boundaries and purity valid Finishing state is not downgraded by stale currentStep   00:35 +1036: /Users/avayroy/Optivus/test/onboarding_step7_skin_care_test.dart: 10bb. Typed products keep the setup card compact before generate                                                        00:35 +1037: /Users/avayroy/Optivus/test/onboarding_step7_skin_care_test.dart: 10bb. Typed products keep the setup card compact before generate                                                        00:35 +1038: /Users/avayroy/Optivus/test/onboarding_step7_skin_care_test.dart: 10bb. Typed products keep the setup card compact before generate                                                        00:35 +1039: /Users/avayroy/Optivus/test/onboarding_step7_skin_care_test.dart: 10bb. Typed products keep the setup card compact before generate                                                        00:35 +1040: /Users/avayroy/Optivus/test/onboarding_step7_skin_care_test.dart: 10bb. Typed products keep the setup card compact before generate                                                        00:35 +1041: /Users/avayroy/Optivus/test/onboarding_step7_skin_care_test.dart: 10bb. Typed products keep the setup card compact before generate                                                        00:35 +1042: /Users/avayroy/Optivus/test/ah_f014_step14_idempotency_test.dart: Gate 6 executable completion-stage fault matrix persistBundle failure preserves its prior checkpoint and retries        00:35 +1043: /Users/avayroy/Optivus/test/onboarding_step7_skin_care_test.dart: 10c. PHA moves to special-care note without deleting daily routine                                                      00:35 +1044: /Users/avayroy/Optivus/test/onboarding_step7_skin_care_test.dart: 10c. PHA moves to special-care note without deleting daily routine                                                      00:35 +1045: /Users/avayroy/Optivus/test/onboarding_step7_skin_care_test.dart: 10c. PHA moves to special-care note without deleting daily routine                                                      00:36 +1045: /Users/avayroy/Optivus/test/onboarding_step7_skin_care_test.dart: 10c. PHA moves to special-care note without deleting daily routine                                                      00:36 +1046: /Users/avayroy/Optivus/test/onboarding_step7_skin_care_test.dart: 10c. PHA moves to special-care note without deleting daily routine                                                      00:36 +1046: /Users/avayroy/Optivus/test/onboarding_step7_skin_care_test.dart: 10c. PHA moves to special-care note without deleting daily routine                                                      
[Onboarding7Scheduler] accepted gap=60 flexible=false blocks=2
00:36 +1047: /Users/avayroy/Optivus/test/onboarding_step7_skin_care_test.dart: 10c. PHA moves to special-care note without deleting daily routine                                                      00:36 +1048: /Users/avayroy/Optivus/test/onboarding_step7_skin_care_test.dart: 10c. PHA moves to special-care note without deleting daily routine                                                      00:36 +1049: /Users/avayroy/Optivus/test/onboarding_step7_skin_care_test.dart: 10c. PHA moves to special-care note without deleting daily routine                                                      00:36 +1050: /Users/avayroy/Optivus/test/onboarding_step7_skin_care_test.dart: 10c. PHA moves to special-care note without deleting daily routine                                                      00:36 +1051: /Users/avayroy/Optivus/test/ah_f014_step14_idempotency_test.dart: Gate 6 executable completion-stage fault matrix reloadControllers failure preserves its prior checkpoint and retries    00:36 +1052: /Users/avayroy/Optivus/test/onboarding_step7_skin_care_test.dart: 10d. Mode 1 notes drop outside product suggestions                                                                      00:36 +1053: /Users/avayroy/Optivus/test/onboarding_step7_skin_care_test.dart: 10d. Mode 1 notes drop outside product suggestions                                                                      00:36 +1053: /Users/avayroy/Optivus/test/ah_f014_step14_idempotency_test.dart: AH-F014 stage evidence, isolation, and terminalization stale stage behind committed outputs reuses all output identities
[CompletionTiming] reloadControllers=4ms
[CompletionTiming] verifyFrontendState=1ms
[CompletionTiming] finalizeProfile=0ms
[CompletionTiming] total=56ms
[SystemWakeLock] Released wake lock claim.
[SystemWakeLock] Acquired wake lock claim.
[CompletionTiming] validateInput=0ms
[CompletionTiming] persistDraft=0ms
[CompletionTiming] verifyDraft=0ms
[CompletionTiming] persistBundle=0ms
[CompletionTiming] verifyBundle=0ms
[CompletionTiming] reconcileRoutines=1ms
[CompletionTiming] verifyRoutines=0ms
[CompletionTiming] projectRoutineHistory=1ms
[CompletionTiming] verifyRoutineHistory=0ms
[CompletionTiming] reconcileHabitSystems=4ms
[CompletionTiming] verifyHabitSystems=0ms
[CompletionTiming] reloadControllers=2ms
[CompletionTiming] verifyFrontendState=0ms
[CompletionTiming] finalizeProfile=0ms
[CompletionTiming] total=20ms
[SystemWakeLock] Released wake lock claim.
[SystemWakeLock] Acquired wake lock claim.
[CompletionFailure] stage=verifyRoutines code=state_error category=validation_failed retryable=false
[SystemWakeLock] Released wake lock claim.
[SystemWakeLock] Acquired wake lock claim.
[CompletionTiming] validateInput=1ms
[CompletionTiming] persistDraft=0ms
[CompletionTiming] verifyDraft=0ms
[CompletionTiming] persistBundle=0ms
[CompletionTiming] verifyBundle=0ms
[CompletionTiming] reconcileRoutines=1ms
[CompletionTiming] verifyRoutines=0ms
[CompletionTiming] projectRoutineHistory=7ms
[CompletionTiming] verifyRoutineHistory=0ms
[CompletionTiming] reconcileHabitSystems=5ms
[CompletionTiming] verifyHabitSystems=0ms
[CompletionTiming] reloadControllers=3ms
[CompletionTiming] verifyFrontendState=0ms
[CompletionTiming] finalizeProfile=0ms
[CompletionTiming] total=27ms
[SystemWakeLock] Released wake lock claim.
[SystemWakeLock] Acquired wake lock claim.
[CompletionTiming] finalizeProfile=0ms
[CompletionTiming] total=46ms
[SystemWakeLock] Released wake lock claim.
[SystemWakeLock] Acquired wake lock claim.
[CompletionTiming] validateInput=0ms
[CompletionTiming] persistDraft=0ms
[CompletionTiming] verifyDraft=1ms
[CompletionTiming] persistBundle=0ms
[CompletionTiming] verifyBundle=0ms
[CompletionTiming] reconcileRoutines=1ms
[CompletionTiming] verifyRoutines=0ms
[CompletionTiming] projectRoutineHistory=3ms
[CompletionTiming] verifyRoutineHistory=0ms
[CompletionTiming] reconcileHabitSystems=3ms
[CompletionTiming] verifyHabitSystems=0ms
[CompletionTiming] reloadControllers=7ms
[CompletionTiming] verifyFrontendState=1ms
[CompletionTiming] finalizeProfile=0ms
[CompletionFailure] stage=completed code=unhandled_exception category=execution_failed retryable=true
[SystemWakeLock] Released wake lock claim.
[SystemWakeLock] Acquired wake lock claim.
[CompletionTiming] total=44ms
[SystemWakeLock] Released wake lock claim.
[SystemWakeLock] Acquired wake lock claim.
[CompletionTiming] validateInput=0ms
[CompletionTiming] persistDraft=0ms
[CompletionTiming] verifyDraft=0ms
[CompletionTiming] persistBundle=0ms
[CompletionTiming] verifyBundle=0ms
[CompletionTiming] reconcileRoutines=0ms
[CompletionTiming] verifyRoutines=0ms
[CompletionTiming] projectRoutineHistory=2ms
[CompletionTiming] verifyRoutineHistory=0ms
[CompletionTiming] reconcileHabitSystems=2ms
[CompletionTiming] verifyHabitSystems=0ms
[CompletionTiming] reloadControllers=1ms
[CompletionTiming] verifyFrontendState=1ms
[CompletionTiming] finalizeProfile=0ms
[CompletionTiming] total=18ms
[SystemWakeLock] Released wake lock claim.
[SystemWakeLock] Acquired wake lock claim.
[CompletionTiming] validateInput=0ms
[CompletionTiming] persistDraft=0ms
[CompletionTiming] verifyDraft=1ms
[CompletionTiming] persistBundle=0ms
[CompletionTiming] verifyBundle=0ms
[CompletionFailure] stage=reconcileRoutines code=unhandled_exception category=execution_failed retryable=true
[SystemWakeLock] Released wake lock claim.
[SystemWakeLock] Acquired wake lock claim.
[CompletionTiming] validateInput=0ms
[CompletionTiming] persistDraft=0ms
[CompletionTiming] verifyDraft=0ms
[CompletionTiming] persistBundle=0ms
[CompletionTiming] verifyBundle=0ms
[CompletionTiming] reconcileRoutines=1ms
[CompletionTiming] verifyRoutines=0ms
[CompletionTiming] projectRoutineHistory=2ms
[CompletionTiming] verifyRoutineHistory=0ms
[CompletionTiming] reconcileHabitSystems=7ms
[CompletionTiming] verifyHabitSystems=0ms
[CompletionTiming] reloadControllers=31ms
[CompletionTiming] verifyFrontendState=1ms
[CompletionTiming] finalizeProfile=0ms
[CompletionTiming] total=78ms
[SystemWakeLock] Released wake lock claim.
[SystemWakeLock] Acquired wake lock claim.
[CompletionTiming] validateInput=0ms
[CompletionTiming] persistDraft=0ms
[CompletionTiming] verifyDraft=1ms
[CompletionTiming] persistBundle=0ms
[CompletionTiming] verifyBundle=0ms
[CompletionTiming] reconcileRoutines=0ms
[CompletionTiming] verifyRoutines=0ms
[CompletionTiming] projectRoutineHistory=3ms
[CompletionTiming] verifyRoutineHistory=2ms
[CompletionTiming] reconcileHabitSystems=2ms
[CompletionTiming] verifyHabitSystems=0ms
[CompletionTiming] reloadControllers=3ms
[CompletionTiming] verifyFrontendState=0ms
[CompletionTiming] finalizeProfile=0ms
[CompletionTiming] total=20ms
[SystemWakeLock] Released wake lock claim.
[SystemWakeLock] Acquired wake lock claim.
[CompletionTiming] validateInput=0ms
[CompletionTiming] persistDraft=0ms
[CompletionTiming] verifyDraft=0ms
[CompletionTiming] persistBundle=0ms
[CompletionTiming] verifyBundle=0ms
[CompletionTiming] reconcileRoutines=1ms
[CompletionTiming] verifyRoutines=0ms
[CompletionTiming] projectRoutineHistory=2ms
[CompletionTiming] verifyRoutineHistory=0ms
[CompletionTiming] reconcileHabitSystems=1ms
[CompletionTiming] verifyHabitSystems=0ms
[CompletionTiming] reloadControllers=2ms
[CompletionTiming] verifyFrontendState=0ms
[CompletionTiming] finalizeProfile=0ms
[CompletionTiming] total=14ms
[SystemWakeLock] Released wake lock claim.
[SystemWakeLock] Acquired wake lock claim.
[CompletionTiming] finalizeProfile=0ms
[CompletionTiming] total=23ms
[SystemWakeLock] Released wake lock claim.
[SystemWakeLock] Acquired wake lock claim.
[CompletionTiming] validateInput=0ms
[CompletionTiming] persistDraft=0ms
[CompletionTiming] verifyDraft=2ms
[CompletionTiming] persistBundle=0ms
[CompletionTiming] verifyBundle=0ms
[CompletionFailure] stage=reconcileRoutines code=unhandled_exception category=execution_failed retryable=true
[SystemWakeLock] Released wake lock claim.
[SystemWakeLock] Acquired wake lock claim.
[CompletionTiming] reconcileRoutines=0ms
[CompletionTiming] verifyRoutines=0ms
[CompletionTiming] projectRoutineHistory=1ms
[CompletionTiming] verifyRoutineHistory=0ms
[CompletionTiming] reconcileHabitSystems=1ms
[CompletionTiming] verifyHabitSystems=0ms
[CompletionTiming] reloadControllers=1ms
[CompletionTiming] verifyFrontendState=1ms
[CompletionTiming] finalizeProfile=0ms
[CompletionTiming] total=14ms
[SystemWakeLock] Released wake lock claim.
[SystemWakeLock] Acquired wake lock claim.
[CompletionTiming] validateInput=0ms
[CompletionTiming] persistDraft=0ms
[CompletionTiming] verifyDraft=0ms
[CompletionTiming] persistBundle=0ms
[CompletionTiming] verifyBundle=0ms
[CompletionTiming] reconcileRoutines=0ms
[CompletionTiming] verifyRoutines=0ms
[CompletionTiming] projectRoutineHistory=2ms
[CompletionTiming] verifyRoutineHistory=0ms
[CompletionTiming] reconcileHabitSystems=1ms
[CompletionTiming] verifyHabitSystems=0ms
[CompletionTiming] reloadControllers=1ms
[CompletionTiming] verifyFrontendState=0ms
[CompletionTiming] finalizeProfile=0ms
[CompletionTiming] total=14ms
[SystemWakeLock] Released wake lock claim.
[SystemWakeLock] Acquired wake lock claim.
[CompletionFailure] stage=validateInput code=COMPLETION_VERIFY_FAILED category=transient_failure retryable=true
[SystemWakeLock] Released wake lock claim.
[SystemWakeLock] Acquired wake lock claim.
[CompletionTiming] validateInput=0ms
[CompletionTiming] persistDraft=0ms
[CompletionTiming] verifyDraft=0ms
[CompletionTiming] persistBundle=0ms
[CompletionTiming] verifyBundle=0ms
[CompletionTiming] reconcileRoutines=0ms
[CompletionTiming] verifyRoutines=0ms
[CompletionTiming] projectRoutineHistory=2ms
[CompletionTiming] verifyRoutineHistory=0ms
[CompletionTiming] reconcileHabitSystems=0ms
[CompletionTiming] verifyHabitSystems=0ms
[CompletionTiming] reloadControllers=2ms
[CompletionTiming] verifyFrontendState=0ms
[CompletionTiming] finalizeProfile=0ms
[CompletionTiming] total=16ms
[SystemWakeLock] Released wake lock claim.
[SystemWakeLock] Acquired wake lock claim.
[CompletionTiming] validateInput=0ms
[CompletionFailure] stage=persistDraft code=COMPLETION_VERIFY_FAILED category=transient_failure retryable=true
[SystemWakeLock] Released wake lock claim.
[SystemWakeLock] Acquired wake lock claim.
[CompletionTiming] persistDraft=0ms
[CompletionTiming] verifyDraft=0ms
[CompletionTiming] persistBundle=0ms
[CompletionTiming] verifyBundle=0ms
[CompletionTiming] reconcileRoutines=0ms
[CompletionTiming] verifyRoutines=0ms
[CompletionTiming] projectRoutineHistory=1ms
[CompletionTiming] verifyRoutineHistory=0ms
[CompletionTiming] reconcileHabitSystems=0ms
[CompletionTiming] verifyHabitSystems=0ms
[CompletionTiming] reloadControllers=0ms
[CompletionTiming] verifyFrontendState=0ms
[CompletionTiming] finalizeProfile=0ms
[CompletionTiming] total=10ms
[SystemWakeLock] Released wake lock claim.
[SystemWakeLock] Acquired wake lock claim.
[CompletionTiming] validateInput=0ms
[CompletionTiming] persistDraft=0ms
[CompletionFailure] stage=verifyDraft code=COMPLETION_VERIFY_FAILED category=transient_failure retryable=true
[SystemWakeLock] Released wake lock claim.
[SystemWakeLock] Acquired wake lock claim.
[CompletionTiming] verifyDraft=0ms
[CompletionTiming] persistBundle=0ms
[CompletionTiming] verifyBundle=0ms
[CompletionTiming] reconcileRoutines=0ms
[CompletionTiming] verifyRoutines=0ms
[CompletionTiming] projectRoutineHistory=1ms
[CompletionTiming] verifyRoutineHistory=0ms
[CompletionTiming] reconcileHabitSystems=0ms
[CompletionTiming] verifyHabitSystems=0ms
[CompletionTiming] reloadControllers=1ms
[CompletionTiming] verifyFrontendState=0ms
[CompletionTiming] finalizeProfile=0ms
[CompletionTiming] total=12ms
[SystemWakeLock] Released wake lock claim.
[SystemWakeLock] Acquired wake lock claim.
[CompletionTiming] validateInput=0ms
[CompletionTiming] persistDraft=0ms
[CompletionTiming] verifyDraft=0ms
[CompletionFailure] stage=persistBundle code=COMPLETION_VERIFY_FAILED category=transient_failure retryable=true
[SystemWakeLock] Released wake lock claim.
[SystemWakeLock] Acquired wake lock claim.
[CompletionTiming] persistBundle=0ms
[CompletionTiming] verifyBundle=0ms
[CompletionTiming] reconcileRoutines=0ms
[CompletionTiming] verifyRoutines=0ms
[CompletionTiming] projectRoutineHistory=2ms
[CompletionTiming] verifyRoutineHistory=0ms
[CompletionTiming] reconcileHabitSystems=0ms
[CompletionTiming] verifyHabitSystems=0ms
[CompletionTiming] reloadControllers=1ms
[CompletionTiming] verifyFrontendState=0ms
[CompletionTiming] finalizeProfile=0ms
[CompletionTiming] total=14ms
[SystemWakeLock] Released wake lock claim.
[SystemWakeLock] Acquired wake lock claim.
[CompletionTiming] validateInput=0ms
[CompletionTiming] persistDraft=0ms
[CompletionTiming] verifyDraft=1ms
[CompletionTiming] persistBundle=0ms
[CompletionFailure] stage=verifyBundle code=COMPLETION_VERIFY_FAILED category=transient_failure retryable=true
[SystemWakeLock] Released wake lock claim.
[SystemWakeLock] Acquired wake lock claim.
[CompletionTiming] verifyBundle=0ms
[CompletionTiming] reconcileRoutines=0ms
[CompletionTiming] verifyRoutines=0ms
[CompletionTiming] projectRoutineHistory=8ms
[CompletionTiming] verifyRoutineHistory=1ms
[CompletionTiming] reconcileHabitSystems=2ms
[CompletionTiming] verifyHabitSystems=0ms
[CompletionTiming] reloadControllers=2ms
[CompletionTiming] verifyFrontendState=0ms
[CompletionTiming] finalizeProfile=0ms
[CompletionTiming] total=28ms
[SystemWakeLock] Released wake lock claim.
[SystemWakeLock] Acquired wake lock claim.
[CompletionTiming] validateInput=0ms
[CompletionTiming] persistDraft=0ms
[CompletionTiming] verifyDraft=1ms
[CompletionTiming] persistBundle=0ms
[CompletionTiming] verifyBundle=0ms
[CompletionFailure] stage=reconcileRoutines code=COMPLETION_VERIFY_FAILED category=transient_failure retryable=true
[SystemWakeLock] Released wake lock claim.
[SystemWakeLock] Acquired wake lock claim.
[CompletionTiming] reconcileRoutines=1ms
[CompletionTiming] verifyRoutines=0ms
[CompletionTiming] projectRoutineHistory=4ms
[CompletionTiming] verifyRoutineHistory=0ms
[CompletionTiming] reconcileHabitSystems=3ms
[CompletionTiming] verifyHabitSystems=0ms
[CompletionTiming] reloadControllers=5ms
00:36 +1054: /Users/avayroy/Optivus/test/onboarding_step7_skin_care_test.dart: 10d. Mode 1 notes drop outside product suggestions                                                                      00:36 +1054: /Users/avayroy/Optivus/test/onboarding_step7_skin_care_test.dart: 10d. Mode 1 notes drop outside product suggestions                                                                      
[Onboarding7Scheduler] accepted gap=60 flexible=false blocks=2
00:36 +1055: /Users/avayroy/Optivus/test/onboarding_step7_skin_care_test.dart: 10d. Mode 1 notes drop outside product suggestions                                                                      00:36 +1056: /Users/avayroy/Optivus/test/onboarding_step7_skin_care_test.dart: 10d. Mode 1 notes drop outside product suggestions                                                                      00:36 +1056: /Users/avayroy/Optivus/test/onboarding_step7_skin_care_test.dart: 11. Step 7 uses full timeline instead of mini block list                                                                00:36 +1057: /Users/avayroy/Optivus/test/onboarding_step7_skin_care_test.dart: 11. Step 7 uses full timeline instead of mini block list                                                                00:36 +1057: /Users/avayroy/Optivus/test/onboarding_step7_skin_care_test.dart: 12. Existing classes/work/eating/fixed blocks are preserved                                                             00:37 +1057: /Users/avayroy/Optivus/test/onboarding_step7_skin_care_test.dart: 12. Existing classes/work/eating/fixed blocks are preserved                                                             00:37 +1057: /Users/avayroy/Optivus/test/onboarding_step7_skin_care_test.dart: 12. Existing classes/work/eating/fixed blocks are preserved                                                             
[Onboarding7Scheduler] accepted gap=60 flexible=false blocks=2
00:37 +1058: /Users/avayroy/Optivus/test/onboarding_step7_skin_care_test.dart: 12. Existing classes/work/eating/fixed blocks are preserved                                                             00:37 +1058: /Users/avayroy/Optivus/test/onboarding_step7_skin_care_test.dart: 13. Selecting 3 routines per day creates 3 skin-care blocks                                                             00:38 +1058: /Users/avayroy/Optivus/test/onboarding_step7_skin_care_test.dart: 13. Selecting 3 routines per day creates 3 skin-care blocks                                                             00:38 +1058: /Users/avayroy/Optivus/test/onboarding_step7_skin_care_test.dart: 13. Selecting 3 routines per day creates 3 skin-care blocks                                                             
[Onboarding7Scheduler] accepted gap=60 flexible=false blocks=3
00:38 +1059: /Users/avayroy/Optivus/test/group_d_adversarial_stress_test.dart: ... switching latency & data isolation Account switching purges previous user state prior to loading new user state     00:38 +1059: /Users/avayroy/Optivus/test/onboarding_step7_skin_care_test.dart: 13b. 3/day split night variants schedule exactly 3 blocks per day                                                       
[Onboarding7Scheduler] accepted gap=60 flexible=false blocks=4
00:38 +1060: /Users/avayroy/Optivus/test/group_d_adversarial_stress_test.dart: ... switching latency & data isolation Account switching purges previous user state prior to loading new user state     00:38 +1060: /Users/avayroy/Optivus/test/onboarding_step7_skin_care_test.dart: 13c. 3/day removed morning PHA note does not create extra night block                                                   
[Onboarding7Scheduler] accepted gap=60 flexible=false blocks=3
00:38 +1060: /Users/avayroy/Optivus/test/group_d_adversarial_stress_test.dart: ... switching latency & data isolation Account switching purges previous user state prior to loading new user state     00:38 +1061: /Users/avayroy/Optivus/test/group_d_adversarial_stress_test.dart: ... switching latency & data isolation Account switching purges previous user state prior to loading new user state     00:38 +1062: /Users/avayroy/Optivus/test/group_d_adversarial_stress_test.dart: ... switching latency & data isolation Account switching purges previous user state prior to loading new user state     00:38 +1063: /Users/avayroy/Optivus/test/group_d_adversarial_stress_test.dart: ... switching latency & data isolation Account switching purges previous user state prior to loading new user state     00:38 +1064: /Users/avayroy/Optivus/test/group_d_adversarial_stress_test.dart: ... switching latency & data isolation Account switching purges previous user state prior to loading new user state     00:38 +1065: /Users/avayroy/Optivus/test/group_d_adversarial_stress_test.dart: ... switching latency & data isolation Account switching purges previous user state prior to loading new user state     00:38 +1066: /Users/avayroy/Optivus/test/group_d_adversarial_stress_test.dart: ... switching latency & data isolation Account switching purges previous user state prior to loading new user state     00:38 +1067: /Users/avayroy/Optivus/test/group_d_adversarial_stress_test.dart: ... switching latency & data isolation Account switching purges previous user state prior to loading new user state     00:38 +1068: /Users/avayroy/Optivus/test/group_d_adversarial_stress_test.dart: ... switching latency & data isolation Account switching purges previous user state prior to loading new user state     00:38 +1069: /Users/avayroy/Optivus/test/group_d_adversarial_stress_test.dart: ... switching latency & data isolation Account switching purges previous user state prior to loading new user state     00:39 +1069: /Users/avayroy/Optivus/test/group_d_adversarial_stress_test.dart: ... switching latency & data isolation Account switching purges previous user state prior to loading new user state     00:39 +1070: /Users/avayroy/Optivus/test/group_d_adversarial_stress_test.dart: ... switching latency & data isolation Account switching purges previous user state prior to loading new user state     00:39 +1071: /Users/avayroy/Optivus/test/group_d_adversarial_stress_test.dart: ... switching latency & data isolation Account switching purges previous user state prior to loading new user state     00:39 +1072: /Users/avayroy/Optivus/test/group_d_adversarial_stress_test.dart: ... switching latency & data isolation Account switching purges previous user state prior to loading new user state     00:39 +1073: /Users/avayroy/Optivus/test/group_d_adversarial_stress_test.dart: ... switching latency & data isolation Account switching purges previous user state prior to loading new user state     00:39 +1074: /Users/avayroy/Optivus/test/group_d_adversarial_stress_test.dart: ... switching latency & data isolation Account switching purges previous user state prior to loading new user state     00:39 +1075: /Users/avayroy/Optivus/test/group_d_adversarial_stress_test.dart: ... switching latency & data isolation Account switching purges previous user state prior to loading new user state     00:39 +1076: /Users/avayroy/Optivus/test/group_d_adversarial_stress_test.dart: ... switching latency & data isolation Account switching purges previous user state prior to loading new user state     00:39 +1077: /Users/avayroy/Optivus/test/group_d_adversarial_stress_test.dart: ... switching latency & data isolation Account switching purges previous user state prior to loading new user state     00:39 +1078: /Users/avayroy/Optivus/test/group_d_adversarial_stress_test.dart: ... switching latency & data isolation Account switching purges previous user state prior to loading new user state     00:39 +1079: /Users/avayroy/Optivus/test/group_d_adversarial_stress_test.dart: ... switching latency & data isolation Account switching purges previous user state prior to loading new user state     00:39 +1080: /Users/avayroy/Optivus/test/group_d_adversarial_stress_test.dart: ... switching latency & data isolation Account switching purges previous user state prior to loading new user state     00:39 +1080: /Users/avayroy/Optivus/test/onboarding_step7_skin_care_test.dart: 13d. Rinse-off acid cleanser remains visible in generated blocks                                                        
[Onboarding7Scheduler] accepted gap=60 flexible=false blocks=2
00:39 +1081: /Users/avayroy/Optivus/test/group_d_adversarial_stress_test.dart: ... switching latency & data isolation Account switching purges previous user state prior to loading new user state     00:39 +1081: /Users/avayroy/Optivus/test/onboarding_step7_skin_care_test.dart: 14. Selecting 4 routines per day creates 4 skin-care blocks                                                             
[Onboarding7Scheduler] accepted gap=60 flexible=false blocks=4
00:39 +1082: /Users/avayroy/Optivus/test/group_d_adversarial_stress_test.dart: ... switching latency & data isolation Account switching purges previous user state prior to loading new user state     00:39 +1082: /Users/avayroy/Optivus/test/onboarding_step7_skin_care_test.dart: 15. Scheduler anchors routines after bath, after lunch, and before sleep                                                
[Onboarding7Scheduler] accepted gap=60 flexible=false blocks=4
00:39 +1083: /Users/avayroy/Optivus/test/group_d_adversarial_stress_test.dart: ... switching latency & data isolation Account switching purges previous user state prior to loading new user state     00:39 +1083: /Users/avayroy/Optivus/test/onboarding_step7_skin_care_test.dart: 15b. After-bath routine uses the next real morning free time                                                            
[Onboarding7Scheduler] accepted gap=60 flexible=true blocks=2
00:39 +1084: /Users/avayroy/Optivus/test/group_d_adversarial_stress_test.dart: ... switching latency & data isolation Account switching purges previous user state prior to loading new user state     00:39 +1084: /Users/avayroy/Optivus/test/onboarding_step7_skin_care_test.dart: 15c. A late bath still produces all four anchored routines                                                              
[Onboarding7Scheduler] accepted gap=60 flexible=false blocks=4
00:39 +1085: /Users/avayroy/Optivus/test/group_d_adversarial_stress_test.dart: ... switching latency & data isolation Account switching purges previous user state prior to loading new user state     00:39 +1085: /Users/avayroy/Optivus/test/onboarding_step7_skin_care_test.dart: 15c1. Two, three, and four routines preserve wake and bed anchors                                                       
[Onboarding7Scheduler] accepted gap=60 flexible=false blocks=2
[Onboarding7Scheduler] accepted gap=60 flexible=false blocks=3
[Onboarding7Scheduler] accepted gap=60 flexible=false blocks=4
00:39 +1086: /Users/avayroy/Optivus/test/group_d_adversarial_stress_test.dart: ... switching latency & data isolation Account switching purges previous user state prior to loading new user state     00:39 +1086: /Users/avayroy/Optivus/test/onboarding_step7_skin_care_test.dart: 15c2. Midnight sleep keeps the full waking day and exact bedtime                                                        
[Onboarding7Scheduler] accepted gap=60 flexible=false blocks=2
00:39 +1087: /Users/avayroy/Optivus/test/group_d_adversarial_stress_test.dart: ... switching latency & data isolation Account switching purges previous user state prior to loading new user state     00:39 +1087: /Users/avayroy/Optivus/test/onboarding_step7_skin_care_test.dart: 15c3. After-lunch routine is scheduled before the next rest                                                             
[Onboarding7Scheduler] accepted gap=60 flexible=false blocks=3
00:39 +1088: /Users/avayroy/Optivus/test/group_d_adversarial_stress_test.dart: ... switching latency & data isolation Account switching purges previous user state prior to loading new user state     00:39 +1089: /Users/avayroy/Optivus/test/group_d_adversarial_stress_test.dart: ... switching latency & data isolation Account switching purges previous user state prior to loading new user state     00:39 +1089: /Users/avayroy/Optivus/test/onboarding_step7_skin_care_test.dart: 15e. Midday routine uses the first free time after lunch                                                                
[Onboarding7Scheduler] accepted gap=60 flexible=false blocks=3
00:39 +1090: /Users/avayroy/Optivus/test/group_d_adversarial_stress_test.dart: ... switching latency & data isolation Account switching purges previous user state prior to loading new user state     00:39 +1091: /Users/avayroy/Optivus/test/group_d_adversarial_stress_test.dart: ... switching latency & data isolation Account switching purges previous user state prior to loading new user state     00:39 +1091: /Users/avayroy/Optivus/test/onboarding_step7_skin_care_test.dart: 15g. Four routines use later free time after a busy lunch period                                                        
[Onboarding7Scheduler] accepted gap=60 flexible=false blocks=4
00:39 +1092: /Users/avayroy/Optivus/test/group_d_adversarial_stress_test.dart: ... switching latency & data isolation Account switching purges previous user state prior to loading new user state     00:39 +1092: /Users/avayroy/Optivus/test/group_d_adversarial_stress_test.dart: Group D Adversarial Test - Account switching latency & data isolation Account switching purges previous user state prior to loading new user state
[Reconstruction] event=operation_started operationId=1
[Reconstruction] event=attempt_started operationId=1 attempt=1
00:39 +1093: /Users/avayroy/Optivus/test/group_d_adversarial_stress_test.dart: ... switching latency & data isolation Account switching purges previous user state prior to loading new user state     00:39 +1094: /Users/avayroy/Optivus/test/group_d_adversarial_stress_test.dart: ... switching latency & data isolation Account switching purges previous user state prior to loading new user state     00:39 +1094: /Users/avayroy/Optivus/test/onboarding_step7_skin_care_test.dart: 15j. Broad soft meal windows do not consume real free time                                                              
[Onboarding7Scheduler] accepted gap=60 flexible=false blocks=3
00:39 +1095: /Users/avayroy/Optivus/test/group_d_adversarial_stress_test.dart: ... switching latency & data isolation Account switching purges previous user state prior to loading new user state     00:39 +1096: /Users/avayroy/Optivus/test/group_d_adversarial_stress_test.dart: ... switching latency & data isolation Account switching purges previous user state prior to loading new user state     00:39 +1097: /Users/avayroy/Optivus/test/group_d_adversarial_stress_test.dart: ... switching latency & data isolation Account switching purges previous user state prior to loading new user state     00:39 +1097: /Users/avayroy/Optivus/test/group_d_adversarial_stress_test.dart: Group D Adversarial Test - Account switching latency & data isolation Account switching purges previous user state prior to loading new user state
[DeviceCountryService] Detection failed safely (MissingPluginException).
[Reconstruction] event=classified operationId=1 attempt=1 totalElapsedMs=181
00:39 +1098: /Users/avayroy/Optivus/test/group_d_adversarial_stress_test.dart: ... switching latency & data isolation Account switching purges previous user state prior to loading new user state     00:40 +1098: /Users/avayroy/Optivus/test/group_d_adversarial_stress_test.dart: ... switching latency & data isolation Account switching purges previous user state prior to loading new user state     00:40 +1099: /Users/avayroy/Optivus/test/group_d_adversarial_stress_test.dart: ... switching latency & data isolation Account switching purges previous user state prior to loading new user state     00:40 +1100: /Users/avayroy/Optivus/test/group_d_adversarial_stress_test.dart: ... switching latency & data isolation Account switching purges previous user state prior to loading new user state     00:40 +1101: /Users/avayroy/Optivus/test/group_d_adversarial_stress_test.dart: ... switching latency & data isolation Account switching purges previous user state prior to loading new user state     00:40 +1102: /Users/avayroy/Optivus/test/group_d_adversarial_stress_test.dart: ... switching latency & data isolation Account switching purges previous user state prior to loading new user state     00:40 +1103: /Users/avayroy/Optivus/test/group_d_adversarial_stress_test.dart: ... switching latency & data isolation Account switching purges previous user state prior to loading new user state     00:40 +1104: /Users/avayroy/Optivus/test/group_d_adversarial_stress_test.dart: ... switching latency & data isolation Account switching purges previous user state prior to loading new user state     00:40 +1105: /Users/avayroy/Optivus/test/group_d_adversarial_stress_test.dart: ... switching latency & data isolation Account switching purges previous user state prior to loading new user state     00:40 +1106: /Users/avayroy/Optivus/test/group_d_adversarial_stress_test.dart: ... switching latency & data isolation Account switching purges previous user state prior to loading new user state     00:40 +1107: /Users/avayroy/Optivus/test/group_d_adversarial_stress_test.dart: ... switching latency & data isolation Account switching purges previous user state prior to loading new user state     00:40 +1107: /Users/avayroy/Optivus/test/group_d_adversarial_stress_test.dart: Group D Adversarial Test - Account switching latency & data isolation Account switching purges previous user state prior to loading new user state
[Reconstruction] event=operation_started operationId=2
[Reconstruction] event=attempt_started operationId=2 attempt=1
[DeviceCountryService] Detection failed safely (MissingPluginException).
[Reconstruction] event=classified operationId=2 attempt=1 totalElapsedMs=40
00:41 +1108: /Users/avayroy/Optivus/test/onboarding_step7_skin_care_test.dart: 17b. Skin-care edit sheet survives save, cancel, system back, and repeated teardown                                     00:41 +1109: /Users/avayroy/Optivus/test/onboarding_step5_short_meal_timeline_alignment_test.dart: Onboarding 5 renders each canonical meal card with its matching position and dishes                 00:41 +1110: /Users/avayroy/Optivus/test/group_d_adversarial_stress_test.dart: ... Adversarial Test - Account switching latency & data isolation Sequential account switching maintains data isolation 00:41 +1110: /Users/avayroy/Optivus/test/onboarding_step7_skin_care_test.dart: 18. AI returns 2 plans, selecting 3 without unsafe warning shows fewer-routines error                                   
[Onboarding7Scheduler] per-day routine counts={1: 2, 2: 2, 3: 2, 4: 2, 5: 2, 6: 2, 7: 2} desired=3
00:41 +1111: /Users/avayroy/Optivus/test/group_d_adversarial_stress_test.dart: ... Adversarial Test - Account switching latency & data isolation Sequential account switching maintains data isolation 00:41 +1111: /Users/avayroy/Optivus/test/onboarding_step7_skin_care_test.dart: 19. AI returns 2 plans, selecting 4 without unsafe warning shows fewer-routines error                                   
[Onboarding7Scheduler] per-day routine counts={1: 2, 2: 2, 3: 2, 4: 2, 5: 2, 6: 2, 7: 2} desired=4
00:41 +1112: /Users/avayroy/Optivus/test/group_d_adversarial_stress_test.dart: ... Adversarial Test - Account switching latency & data isolation Sequential account switching maintains data isolation 00:41 +1113: /Users/avayroy/Optivus/test/group_d_adversarial_stress_test.dart: ... Adversarial Test - Account switching latency & data isolation Sequential account switching maintains data isolation 00:41 +1113: /Users/avayroy/Optivus/test/onboarding_step7_skin_care_test.dart: 19b. AI returns fewer plans for 3/day shows fewer-routines error and creates zero blocks                                
[Onboarding7Scheduler] per-day routine counts={1: 2, 2: 2, 3: 2, 4: 2, 5: 2, 6: 2, 7: 2} desired=3
00:41 +1114: /Users/avayroy/Optivus/test/group_d_adversarial_stress_test.dart: ... Adversarial Test - Account switching latency & data isolation Sequential account switching maintains data isolation 00:41 +1115: /Users/avayroy/Optivus/test/group_d_adversarial_stress_test.dart: ... Adversarial Test - Account switching latency & data isolation Sequential account switching maintains data isolation 00:41 +1116: /Users/avayroy/Optivus/test/group_d_adversarial_stress_test.dart: ... Adversarial Test - Account switching latency & data isolation Sequential account switching maintains data isolation 00:41 +1117: /Users/avayroy/Optivus/test/group_d_adversarial_stress_test.dart: ... Adversarial Test - Account switching latency & data isolation Sequential account switching maintains data isolation 00:41 +1117: /Users/avayroy/Optivus/test/onboarding_step7_skin_care_test.dart: 20. Photo source sends only photo products for 3 AI-returned routines                                                   
[Onboarding7Scheduler] accepted gap=60 flexible=false blocks=3
00:41 +1118: /Users/avayroy/Optivus/test/group_d_adversarial_stress_test.dart: ... Adversarial Test - Account switching latency & data isolation Sequential account switching maintains data isolation 00:41 +1118: /Users/avayroy/Optivus/test/onboarding_step7_skin_care_test.dart: 21. Photo source sends only photo products for 4 AI-returned routines                                                   
[Onboarding7Scheduler] accepted gap=60 flexible=false blocks=4
00:42 +1119: /Users/avayroy/Optivus/test/group_d_adversarial_stress_test.dart: ... Adversarial Test - Account switching latency & data isolation Sequential account switching maintains data isolation 00:42 +1119: /Users/avayroy/Optivus/test/onboarding_step7_skin_care_test.dart: 22. Photo metadata with only sunscreen does not synthesize missing routines                                             
[Onboarding7Scheduler] per-day routine counts={1: 1, 2: 1, 3: 1, 4: 1, 5: 1, 6: 1, 7: 1} desired=3
00:42 +1120: /Users/avayroy/Optivus/test/group_d_adversarial_stress_test.dart: ... Adversarial Test - Account switching latency & data isolation Sequential account switching maintains data isolation 00:42 +1120: /Users/avayroy/Optivus/test/onboarding_step7_skin_care_test.dart: 23. AI repeatDays Monday-only are forced to full daily routine in mode 1                                                
[Onboarding7Scheduler] accepted gap=60 flexible=false blocks=3
00:42 +1121: /Users/avayroy/Optivus/test/group_d_adversarial_stress_test.dart: ... Adversarial Test - Account switching latency & data isolation Sequential account switching maintains data isolation 00:42 +1122: /Users/avayroy/Optivus/test/group_d_adversarial_stress_test.dart: ... Adversarial Test - Account switching latency & data isolation Sequential account switching maintains data isolation 00:42 +1122: /Users/avayroy/Optivus/test/onboarding_step7_skin_care_test.dart: 25. Scheduler rejects title-only plans from fallback products                                                           
[Onboarding7Scheduler] rejected plan reason=empty slot=morning productCount=0
[Onboarding7Scheduler] rejected plan reason=empty slot=night productCount=0
00:42 +1123: /Users/avayroy/Optivus/test/group_d_adversarial_stress_test.dart: ... Adversarial Test - Account switching latency & data isolation Sequential account switching maintains data isolation 00:42 +1124: /Users/avayroy/Optivus/test/group_d_adversarial_stress_test.dart: ... Adversarial Test - Account switching latency & data isolation Sequential account switching maintains data isolation 00:42 +1125: /Users/avayroy/Optivus/test/group_d_adversarial_stress_test.dart: ... Adversarial Test - Account switching latency & data isolation Sequential account switching maintains data isolation 00:42 +1126: /Users/avayroy/Optivus/test/group_d_adversarial_stress_test.dart: ... Adversarial Test - Account switching latency & data isolation Sequential account switching maintains data isolation 00:42 +1127: /Users/avayroy/Optivus/test/group_d_adversarial_stress_test.dart: ... Adversarial Test - Account switching latency & data isolation Sequential account switching maintains data isolation 00:42 +1128: /Users/avayroy/Optivus/test/group_d_adversarial_stress_test.dart: ... Adversarial Test - Account switching latency & data isolation Sequential account switching maintains data isolation 00:42 +1128: /Users/avayroy/Optivus/test/onboarding_step7_skin_care_test.dart: 28. Worker client filters title-only routine plans                                                                      
[SkinCareWorkerClient] routine raw routinePlanCount=2 weeklyRoutineCount=0 suggestedProductCount=0 warningCount=0 rejectedPlanCount=0
00:42 +1129: /Users/avayroy/Optivus/test/group_d_adversarial_stress_test.dart: ... Adversarial Test - Account switching latency & data isolation Sequential account switching maintains data isolation 00:42 +1129: /Users/avayroy/Optivus/test/group_d_adversarial_stress_test.dart: Group D Adversarial Test - Account switching latency & data isolation Sequential account switching maintains data isolation
[Reconstruction] event=operation_started operationId=1
[Reconstruction] event=attempt_started operationId=1 attempt=1
[DeviceCountryService] Detection failed safely (MissingPluginException).
00:42 +1129: /Users/avayroy/Optivus/test/onboarding_step7_skin_care_test.dart: 28a. Worker client parses branded product recommendations                                                               
[SkinCareWorkerClient] routine raw routinePlanCount=0 weeklyRoutineCount=0 suggestedProductCount=0 warningCount=0 rejectedPlanCount=0
00:42 +1129: /Users/avayroy/Optivus/test/group_d_adversarial_stress_test.dart: Group D Adversarial Test - Account switching latency & data isolation Sequential account switching maintains data isolation
[Reconstruction] event=classified operationId=1 attempt=1 totalElapsedMs=22
00:42 +1130: /Users/avayroy/Optivus/test/group_d_adversarial_stress_test.dart: ... Adversarial Test - Account switching latency & data isolation Sequential account switching maintains data isolation 00:42 +1130: /Users/avayroy/Optivus/test/onboarding_step7_skin_care_test.dart: 28b. Worker client does not use compatibility blocks as plans                                                           
[SkinCareWorkerClient] routine raw routinePlanCount=0 weeklyRoutineCount=0 suggestedProductCount=0 warningCount=0 rejectedPlanCount=0
00:42 +1131: /Users/avayroy/Optivus/test/group_d_adversarial_stress_test.dart: ... Adversarial Test - Account switching latency & data isolation Sequential account switching maintains data isolation 00:42 +1131: /Users/avayroy/Optivus/test/onboarding_step7_skin_care_test.dart: 29. Different occupied weekdays produce grouped blocks with correct daily routine count                                 
[Onboarding7Scheduler] accepted gap=60 flexible=false blocks=4
00:42 +1132: /Users/avayroy/Optivus/test/group_d_adversarial_stress_test.dart: ... Adversarial Test - Account switching latency & data isolation Sequential account switching maintains data isolation 00:42 +1133: /Users/avayroy/Optivus/test/group_d_adversarial_stress_test.dart: ... Adversarial Test - Account switching latency & data isolation Sequential account switching maintains data isolation 00:42 +1134: /Users/avayroy/Optivus/test/group_d_adversarial_stress_test.dart: ... Adversarial Test - Account switching latency & data isolation Sequential account switching maintains data isolation 00:42 +1135: /Users/avayroy/Optivus/test/group_d_adversarial_stress_test.dart: ... Adversarial Test - Account switching latency & data isolation Sequential account switching maintains data isolation 00:42 +1136: /Users/avayroy/Optivus/test/group_d_adversarial_stress_test.dart: ... Adversarial Test - Account switching latency & data isolation Sequential account switching maintains data isolation 00:42 +1137: /Users/avayroy/Optivus/test/group_d_adversarial_stress_test.dart: ... Adversarial Test - Account switching latency & data isolation Sequential account switching maintains data isolation 00:42 +1138: /Users/avayroy/Optivus/test/group_d_adversarial_stress_test.dart: ... Adversarial Test - Account switching latency & data isolation Sequential account switching maintains data isolation 00:42 +1139: /Users/avayroy/Optivus/test/group_d_adversarial_stress_test.dart: ... Adversarial Test - Account switching latency & data isolation Sequential account switching maintains data isolation 00:42 +1140: /Users/avayroy/Optivus/test/group_d_adversarial_stress_test.dart: ... Adversarial Test - Account switching latency & data isolation Sequential account switching maintains data isolation 00:42 +1141: /Users/avayroy/Optivus/test/group_d_adversarial_stress_test.dart: ... Adversarial Test - Account switching latency & data isolation Sequential account switching maintains data isolation 00:42 +1142: /Users/avayroy/Optivus/test/group_d_adversarial_stress_test.dart: ... Adversarial Test - Account switching latency & data isolation Sequential account switching maintains data isolation 00:42 +1143: /Users/avayroy/Optivus/test/group_d_adversarial_stress_test.dart: ... Adversarial Test - Account switching latency & data isolation Sequential account switching maintains data isolation 00:42 +1144: /Users/avayroy/Optivus/test/group_d_adversarial_stress_test.dart: ... Adversarial Test - Account switching latency & data isolation Sequential account switching maintains data isolation 00:42 +1145: /Users/avayroy/Optivus/test/group_d_adversarial_stress_test.dart: ... Adversarial Test - Account switching latency & data isolation Sequential account switching maintains data isolation 00:42 +1146: /Users/avayroy/Optivus/test/group_d_adversarial_stress_test.dart: ... Adversarial Test - Account switching latency & data isolation Sequential account switching maintains data isolation 00:42 +1147: /Users/avayroy/Optivus/test/group_d_adversarial_stress_test.dart: ... Adversarial Test - Account switching latency & data isolation Sequential account switching maintains data isolation 00:42 +1148: /Users/avayroy/Optivus/test/group_d_adversarial_stress_test.dart: ... Adversarial Test - Account switching latency & data isolation Sequential account switching maintains data isolation 00:42 +1149: /Users/avayroy/Optivus/test/group_d_adversarial_stress_test.dart: ... Adversarial Test - Account switching latency & data isolation Sequential account switching maintains data isolation 00:42 +1150: /Users/avayroy/Optivus/test/group_d_adversarial_stress_test.dart: ... Adversarial Test - Account switching latency & data isolation Sequential account switching maintains data isolation 00:42 +1151: /Users/avayroy/Optivus/test/group_d_adversarial_stress_test.dart: ... Adversarial Test - Account switching latency & data isolation Sequential account switching maintains data isolation 00:42 +1152: /Users/avayroy/Optivus/test/group_d_adversarial_stress_test.dart: ... Adversarial Test - Account switching latency & data isolation Sequential account switching maintains data isolation 00:42 +1153: /Users/avayroy/Optivus/test/group_d_adversarial_stress_test.dart: ... Adversarial Test - Account switching latency & data isolation Sequential account switching maintains data isolation 00:42 +1154: /Users/avayroy/Optivus/test/group_d_adversarial_stress_test.dart: ... Adversarial Test - Account switching latency & data isolation Sequential account switching maintains data isolation 00:42 +1155: /Users/avayroy/Optivus/test/group_d_adversarial_stress_test.dart: ... Adversarial Test - Account switching latency & data isolation Sequential account switching maintains data isolation 00:42 +1156: /Users/avayroy/Optivus/test/group_d_adversarial_stress_test.dart: ... Adversarial Test - Account switching latency & data isolation Sequential account switching maintains data isolation 00:42 +1157: /Users/avayroy/Optivus/test/group_d_adversarial_stress_test.dart: ... Adversarial Test - Account switching latency & data isolation Sequential account switching maintains data isolation 00:42 +1158: /Users/avayroy/Optivus/test/group_d_adversarial_stress_test.dart: ... Adversarial Test - Account switching latency & data isolation Sequential account switching maintains data isolation 00:42 +1159: /Users/avayroy/Optivus/test/group_d_adversarial_stress_test.dart: ... Adversarial Test - Account switching latency & data isolation Sequential account switching maintains data isolation 00:42 +1160: /Users/avayroy/Optivus/test/group_d_adversarial_stress_test.dart: ... Adversarial Test - Account switching latency & data isolation Sequential account switching maintains data isolation 00:42 +1161: /Users/avayroy/Optivus/test/group_d_adversarial_stress_test.dart: ... Adversarial Test - Account switching latency & data isolation Sequential account switching maintains data isolation 00:42 +1162: /Users/avayroy/Optivus/test/group_d_adversarial_stress_test.dart: ... Adversarial Test - Account switching latency & data isolation Sequential account switching maintains data isolation 00:42 +1163: /Users/avayroy/Optivus/test/group_d_adversarial_stress_test.dart: ... Adversarial Test - Account switching latency & data isolation Sequential account switching maintains data isolation 00:42 +1164: /Users/avayroy/Optivus/test/group_d_adversarial_stress_test.dart: ... Adversarial Test - Account switching latency & data isolation Sequential account switching maintains data isolation 00:42 +1165: /Users/avayroy/Optivus/test/group_d_adversarial_stress_test.dart: ... Adversarial Test - Account switching latency & data isolation Sequential account switching maintains data isolation 00:42 +1166: /Users/avayroy/Optivus/test/group_d_adversarial_stress_test.dart: ... Adversarial Test - Account switching latency & data isolation Sequential account switching maintains data isolation 00:42 +1167: /Users/avayroy/Optivus/test/group_d_adversarial_stress_test.dart: ... Adversarial Test - Account switching latency & data isolation Sequential account switching maintains data isolation 00:42 +1167: /Users/avayroy/Optivus/test/onboarding_step7_skin_care_test.dart: 31. Uploaded product photo persists after rebuild and R2 key is used                                                    
[Onboarding7Scheduler] accepted gap=60 flexible=false blocks=2
00:42 +1168: /Users/avayroy/Optivus/test/group_d_adversarial_stress_test.dart: ... Adversarial Test - Account switching latency & data isolation Sequential account switching maintains data isolation 00:42 +1168: /Users/avayroy/Optivus/test/onboarding_step7_skin_care_test.dart: 32. Restored product photo states validate content type and show filename                                               
[Onboarding7Scheduler] accepted gap=60 flexible=false blocks=2
00:42 +1169: /Users/avayroy/Optivus/test/group_d_adversarial_stress_test.dart: ... Adversarial Test - Account switching latency & data isolation Sequential account switching maintains data isolation 00:42 +1170: /Users/avayroy/Optivus/test/group_d_adversarial_stress_test.dart: ... Adversarial Test - Account switching latency & data isolation Sequential account switching maintains data isolation 00:42 +1171: /Users/avayroy/Optivus/test/group_d_adversarial_stress_test.dart: ... Adversarial Test - Account switching latency & data isolation Sequential account switching maintains data isolation 00:42 +1172: /Users/avayroy/Optivus/test/group_d_adversarial_stress_test.dart: ... Adversarial Test - Account switching latency & data isolation Sequential account switching maintains data isolation 00:42 +1173: /Users/avayroy/Optivus/test/group_d_adversarial_stress_test.dart: ... Adversarial Test - Account switching latency & data isolation Sequential account switching maintains data isolation 00:42 +1174: /Users/avayroy/Optivus/test/group_d_adversarial_stress_test.dart: ... Adversarial Test - Account switching latency & data isolation Sequential account switching maintains data isolation 00:43 +1174: /Users/avayroy/Optivus/test/group_d_adversarial_stress_test.dart: ... Adversarial Test - Account switching latency & data isolation Sequential account switching maintains data isolation 00:43 +1175: /Users/avayroy/Optivus/test/group_d_adversarial_stress_test.dart: ... Adversarial Test - Account switching latency & data isolation Sequential account switching maintains data isolation 00:43 +1176: /Users/avayroy/Optivus/test/group_d_adversarial_stress_test.dart: ... Adversarial Test - Account switching latency & data isolation Sequential account switching maintains data isolation 00:43 +1177: /Users/avayroy/Optivus/test/group_d_adversarial_stress_test.dart: ... Adversarial Test - Account switching latency & data isolation Sequential account switching maintains data isolation 00:43 +1178: /Users/avayroy/Optivus/test/group_d_adversarial_stress_test.dart: ... Adversarial Test - Account switching latency & data isolation Sequential account switching maintains data isolation 00:43 +1179: /Users/avayroy/Optivus/test/group_d_adversarial_stress_test.dart: ... Adversarial Test - Account switching latency & data isolation Sequential account switching maintains data isolation 00:43 +1180: /Users/avayroy/Optivus/test/group_d_adversarial_stress_test.dart: ... Adversarial Test - Account switching latency & data isolation Sequential account switching maintains data isolation 00:43 +1181: /Users/avayroy/Optivus/test/group_d_adversarial_stress_test.dart: ... Adversarial Test - Account switching latency & data isolation Sequential account switching maintains data isolation 00:43 +1182: /Users/avayroy/Optivus/test/group_d_adversarial_stress_test.dart: ... Adversarial Test - Account switching latency & data isolation Sequential account switching maintains data isolation 00:43 +1183: /Users/avayroy/Optivus/test/group_d_adversarial_stress_test.dart: ... Adversarial Test - Account switching latency & data isolation Sequential account switching maintains data isolation 00:43 +1184: /Users/avayroy/Optivus/test/group_d_adversarial_stress_test.dart: ... Adversarial Test - Account switching latency & data isolation Sequential account switching maintains data isolation 00:43 +1185: /Users/avayroy/Optivus/test/group_d_adversarial_stress_test.dart: ... Adversarial Test - Account switching latency & data isolation Sequential account switching maintains data isolation 00:43 +1186: /Users/avayroy/Optivus/test/group_d_adversarial_stress_test.dart: ... Adversarial Test - Account switching latency & data isolation Sequential account switching maintains data isolation 00:43 +1187: /Users/avayroy/Optivus/test/group_d_adversarial_stress_test.dart: ... Adversarial Test - Account switching latency & data isolation Sequential account switching maintains data isolation 00:43 +1188: /Users/avayroy/Optivus/test/group_d_adversarial_stress_test.dart: ... Adversarial Test - Account switching latency & data isolation Sequential account switching maintains data isolation 00:43 +1189: /Users/avayroy/Optivus/test/group_d_adversarial_stress_test.dart: ... Adversarial Test - Account switching latency & data isolation Sequential account switching maintains data isolation 00:43 +1190: /Users/avayroy/Optivus/test/group_d_adversarial_stress_test.dart: ... Adversarial Test - Account switching latency & data isolation Sequential account switching maintains data isolation 00:43 +1191: /Users/avayroy/Optivus/test/group_d_adversarial_stress_test.dart: ... Adversarial Test - Account switching latency & data isolation Sequential account switching maintains data isolation 00:43 +1191: /Users/avayroy/Optivus/test/onboarding_step7_skin_care_test.dart: 47. Worker returns json_payload_too_large triggers compact retry and succeeds                                           
[Onboarding7Scheduler] accepted gap=60 flexible=false blocks=2
00:43 +1192: /Users/avayroy/Optivus/test/group_d_adversarial_stress_test.dart: ... Adversarial Test - Account switching latency & data isolation Sequential account switching maintains data isolation 00:43 +1192: /Users/avayroy/Optivus/test/group_d_adversarial_stress_test.dart: Group D Adversarial Test - Account switching latency & data isolation Sequential account switching maintains data isolation
[Reconstruction] event=operation_started operationId=2
[Reconstruction] event=attempt_started operationId=2 attempt=1
[DeviceCountryService] Detection failed safely (MissingPluginException).
[Reconstruction] event=classified operationId=2 attempt=1 totalElapsedMs=15
00:43 +1193: /Users/avayroy/Optivus/test/group_d_adversarial_stress_test.dart: ... Adversarial Test - Account switching latency & data isolation Sequential account switching maintains data isolation 00:43 +1193: /Users/avayroy/Optivus/test/onboarding_step7_skin_care_test.dart: 48. Weekly/special-care plans are filtered from daily blocks and added to suggestions                                   
[Onboarding7Scheduler] accepted gap=60 flexible=false blocks=2
00:43 +1194: /Users/avayroy/Optivus/test/group_d_adversarial_stress_test.dart: ... Adversarial Test - Account switching latency & data isolation Sequential account switching maintains data isolation 00:43 +1195: /Users/avayroy/Optivus/test/group_d_adversarial_stress_test.dart: ... Adversarial Test - Account switching latency & data isolation Sequential account switching maintains data isolation 00:43 +1196: /Users/avayroy/Optivus/test/group_d_adversarial_stress_test.dart: ... Adversarial Test - Account switching latency & data isolation Sequential account switching maintains data isolation 00:43 +1196: /Users/avayroy/Optivus/test/onboarding_step7_skin_care_test.dart: 51. Special-care and weekly notes persist, render from draft, and survive rebuild                                       
[Onboarding7Scheduler] accepted gap=60 flexible=false blocks=2
00:43 +1197: /Users/avayroy/Optivus/test/group_d_adversarial_stress_test.dart: ... Adversarial Test - Account switching latency & data isolation Sequential account switching maintains data isolation 00:43 +1197: /Users/avayroy/Optivus/test/onboarding_step7_skin_care_test.dart: 52. Rebuild preserves notes until regeneration replaces the note set                                                    
[Onboarding7Scheduler] accepted gap=60 flexible=false blocks=2
[Onboarding7Scheduler] accepted gap=60 flexible=false blocks=2
00:43 +1198: /Users/avayroy/Optivus/test/group_d_adversarial_stress_test.dart: ... Adversarial Test - Account switching latency & data isolation Sequential account switching maintains data isolation 00:44 +1198: /Users/avayroy/Optivus/test/group_d_adversarial_stress_test.dart: ... Adversarial Test - Account switching latency & data isolation Sequential account switching maintains data isolation 00:44 +1199: /Users/avayroy/Optivus/test/group_d_adversarial_stress_test.dart: ... Adversarial Test - Account switching latency & data isolation Sequential account switching maintains data isolation 00:44 +1200: /Users/avayroy/Optivus/test/group_d_adversarial_stress_test.dart: ... Adversarial Test - Account switching latency & data isolation Sequential account switching maintains data isolation 00:44 +1201: /Users/avayroy/Optivus/test/group_d_adversarial_stress_test.dart: ... Adversarial Test - Account switching latency & data isolation Sequential account switching maintains data isolation 00:44 +1202: /Users/avayroy/Optivus/test/group_d_adversarial_stress_test.dart: ... Adversarial Test - Account switching latency & data isolation Sequential account switching maintains data isolation 00:44 +1203: /Users/avayroy/Optivus/test/group_d_adversarial_stress_test.dart: ... Adversarial Test - Account switching latency & data isolation Sequential account switching maintains data isolation 00:44 +1203: /Users/avayroy/Optivus/test/onboarding_step7_skin_care_test.dart: 57. Scheduler validates owned products and preserves names                                                              
[Onboarding7Scheduler] accepted gap=60 flexible=false blocks=3
[Onboarding7Scheduler] accepted gap=60 flexible=false blocks=2
[Onboarding7Scheduler] accepted gap=60 flexible=false blocks=2
[Onboarding7Scheduler] accepted gap=60 flexible=false blocks=2
[Onboarding7Scheduler] rejected plan reason=product_mismatch slot=morning productCount=1
[Onboarding7Scheduler] rejected plan reason=product_mismatch slot=morning productCount=1
[Onboarding7Scheduler] rejected plan reason=product_mismatch slot=night productCount=1
[Onboarding7Scheduler] rejected plan reason=empty slot=morning productCount=0
[Onboarding7Scheduler] per-day routine counts={1: 3, 2: 3, 3: 3, 4: 3, 5: 3, 6: 3, 7: 3} desired=4
[Onboarding7Scheduler] rejected plan reason=product_mismatch slot=morning productCount=1
[Onboarding7Scheduler] rejected plan reason=product_mismatch slot=night productCount=1
[Onboarding7Scheduler] per-day routine counts={1: 1, 2: 1, 3: 1, 4: 1, 5: 1, 6: 1, 7: 1} desired=4
00:44 +1204: /Users/avayroy/Optivus/test/group_d_adversarial_stress_test.dart: ... Adversarial Test - Account switching latency & data isolation Sequential account switching maintains data isolation 00:44 +1205: /Users/avayroy/Optivus/test/group_d_adversarial_stress_test.dart: ... Adversarial Test - Account switching latency & data isolation Sequential account switching maintains data isolation 00:44 +1206: /Users/avayroy/Optivus/test/group_d_adversarial_stress_test.dart: ... Adversarial Test - Account switching latency & data isolation Sequential account switching maintains data isolation 00:44 +1206: /Users/avayroy/Optivus/test/onboarding_step7_skin_care_test.dart: 59. No-products uses location-aware selection then the real scheduler                                                   
[Onboarding7Scheduler] accepted gap=60 flexible=false blocks=2
00:44 +1207: /Users/avayroy/Optivus/test/group_d_adversarial_stress_test.dart: ... Adversarial Test - Account switching latency & data isolation Sequential account switching maintains data isolation 00:44 +1208: /Users/avayroy/Optivus/test/group_d_adversarial_stress_test.dart: ... Adversarial Test - Account switching latency & data isolation Sequential account switching maintains data isolation 00:44 +1209: /Users/avayroy/Optivus/test/group_d_adversarial_stress_test.dart: ... Adversarial Test - Account switching latency & data isolation Sequential account switching maintains data isolation 00:44 +1210: /Users/avayroy/Optivus/test/group_d_adversarial_stress_test.dart: ... Adversarial Test - Account switching latency & data isolation Sequential account switching maintains data isolation 00:44 +1211: /Users/avayroy/Optivus/test/group_d_adversarial_stress_test.dart: ... Adversarial Test - Account switching latency & data isolation Sequential account switching maintains data isolation 00:44 +1212: /Users/avayroy/Optivus/test/group_d_adversarial_stress_test.dart: ... Adversarial Test - Account switching latency & data isolation Sequential account switching maintains data isolation 00:44 +1212: /Users/avayroy/Optivus/test/onboarding_step7_skin_care_test.dart: 60. No-products recommendations stop at product selection                                                               
[Onboarding7Scheduler] accepted gap=60 flexible=false blocks=2
00:44 +1213: /Users/avayroy/Optivus/test/group_d_adversarial_stress_test.dart: ... Adversarial Test - Account switching latency & data isolation Sequential account switching maintains data isolation 00:44 +1213: /Users/avayroy/Optivus/test/onboarding_step7_skin_care_test.dart: 60b. Routine retry reuses retained recommendations without face analysis                                                
[Onboarding7Scheduler] accepted gap=60 flexible=false blocks=2
00:44 +1214: /Users/avayroy/Optivus/test/group_d_adversarial_stress_test.dart: ... Adversarial Test - Account switching latency & data isolation Sequential account switching maintains data isolation 00:44 +1214: /Users/avayroy/Optivus/test/group_d_adversarial_stress_test.dart: Group D Adversarial Test - Account switching latency & data isolation Sequential account switching maintains data isolation
[Reconstruction] event=operation_started operationId=3
[Reconstruction] event=attempt_started operationId=3 attempt=1
[DeviceCountryService] Detection failed safely (MissingPluginException).
[Reconstruction] event=classified operationId=3 attempt=1 totalElapsedMs=5
00:44 +1215: /Users/avayroy/Optivus/test/onboarding_step7_skin_care_test.dart: 60c. Recommendation retry reruns only recommendation stage                                                              00:44 +1215: /Users/avayroy/Optivus/test/onboarding_step7_skin_care_test.dart: 60c. Recommendation retry reruns only recommendation stage                                                              
[Onboarding7Scheduler] accepted gap=60 flexible=false blocks=2
00:44 +1216: /Users/avayroy/Optivus/test/group_d_adversarial_stress_test.dart: ... - Email verification enforcement & bypass prevention markOnboardingComplete rejects unverified password accounts    00:44 +1216: /Users/avayroy/Optivus/test/onboarding_step7_skin_care_test.dart: 61. No-products face photo persists, restores, reaches AI, and deletes                                                  
[Onboarding7Scheduler] accepted gap=60 flexible=false blocks=2
00:44 +1217: /Users/avayroy/Optivus/test/group_d_adversarial_stress_test.dart: ... - Email verification enforcement & bypass prevention markOnboardingComplete rejects unverified password accounts    00:45 +1217: /Users/avayroy/Optivus/test/group_d_adversarial_stress_test.dart: ... - Email verification enforcement & bypass prevention markOnboardingComplete rejects unverified password accounts    00:45 +1218: /Users/avayroy/Optivus/test/group_d_adversarial_stress_test.dart: ... - Email verification enforcement & bypass prevention markOnboardingComplete rejects unverified password accounts    00:45 +1219: /Users/avayroy/Optivus/test/group_d_adversarial_stress_test.dart: ... - Email verification enforcement & bypass prevention markOnboardingComplete rejects unverified password accounts    00:45 +1220: /Users/avayroy/Optivus/test/group_d_adversarial_stress_test.dart: ... - Email verification enforcement & bypass prevention markOnboardingComplete rejects unverified password accounts    00:45 +1221: /Users/avayroy/Optivus/test/group_d_adversarial_stress_test.dart: ... - Email verification enforcement & bypass prevention markOnboardingComplete rejects unverified password accounts    00:45 +1222: /Users/avayroy/Optivus/test/group_d_adversarial_stress_test.dart: ... - Email verification enforcement & bypass prevention markOnboardingComplete rejects unverified password accounts    00:45 +1223: /Users/avayroy/Optivus/test/group_d_adversarial_stress_test.dart: ... - Email verification enforcement & bypass prevention markOnboardingComplete rejects unverified password accounts    00:45 +1224: /Users/avayroy/Optivus/test/group_d_adversarial_stress_test.dart: ... - Email verification enforcement & bypass prevention markOnboardingComplete rejects unverified password accounts    00:45 +1224: /Users/avayroy/Optivus/test/onboarding_step7_skin_care_test.dart: 69. Final no-products build reuses the routine loading state                                                            
[Onboarding7Scheduler] accepted gap=60 flexible=false blocks=2
00:45 +1225: /Users/avayroy/Optivus/test/group_d_adversarial_stress_test.dart: ... - Email verification enforcement & bypass prevention markOnboardingComplete rejects unverified password accounts    00:45 +1226: /Users/avayroy/Optivus/test/group_d_adversarial_stress_test.dart: ... - Email verification enforcement & bypass prevention markOnboardingComplete rejects unverified password accounts    00:45 +1227: /Users/avayroy/Optivus/test/group_d_adversarial_stress_test.dart: ... - Email verification enforcement & bypass prevention markOnboardingComplete rejects unverified password accounts    00:45 +1228: /Users/avayroy/Optivus/test/group_d_adversarial_stress_test.dart: ... - Email verification enforcement & bypass prevention markOnboardingComplete rejects unverified password accounts    00:45 +1229: /Users/avayroy/Optivus/test/group_d_adversarial_stress_test.dart: ... - Email verification enforcement & bypass prevention markOnboardingComplete rejects unverified password accounts    00:45 +1230: /Users/avayroy/Optivus/test/group_i_issues_43_to_55_test.dart: Group I Issues 43-55 Test Suite Issue 43: OnboardingStepShell responsive header height on small viewports                  00:45 +1231: /Users/avayroy/Optivus/test/group_i_issues_43_to_55_test.dart: Group I Issues 43-55 Test Suite Issue 43: OnboardingStepShell responsive header height on small viewports                  00:46 +1231: /Users/avayroy/Optivus/test/group_i_issues_43_to_55_test.dart: Group I Issues 43-55 Test Suite Issue 43: OnboardingStepShell responsive header height on small viewports                  00:46 +1232: /Users/avayroy/Optivus/test/onboarding_step7_runtime_ui_stability_test.dart: ... and Horizontal Inset Contract Has-products setup card and rebuild editor respect 24px horizontal margin  00:46 +1233: /Users/avayroy/Optivus/test/onboarding_step7_runtime_ui_stability_test.dart: ... and Horizontal Inset Contract Has-products setup card and rebuild editor respect 24px horizontal margin  00:46 +1234: /Users/avayroy/Optivus/test/onboarding_step7_runtime_ui_stability_test.dart: ... and Horizontal Inset Contract Has-products setup card and rebuild editor respect 24px horizontal margin  00:46 +1235: /Users/avayroy/Optivus/test/onboarding_step7_runtime_ui_stability_test.dart: ... and Horizontal Inset Contract Has-products setup card and rebuild editor respect 24px horizontal margin  00:46 +1236: /Users/avayroy/Optivus/test/onboarding_step7_runtime_ui_stability_test.dart: ... and Horizontal Inset Contract Has-products setup card and rebuild editor respect 24px horizontal margin  00:46 +1237: /Users/avayroy/Optivus/test/onboarding_step7_runtime_ui_stability_test.dart: ... and Horizontal Inset Contract Has-products setup card and rebuild editor respect 24px horizontal margin  00:46 +1238: /Users/avayroy/Optivus/test/onboarding_step7_runtime_ui_stability_test.dart: ... and Horizontal Inset Contract Has-products setup card and rebuild editor respect 24px horizontal margin  00:46 +1239: /Users/avayroy/Optivus/test/onboarding_step7_runtime_ui_stability_test.dart: ... and Horizontal Inset Contract Has-products setup card and rebuild editor respect 24px horizontal margin  00:46 +1240: /Users/avayroy/Optivus/test/onboarding_step7_runtime_ui_stability_test.dart: ... and Horizontal Inset Contract Has-products setup card and rebuild editor respect 24px horizontal margin  00:46 +1241: /Users/avayroy/Optivus/test/onboarding_step7_runtime_ui_stability_test.dart: ... and Horizontal Inset Contract Has-products setup card and rebuild editor respect 24px horizontal margin  00:46 +1242: /Users/avayroy/Optivus/test/onboarding_step7_runtime_ui_stability_test.dart: ... and Horizontal Inset Contract Has-products setup card and rebuild editor respect 24px horizontal margin  00:46 +1243: /Users/avayroy/Optivus/test/onboarding_step7_runtime_ui_stability_test.dart: ... and Horizontal Inset Contract Has-products setup card and rebuild editor respect 24px horizontal margin  00:46 +1244: /Users/avayroy/Optivus/test/onboarding_step7_runtime_ui_stability_test.dart: ... and Horizontal Inset Contract Has-products setup card and rebuild editor respect 24px horizontal margin  00:46 +1245: /Users/avayroy/Optivus/test/onboarding_step7_runtime_ui_stability_test.dart: ... and Horizontal Inset Contract Has-products setup card and rebuild editor respect 24px horizontal margin  00:46 +1246: /Users/avayroy/Optivus/test/onboarding_step7_runtime_ui_stability_test.dart: ... and Horizontal Inset Contract Has-products setup card and rebuild editor respect 24px horizontal margin  00:47 +1246: /Users/avayroy/Optivus/test/onboarding_step7_runtime_ui_stability_test.dart: ... and Horizontal Inset Contract Has-products setup card and rebuild editor respect 24px horizontal margin  00:47 +1247: /Users/avayroy/Optivus/test/onboarding_step7_runtime_ui_stability_test.dart: ... and Horizontal Inset Contract Has-products setup card and rebuild editor respect 24px horizontal margin  00:47 +1248: /Users/avayroy/Optivus/test/onboarding_step7_runtime_ui_stability_test.dart: ... and Horizontal Inset Contract Has-products setup card and rebuild editor respect 24px horizontal margin  00:47 +1249: /Users/avayroy/Optivus/test/group_d_adversarial_stress_test.dart: ... Email verification enforcement & bypass prevention GoRouter redirect traps unverified password user on /verify-email00:47 +1250: /Users/avayroy/Optivus/test/group_d_adversarial_stress_test.dart: ... Email verification enforcement & bypass prevention GoRouter redirect traps unverified password user on /verify-email00:47 +1251: /Users/avayroy/Optivus/test/group_d_adversarial_stress_test.dart: ... Email verification enforcement & bypass prevention GoRouter redirect traps unverified password user on /verify-email00:47 +1252: /Users/avayroy/Optivus/test/onboarding_step7_skin_care_test.dart: 69h. Delayed no-products upload after shell Back cannot mutate restored Plan A                                          00:47 +1253: /Users/avayroy/Optivus/test/onboarding_step7_skin_care_test.dart: 69h. Delayed no-products upload after shell Back cannot mutate restored Plan A                                          00:47 +1254: /Users/avayroy/Optivus/test/onboarding_step7_runtime_ui_stability_test.dart: ... and Horizontal Inset Contract Rebuild editor on compact screen with 1.5 text scale does not overflow     00:47 +1255: /Users/avayroy/Optivus/test/group_d_adversarial_stress_test.dart: ... Sign-out Controller Sweep Logout sweep completely clears all feature state and detail request providers             00:47 +1256: /Users/avayroy/Optivus/test/group_d_adversarial_stress_test.dart: ... Sign-out Controller Sweep Logout sweep completely clears all feature state and detail request providers             00:47 +1256: /Users/avayroy/Optivus/test/onboarding_step7_skin_care_test.dart: 70. Sun cream is sunscreen and not moisturizer                                                                          
[Onboarding7Scheduler] accepted gap=60 flexible=false blocks=3
00:47 +1257: /Users/avayroy/Optivus/test/group_d_adversarial_stress_test.dart: ... Sign-out Controller Sweep Logout sweep completely clears all feature state and detail request providers             00:47 +1257: /Users/avayroy/Optivus/test/onboarding_step7_skin_care_test.dart: 71. No-products exposes and forwards 2, 3, or 4 times per day                                                           
[Onboarding7Scheduler] accepted gap=60 flexible=false blocks=3
00:47 +1258: /Users/avayroy/Optivus/test/group_d_adversarial_stress_test.dart: ... Sign-out Controller Sweep Logout sweep completely clears all feature state and detail request providers             00:47 +1259: /Users/avayroy/Optivus/test/group_d_adversarial_stress_test.dart: ... Sign-out Controller Sweep Logout sweep completely clears all feature state and detail request providers             00:48 +1259: /Users/avayroy/Optivus/test/group_d_adversarial_stress_test.dart: ... Sign-out Controller Sweep Logout sweep completely clears all feature state and detail request providers             00:48 +1260: /Users/avayroy/Optivus/test/group_d_adversarial_stress_test.dart: ... Sign-out Controller Sweep Logout sweep completely clears all feature state and detail request providers             00:48 +1261: /Users/avayroy/Optivus/test/group_d_adversarial_stress_test.dart: ... Sign-out Controller Sweep Logout sweep completely clears all feature state and detail request providers             00:48 +1262: /Users/avayroy/Optivus/test/group_d_adversarial_stress_test.dart: ... Sign-out Controller Sweep Logout sweep completely clears all feature state and detail request providers             00:48 +1263: /Users/avayroy/Optivus/test/group_d_adversarial_stress_test.dart: ... Sign-out Controller Sweep Logout sweep completely clears all feature state and detail request providers             00:48 +1264: /Users/avayroy/Optivus/test/group_d_adversarial_stress_test.dart: ... Sign-out Controller Sweep Logout sweep completely clears all feature state and detail request providers             00:48 +1265: /Users/avayroy/Optivus/test/group_d_adversarial_stress_test.dart: ... Sign-out Controller Sweep Logout sweep completely clears all feature state and detail request providers             00:48 +1266: /Users/avayroy/Optivus/test/group_d_adversarial_stress_test.dart: ... Sign-out Controller Sweep Logout sweep completely clears all feature state and detail request providers             00:48 +1267: /Users/avayroy/Optivus/test/group_d_adversarial_stress_test.dart: ... Sign-out Controller Sweep Logout sweep completely clears all feature state and detail request providers             00:49 +1267: /Users/avayroy/Optivus/test/group_d_adversarial_stress_test.dart: ... Sign-out Controller Sweep Logout sweep completely clears all feature state and detail request providers             00:49 +1268: /Users/avayroy/Optivus/test/onboarding_step7_pending_photo_generation_test.dart: ... pending photo label analysis: Worker receives Photo B key and session guard accepts response         00:49 +1269: /Users/avayroy/Optivus/test/onboarding_step7_pending_photo_generation_test.dart: ... pending photo label analysis: Worker receives Photo B key and session guard accepts response         00:49 +1270: /Users/avayroy/Optivus/test/onboarding_step7_pending_photo_generation_test.dart: ... pending photo label analysis: Worker receives Photo B key and session guard accepts response         00:49 +1271: /Users/avayroy/Optivus/test/onboarding_step7_pending_photo_generation_test.dart: ... pending photo label analysis: Worker receives Photo B key and session guard accepts response         00:49 +1272: /Users/avayroy/Optivus/test/onboarding_step7_pending_photo_generation_test.dart: ... pending photo label analysis: Worker receives Photo B key and session guard accepts response         00:49 +1273: /Users/avayroy/Optivus/test/onboarding_step7_pending_photo_generation_test.dart: ... pending photo label analysis: Worker receives Photo B key and session guard accepts response         00:49 +1274: /Users/avayroy/Optivus/test/onboarding_step7_pending_photo_generation_test.dart: ... pending photo label analysis: Worker receives Photo B key and session guard accepts response         00:49 +1275: /Users/avayroy/Optivus/test/onboarding_step7_pending_photo_generation_test.dart: ... pending photo label analysis: Worker receives Photo B key and session guard accepts response         00:49 +1276: /Users/avayroy/Optivus/test/onboarding_step7_pending_photo_generation_test.dart: ... pending photo label analysis: Worker receives Photo B key and session guard accepts response         00:50 +1276: /Users/avayroy/Optivus/test/onboarding_step7_pending_photo_generation_test.dart: ... pending photo label analysis: Worker receives Photo B key and session guard accepts response         00:50 +1277: /Users/avayroy/Optivus/test/onboarding_step7_pending_photo_generation_test.dart: ... pending photo label analysis: Worker receives Photo B key and session guard accepts response         00:50 +1278: /Users/avayroy/Optivus/test/onboarding_step7_pending_photo_generation_test.dart: ... pending photo label analysis: Worker receives Photo B key and session guard accepts response         00:50 +1279: /Users/avayroy/Optivus/test/onboarding_step7_pending_photo_generation_test.dart: ... pending photo label analysis: Worker receives Photo B key and session guard accepts response         00:50 +1280: /Users/avayroy/Optivus/test/onboarding_step7_pending_photo_generation_test.dart: ... pending photo label analysis: Worker receives Photo B key and session guard accepts response         00:50 +1281: /Users/avayroy/Optivus/test/onboarding_step7_pending_photo_generation_test.dart: ... pending photo label analysis: Worker receives Photo B key and session guard accepts response         00:50 +1282: /Users/avayroy/Optivus/test/onboarding_step7_pending_photo_generation_test.dart: ... pending photo label analysis: Worker receives Photo B key and session guard accepts response         00:50 +1283: /Users/avayroy/Optivus/test/onboarding_step7_pending_photo_generation_test.dart: ... pending photo label analysis: Worker receives Photo B key and session guard accepts response         00:50 +1284: /Users/avayroy/Optivus/test/onboarding_step7_pending_photo_generation_test.dart: ... pending photo label analysis: Worker receives Photo B key and session guard accepts response         00:50 +1284 ~1: /Users/avayroy/Optivus/test/onboarding_step7_pending_photo_generation_test.dart: ... pending photo label analysis: Worker receives Photo B key and session guard accepts response      00:50 +1284 ~2: /Users/avayroy/Optivus/test/onboarding_step7_pending_photo_generation_test.dart: ... pending photo label analysis: Worker receives Photo B key and session guard accepts response      00:50 +1284 ~3: /Users/avayroy/Optivus/test/onboarding_step7_pending_photo_generation_test.dart: ... pending photo label analysis: Worker receives Photo B key and session guard accepts response      00:50 +1284 ~4: /Users/avayroy/Optivus/test/onboarding_step7_pending_photo_generation_test.dart: ... pending photo label analysis: Worker receives Photo B key and session guard accepts response      00:50 +1284 ~5: /Users/avayroy/Optivus/test/onboarding_step7_pending_photo_generation_test.dart: ... pending photo label analysis: Worker receives Photo B key and session guard accepts response      00:50 +1284 ~6: /Users/avayroy/Optivus/test/onboarding_step7_pending_photo_generation_test.dart: ... pending photo label analysis: Worker receives Photo B key and session guard accepts response      00:50 +1284 ~7: /Users/avayroy/Optivus/test/onboarding_step7_pending_photo_generation_test.dart: ... pending photo label analysis: Worker receives Photo B key and session guard accepts response      00:50 +1284 ~8: /Users/avayroy/Optivus/test/onboarding_step7_pending_photo_generation_test.dart: ... pending photo label analysis: Worker receives Photo B key and session guard accepts response      00:50 +1284 ~9: /Users/avayroy/Optivus/test/onboarding_step7_pending_photo_generation_test.dart: ... pending photo label analysis: Worker receives Photo B key and session guard accepts response      00:50 +1284 ~10: /Users/avayroy/Optivus/test/onboarding_step7_pending_photo_generation_test.dart: ... pending photo label analysis: Worker receives Photo B key and session guard accepts response     00:50 +1285 ~10: /Users/avayroy/Optivus/test/onboarding_step5_all_dishes_mapping_test.dart: ... all dishes without arbitrary limits and renders them directly without normal ellipsis or +N more       00:50 +1286 ~10: /Users/avayroy/Optivus/test/onboarding_step5_all_dishes_mapping_test.dart: ... all dishes without arbitrary limits and renders them directly without normal ellipsis or +N more       00:50 +1287 ~10: /Users/avayroy/Optivus/test/ah_f021_step14_final_review_test.dart: AH-F021 Readiness Card Tests (Tests T–W) T: Fully configured draft with 0 conflicts shows positive readiness state 00:50 +1287 ~10: /Users/avayroy/Optivus/test/onboarding_step7_pending_photo_generation_test.dart: Gate 3 Sixth Closure — Pending Replacement AI Integration Tests 2. Has-products pending photo routine generation: session guard accepts Photo B, tags blocks, and commits replacement
[Onboarding7Scheduler] accepted gap=60 flexible=false blocks=2
00:51 +1288 ~10: /Users/avayroy/Optivus/test/ah_f021_step14_final_review_test.dart: AH-F021 Readiness Card Tests (Tests T–W) T: Fully configured draft with 0 conflicts shows positive readiness state 00:51 +1289 ~10: /Users/avayroy/Optivus/test/ah_f021_step14_final_review_test.dart: AH-F021 Readiness Card Tests (Tests T–W) T: Fully configured draft with 0 conflicts shows positive readiness state 00:51 +1290 ~10: /Users/avayroy/Optivus/test/ah_f021_step14_final_review_test.dart: AH-F021 Readiness Card Tests (Tests T–W) T: Fully configured draft with 0 conflicts shows positive readiness state 00:51 +1291 ~10: /Users/avayroy/Optivus/test/onboarding_step7_pending_photo_generation_test.dart: ... pending face photo find-products: Worker receives Photo B key and session guard accepts response 00:51 +1292 ~10: /Users/avayroy/Optivus/test/onboarding_step7_pending_photo_generation_test.dart: ... pending face photo find-products: Worker receives Photo B key and session guard accepts response 00:51 +1293 ~10: /Users/avayroy/Optivus/test/onboarding_step7_runtime_ui_stability_test.dart: ... -> Change details AGAIN -> Find products AGAIN -> select products -> Close editor -> Plan A review   00:51 +1294 ~10: /Users/avayroy/Optivus/test/onboarding_step7_runtime_ui_stability_test.dart: ... -> Change details AGAIN -> Find products AGAIN -> select products -> Close editor -> Plan A review   00:51 +1295 ~10: /Users/avayroy/Optivus/test/onboarding_step7_runtime_ui_stability_test.dart: ... -> Change details AGAIN -> Find products AGAIN -> select products -> Close editor -> Plan A review   00:51 +1296 ~10: /Users/avayroy/Optivus/test/onboarding_step7_runtime_ui_stability_test.dart: ... -> Change details AGAIN -> Find products AGAIN -> select products -> Close editor -> Plan A review   00:52 +1296 ~10: /Users/avayroy/Optivus/test/onboarding_step7_runtime_ui_stability_test.dart: ... -> Change details AGAIN -> Find products AGAIN -> select products -> Close editor -> Plan A review   00:52 +1296 ~10: /Users/avayroy/Optivus/test/onboarding_step7_pending_photo_generation_test.dart: Gate 3 Sixth Closure — Pending Replacement AI Integration Tests 4. No-products pending face photo routine generation: commits Plan B blocks and promotes Photo B to durable
[Onboarding7Scheduler] accepted gap=60 flexible=false blocks=2
00:52 +1297 ~10: /Users/avayroy/Optivus/test/onboarding_step7_runtime_ui_stability_test.dart: ... -> Change details AGAIN -> Find products AGAIN -> select products -> Close editor -> Plan A review   00:52 +1298 ~10: /Users/avayroy/Optivus/test/onboarding_step7_runtime_ui_stability_test.dart: ... -> Change details AGAIN -> Find products AGAIN -> select products -> Close editor -> Plan A review   00:52 +1299 ~10: /Users/avayroy/Optivus/test/onboarding_step7_runtime_ui_stability_test.dart: ... -> Change details AGAIN -> Find products AGAIN -> select products -> Close editor -> Plan A review   00:52 +1300 ~10: /Users/avayroy/Optivus/test/onboarding_step7_pending_photo_generation_test.dart: ... pending Photo B AI runs: epoch change and rollback ignores late response and preserves Plan A    00:52 +1301 ~10: /Users/avayroy/Optivus/test/edge_to_edge_configuration_test.dart: Android edge-to-edge configuration background fills the window while content respects insets                        00:52 +1302 ~10: /Users/avayroy/Optivus/test/edge_to_edge_configuration_test.dart: Android edge-to-edge configuration background fills the window while content respects insets                        00:52 +1303 ~10: /Users/avayroy/Optivus/test/edge_to_edge_configuration_test.dart: Android edge-to-edge configuration background fills the window while content respects insets                        00:52 +1304 ~10: /Users/avayroy/Optivus/test/edge_to_edge_configuration_test.dart: Android edge-to-edge configuration background fills the window while content respects insets                        00:52 +1305 ~10: /Users/avayroy/Optivus/test/edge_to_edge_configuration_test.dart: Android edge-to-edge configuration background fills the window while content respects insets                        00:52 +1305 ~10: /Users/avayroy/Optivus/test/onboarding_step7_runtime_ui_stability_test.dart: Section 19 Exact Physical Interaction Sequence Regression Plan B completion after rebuild: valid routine -> Rebuild / Edit -> Change details -> Find products -> select products -> Build skin routine -> Plan B review
[Onboarding7Scheduler] accepted gap=60 flexible=false blocks=2
00:52 +1306 ~10: /Users/avayroy/Optivus/test/edge_to_edge_configuration_test.dart: Android edge-to-edge configuration background fills the window while content respects insets                        00:53 +1306 ~10: /Users/avayroy/Optivus/test/edge_to_edge_configuration_test.dart: Android edge-to-edge configuration background fills the window while content respects insets                        00:53 +1307 ~10: /Users/avayroy/Optivus/test/edge_to_edge_configuration_test.dart: Android edge-to-edge configuration background fills the window while content respects insets                        00:53 +1308 ~10: /Users/avayroy/Optivus/test/edge_to_edge_configuration_test.dart: Android edge-to-edge configuration background fills the window while content respects insets                        00:53 +1309 ~10: /Users/avayroy/Optivus/test/edge_to_edge_configuration_test.dart: Android edge-to-edge configuration background fills the window while content respects insets                        00:53 +1310 ~10: /Users/avayroy/Optivus/test/edge_to_edge_configuration_test.dart: Android edge-to-edge configuration background fills the window while content respects insets                        00:53 +1311 ~10: /Users/avayroy/Optivus/test/edge_to_edge_configuration_test.dart: Android edge-to-edge configuration background fills the window while content respects insets                        00:53 +1312 ~10: /Users/avayroy/Optivus/test/edge_to_edge_configuration_test.dart: Android edge-to-edge configuration background fills the window while content respects insets                        00:53 +1313 ~10: /Users/avayroy/Optivus/test/onboarding_step7_runtime_ui_stability_test.dart: ... products -> select products -> Build skin routine -> Plan B review -> Next Step advances to Step 8   00:53 +1314 ~10: /Users/avayroy/Optivus/test/onboarding_step7_runtime_ui_stability_test.dart: ... products -> select products -> Build skin routine -> Plan B review -> Next Step advances to Step 8   00:53 +1315 ~10: /Users/avayroy/Optivus/test/onboarding_step7_runtime_ui_stability_test.dart: ... products -> select products -> Build skin routine -> Plan B review -> Next Step advances to Step 8   00:53 +1315 ~10: /Users/avayroy/Optivus/test/onboarding_step7_runtime_ui_stability_test.dart: Section 19 Exact Physical Interaction Sequence Regression Real shell OnboardingFlow integration: Plan A -> Rebuild / Edit -> Change details -> Find products -> select products -> Build skin routine -> Plan B review -> Next Step advances to Step 8
[Onboarding7Scheduler] accepted gap=60 flexible=false blocks=2
00:53 +1316 ~10: /Users/avayroy/Optivus/test/onboarding_step7_runtime_ui_stability_test.dart: ... products -> select products -> Build skin routine -> Plan B review -> Next Step advances to Step 8   00:53 +1317 ~10: /Users/avayroy/Optivus/test/onboarding_step7_runtime_ui_stability_test.dart: ... products -> select products -> Build skin routine -> Plan B review -> Next Step advances to Step 8   00:53 +1318 ~10: /Users/avayroy/Optivus/test/onboarding_step7_runtime_ui_stability_test.dart: ... products -> select products -> Build skin routine -> Plan B review -> Next Step advances to Step 8   00:53 +1319 ~10: /Users/avayroy/Optivus/test/ah_f021_step14_final_review_test.dart: AH-F021 Responsive & Layout Geometry Tests (Tests BD–BM) BD: Renders cleanly without overflow at 412.0x915.0       00:53 +1320 ~10: /Users/avayroy/Optivus/test/ah_f021_step14_final_review_test.dart: AH-F021 Responsive & Layout Geometry Tests (Tests BD–BM) BD: Renders cleanly without overflow at 412.0x915.0       00:53 +1320 ~10: /Users/avayroy/Optivus/test/ah_f021_step14_final_review_test.dart: AH-F021 Responsive & Layout Geometry Tests (Tests BD–BM) BD: Renders cleanly without overflow at 800.0x360.0       00:54 +1320 ~10: /Users/avayroy/Optivus/test/ah_f021_step14_final_review_test.dart: AH-F021 Responsive & Layout Geometry Tests (Tests BD–BM) BD: Renders cleanly without overflow at 800.0x360.0       00:54 +1321 ~10: /Users/avayroy/Optivus/test/ah_f021_step14_final_review_test.dart: AH-F021 Responsive & Layout Geometry Tests (Tests BD–BM) BD: Renders cleanly without overflow at 800.0x360.0       00:54 +1321 ~10: /Users/avayroy/Optivus/test/ah_f021_step14_final_review_test.dart: AH-F021 Responsive & Layout Geometry Tests (Tests BD–BM) BE: Renders cleanly under 1.4x accessibility text scale   00:54 +1322 ~10: /Users/avayroy/Optivus/test/ah_f021_step14_final_review_test.dart: AH-F021 Responsive & Layout Geometry Tests (Tests BD–BM) BE: Renders cleanly under 1.4x accessibility text scale   00:54 +1322 ~10: /Users/avayroy/Optivus/test/ah_f021_step14_final_review_test.dart: AH-F021 Responsive & Layout Geometry Tests (Tests BD–BM) BE: Renders cleanly under 1.6x accessibility text scale   00:54 +1323 ~10: /Users/avayroy/Optivus/test/ah_f021_step14_final_review_test.dart: AH-F021 Responsive & Layout Geometry Tests (Tests BD–BM) BE: Renders cleanly under 1.6x accessibility text scale   00:54 +1323 ~10: /Users/avayroy/Optivus/test/ah_f021_step14_final_review_test.dart: ... & Primary CTA Integration (Tests M–S, AE, AH) M & N: Unresolved conflicts remain advisory for onboarding CTA   00:54 +1324 ~10: /Users/avayroy/Optivus/test/ah_f021_step14_final_review_test.dart: ... & Primary CTA Integration (Tests M–S, AE, AH) M & N: Unresolved conflicts remain advisory for onboarding CTA   00:54 +1324 ~10: /Users/avayroy/Optivus/test/ah_f021_step14_final_review_test.dart: ... Action & Primary CTA Integration (Tests M–S, AE, AH) O & P: Zero unresolved conflicts compute Enter Optivus CTA00:54 +1325 ~10: /Users/avayroy/Optivus/test/ah_f021_step14_final_review_test.dart: ... Action & Primary CTA Integration (Tests M–S, AE, AH) O & P: Zero unresolved conflicts compute Enter Optivus CTA00:54 +1325 ~10: /Users/avayroy/Optivus/test/ah_f021_step14_final_review_test.dart: ... & Primary CTA Integration (Tests M–S, AE, AH) AE: Completion start is not blocked when schedule overlaps exist 00:54 +1326 ~10: /Users/avayroy/Optivus/test/ah_f021_step14_final_review_test.dart: ... & Primary CTA Integration (Tests M–S, AE, AH) AE: Completion start is not blocked when schedule overlaps exist 00:54 +1326 ~10: /Users/avayroy/Optivus/test/ah_f021_step14_final_review_test.dart: ... & Primary CTA Integration (Tests M–S, AE, AH) AH: Enter Optivus double tap initiates completion only once      00:54 +1327 ~10: /Users/avayroy/Optivus/test/ah_f021_step14_final_review_test.dart: ... & Primary CTA Integration (Tests M–S, AE, AH) AH: Enter Optivus double tap initiates completion only once      00:54 +1327 ~10: /Users/avayroy/Optivus/test/ah_f021_step14_final_review_test.dart: ... Recovery Transitions (Tests AR–AY, AU) AR & AS: Reauthenticate retry action provides Sign In Again button      00:54 +1328 ~10: /Users/avayroy/Optivus/test/ah_f021_step14_final_review_test.dart: ... Recovery Transitions (Tests AR–AY, AU) AR & AS: Reauthenticate retry action provides Sign In Again button      00:54 +1328 ~10: /Users/avayroy/Optivus/test/ah_f021_step14_final_review_test.dart: ... Recovery Transitions (Tests AR–AY, AU) AT & AU: RestartRecovery retry action provides Recover Setup button     00:54 +1329 ~10: /Users/avayroy/Optivus/test/ah_f021_step14_final_review_test.dart: ... Recovery Transitions (Tests AR–AY, AU) AT & AU: RestartRecovery retry action provides Recover Setup button     00:54 +1329 ~10: /Users/avayroy/Optivus/test/ah_f021_step14_final_review_test.dart: ... Recovery Transitions (Tests AR–AY, AU) AU: Raw error firewall prevents technical strings from surfacing in UI  00:54 +1330 ~10: /Users/avayroy/Optivus/test/work_package_b_remediation_test.dart: Work Package B Remediation Tests ISSUE-04-01: OnboardingDraft validateStep accepts valid step indexes               00:54 +1331 ~10: /Users/avayroy/Optivus/test/work_package_b_remediation_test.dart: Work Package B Remediation Tests ISSUE-04-01: OnboardingDraft validateStep accepts valid step indexes               00:54 +1332 ~10: /Users/avayroy/Optivus/test/work_package_b_remediation_test.dart: Work Package B Remediation Tests ISSUE-04-01: OnboardingDraft validateStep accepts valid step indexes               00:54 +1333 ~10: /Users/avayroy/Optivus/test/ah_f021_step14_final_review_test.dart: ... Accessibility Semantics & Hit-Testing (Tests BF–BM) BF: Onboarding final review omits conflict decision cards  00:54 +1334 ~10: /Users/avayroy/Optivus/test/ah_f021_step14_final_review_test.dart: ... Accessibility Semantics & Hit-Testing (Tests BF–BM) BF: Onboarding final review omits conflict decision cards  00:54 +1335 ~10: /Users/avayroy/Optivus/test/ah_f021_step14_final_review_test.dart: ... Accessibility Semantics & Hit-Testing (Tests BF–BM) BF: Onboarding final review omits conflict decision cards  00:54 +1336 ~10: /Users/avayroy/Optivus/test/work_package_b_remediation_test.dart: Work Package B Remediation Tests ISSUE-06-02: validateStep(14) and buildBundle reject un-persisted sub-steps        00:54 +1337 ~10: /Users/avayroy/Optivus/test/work_package_b_remediation_test.dart: Work Package B Remediation Tests ISSUE-06-02: validateStep(14) and buildBundle reject un-persisted sub-steps        00:54 +1337 ~10: /Users/avayroy/Optivus/test/work_package_b_remediation_test.dart: Work Package B Remediation Tests ISSUE-06-02: validateStep(14) and buildBundle succeed when sub-steps are valid     00:54 +1338 ~10: /Users/avayroy/Optivus/test/challenger_p46_m3_2_adversarial_test.dart: ... Integrity & Safety RebuildBundleFromVerifiedDraftAction in AuthNotifier never fabricates completion data   00:54 +1338 ~10: /Users/avayroy/Optivus/test/challenger_p46_m3_2_adversarial_test.dart: Challenger P46 M3.2: Recovery Data Integrity & Safety RebuildBundleFromVerifiedDraftAction in AuthNotifier never fabricates completion data
[AuthRecovery] Recovery action failed safely (StateError).
00:54 +1339 ~10: /Users/avayroy/Optivus/test/work_package_b_remediation_test.dart: Work Package B Remediation Tests ISSUE-01-01: Signup screen account exists banner populates email on reset          00:54 +1339 ~10: /Users/avayroy/Optivus/test/challenger_p46_m3_2_adversarial_test.dart: Challenger P46 M3.2: Recovery Data Integrity & Safety ResumeOnboardingAction without a draft fails without fabrication
[AuthRecovery] Recovery action failed safely (StateError).
00:54 +1340 ~10: /Users/avayroy/Optivus/test/work_package_b_remediation_test.dart: Work Package B Remediation Tests ISSUE-01-01: Signup screen account exists banner populates email on reset          00:54 +1340 ~10: /Users/avayroy/Optivus/test/challenger_p46_m3_2_adversarial_test.dart: Challenger P46 M3.2: Recovery Data Integrity & Safety RebuildBundleFromVerifiedDraftAction with no artifacts fails closed
[AuthRecovery] Recovery action failed safely (StateError).
00:54 +1341 ~10: /Users/avayroy/Optivus/test/work_package_b_remediation_test.dart: Work Package B Remediation Tests ISSUE-01-01: Signup screen account exists banner populates email on reset          00:55 +1341 ~10: /Users/avayroy/Optivus/test/work_package_b_remediation_test.dart: Work Package B Remediation Tests ISSUE-01-01: Signup screen account exists banner populates email on reset          00:55 +1342 ~10: /Users/avayroy/Optivus/test/work_package_b_remediation_test.dart: Work Package B Remediation Tests ISSUE-01-01: Signup screen account exists banner populates email on reset          00:55 +1343 ~10: /Users/avayroy/Optivus/test/work_package_b_remediation_test.dart: Work Package B Remediation Tests ISSUE-01-01: Signup screen account exists banner populates email on reset          00:55 +1344 ~10: /Users/avayroy/Optivus/test/work_package_b_remediation_test.dart: Work Package B Remediation Tests ISSUE-01-01: Signup screen account exists banner populates email on reset          00:55 +1345 ~10: /Users/avayroy/Optivus/test/work_package_b_remediation_test.dart: Work Package B Remediation Tests ISSUE-01-01: Signup screen account exists banner populates email on reset          00:55 +1346 ~10: /Users/avayroy/Optivus/test/work_package_b_remediation_test.dart: Work Package B Remediation Tests ISSUE-01-01: Signup screen account exists banner populates email on reset          00:55 +1347 ~10: /Users/avayroy/Optivus/test/work_package_b_remediation_test.dart: Work Package B Remediation Tests ISSUE-01-01: Signup screen account exists banner populates email on reset          00:55 +1348 ~10: /Users/avayroy/Optivus/test/work_package_b_remediation_test.dart: Work Package B Remediation Tests ISSUE-01-01: Signup screen account exists banner populates email on reset          00:55 +1349 ~10: /Users/avayroy/Optivus/test/work_package_b_remediation_test.dart: Work Package B Remediation Tests ISSUE-01-01: Signup screen account exists banner populates email on reset          00:55 +1350 ~10: /Users/avayroy/Optivus/test/work_package_b_remediation_test.dart: Work Package B Remediation Tests ISSUE-01-01: Signup screen account exists banner populates email on reset          00:55 +1351 ~10: /Users/avayroy/Optivus/test/work_package_b_remediation_test.dart: Work Package B Remediation Tests ISSUE-01-01: Signup screen account exists banner populates email on reset          00:55 +1352 ~10: /Users/avayroy/Optivus/test/work_package_b_remediation_test.dart: Work Package B Remediation Tests ISSUE-01-01: Signup screen account exists banner populates email on reset          00:55 +1353 ~10: /Users/avayroy/Optivus/test/work_package_b_remediation_test.dart: Work Package B Remediation Tests ISSUE-01-01: Signup screen account exists banner populates email on reset          00:55 +1354 ~10: /Users/avayroy/Optivus/test/work_package_b_remediation_test.dart: Work Package B Remediation Tests ISSUE-01-01: Signup screen account exists banner populates email on reset          00:55 +1355 ~10: /Users/avayroy/Optivus/test/work_package_b_remediation_test.dart: Work Package B Remediation Tests ISSUE-01-01: Signup screen account exists banner populates email on reset          00:55 +1355 ~10: /Users/avayroy/Optivus/test/challenger_p46_m3_2_adversarial_test.dart: Challenger P46 M3.2: Batch Limits (N > 240 Items) OnboardingCompletionJobService fails gracefully when N > 240 
[SystemWakeLock] Acquired wake lock claim.
00:55 +1356 ~10: /Users/avayroy/Optivus/test/work_package_b_remediation_test.dart: Work Package B Remediation Tests ISSUE-01-01: Signup screen account exists banner populates email on reset          00:55 +1357 ~10: /Users/avayroy/Optivus/test/work_package_b_remediation_test.dart: Work Package B Remediation Tests ISSUE-01-01: Signup screen account exists banner populates email on reset          00:55 +1357 ~10: /Users/avayroy/Optivus/test/challenger_p46_m3_2_adversarial_test.dart: Challenger P46 M3.2: Batch Limits (N > 240 Items) OnboardingCompletionJobService fails gracefully when N > 240 
[CompletionTiming] validateInput=1ms
00:55 +1358 ~10: /Users/avayroy/Optivus/test/work_package_b_remediation_test.dart: Work Package B Remediation Tests ISSUE-01-01: Signup screen account exists banner populates email on reset          00:55 +1358 ~10: /Users/avayroy/Optivus/test/challenger_p46_m3_2_adversarial_test.dart: Challenger P46 M3.2: Batch Limits (N > 240 Items) OnboardingCompletionJobService fails gracefully when N > 240 
[CompletionTiming] persistDraft=1ms
[CompletionTiming] verifyDraft=2ms
00:55 +1359 ~10: /Users/avayroy/Optivus/test/work_package_b_remediation_test.dart: Work Package B Remediation Tests ISSUE-01-01: Signup screen account exists banner populates email on reset          00:55 +1359 ~10: /Users/avayroy/Optivus/test/challenger_p46_m3_2_adversarial_test.dart: Challenger P46 M3.2: Batch Limits (N > 240 Items) OnboardingCompletionJobService fails gracefully when N > 240 
[CompletionTiming] persistBundle=0ms
[CompletionTiming] verifyBundle=1ms
[CompletionFailure] stage=reconcileRoutines code=state_error category=validation_failed retryable=false
[SystemWakeLock] Released wake lock claim.
00:55 +1360 ~10: /Users/avayroy/Optivus/test/work_package_b_remediation_test.dart: Work Package B Remediation Tests ISSUE-01-01: Signup screen account exists banner populates email on reset          00:55 +1361 ~10: /Users/avayroy/Optivus/test/work_package_b_remediation_test.dart: Work Package B Remediation Tests ISSUE-01-01: Signup screen account exists banner populates email on reset          00:55 +1362 ~10: /Users/avayroy/Optivus/test/work_package_b_remediation_test.dart: Work Package B Remediation Tests ISSUE-01-01: Signup screen account exists banner populates email on reset          00:55 +1363 ~10: /Users/avayroy/Optivus/test/work_package_b_remediation_test.dart: Work Package B Remediation Tests ISSUE-01-01: Signup screen account exists banner populates email on reset          00:55 +1363 ~10: /Users/avayroy/Optivus/test/challenger_p46_m3_2_adversarial_test.dart: Challenger P46 M3.2: Structured Failure Payload Sanitization Simulated exception containing sensitive data (emails, auth tokens) redacts lastError while preserving structural fields
[SystemWakeLock] Acquired wake lock claim.
[CompletionTiming] validateInput=0ms
[CompletionFailure] stage=persistDraft code=state_error category=validation_failed retryable=false
[SystemWakeLock] Released wake lock claim.
00:55 +1364 ~10: /Users/avayroy/Optivus/test/work_package_b_remediation_test.dart: Work Package B Remediation Tests ISSUE-01-01: Signup screen account exists banner populates email on reset          00:55 +1364 ~10: /Users/avayroy/Optivus/test/challenger_p46_m3_2_adversarial_test.dart: Challenger P46 M3.2: Structured Failure Payload Sanitization OnboardingCompletionFailureException preserves structural fields and sanitizes custom error message
[SystemWakeLock] Acquired wake lock claim.
[CompletionTiming] validateInput=0ms
[CompletionTiming] persistDraft=0ms
[CompletionTiming] verifyDraft=1ms
[CompletionTiming] persistBundle=0ms
[CompletionTiming] verifyBundle=0ms
[CompletionFailure] stage=reconcileRoutines code=COMPLETION_VERIFY_FAILED category=execution_failed retryable=true
[SystemWakeLock] Released wake lock claim.
00:55 +1365 ~10: /Users/avayroy/Optivus/test/work_package_b_remediation_test.dart: Work Package B Remediation Tests ISSUE-01-01: Signup screen account exists banner populates email on reset          00:55 +1365 ~10: /Users/avayroy/Optivus/test/challenger_p46_m3_2_adversarial_test.dart: Challenger P46 M3.2: Fine-Grained Completion Stage Ordering (Stage 5 UPDATE_PROFILE) Stage 5 (UPDATE_PROFILE) cannot execute if Stage 1 (PERSIST_DRAFT) fails
[SystemWakeLock] Acquired wake lock claim.
[CompletionTiming] validateInput=0ms
[CompletionFailure] stage=persistDraft code=state_error category=validation_failed retryable=false
[SystemWakeLock] Released wake lock claim.
00:55 +1366 ~10: /Users/avayroy/Optivus/test/work_package_b_remediation_test.dart: Work Package B Remediation Tests ISSUE-01-01: Signup screen account exists banner populates email on reset          00:55 +1366 ~10: /Users/avayroy/Optivus/test/challenger_p46_m3_2_adversarial_test.dart: Challenger P46 M3.2: Fine-Grained Completion Stage Ordering (Stage 5 UPDATE_PROFILE) Stage 5 (UPDATE_PROFILE) cannot execute if Stage 3 (PROJECT_ROUTINES) fails
[SystemWakeLock] Acquired wake lock claim.
[CompletionTiming] validateInput=0ms
[CompletionTiming] persistDraft=0ms
[CompletionTiming] verifyDraft=0ms
[CompletionTiming] persistBundle=0ms
[CompletionTiming] verifyBundle=0ms
[CompletionFailure] stage=reconcileRoutines code=state_error category=validation_failed retryable=false
[SystemWakeLock] Released wake lock claim.
00:55 +1367 ~10: /Users/avayroy/Optivus/test/work_package_b_remediation_test.dart: Work Package B Remediation Tests ISSUE-01-01: Signup screen account exists banner populates email on reset          00:55 +1368 ~10: /Users/avayroy/Optivus/test/work_package_b_remediation_test.dart: Work Package B Remediation Tests ISSUE-01-01: Signup screen account exists banner populates email on reset          00:55 +1369 ~10: /Users/avayroy/Optivus/test/work_package_b_remediation_test.dart: Work Package B Remediation Tests ISSUE-01-01: Signup screen account exists banner populates email on reset          00:55 +1370 ~10: /Users/avayroy/Optivus/test/work_package_b_remediation_test.dart: Work Package B Remediation Tests ISSUE-01-01: Signup screen account exists banner populates email on reset          00:55 +1371 ~10: /Users/avayroy/Optivus/test/work_package_b_remediation_test.dart: Work Package B Remediation Tests ISSUE-01-01: Signup screen account exists banner populates email on reset          00:55 +1372 ~10: /Users/avayroy/Optivus/test/work_package_b_remediation_test.dart: Work Package B Remediation Tests ISSUE-01-01: Signup screen account exists banner populates email on reset          00:55 +1373 ~10: /Users/avayroy/Optivus/test/work_package_b_remediation_test.dart: Work Package B Remediation Tests ISSUE-01-01: Signup screen account exists banner populates email on reset          00:55 +1374 ~10: /Users/avayroy/Optivus/test/work_package_b_remediation_test.dart: Work Package B Remediation Tests ISSUE-01-01: Signup screen account exists banner populates email on reset          00:55 +1375 ~10: /Users/avayroy/Optivus/test/work_package_b_remediation_test.dart: Work Package B Remediation Tests ISSUE-01-01: Signup screen account exists banner populates email on reset          00:55 +1376 ~10: /Users/avayroy/Optivus/test/work_package_b_remediation_test.dart: Work Package B Remediation Tests ISSUE-01-01: Signup screen account exists banner populates email on reset          00:55 +1377 ~10: /Users/avayroy/Optivus/test/work_package_b_remediation_test.dart: Work Package B Remediation Tests ISSUE-01-01: Signup screen account exists banner populates email on reset          00:55 +1378 ~10: /Users/avayroy/Optivus/test/work_package_b_remediation_test.dart: Work Package B Remediation Tests ISSUE-01-01: Signup screen account exists banner populates email on reset          00:55 +1379 ~10: /Users/avayroy/Optivus/test/work_package_b_remediation_test.dart: Work Package B Remediation Tests ISSUE-01-01: Signup screen account exists banner populates email on reset          00:55 +1380 ~10: /Users/avayroy/Optivus/test/work_package_b_remediation_test.dart: Work Package B Remediation Tests ISSUE-01-01: Signup screen account exists banner populates email on reset          00:55 +1381 ~10: /Users/avayroy/Optivus/test/work_package_b_remediation_test.dart: Work Package B Remediation Tests ISSUE-01-01: Signup screen account exists banner populates email on reset          00:55 +1382 ~10: /Users/avayroy/Optivus/test/work_package_b_remediation_test.dart: Work Package B Remediation Tests ISSUE-01-01: Signup screen account exists banner populates email on reset          00:55 +1383 ~10: /Users/avayroy/Optivus/test/work_package_b_remediation_test.dart: Work Package B Remediation Tests ISSUE-01-01: Signup screen account exists banner populates email on reset          00:55 +1384 ~10: /Users/avayroy/Optivus/test/work_package_b_remediation_test.dart: Work Package B Remediation Tests ISSUE-01-01: Signup screen account exists banner populates email on reset          00:55 +1385 ~10: /Users/avayroy/Optivus/test/work_package_b_remediation_test.dart: Work Package B Remediation Tests ISSUE-01-01: Signup screen account exists banner populates email on reset          00:55 +1386 ~10: /Users/avayroy/Optivus/test/work_package_b_remediation_test.dart: Work Package B Remediation Tests ISSUE-01-01: Signup screen account exists banner populates email on reset          00:56 +1386 ~10: /Users/avayroy/Optivus/test/work_package_b_remediation_test.dart: Work Package B Remediation Tests ISSUE-01-01: Signup screen account exists banner populates email on reset          00:56 +1387 ~10: /Users/avayroy/Optivus/test/work_package_b_remediation_test.dart: Work Package B Remediation Tests ISSUE-01-01: Signup screen account exists banner populates email on reset          00:56 +1388 ~10: /Users/avayroy/Optivus/test/work_package_b_remediation_test.dart: Work Package B Remediation Tests ISSUE-01-01: Signup screen account exists banner populates email on reset          00:56 +1389 ~10: /Users/avayroy/Optivus/test/onboarding_step6_fixed_schedule_test.dart: Test 1: renders new Step 6                                                                                     00:56 +1390 ~10: /Users/avayroy/Optivus/test/onboarding_step6_fixed_schedule_test.dart: Test 1: renders new Step 6                                                                                     00:56 +1390 ~10: /Users/avayroy/Optivus/test/work_package_b_remediation_test.dart: Work Package B Remediation Tests ISSUE-02-01: VerifyEmailScreen renders cleanly without mounted errors              
[EmailVerification] stage=verify_screen_entered initialSendState=pending
[VerificationLifecycle] event=poll_cancelled reason=dispose
00:56 +1391 ~10: /Users/avayroy/Optivus/test/onboarding_step6_fixed_schedule_test.dart: Test 1: renders new Step 6                                                                                     00:56 +1392 ~10: /Users/avayroy/Optivus/test/onboarding_step6_fixed_schedule_test.dart: Test 1: renders new Step 6                                                                                     00:56 +1393 ~10: /Users/avayroy/Optivus/test/onboarding_step6_fixed_schedule_test.dart: Test 1: renders new Step 6                                                                                     00:56 +1394 ~10: /Users/avayroy/Optivus/test/onboarding_step6_fixed_schedule_test.dart: Test 1: renders new Step 6                                                                                     00:56 +1395 ~10: /Users/avayroy/Optivus/test/onboarding_step6_fixed_schedule_test.dart: Test 1: renders new Step 6                                                                                     00:56 +1396 ~10: /Users/avayroy/Optivus/test/onboarding_step6_fixed_schedule_test.dart: Test 1: renders new Step 6                                                                                     00:56 +1397 ~10: /Users/avayroy/Optivus/test/onboarding_step6_fixed_schedule_test.dart: Test 1: renders new Step 6                                                                                     00:56 +1398 ~10: /Users/avayroy/Optivus/test/onboarding_step6_fixed_schedule_test.dart: Test 1: renders new Step 6                                                                                     00:56 +1399 ~10: /Users/avayroy/Optivus/test/onboarding_step6_fixed_schedule_test.dart: Test 1: renders new Step 6                                                                                     00:56 +1400 ~10: /Users/avayroy/Optivus/test/onboarding_step6_fixed_schedule_test.dart: Test 1: renders new Step 6                                                                                     00:56 +1401 ~10: /Users/avayroy/Optivus/test/onboarding_step6_fixed_schedule_test.dart: Test 1: renders new Step 6                                                                                     00:56 +1402 ~10: /Users/avayroy/Optivus/test/onboarding_step6_fixed_schedule_test.dart: Test 1: renders new Step 6                                                                                     00:56 +1402 ~10: /Users/avayroy/Optivus/test/gate5_auth_reconstruction_race_test.dart: Gate 5 Phase 3: Real Auth Reconstruction Race & Async Isolation (R5) TEST A: late Account A reconstruction completion cannot mutate Account B (resumeOnboarding)
[Reconstruction] event=operation_started operationId=1
[Reconstruction] event=attempt_started operationId=1 attempt=1
[DeviceCountryService] Detection failed safely (MissingPluginException).
[Reconstruction] started uid=gat…r-a
[Reconstruction] event=operation_started operationId=2
[Reconstruction] event=attempt_started operationId=2 attempt=1
[DeviceCountryService] Detection failed safely (MissingPluginException).
[Reconstruction] started uid=gat…r-b
[Reconstruction] classified uid=gat…r-b lifecycle=incomplete durationMs=12
[OnboardingRestore] {schemaVersion: 4, detectedTopology: current15, migrationAction: none, originalAcknowledgedCompletionBoundary: 2, durableValidatorResult: step_3_save_not_acknowledged, uploadReconciliation: valid, affectedStep: 3, finalResumeStep: 3, reasonCode: step_3_save_not_acknowledged, resumeStep: 3, validThroughStep: 2, reason: durableCompletionNotRecorded, diagnosticCode: step_3_save_not_acknowledged}
[Reconstruction] event=classified operationId=2 attempt=1 totalElapsedMs=27
[Reconstruction] classified uid=gat…r-a lifecycle=incomplete durationMs=52
00:56 +1403 ~10: /Users/avayroy/Optivus/test/onboarding_step6_fixed_schedule_test.dart: Test 1: renders new Step 6                                                                                     00:56 +1403 ~10: /Users/avayroy/Optivus/test/gate5_auth_reconstruction_race_test.dart: Gate 5 Phase 3: Real Auth Reconstruction Race & Async Isolation (R5) TEST A (Home destination): late Account A completion cannot mutate Account B at Home
[Reconstruction] event=operation_started operationId=1
[Reconstruction] event=attempt_started operationId=1 attempt=1
[DeviceCountryService] Detection failed safely (MissingPluginException).
[Reconstruction] started uid=gat…r-a
[Reconstruction] event=operation_started operationId=2
[Reconstruction] event=attempt_started operationId=2 attempt=1
[DeviceCountryService] Detection failed safely (MissingPluginException).
[Reconstruction] started uid=gat…r-b
[Reconstruction] classified uid=gat…r-b lifecycle=completed durationMs=36
[OnboardingRestore] {schemaVersion: 4, detectedTopology: current15, migrationAction: none, originalAcknowledgedCompletionBoundary: 14, durableValidatorResult: verified_completion_bundle, uploadReconciliation: valid, finalResumeStep: home, reasonCode: completed_onboarding}
[Reconstruction] event=classified operationId=2 attempt=1 totalElapsedMs=108
[Reconstruction] classified uid=gat…r-a lifecycle=completed durationMs=116
00:56 +1404 ~10: /Users/avayroy/Optivus/test/onboarding_step6_fixed_schedule_test.dart: Test 1: renders new Step 6                                                                                     00:56 +1404 ~10: /Users/avayroy/Optivus/test/gate5_auth_reconstruction_race_test.dart: Gate 5 Phase 3: Real Auth Reconstruction Race & Async Isolation (R5) TEST A (Error isolation): late Account A error cannot publish into Account B
[Reconstruction] event=operation_started operationId=1
[Reconstruction] event=attempt_started operationId=1 attempt=1
[DeviceCountryService] Detection failed safely (MissingPluginException).
[Reconstruction] started uid=gat…r-a
[Reconstruction] event=operation_started operationId=2
[Reconstruction] event=attempt_started operationId=2 attempt=1
[DeviceCountryService] Detection failed safely (MissingPluginException).
[Reconstruction] started uid=gat…r-b
[Reconstruction] classified uid=gat…r-b lifecycle=incomplete durationMs=0
[OnboardingRestore] {schemaVersion: 4, detectedTopology: current15, migrationAction: none, originalAcknowledgedCompletionBoundary: 4, durableValidatorResult: step_5_save_not_acknowledged, uploadReconciliation: valid, affectedStep: 5, finalResumeStep: 5, reasonCode: step_5_save_not_acknowledged, resumeStep: 5, validThroughStep: 4, reason: durableCompletionNotRecorded, diagnosticCode: step_5_save_not_acknowledged}
[Reconstruction] event=classified operationId=2 attempt=1 totalElapsedMs=6
00:56 +1405 ~10: /Users/avayroy/Optivus/test/onboarding_step6_fixed_schedule_test.dart: Test 1: renders new Step 6                                                                                     00:56 +1405 ~10: /Users/avayroy/Optivus/test/gate5_auth_reconstruction_race_test.dart: Gate 5 Phase 3: Real Auth Reconstruction Race & Async Isolation (R5) TEST B: late Account A reconstruction completion cannot resurrect state after sign-out
[Reconstruction] event=operation_started operationId=1
[Reconstruction] event=attempt_started operationId=1 attempt=1
[DeviceCountryService] Detection failed safely (MissingPluginException).
[Reconstruction] started uid=gat…r-a
00:56 +1406 ~10: /Users/avayroy/Optivus/test/gate5_auth_reconstruction_race_test.dart: ... Async Isolation (R5) TEST B: late Account A reconstruction completion cannot resurrect state after sign-out 00:57 +1406 ~10: /Users/avayroy/Optivus/test/gate5_auth_reconstruction_race_test.dart: ... Async Isolation (R5) TEST B: late Account A reconstruction completion cannot resurrect state after sign-out 00:57 +1407 ~10: /Users/avayroy/Optivus/test/gate5_auth_reconstruction_race_test.dart: ... Async Isolation (R5) TEST B: late Account A reconstruction completion cannot resurrect state after sign-out 00:57 +1408 ~10: /Users/avayroy/Optivus/test/gate5_auth_reconstruction_race_test.dart: ... Async Isolation (R5) TEST B: late Account A reconstruction completion cannot resurrect state after sign-out 00:57 +1409 ~10: /Users/avayroy/Optivus/test/gate5_auth_reconstruction_race_test.dart: ... Async Isolation (R5) TEST B: late Account A reconstruction completion cannot resurrect state after sign-out 00:57 +1409 ~10: /Users/avayroy/Optivus/test/gate5_auth_reconstruction_race_test.dart: Gate 5 Phase 3: Real Auth Reconstruction Race & Async Isolation (R5) TEST B: late Account A reconstruction completion cannot resurrect state after sign-out
[Reconstruction] classified uid=gat…r-a lifecycle=completed durationMs=509
00:57 +1410 ~10: /Users/avayroy/Optivus/test/onboarding_step6_fixed_schedule_test.dart: Test 4: edit Sleep time only                                                                                   00:57 +1410 ~10: /Users/avayroy/Optivus/test/gate5_auth_reconstruction_race_test.dart: Gate 5 Phase 3: Real Auth Reconstruction Race & Async Isolation (R5) TEST B (Error isolation): late Account A error cannot publish after sign-out
[Reconstruction] event=operation_started operationId=1
[Reconstruction] event=attempt_started operationId=1 attempt=1
[DeviceCountryService] Detection failed safely (MissingPluginException).
[Reconstruction] started uid=gat…r-a
00:57 +1411 ~10: /Users/avayroy/Optivus/test/onboarding_step6_fixed_schedule_test.dart: Test 4: edit Sleep time only                                                                                   00:57 +1411 ~10: /Users/avayroy/Optivus/test/group_k_issues_63_to_68_test.dart: Group K - Issue 63: Full Onboarding End-to-End Flow Integration Test runs completion job through all 6 stages, updates user profile, and creates projection receipt
[SystemWakeLock] Acquired wake lock claim.
[CompletionTiming] validateInput=0ms
[CompletionTiming] persistDraft=1ms
[CompletionTiming] verifyDraft=2ms
[CompletionTiming] persistBundle=0ms
[CompletionTiming] verifyBundle=1ms
[CompletionTiming] reconcileRoutines=6ms
[CompletionTiming] verifyRoutines=0ms
[CompletionTiming] projectRoutineHistory=5ms
[CompletionTiming] verifyRoutineHistory=0ms
[CompletionTiming] reconcileHabitSystems=0ms
[CompletionTiming] verifyHabitSystems=0ms
[CompletionTiming] reloadControllers=0ms
[CompletionTiming] verifyFrontendState=0ms
[CompletionTiming] finalizeProfile=0ms
[CompletionTiming] total=80ms
[SystemWakeLock] Released wake lock claim.
00:57 +1412 ~10: /Users/avayroy/Optivus/test/onboarding_step6_fixed_schedule_test.dart: Test 4: edit Sleep time only                                                                                   00:57 +1413 ~10: /Users/avayroy/Optivus/test/onboarding_step6_fixed_schedule_test.dart: Test 4: edit Sleep time only                                                                                   00:57 +1414 ~10: /Users/avayroy/Optivus/test/onboarding_step6_fixed_schedule_test.dart: Test 4: edit Sleep time only                                                                                   00:57 +1414 ~10: /Users/avayroy/Optivus/test/group_k_issues_63_to_68_test.dart: Group K - Issue 64: Network Disconnection and Offline Queue Persistence Test completion job captures offline network failure and sets failed job status with retry count
[SystemWakeLock] Acquired wake lock claim.
[CompletionTiming] validateInput=0ms
[CompletionTiming] persistDraft=0ms
[CompletionTiming] verifyDraft=4ms
[CompletionTiming] persistBundle=0ms
[CompletionTiming] verifyBundle=0ms
[CompletionFailure] stage=reconcileRoutines code=retry_required category=transient_failure retryable=true
[SystemWakeLock] Released wake lock claim.
00:57 +1415 ~10: /Users/avayroy/Optivus/test/onboarding_step6_fixed_schedule_test.dart: Test 4: edit Sleep time only                                                                                   00:57 +1415 ~10: /Users/avayroy/Optivus/test/group_k_issues_63_to_68_test.dart: Group K - Issue 64: Network Disconnection and Offline Queue Persistence Test post-reconnection flushes pending draft, completes job stages, and performs frontend hydration
[SystemWakeLock] Acquired wake lock claim.
[CompletionTiming] validateInput=0ms
[CompletionTiming] persistDraft=0ms
[CompletionTiming] verifyDraft=0ms
[CompletionTiming] persistBundle=0ms
[CompletionTiming] verifyBundle=0ms
[CompletionTiming] reconcileRoutines=2ms
[CompletionTiming] verifyRoutines=0ms
[CompletionTiming] projectRoutineHistory=4ms
[CompletionTiming] verifyRoutineHistory=0ms
[CompletionTiming] reconcileHabitSystems=0ms
[CompletionTiming] verifyHabitSystems=0ms
[CompletionTiming] reloadControllers=0ms
[CompletionTiming] verifyFrontendState=0ms
[CompletionTiming] finalizeProfile=0ms
[CompletionTiming] total=24ms
[SystemWakeLock] Released wake lock claim.
00:57 +1416 ~10: /Users/avayroy/Optivus/test/onboarding_step6_fixed_schedule_test.dart: Test 4: edit Sleep time only                                                                                   00:57 +1417 ~10: /Users/avayroy/Optivus/test/onboarding_step6_fixed_schedule_test.dart: Test 4: edit Sleep time only                                                                                   00:57 +1418 ~10: /Users/avayroy/Optivus/test/onboarding_step6_fixed_schedule_test.dart: Test 4: edit Sleep time only                                                                                   00:57 +1419 ~10: /Users/avayroy/Optivus/test/onboarding_step6_fixed_schedule_test.dart: Test 4: edit Sleep time only                                                                                   00:57 +1420 ~10: /Users/avayroy/Optivus/test/onboarding_step6_fixed_schedule_test.dart: Test 4: edit Sleep time only                                                                                   00:57 +1421 ~10: /Users/avayroy/Optivus/test/onboarding_step6_fixed_schedule_test.dart: Test 4: edit Sleep time only                                                                                   00:57 +1422 ~10: /Users/avayroy/Optivus/test/onboarding_step6_fixed_schedule_test.dart: Test 4: edit Sleep time only                                                                                   00:57 +1423 ~10: /Users/avayroy/Optivus/test/onboarding_step6_fixed_schedule_test.dart: Test 4: edit Sleep time only                                                                                   00:57 +1424 ~10: /Users/avayroy/Optivus/test/onboarding_step6_fixed_schedule_test.dart: Test 4: edit Sleep time only                                                                                   00:57 +1424 ~10: /Users/avayroy/Optivus/test/group_k_issues_63_to_68_test.dart: Group K - Issue 67: Cloudflare Worker API Error Response Mapping Integration Test maps network timeout and connection errors to fallback result
[RoutineImportAiClient] Worker extraction failed safely (SocketException).
00:57 +1425 ~10: /Users/avayroy/Optivus/test/onboarding_step6_fixed_schedule_test.dart: Test 4: edit Sleep time only                                                                                   00:57 +1425 ~10: /Users/avayroy/Optivus/test/group_k_issues_63_to_68_test.dart: Group K - Issue 67: Cloudflare Worker API Error Response Mapping Integration Test maps client payload validation error (forbidden fields or schema invalid) to fallback result
[RoutineImportAiClient] invalid worker response: reason=forbidden field found uidMatches=true source=classes expectedSource=classes hasCandidatesList=true candidateCount=0
00:57 +1426 ~10: /Users/avayroy/Optivus/test/onboarding_step6_fixed_schedule_test.dart: Test 4: edit Sleep time only                                                                                   00:57 +1427 ~10: /Users/avayroy/Optivus/test/onboarding_step6_fixed_schedule_test.dart: Test 4: edit Sleep time only                                                                                   00:57 +1428 ~10: /Users/avayroy/Optivus/test/onboarding_step6_fixed_schedule_test.dart: Test 4: edit Sleep time only                                                                                   00:57 +1429 ~10: /Users/avayroy/Optivus/test/onboarding_step6_fixed_schedule_test.dart: Test 4: edit Sleep time only                                                                                   00:57 +1430 ~10: /Users/avayroy/Optivus/test/onboarding_step6_fixed_schedule_test.dart: Test 4: edit Sleep time only                                                                                   00:57 +1431 ~10: /Users/avayroy/Optivus/test/onboarding_step6_fixed_schedule_test.dart: Test 4: edit Sleep time only                                                                                   00:57 +1431 ~10: /Users/avayroy/Optivus/test/gate5_auth_reconstruction_race_test.dart: Gate 5 Phase 3: Real Auth Reconstruction Race & Async Isolation (R5) TEST C: failed logout preserves Account A state and renders typed RecoverableError
[Reconstruction] event=operation_started operationId=1
[Reconstruction] event=attempt_started operationId=1 attempt=1
[DeviceCountryService] Detection failed safely (MissingPluginException).
[Reconstruction] started uid=gat…r-a
[Reconstruction] classified uid=gat…r-a lifecycle=completed durationMs=3
[OnboardingRestore] {schemaVersion: 4, detectedTopology: current15, migrationAction: none, originalAcknowledgedCompletionBoundary: 14, durableValidatorResult: verified_completion_bundle, uploadReconciliation: valid, finalResumeStep: home, reasonCode: completed_onboarding}
[Reconstruction] event=classified operationId=1 attempt=1 totalElapsedMs=11
00:58 +1432 ~10: /Users/avayroy/Optivus/test/ai_thinking_card_test.dart: AiThinkingCard Shows title immediately                                                                                        00:58 +1433 ~10: /Users/avayroy/Optivus/test/gate5_auth_reconstruction_race_test.dart: ... & Async Isolation (R5) TEST C: failed logout preserves Account A state and renders typed RecoverableError   00:58 +1434 ~10: /Users/avayroy/Optivus/test/gate5_auth_reconstruction_race_test.dart: ... & Async Isolation (R5) TEST C: failed logout preserves Account A state and renders typed RecoverableError   00:58 +1435 ~10: /Users/avayroy/Optivus/test/gate5_auth_reconstruction_race_test.dart: ... & Async Isolation (R5) TEST C: failed logout preserves Account A state and renders typed RecoverableError   00:58 +1436 ~10: /Users/avayroy/Optivus/test/gate5_auth_reconstruction_race_test.dart: ... & Async Isolation (R5) TEST C: failed logout preserves Account A state and renders typed RecoverableError   00:58 +1437 ~10: /Users/avayroy/Optivus/test/gate5_auth_reconstruction_race_test.dart: ... & Async Isolation (R5) TEST C: failed logout preserves Account A state and renders typed RecoverableError   00:58 +1437 ~10: /Users/avayroy/Optivus/test/gate5_auth_reconstruction_race_test.dart: Gate 5 Phase 3: Real Auth Reconstruction Race & Async Isolation (R5) TEST C: failed logout preserves Account A state and renders typed RecoverableError
[VerificationLifecycle] event=poll_cancelled reason=dispose
00:58 +1438 ~10: /Users/avayroy/Optivus/test/onboarding_step6_fixed_schedule_test.dart: Test 6: edit Bath time only                                                                                    00:58 +1439 ~10: /Users/avayroy/Optivus/test/onboarding_step6_fixed_schedule_test.dart: Test 6: edit Bath time only                                                                                    00:58 +1440 ~10: /Users/avayroy/Optivus/test/onboarding_step6_fixed_schedule_test.dart: Test 6: edit Bath time only                                                                                    00:58 +1441 ~10: /Users/avayroy/Optivus/test/onboarding_step6_fixed_schedule_test.dart: Test 6: edit Bath time only                                                                                    00:58 +1442 ~10: /Users/avayroy/Optivus/test/gate5_auth_reconstruction_race_test.dart: ... Isolation (R5) TEST C (Presentation): Verify Email screen renders typed logout failure without raw leakage  00:58 +1443 ~10: /Users/avayroy/Optivus/test/gate5_auth_reconstruction_race_test.dart: ... Isolation (R5) TEST C (Presentation): Verify Email screen renders typed logout failure without raw leakage  00:58 +1444 ~10: /Users/avayroy/Optivus/test/gate5_auth_reconstruction_race_test.dart: ... Isolation (R5) TEST C (Presentation): Verify Email screen renders typed logout failure without raw leakage  00:58 +1445 ~10: /Users/avayroy/Optivus/test/gate5_auth_reconstruction_race_test.dart: ... Isolation (R5) TEST C (Presentation): Verify Email screen renders typed logout failure without raw leakage  00:58 +1446 ~10: /Users/avayroy/Optivus/test/gate5_auth_reconstruction_race_test.dart: ... Isolation (R5) TEST C (Presentation): Verify Email screen renders typed logout failure without raw leakage  00:58 +1447 ~10: /Users/avayroy/Optivus/test/gate5_auth_reconstruction_race_test.dart: ... Isolation (R5) TEST C (Presentation): Verify Email screen renders typed logout failure without raw leakage  00:59 +1447 ~10: /Users/avayroy/Optivus/test/gate5_auth_reconstruction_race_test.dart: ... Isolation (R5) TEST C (Presentation): Verify Email screen renders typed logout failure without raw leakage  00:59 +1448 ~10: /Users/avayroy/Optivus/test/gate5_auth_reconstruction_race_test.dart: ... Isolation (R5) TEST C (Presentation): Verify Email screen renders typed logout failure without raw leakage  00:59 +1448 ~10: /Users/avayroy/Optivus/test/gate5_auth_reconstruction_race_test.dart: Gate 5 Phase 3: Real Auth Reconstruction Race & Async Isolation (R5) TEST C (Presentation): Verify Email screen renders typed logout failure without raw leakage
[EmailVerification] stage=verify_screen_entered initialSendState=sent
00:59 +1449 ~10: /Users/avayroy/Optivus/test/gate5_auth_reconstruction_race_test.dart: ... Isolation (R5) TEST C (Presentation): Verify Email screen renders typed logout failure without raw leakage  00:59 +1449 ~10: /Users/avayroy/Optivus/test/gate5_auth_reconstruction_race_test.dart: Gate 5 Phase 3: Real Auth Reconstruction Race & Async Isolation (R5) TEST C (Presentation): Verify Email screen renders typed logout failure without raw leakage
[VerificationLifecycle] event=check_started reason=poll epoch=0 attempt=0
[VerificationLifecycle] event=check_completed epoch=0 verified=false elapsedMs=128
[VerificationLifecycle] event=poll_cancelled reason=dispose
00:59 +1450 ~10: /Users/avayroy/Optivus/test/onboarding_step6_fixed_schedule_test.dart: Test 9: custom validation                                                                                      00:59 +1450 ~10: /Users/avayroy/Optivus/test/gate5_auth_reconstruction_race_test.dart: Gate 5 Phase 3: Real Auth Reconstruction Race & Async Isolation (R5) TEST D: same-UID refresh preserves session without privacy reset or reconstruction restart
[Reconstruction] event=operation_started operationId=1
[Reconstruction] event=attempt_started operationId=1 attempt=1
[DeviceCountryService] Detection failed safely (MissingPluginException).
[Reconstruction] started uid=gat…r-a
[Reconstruction] classified uid=gat…r-a lifecycle=incomplete durationMs=2
[OnboardingRestore] {schemaVersion: 4, detectedTopology: current15, migrationAction: none, originalAcknowledgedCompletionBoundary: 3, durableValidatorResult: step_4_save_not_acknowledged, uploadReconciliation: valid, affectedStep: 4, finalResumeStep: 4, reasonCode: step_4_save_not_acknowledged, resumeStep: 4, validThroughStep: 3, reason: durableCompletionNotRecorded, diagnosticCode: step_4_save_not_acknowledged}
[Reconstruction] event=classified operationId=1 attempt=1 totalElapsedMs=11
00:59 +1451 ~10: /Users/avayroy/Optivus/test/onboarding_step6_fixed_schedule_test.dart: Test 9: custom validation                                                                                      00:59 +1451 ~10: /Users/avayroy/Optivus/test/gate5_auth_reconstruction_race_test.dart: Gate 5 Phase 3: Real Auth Reconstruction Race & Async Isolation (R5) Gate 6 server-complete local hydration failure reconnects then reaches Home
[Reconstruction] event=operation_started operationId=1
[Reconstruction] event=attempt_started operationId=1 attempt=1
[DeviceCountryService] Detection failed safely (MissingPluginException).
[Reconstruction] started uid=gat…r-a
[Reconstruction] classified uid=gat…r-a lifecycle=completed durationMs=3
[Reconstruction] event=classified operationId=1 attempt=1 totalElapsedMs=28
[Reconstruction] event=operation_started operationId=2
[Reconstruction] event=attempt_started operationId=2 attempt=1
[DeviceCountryService] Detection failed safely (MissingPluginException).
[Reconstruction] started uid=gat…r-a
[Reconstruction] classified uid=gat…r-a lifecycle=completed durationMs=1
[OnboardingRestore] {schemaVersion: 4, detectedTopology: current15, migrationAction: none, originalAcknowledgedCompletionBoundary: 14, durableValidatorResult: verified_completion_bundle, uploadReconciliation: valid, finalResumeStep: home, reasonCode: completed_onboarding}
[Reconstruction] event=classified operationId=2 attempt=1 totalElapsedMs=4
00:59 +1452 ~10: /Users/avayroy/Optivus/test/onboarding_step6_fixed_schedule_test.dart: Test 9: custom validation                                                                                      00:59 +1453 ~10: /Users/avayroy/Optivus/test/onboarding_step6_fixed_schedule_test.dart: Test 9: custom validation                                                                                      00:59 +1453 ~10: /Users/avayroy/Optivus/test/onboarding_step6_fixed_schedule_test.dart: Test 10: edit/delete custom block                                                                              01:00 +1453 ~10: /Users/avayroy/Optivus/test/onboarding_step6_fixed_schedule_test.dart: Test 10: edit/delete custom block                                                                              01:00 +1454 ~10: /Users/avayroy/Optivus/test/onboarding_step6_fixed_schedule_test.dart: Test 10: edit/delete custom block                                                                              01:00 +1455 ~10: /Users/avayroy/Optivus/test/onboarding_step6_fixed_schedule_test.dart: Test 10: edit/delete custom block                                                                              01:00 +1456 ~10: /Users/avayroy/Optivus/test/onboarding_step6_fixed_schedule_test.dart: Test 10: edit/delete custom block                                                                              01:00 +1457 ~10: /Users/avayroy/Optivus/test/onboarding_step6_fixed_schedule_test.dart: Test 10: edit/delete custom block                                                                              01:00 +1458 ~10: /Users/avayroy/Optivus/test/onboarding_step6_fixed_schedule_test.dart: Test 10: edit/delete custom block                                                                              01:00 +1459 ~10: /Users/avayroy/Optivus/test/onboarding_step6_fixed_schedule_test.dart: Test 10: edit/delete custom block                                                                              01:00 +1460 ~10: /Users/avayroy/Optivus/test/onboarding_step6_fixed_schedule_test.dart: Test 10: edit/delete custom block                                                                              01:00 +1461 ~10: /Users/avayroy/Optivus/test/onboarding_step6_fixed_schedule_test.dart: Test 10: edit/delete custom block                                                                              01:00 +1462 ~10: /Users/avayroy/Optivus/test/onboarding_step6_fixed_schedule_test.dart: Test 10: edit/delete custom block                                                                              01:00 +1463 ~10: /Users/avayroy/Optivus/test/onboarding_step6_fixed_schedule_test.dart: Test 10: edit/delete custom block                                                                              01:00 +1464 ~10: /Users/avayroy/Optivus/test/onboarding_step6_fixed_schedule_test.dart: Test 10: edit/delete custom block                                                                              01:00 +1465 ~10: /Users/avayroy/Optivus/test/onboarding_step6_fixed_schedule_test.dart: Test 10: edit/delete custom block                                                                              01:00 +1466 ~10: /Users/avayroy/Optivus/test/onboarding_step6_fixed_schedule_test.dart: Test 10: edit/delete custom block                                                                              01:00 +1467 ~10: /Users/avayroy/Optivus/test/onboarding_step6_fixed_schedule_test.dart: Test 10: edit/delete custom block                                                                              01:00 +1468 ~10: /Users/avayroy/Optivus/test/onboarding_step6_fixed_schedule_test.dart: Test 10: edit/delete custom block                                                                              01:00 +1469 ~10: /Users/avayroy/Optivus/test/onboarding_step6_fixed_schedule_test.dart: Test 10: edit/delete custom block                                                                              01:00 +1470 ~10: /Users/avayroy/Optivus/test/onboarding_step6_fixed_schedule_test.dart: Test 10: edit/delete custom block                                                                              01:00 +1471 ~10: /Users/avayroy/Optivus/test/onboarding_step6_fixed_schedule_test.dart: Test 10: edit/delete custom block                                                                              01:00 +1472 ~10: /Users/avayroy/Optivus/test/onboarding_step6_fixed_schedule_test.dart: Test 10: edit/delete custom block                                                                              01:00 +1473 ~10: /Users/avayroy/Optivus/test/onboarding_step6_fixed_schedule_test.dart: Test 10: edit/delete custom block                                                                              01:00 +1474 ~10: /Users/avayroy/Optivus/test/onboarding_step6_fixed_schedule_test.dart: Test 10: edit/delete custom block                                                                              01:00 +1475 ~10: /Users/avayroy/Optivus/test/onboarding_step6_fixed_schedule_test.dart: Test 10: edit/delete custom block                                                                              01:00 +1476 ~10: /Users/avayroy/Optivus/test/onboarding_step6_fixed_schedule_test.dart: Test 10: edit/delete custom block                                                                              01:00 +1477 ~10: /Users/avayroy/Optivus/test/onboarding_step6_fixed_schedule_test.dart: Test 10: edit/delete custom block                                                                              01:00 +1478 ~10: /Users/avayroy/Optivus/test/onboarding_step6_fixed_schedule_test.dart: Test 10: edit/delete custom block                                                                              01:00 +1479 ~10: /Users/avayroy/Optivus/test/onboarding_step6_fixed_schedule_test.dart: Test 10: edit/delete custom block                                                                              01:00 +1480 ~10: /Users/avayroy/Optivus/test/onboarding_step6_fixed_schedule_test.dart: Test 10: edit/delete custom block                                                                              01:00 +1481 ~10: /Users/avayroy/Optivus/test/onboarding_step6_fixed_schedule_test.dart: Test 10: edit/delete custom block                                                                              01:00 +1482 ~10: /Users/avayroy/Optivus/test/onboarding_step6_fixed_schedule_test.dart: Test 10: edit/delete custom block                                                                              01:00 +1483 ~10: /Users/avayroy/Optivus/test/onboarding_step6_fixed_schedule_test.dart: Test 10: edit/delete custom block                                                                              01:00 +1484 ~10: /Users/avayroy/Optivus/test/onboarding_step6_fixed_schedule_test.dart: Test 10: edit/delete custom block                                                                              01:00 +1485 ~10: /Users/avayroy/Optivus/test/onboarding_step6_fixed_schedule_test.dart: Test 10: edit/delete custom block                                                                              01:00 +1486 ~10: /Users/avayroy/Optivus/test/onboarding_step6_fixed_schedule_test.dart: Test 10: edit/delete custom block                                                                              01:00 +1487 ~10: /Users/avayroy/Optivus/test/onboarding_step6_fixed_schedule_test.dart: Test 10: edit/delete custom block                                                                              01:00 +1488 ~10: /Users/avayroy/Optivus/test/onboarding_step6_fixed_schedule_test.dart: Test 10: edit/delete custom block                                                                              01:00 +1489 ~10: /Users/avayroy/Optivus/test/onboarding_step6_fixed_schedule_test.dart: Test 10: edit/delete custom block                                                                              01:00 +1490 ~10: /Users/avayroy/Optivus/test/onboarding_step6_fixed_schedule_test.dart: Test 10: edit/delete custom block                                                                              01:00 +1491 ~10: /Users/avayroy/Optivus/test/onboarding_step6_fixed_schedule_test.dart: Test 10: edit/delete custom block                                                                              01:00 +1492 ~10: /Users/avayroy/Optivus/test/onboarding_step6_fixed_schedule_test.dart: Test 10: edit/delete custom block                                                                              01:00 +1493 ~10: /Users/avayroy/Optivus/test/onboarding_step6_fixed_schedule_test.dart: Test 10: edit/delete custom block                                                                              01:00 +1494 ~10: /Users/avayroy/Optivus/test/onboarding_step6_fixed_schedule_test.dart: Test 10: edit/delete custom block                                                                              01:00 +1495 ~10: /Users/avayroy/Optivus/test/onboarding_step6_fixed_schedule_test.dart: Test 10: edit/delete custom block                                                                              01:00 +1496 ~10: /Users/avayroy/Optivus/test/group_g_adversarial_stress_test.dart: ... Matrix Generator Matrix Pair: eating (RoutineBlockType.softBlock) vs eating (RoutineBlockType.softBlock) overlap01:00 +1497 ~10: /Users/avayroy/Optivus/test/onboarding_step6_fixed_schedule_test.dart: Test 11: cannot delete Sleep/Bath                                                                              01:00 +1498 ~10: /Users/avayroy/Optivus/test/onboarding_step6_fixed_schedule_test.dart: Test 11: cannot delete Sleep/Bath                                                                              01:00 +1499 ~10: /Users/avayroy/Optivus/test/onboarding_step6_fixed_schedule_test.dart: Test 11: cannot delete Sleep/Bath                                                                              01:00 +1500 ~10: /Users/avayroy/Optivus/test/onboarding_step6_fixed_schedule_test.dart: Test 11: cannot delete Sleep/Bath                                                                              01:00 +1501 ~10: /Users/avayroy/Optivus/test/onboarding_step6_fixed_schedule_test.dart: Test 11: cannot delete Sleep/Bath                                                                              01:00 +1502 ~10: /Users/avayroy/Optivus/test/onboarding_step6_fixed_schedule_test.dart: Test 11: cannot delete Sleep/Bath                                                                              01:00 +1503 ~10: /Users/avayroy/Optivus/test/onboarding_step6_fixed_schedule_test.dart: Test 11: cannot delete Sleep/Bath                                                                              01:00 +1504 ~10: /Users/avayroy/Optivus/test/onboarding_step6_fixed_schedule_test.dart: Test 11: cannot delete Sleep/Bath                                                                              01:00 +1505 ~10: /Users/avayroy/Optivus/test/onboarding_step6_fixed_schedule_test.dart: Test 11: cannot delete Sleep/Bath                                                                              01:00 +1506 ~10: /Users/avayroy/Optivus/test/onboarding_step6_fixed_schedule_test.dart: Test 11: cannot delete Sleep/Bath                                                                              01:00 +1507 ~10: /Users/avayroy/Optivus/test/onboarding_step6_fixed_schedule_test.dart: Test 11: cannot delete Sleep/Bath                                                                              01:00 +1508 ~10: /Users/avayroy/Optivus/test/onboarding_step6_fixed_schedule_test.dart: Test 11: cannot delete Sleep/Bath                                                                              01:00 +1509 ~10: /Users/avayroy/Optivus/test/onboarding_step6_fixed_schedule_test.dart: Test 11: cannot delete Sleep/Bath                                                                              01:00 +1510 ~10: /Users/avayroy/Optivus/test/onboarding_step6_fixed_schedule_test.dart: Test 11: cannot delete Sleep/Bath                                                                              01:00 +1511 ~10: /Users/avayroy/Optivus/test/onboarding_step6_fixed_schedule_test.dart: Test 11: cannot delete Sleep/Bath                                                                              01:00 +1512 ~10: /Users/avayroy/Optivus/test/onboarding_step6_fixed_schedule_test.dart: Test 11: cannot delete Sleep/Bath                                                                              01:00 +1513 ~10: /Users/avayroy/Optivus/test/onboarding_step6_fixed_schedule_test.dart: Test 11: cannot delete Sleep/Bath                                                                              01:00 +1514 ~10: /Users/avayroy/Optivus/test/onboarding_step6_fixed_schedule_test.dart: Test 11: cannot delete Sleep/Bath                                                                              01:00 +1515 ~10: /Users/avayroy/Optivus/test/onboarding_step6_fixed_schedule_test.dart: Test 11: cannot delete Sleep/Bath                                                                              01:00 +1516 ~10: /Users/avayroy/Optivus/test/onboarding_step6_fixed_schedule_test.dart: Test 11: cannot delete Sleep/Bath                                                                              01:00 +1517 ~10: /Users/avayroy/Optivus/test/onboarding_step6_fixed_schedule_test.dart: Test 11: cannot delete Sleep/Bath                                                                              01:00 +1518 ~10: /Users/avayroy/Optivus/test/onboarding_step6_fixed_schedule_test.dart: Test 11: cannot delete Sleep/Bath                                                                              01:00 +1519 ~10: /Users/avayroy/Optivus/test/onboarding_step6_fixed_schedule_test.dart: Test 11: cannot delete Sleep/Bath                                                                              01:00 +1520 ~10: /Users/avayroy/Optivus/test/onboarding_step6_fixed_schedule_test.dart: Test 11: cannot delete Sleep/Bath                                                                              01:00 +1521 ~10: /Users/avayroy/Optivus/test/onboarding_step6_fixed_schedule_test.dart: Test 11: cannot delete Sleep/Bath                                                                              01:00 +1522 ~10: /Users/avayroy/Optivus/test/onboarding_step6_fixed_schedule_test.dart: Test 11: cannot delete Sleep/Bath                                                                              01:00 +1523 ~10: /Users/avayroy/Optivus/test/onboarding_step6_fixed_schedule_test.dart: Test 11: cannot delete Sleep/Bath                                                                              01:00 +1524 ~10: /Users/avayroy/Optivus/test/onboarding_step6_fixed_schedule_test.dart: Test 11: cannot delete Sleep/Bath                                                                              01:00 +1525 ~10: /Users/avayroy/Optivus/test/onboarding_step6_fixed_schedule_test.dart: Test 11: cannot delete Sleep/Bath                                                                              01:00 +1526 ~10: /Users/avayroy/Optivus/test/onboarding_step6_fixed_schedule_test.dart: Test 11: cannot delete Sleep/Bath                                                                              01:00 +1527 ~10: /Users/avayroy/Optivus/test/onboarding_step6_fixed_schedule_test.dart: Test 11: cannot delete Sleep/Bath                                                                              01:00 +1528 ~10: /Users/avayroy/Optivus/test/onboarding_step6_fixed_schedule_test.dart: Test 11: cannot delete Sleep/Bath                                                                              01:00 +1529 ~10: /Users/avayroy/Optivus/test/onboarding_step6_fixed_schedule_test.dart: Test 11: cannot delete Sleep/Bath                                                                              01:00 +1530 ~10: /Users/avayroy/Optivus/test/onboarding_step6_fixed_schedule_test.dart: Test 11: cannot delete Sleep/Bath                                                                              01:00 +1531 ~10: /Users/avayroy/Optivus/test/onboarding_step6_fixed_schedule_test.dart: Test 11: cannot delete Sleep/Bath                                                                              01:00 +1531 ~10: /Users/avayroy/Optivus/test/onboarding_step6_fixed_schedule_test.dart: Test 13: step-level validation catches invalid saved data                                                      01:00 +1532 ~10: /Users/avayroy/Optivus/test/onboarding_step6_fixed_schedule_test.dart: Test 13: step-level validation catches invalid saved data                                                      01:00 +1532 ~10: /Users/avayroy/Optivus/test/onboarding_step6_fixed_schedule_test.dart: Step 6 Next Step saves and advances directly to Step 7                                                         01:00 +1533 ~10: /Users/avayroy/Optivus/test/onboarding_step6_fixed_schedule_test.dart: Step 6 Next Step saves and advances directly to Step 7                                                         01:01 +1533 ~10: /Users/avayroy/Optivus/test/onboarding_step6_fixed_schedule_test.dart: Step 6 Next Step saves and advances directly to Step 7                                                         01:01 +1534 ~10: /Users/avayroy/Optivus/test/onboarding_step6_fixed_schedule_test.dart: Step 6 Next Step saves and advances directly to Step 7                                                         01:01 +1534 ~10: /Users/avayroy/Optivus/test/onboarding_step6_fixed_schedule_test.dart: Step 6 invalid fixed schedule blocks Next Step                                                                 01:01 +1535 ~10: /Users/avayroy/Optivus/test/onboarding_step6_fixed_schedule_test.dart: Step 6 invalid fixed schedule blocks Next Step                                                                 01:01 +1535 ~10: /Users/avayroy/Optivus/test/onboarding_step6_fixed_schedule_test.dart: Test 14: restore/rebuild persistence                                                                           01:01 +1536 ~10: /Users/avayroy/Optivus/test/liquid_glass_tabbar_safe_area_test.dart: glass frame keeps an intentional gap above bottom safe region                                                    01:01 +1537 ~10: /Users/avayroy/Optivus/test/liquid_glass_tabbar_safe_area_test.dart: glass frame keeps an intentional gap above bottom safe region                                                    01:01 +1538 ~10: /Users/avayroy/Optivus/test/liquid_glass_tabbar_safe_area_test.dart: glass frame keeps an intentional gap above bottom safe region                                                    01:01 +1539 ~10: /Users/avayroy/Optivus/test/liquid_glass_tabbar_safe_area_test.dart: glass frame keeps an intentional gap above bottom safe region                                                    01:01 +1540 ~10: /Users/avayroy/Optivus/test/liquid_glass_tabbar_safe_area_test.dart: glass frame keeps an intentional gap above bottom safe region                                                    01:01 +1541 ~10: /Users/avayroy/Optivus/test/liquid_glass_tabbar_safe_area_test.dart: glass frame keeps an intentional gap above bottom safe region                                                    01:01 +1542 ~10: /Users/avayroy/Optivus/test/liquid_glass_tabbar_safe_area_test.dart: glass frame keeps an intentional gap above bottom safe region                                                    01:01 +1543 ~10: /Users/avayroy/Optivus/test/liquid_glass_tabbar_safe_area_test.dart: glass frame keeps an intentional gap above bottom safe region                                                    01:01 +1544 ~10: /Users/avayroy/Optivus/test/liquid_glass_tabbar_safe_area_test.dart: glass frame keeps an intentional gap above bottom safe region                                                    01:01 +1545 ~10: /Users/avayroy/Optivus/test/liquid_glass_tabbar_safe_area_test.dart: glass frame keeps an intentional gap above bottom safe region                                                    01:02 +1545 ~10: /Users/avayroy/Optivus/test/liquid_glass_tabbar_safe_area_test.dart: glass frame keeps an intentional gap above bottom safe region                                                    01:02 +1546 ~10: /Users/avayroy/Optivus/test/liquid_glass_tabbar_safe_area_test.dart: glass frame keeps an intentional gap above bottom safe region                                                    01:02 +1547 ~10: /Users/avayroy/Optivus/test/liquid_glass_tabbar_safe_area_test.dart: glass frame keeps an intentional gap above bottom safe region                                                    01:02 +1548 ~10: /Users/avayroy/Optivus/test/liquid_glass_tabbar_safe_area_test.dart: glass frame keeps an intentional gap above bottom safe region                                                    01:02 +1549 ~10: /Users/avayroy/Optivus/test/liquid_glass_tabbar_safe_area_test.dart: glass frame keeps an intentional gap above bottom safe region                                                    01:02 +1550 ~10: /Users/avayroy/Optivus/test/liquid_glass_tabbar_safe_area_test.dart: glass frame keeps an intentional gap above bottom safe region                                                    01:02 +1551 ~10: /Users/avayroy/Optivus/test/liquid_glass_tabbar_safe_area_test.dart: glass frame keeps an intentional gap above bottom safe region                                                    01:02 +1552 ~10: /Users/avayroy/Optivus/test/liquid_glass_tabbar_safe_area_test.dart: glass frame keeps an intentional gap above bottom safe region                                                    01:02 +1553 ~10: /Users/avayroy/Optivus/test/liquid_glass_tabbar_safe_area_test.dart: glass frame keeps an intentional gap above bottom safe region                                                    01:02 +1554 ~10: /Users/avayroy/Optivus/test/liquid_glass_tabbar_safe_area_test.dart: glass frame keeps an intentional gap above bottom safe region                                                    01:02 +1555 ~10: /Users/avayroy/Optivus/test/liquid_glass_tabbar_safe_area_test.dart: glass frame keeps an intentional gap above bottom safe region                                                    01:02 +1556 ~10: /Users/avayroy/Optivus/test/liquid_glass_tabbar_safe_area_test.dart: glass frame keeps an intentional gap above bottom safe region                                                    01:02 +1557 ~10: /Users/avayroy/Optivus/test/liquid_glass_tabbar_safe_area_test.dart: glass frame keeps an intentional gap above bottom safe region                                                    01:02 +1558 ~10: /Users/avayroy/Optivus/test/liquid_glass_tabbar_safe_area_test.dart: glass frame keeps an intentional gap above bottom safe region                                                    01:02 +1559 ~10: /Users/avayroy/Optivus/test/group_d_issues_16_to_21_test.dart: ... 16: Auth state stream synchronization AuthNotifier stream subscription executes without duplicate microtask calls  01:02 +1560 ~10: /Users/avayroy/Optivus/test/group_d_issues_16_to_21_test.dart: ... 16: Auth state stream synchronization AuthNotifier stream subscription executes without duplicate microtask calls  01:02 +1561 ~10: /Users/avayroy/Optivus/test/group_d_issues_16_to_21_test.dart: ... 16: Auth state stream synchronization AuthNotifier stream subscription executes without duplicate microtask calls  01:02 +1562 ~10: /Users/avayroy/Optivus/test/group_d_issues_16_to_21_test.dart: ... 16: Auth state stream synchronization AuthNotifier stream subscription executes without duplicate microtask calls  01:02 +1563 ~10: /Users/avayroy/Optivus/test/group_d_issues_16_to_21_test.dart: ... 16: Auth state stream synchronization AuthNotifier stream subscription executes without duplicate microtask calls  01:02 +1564 ~10: /Users/avayroy/Optivus/test/group_d_issues_16_to_21_test.dart: ... 16: Auth state stream synchronization AuthNotifier stream subscription executes without duplicate microtask calls  01:02 +1565 ~10: /Users/avayroy/Optivus/test/group_d_issues_16_to_21_test.dart: ... 16: Auth state stream synchronization AuthNotifier stream subscription executes without duplicate microtask calls  01:02 +1566 ~10: /Users/avayroy/Optivus/test/group_d_issues_16_to_21_test.dart: ... 16: Auth state stream synchronization AuthNotifier stream subscription executes without duplicate microtask calls  01:02 +1567 ~10: /Users/avayroy/Optivus/test/group_d_issues_16_to_21_test.dart: ... 16: Auth state stream synchronization AuthNotifier stream subscription executes without duplicate microtask calls  01:02 +1568 ~10: /Users/avayroy/Optivus/test/group_d_issues_16_to_21_test.dart: ... 16: Auth state stream synchronization AuthNotifier stream subscription executes without duplicate microtask calls  01:02 +1569 ~10: /Users/avayroy/Optivus/test/group_d_issues_16_to_21_test.dart: ... 16: Auth state stream synchronization AuthNotifier stream subscription executes without duplicate microtask calls  01:02 +1570 ~10: /Users/avayroy/Optivus/test/group_d_issues_16_to_21_test.dart: ... 16: Auth state stream synchronization AuthNotifier stream subscription executes without duplicate microtask calls  01:02 +1571 ~10: /Users/avayroy/Optivus/test/group_d_issues_16_to_21_test.dart: ... 16: Auth state stream synchronization AuthNotifier stream subscription executes without duplicate microtask calls  01:02 +1572 ~10: /Users/avayroy/Optivus/test/group_d_issues_16_to_21_test.dart: ... 16: Auth state stream synchronization AuthNotifier stream subscription executes without duplicate microtask calls  01:02 +1573 ~10: /Users/avayroy/Optivus/test/group_d_issues_16_to_21_test.dart: ... 16: Auth state stream synchronization AuthNotifier stream subscription executes without duplicate microtask calls  01:02 +1574 ~10: /Users/avayroy/Optivus/test/group_d_issues_16_to_21_test.dart: ... 16: Auth state stream synchronization AuthNotifier stream subscription executes without duplicate microtask calls  01:02 +1575 ~10: /Users/avayroy/Optivus/test/group_d_issues_16_to_21_test.dart: ... 16: Auth state stream synchronization AuthNotifier stream subscription executes without duplicate microtask calls  01:02 +1576 ~10: /Users/avayroy/Optivus/test/group_d_issues_16_to_21_test.dart: ... 16: Auth state stream synchronization AuthNotifier stream subscription executes without duplicate microtask calls  01:02 +1577 ~10: /Users/avayroy/Optivus/test/group_d_issues_16_to_21_test.dart: ... 16: Auth state stream synchronization AuthNotifier stream subscription executes without duplicate microtask calls  01:02 +1578 ~10: /Users/avayroy/Optivus/test/group_d_issues_16_to_21_test.dart: ... 16: Auth state stream synchronization AuthNotifier stream subscription executes without duplicate microtask calls  01:02 +1579 ~10: /Users/avayroy/Optivus/test/group_d_issues_16_to_21_test.dart: ... 16: Auth state stream synchronization AuthNotifier stream subscription executes without duplicate microtask calls  01:02 +1580 ~10: /Users/avayroy/Optivus/test/group_d_issues_16_to_21_test.dart: ... 16: Auth state stream synchronization AuthNotifier stream subscription executes without duplicate microtask calls  01:02 +1581 ~10: /Users/avayroy/Optivus/test/group_d_issues_16_to_21_test.dart: ... 16: Auth state stream synchronization AuthNotifier stream subscription executes without duplicate microtask calls  01:02 +1582 ~10: /Users/avayroy/Optivus/test/group_d_issues_16_to_21_test.dart: ... 16: Auth state stream synchronization AuthNotifier stream subscription executes without duplicate microtask calls  01:02 +1583 ~10: /Users/avayroy/Optivus/test/group_d_issues_16_to_21_test.dart: ... 16: Auth state stream synchronization AuthNotifier stream subscription executes without duplicate microtask calls  01:02 +1584 ~10: /Users/avayroy/Optivus/test/group_d_issues_16_to_21_test.dart: ... 16: Auth state stream synchronization AuthNotifier stream subscription executes without duplicate microtask calls  01:02 +1585 ~10: /Users/avayroy/Optivus/test/group_d_issues_16_to_21_test.dart: ... 16: Auth state stream synchronization AuthNotifier stream subscription executes without duplicate microtask calls  01:02 +1586 ~10: /Users/avayroy/Optivus/test/group_d_issues_16_to_21_test.dart: ... 16: Auth state stream synchronization AuthNotifier stream subscription executes without duplicate microtask calls  01:02 +1587 ~10: /Users/avayroy/Optivus/test/group_d_issues_16_to_21_test.dart: ... 16: Auth state stream synchronization AuthNotifier stream subscription executes without duplicate microtask calls  01:02 +1588 ~10: /Users/avayroy/Optivus/test/group_d_issues_16_to_21_test.dart: ... 16: Auth state stream synchronization AuthNotifier stream subscription executes without duplicate microtask calls  01:02 +1589 ~10: /Users/avayroy/Optivus/test/group_d_issues_16_to_21_test.dart: ... 16: Auth state stream synchronization AuthNotifier stream subscription executes without duplicate microtask calls  01:02 +1590 ~10: /Users/avayroy/Optivus/test/group_d_issues_16_to_21_test.dart: ... 16: Auth state stream synchronization AuthNotifier stream subscription executes without duplicate microtask calls  01:02 +1591 ~10: /Users/avayroy/Optivus/test/group_d_issues_16_to_21_test.dart: ... 16: Auth state stream synchronization AuthNotifier stream subscription executes without duplicate microtask calls  01:02 +1592 ~10: /Users/avayroy/Optivus/test/group_d_issues_16_to_21_test.dart: ... 16: Auth state stream synchronization AuthNotifier stream subscription executes without duplicate microtask calls  01:02 +1593 ~10: /Users/avayroy/Optivus/test/group_d_issues_16_to_21_test.dart: ... 16: Auth state stream synchronization AuthNotifier stream subscription executes without duplicate microtask calls  01:02 +1594 ~10: /Users/avayroy/Optivus/test/group_d_issues_16_to_21_test.dart: ... 16: Auth state stream synchronization AuthNotifier stream subscription executes without duplicate microtask calls  01:02 +1595 ~10: /Users/avayroy/Optivus/test/group_d_issues_16_to_21_test.dart: ... 16: Auth state stream synchronization AuthNotifier stream subscription executes without duplicate microtask calls  01:03 +1595 ~10: /Users/avayroy/Optivus/test/group_d_issues_16_to_21_test.dart: ... 16: Auth state stream synchronization AuthNotifier stream subscription executes without duplicate microtask calls  01:03 +1595 ~10: /Users/avayroy/Optivus/test/group_d_issues_16_to_21_test.dart: Group D - Issue 16: Auth state stream synchronization AuthNotifier stream subscription executes without duplicate microtask calls
[Reconstruction] event=operation_started operationId=1
[Reconstruction] event=attempt_started operationId=1 attempt=1
01:03 +1596 ~10: /Users/avayroy/Optivus/test/group_d_issues_16_to_21_test.dart: ... 16: Auth state stream synchronization AuthNotifier stream subscription executes without duplicate microtask calls  01:03 +1596 ~10: /Users/avayroy/Optivus/test/group_d_issues_16_to_21_test.dart: Group D - Issue 16: Auth state stream synchronization AuthNotifier stream subscription executes without duplicate microtask calls
[DeviceCountryService] Detection failed safely (MissingPluginException).
01:03 +1596 ~10: /Users/avayroy/Optivus/test/group_d_issues_16_to_21_test.dart: Group D - Issue 16: Auth state stream synchronization GoRouter redirect logic evaluates state deterministically        01:03 +1597 ~10: /Users/avayroy/Optivus/test/group_d_issues_16_to_21_test.dart: Group D - Issue 16: Auth state stream synchronization GoRouter redirect logic evaluates state deterministically        01:03 +1598 ~10: /Users/avayroy/Optivus/test/group_d_issues_16_to_21_test.dart: Group D - Issue 16: Auth state stream synchronization GoRouter redirect logic evaluates state deterministically        01:03 +1599 ~10: /Users/avayroy/Optivus/test/group_d_issues_16_to_21_test.dart: Group D - Issue 16: Auth state stream synchronization GoRouter redirect logic evaluates state deterministically        01:03 +1600 ~10: /Users/avayroy/Optivus/test/group_d_issues_16_to_21_test.dart: Group D - Issue 16: Auth state stream synchronization GoRouter redirect logic evaluates state deterministically        01:03 +1601 ~10: /Users/avayroy/Optivus/test/group_d_issues_16_to_21_test.dart: Group D - Issue 16: Auth state stream synchronization GoRouter redirect logic evaluates state deterministically        01:03 +1602 ~10: /Users/avayroy/Optivus/test/group_d_issues_16_to_21_test.dart: Group D - Issue 16: Auth state stream synchronization GoRouter redirect logic evaluates state deterministically        01:03 +1603 ~10: /Users/avayroy/Optivus/test/group_d_issues_16_to_21_test.dart: Group D - Issue 16: Auth state stream synchronization GoRouter redirect logic evaluates state deterministically        01:03 +1604 ~10: /Users/avayroy/Optivus/test/group_d_issues_16_to_21_test.dart: Group D - Issue 16: Auth state stream synchronization GoRouter redirect logic evaluates state deterministically        01:03 +1605 ~10: /Users/avayroy/Optivus/test/group_d_issues_16_to_21_test.dart: Group D - Issue 16: Auth state stream synchronization GoRouter redirect logic evaluates state deterministically        01:03 +1606 ~10: /Users/avayroy/Optivus/test/group_d_issues_16_to_21_test.dart: Group D - Issue 16: Auth state stream synchronization GoRouter redirect logic evaluates state deterministically        01:03 +1607 ~10: /Users/avayroy/Optivus/test/group_d_issues_16_to_21_test.dart: Group D - Issue 16: Auth state stream synchronization GoRouter redirect logic evaluates state deterministically        01:03 +1607 ~10: /Users/avayroy/Optivus/test/ah_f004_auth_identity_isolation_test.dart: AH-F004 logout transaction and state boundary successful logout clears every populated user-state family and preserves global config
[Reconstruction] event=operation_started operationId=1
[Reconstruction] event=attempt_started operationId=1 attempt=1
[DeviceCountryService] Detection failed safely (MissingPluginException).
[Reconstruction] event=classified operationId=1 attempt=1 totalElapsedMs=163
01:03 +1608 ~10: /Users/avayroy/Optivus/test/group_d_issues_16_to_21_test.dart: Group D - Issue 16: Auth state stream synchronization GoRouter redirect logic evaluates state deterministically        01:03 +1609 ~10: /Users/avayroy/Optivus/test/group_d_issues_16_to_21_test.dart: Group D - Issue 16: Auth state stream synchronization GoRouter redirect logic evaluates state deterministically        01:03 +1609 ~10: /Users/avayroy/Optivus/test/ah_f004_auth_identity_isolation_test.dart: AH-F004 logout transaction and state boundary failed logout keeps authenticated state, data, and route         
[Reconstruction] event=operation_started operationId=1
[Reconstruction] event=attempt_started operationId=1 attempt=1
[DeviceCountryService] Detection failed safely (MissingPluginException).
[Reconstruction] event=classified operationId=1 attempt=1 totalElapsedMs=7
01:04 +1610 ~10: /Users/avayroy/Optivus/test/group_d_issues_16_to_21_test.dart: Group D - Issue 16: Auth state stream synchronization GoRouter redirect logic evaluates state deterministically        01:04 +1611 ~10: /Users/avayroy/Optivus/test/group_d_issues_16_to_21_test.dart: Group D - Issue 16: Auth state stream synchronization GoRouter redirect logic evaluates state deterministically        01:04 +1611 ~10: /Users/avayroy/Optivus/test/group_j_adversarial_edge_cases_test.dart: Group J Edge Case 3: Wake Lock Release Safety on Sub-Action Failure runWithWakeLock releases lock when syncTask throws an async error late in execution
[SystemWakeLock] Acquired wake lock claim.
[SystemWakeLock] Released wake lock claim.
01:04 +1612 ~10: /Users/avayroy/Optivus/test/group_d_issues_16_to_21_test.dart: Group D - Issue 16: Auth state stream synchronization GoRouter redirect logic evaluates state deterministically        01:04 +1612 ~10: /Users/avayroy/Optivus/test/group_j_adversarial_edge_cases_test.dart: Group J Edge Case 3: Wake Lock Release Safety on Sub-Action Failure OnboardingCompletionJobService releases wake lock when profile repo throws error in stage 5
[SystemWakeLock] Acquired wake lock claim.
01:04 +1613 ~10: /Users/avayroy/Optivus/test/ah_f004_auth_identity_isolation_test.dart: AH-F004 logout transaction and state boundary FakeAuthRepository can simulate sign-out failure safely          01:04 +1613 ~10: /Users/avayroy/Optivus/test/group_j_adversarial_edge_cases_test.dart: Group J Edge Case 3: Wake Lock Release Safety on Sub-Action Failure OnboardingCompletionJobService releases wake lock when profile repo throws error in stage 5
[CompletionTiming] validateInput=1ms
[CompletionTiming] persistDraft=0ms
[CompletionTiming] verifyDraft=3ms
[CompletionTiming] persistBundle=0ms
[CompletionTiming] verifyBundle=7ms
[CompletionTiming] reconcileRoutines=8ms
[CompletionTiming] verifyRoutines=0ms
[CompletionTiming] projectRoutineHistory=1ms
[CompletionTiming] verifyRoutineHistory=0ms
[CompletionTiming] reconcileHabitSystems=0ms
[CompletionTiming] verifyHabitSystems=0ms
[CompletionTiming] reloadControllers=0ms
[CompletionTiming] verifyFrontendState=0ms
[CompletionTiming] finalizeProfile=0ms
[CompletionFailure] stage=completed code=state_error category=validation_failed retryable=false
[SystemWakeLock] Released wake lock claim.
01:04 +1614 ~10: /Users/avayroy/Optivus/test/ah_f004_auth_identity_isolation_test.dart: AH-F004 logout transaction and state boundary FakeAuthRepository can simulate sign-out failure safely          01:04 +1614 ~10: /Users/avayroy/Optivus/test/group_j_adversarial_edge_cases_test.dart: Group J Edge Case 4: Platform Channel Safe Fallback Defaults safePlatformCall catches generic Exception/Error and triggers onError callback
[PlatformChannelBoundary] Unexpected platform failure in testTypeError (TypeError).
01:04 +1615 ~10: /Users/avayroy/Optivus/test/ah_f004_auth_identity_isolation_test.dart: AH-F004 logout transaction and state boundary FakeAuthRepository can simulate sign-out failure safely          01:04 +1615 ~10: /Users/avayroy/Optivus/test/group_j_adversarial_edge_cases_test.dart: Group J Edge Case 4: Platform Channel Safe Fallback Defaults NotificationIntentService returns fallback when channel returns unexpected types or throws exception
[PlatformChannelBoundary] Platform call failed in getInitialNotificationPayload (PlatformException).
01:04 +1616 ~10: /Users/avayroy/Optivus/test/ah_f004_auth_identity_isolation_test.dart: AH-F004 logout transaction and state boundary FakeAuthRepository can simulate sign-out failure safely          01:05 +1616 ~10: /Users/avayroy/Optivus/test/ah_f004_auth_identity_isolation_test.dart: AH-F004 logout transaction and state boundary FakeAuthRepository can simulate sign-out failure safely          01:05 +1617 ~10: /Users/avayroy/Optivus/test/ah_f004_auth_identity_isolation_test.dart: AH-F004 logout transaction and state boundary FakeAuthRepository can simulate sign-out failure safely          01:05 +1617 ~10: /Users/avayroy/Optivus/test/phase_4_6_4_startup_runtime_test.dart: runtime validation failure returns ConfigurationFailureApp                                                         
Optivus startup failed safely (StateError).
01:05 +1618 ~10: /Users/avayroy/Optivus/test/ah_f004_auth_identity_isolation_test.dart: AH-F004 logout transaction and state boundary FakeAuthRepository can simulate sign-out failure safely          01:05 +1618 ~10: /Users/avayroy/Optivus/test/phase_4_6_4_startup_runtime_test.dart: Firebase initialization failure returns safe startup UI                                                            
Optivus startup failed safely (StateError).
01:05 +1619 ~10: /Users/avayroy/Optivus/test/ah_f004_auth_identity_isolation_test.dart: AH-F004 logout transaction and state boundary FakeAuthRepository can simulate sign-out failure safely          01:05 +1620 ~10: /Users/avayroy/Optivus/test/ah_f004_auth_identity_isolation_test.dart: AH-F004 logout transaction and state boundary FakeAuthRepository can simulate sign-out failure safely          01:05 +1621 ~10: /Users/avayroy/Optivus/test/ah_f004_auth_identity_isolation_test.dart: AH-F004 logout transaction and state boundary FakeAuthRepository can simulate sign-out failure safely          01:05 +1622 ~10: /Users/avayroy/Optivus/test/ah_f004_auth_identity_isolation_test.dart: AH-F004 logout transaction and state boundary FakeAuthRepository can simulate sign-out failure safely          01:05 +1622 ~10: /Users/avayroy/Optivus/test/gate5_adversarial_error_unification_test.dart: Adversarial Error Unification & State Isolation Tests Hypothesis 2: showAccountError clears successMessage and sets typed error
[EmailVerification] stage=verify_screen_entered initialSendState=sent
01:05 +1623 ~10: /Users/avayroy/Optivus/test/group_d_issues_16_to_21_test.dart: ... for cached feature controllers logout sweep resets all feature controllers and navigation detail providers         01:05 +1623 ~10: /Users/avayroy/Optivus/test/ah_f004_auth_identity_isolation_test.dart: AH-F004 account switching A state is cleared before B is published or hydrated                                 
[Reconstruction] event=operation_started operationId=1
[Reconstruction] event=attempt_started operationId=1 attempt=1
[DeviceCountryService] Detection failed safely (MissingPluginException).
[Reconstruction] event=classified operationId=1 attempt=1 totalElapsedMs=15
[Reconstruction] event=operation_started operationId=2
[Reconstruction] event=attempt_started operationId=2 attempt=1
[DeviceCountryService] Detection failed safely (MissingPluginException).
[Reconstruction] event=classified operationId=2 attempt=1 totalElapsedMs=14
01:05 +1624 ~10: /Users/avayroy/Optivus/test/group_d_issues_16_to_21_test.dart: ... for cached feature controllers logout sweep resets all feature controllers and navigation detail providers         01:05 +1624 ~10: /Users/avayroy/Optivus/test/ah_f004_auth_identity_isolation_test.dart: AH-F004 account switching same-UID refresh updates auth facts without clearing valid state                     
[Reconstruction] event=operation_started operationId=1
[Reconstruction] event=attempt_started operationId=1 attempt=1
[DeviceCountryService] Detection failed safely (MissingPluginException).
[Reconstruction] event=classified operationId=1 attempt=1 totalElapsedMs=7
01:05 +1625 ~10: /Users/avayroy/Optivus/test/group_d_issues_16_to_21_test.dart: ... for cached feature controllers logout sweep resets all feature controllers and navigation detail providers         01:05 +1625 ~10: /Users/avayroy/Optivus/test/ah_f004_auth_identity_isolation_test.dart: AH-F004 account switching stale A backend result cannot overwrite B                                            
[Reconstruction] event=operation_started operationId=1
[Reconstruction] event=attempt_started operationId=1 attempt=1
01:05 +1625 ~10: /Users/avayroy/Optivus/test/gate5_adversarial_error_unification_test.dart: Adversarial Error Unification & State Isolation Tests Hypothesis 2: showAccountError clears successMessage and sets typed error
[VerificationLifecycle] event=check_started reason=poll epoch=0 attempt=0
01:05 +1625 ~10: /Users/avayroy/Optivus/test/ah_f004_auth_identity_isolation_test.dart: AH-F004 account switching stale A backend result cannot overwrite B                                            
[DeviceCountryService] Detection failed safely (MissingPluginException).
[Reconstruction] event=operation_started operationId=2
[Reconstruction] event=attempt_started operationId=2 attempt=1
[DeviceCountryService] Detection failed safely (MissingPluginException).
[Reconstruction] event=classified operationId=2 attempt=1 totalElapsedMs=7
01:05 +1625 ~10: /Users/avayroy/Optivus/test/gate5_adversarial_error_unification_test.dart: Adversarial Error Unification & State Isolation Tests Hypothesis 2: showAccountError clears successMessage and sets typed error
[VerificationLifecycle] event=check_completed epoch=0 verified=false elapsedMs=15
01:05 +1626 ~10: /Users/avayroy/Optivus/test/group_d_issues_16_to_21_test.dart: ... for cached feature controllers logout sweep resets all feature controllers and navigation detail providers         01:05 +1626 ~10: /Users/avayroy/Optivus/test/ah_f004_auth_identity_isolation_test.dart: AH-F004 account switching null -> A retains onboarding draft only when UID matches                             
[Reconstruction] event=operation_started operationId=1
[Reconstruction] event=attempt_started operationId=1 attempt=1
[DeviceCountryService] Detection failed safely (MissingPluginException).
[Reconstruction] event=classified operationId=1 attempt=1 totalElapsedMs=14
[Reconstruction] event=operation_started operationId=2
[Reconstruction] event=attempt_started operationId=2 attempt=1
[DeviceCountryService] Detection failed safely (MissingPluginException).
[Reconstruction] event=classified operationId=2 attempt=1 totalElapsedMs=4
01:05 +1627 ~10: /Users/avayroy/Optivus/test/group_d_issues_16_to_21_test.dart: ... for cached feature controllers logout sweep resets all feature controllers and navigation detail providers         01:05 +1627 ~10: /Users/avayroy/Optivus/test/gate5_adversarial_error_unification_test.dart: Adversarial Error Unification & State Isolation Tests Hypothesis 2: showAccountError clears successMessage and sets typed error
[VerificationLifecycle] event=poll_cancelled reason=dispose
01:05 +1628 ~10: /Users/avayroy/Optivus/test/group_d_issues_16_to_21_test.dart: ... for cached feature controllers logout sweep resets all feature controllers and navigation detail providers         01:06 +1628 ~10: /Users/avayroy/Optivus/test/group_d_issues_16_to_21_test.dart: ... for cached feature controllers logout sweep resets all feature controllers and navigation detail providers         01:06 +1629 ~10: /Users/avayroy/Optivus/test/ah_f004_auth_identity_isolation_test.dart: AH-F004 async stale work protections delayed coach AI response does not write after account reset              01:06 +1629 ~10: /Users/avayroy/Optivus/test/gate5_adversarial_error_unification_test.dart: Adversarial Error Unification & State Isolation Tests Hypothesis 3: Rapid concurrent resend requests collapse into single in-flight call
[EmailVerification] stage=verify_screen_entered initialSendState=sent
[VerificationLifecycle] event=check_started reason=poll epoch=0 attempt=0
[VerificationLifecycle] event=check_completed epoch=0 verified=false elapsedMs=1
[VerificationLifecycle] event=poll_cancelled reason=dispose
01:06 +1630 ~10: /Users/avayroy/Optivus/test/ah_f004_auth_identity_isolation_test.dart: AH-F004 async stale work protections delayed coach AI response does not write after account reset              01:06 +1630 ~10: /Users/avayroy/Optivus/test/gate5_adversarial_error_unification_test.dart: Adversarial Error Unification & State Isolation Tests Hypothesis 4: Rate limit streaks cap at maximum throttle and reset upon success
[EmailVerification] stage=verify_screen_entered initialSendState=sent
[VerificationLifecycle] event=check_started reason=poll epoch=0 attempt=0
[VerificationLifecycle] event=check_completed epoch=0 verified=false elapsedMs=0
[VerificationLifecycle] event=check_started reason=poll epoch=0 attempt=1
[VerificationLifecycle] event=check_completed epoch=0 verified=false elapsedMs=0
[VerificationLifecycle] event=check_started reason=poll epoch=0 attempt=2
[VerificationLifecycle] event=check_completed epoch=0 verified=false elapsedMs=0
[VerificationLifecycle] event=poll_cancelled reason=dispose
01:06 +1631 ~10: /Users/avayroy/Optivus/test/ah_f004_auth_identity_isolation_test.dart: AH-F004 async stale work protections delayed coach AI response does not write after account reset              01:06 +1631 ~10: /Users/avayroy/Optivus/test/gate5_adversarial_error_unification_test.dart: Adversarial Error Unification & State Isolation Tests Hypothesis 5: Expired session immediately halts all further polling
[EmailVerification] stage=verify_screen_entered initialSendState=sent
[VerificationLifecycle] event=check_started reason=poll epoch=0 attempt=0
[VerificationLifecycle] event=poll_cancelled reason=session_expired
[VerificationLifecycle] event=poll_cancelled reason=dispose
01:06 +1632 ~10: /Users/avayroy/Optivus/test/ah_f004_auth_identity_isolation_test.dart: AH-F004 async stale work protections delayed coach AI response does not write after account reset              01:06 +1632 ~10: /Users/avayroy/Optivus/test/gate5_adversarial_error_unification_test.dart: Adversarial Error Unification & State Isolation Tests Hypothesis 6: VerifyEmailScreen handles delivery failures and null errors cleanly
[EmailVerification] stage=verify_screen_entered initialSendState=failed
[VerificationLifecycle] event=poll_cancelled reason=dispose
[EmailVerification] stage=verify_screen_entered initialSendState=failed
[VerificationLifecycle] event=poll_cancelled reason=dispose
01:06 +1633 ~10: /Users/avayroy/Optivus/test/ah_f004_auth_identity_isolation_test.dart: AH-F004 async stale work protections delayed coach AI response does not write after account reset              01:06 +1633 ~10: /Users/avayroy/Optivus/test/gate5_adversarial_error_unification_test.dart: Adversarial Error Unification & State Isolation Tests Hypothesis 7: VerifyEmailScreen prioritizes error over success if both exist
[EmailVerification] stage=verify_screen_entered initialSendState=sent
[VerificationLifecycle] event=check_started reason=poll epoch=0 attempt=0
[VerificationLifecycle] event=check_completed epoch=0 verified=false elapsedMs=0
[VerificationLifecycle] event=poll_cancelled reason=dispose
01:06 +1634 ~10: /Users/avayroy/Optivus/test/ah_f004_auth_identity_isolation_test.dart: AH-F004 async stale work protections delayed coach AI response does not write after account reset              01:06 +1634 ~10: /Users/avayroy/Optivus/test/gate5_adversarial_error_unification_test.dart: Adversarial Error Unification & State Isolation Tests Hypothesis 8: VerifyEmailScreen handles unexpected logout exceptions gracefully
[EmailVerification] stage=verify_screen_entered initialSendState=sent
[VerificationLifecycle] event=check_started reason=poll epoch=0 attempt=0
[VerificationLifecycle] event=check_completed epoch=0 verified=false elapsedMs=0
[VerificationLifecycle] event=poll_cancelled reason=dispose
01:06 +1635 ~10: /Users/avayroy/Optivus/test/ah_f004_auth_identity_isolation_test.dart: AH-F004 async stale work protections delayed coach AI response does not write after account reset              01:06 +1635 ~10: /Users/avayroy/Optivus/test/gate5_adversarial_error_unification_test.dart: Adversarial Error Unification & State Isolation Tests Hypothesis 9: VerifyEmailScreen displays fallback when email is null or empty
[EmailVerification] stage=verify_screen_entered initialSendState=sent
[VerificationLifecycle] event=check_started reason=poll epoch=0 attempt=0
[VerificationLifecycle] event=check_completed epoch=0 verified=false elapsedMs=0
[VerificationLifecycle] event=poll_cancelled reason=dispose
01:06 +1636 ~10: /Users/avayroy/Optivus/test/ah_f004_auth_identity_isolation_test.dart: AH-F004 async stale work protections delayed coach AI response does not write after account reset              01:06 +1637 ~10: /Users/avayroy/Optivus/test/ah_f004_auth_identity_isolation_test.dart: AH-F004 async stale work protections delayed coach AI response does not write after account reset              01:06 +1638 ~10: /Users/avayroy/Optivus/test/ah_f004_auth_identity_isolation_test.dart: AH-F004 async stale work protections delayed coach AI response does not write after account reset              01:06 +1639 ~10: /Users/avayroy/Optivus/test/ah_f004_auth_identity_isolation_test.dart: AH-F004 async stale work protections delayed coach AI response does not write after account reset              01:07 +1639 ~10: /Users/avayroy/Optivus/test/ah_f004_auth_identity_isolation_test.dart: AH-F004 async stale work protections delayed coach AI response does not write after account reset              01:07 +1639 ~10: /Users/avayroy/Optivus/test/group_d_issues_16_to_21_test.dart: Group D - Issue 18: Account switching data leak prevention across user scopes immediate atomic reset prevents data leaks during account switching latency
[Reconstruction] event=operation_started operationId=1
[Reconstruction] event=attempt_started operationId=1 attempt=1
[DeviceCountryService] Detection failed safely (MissingPluginException).
[Reconstruction] event=classified operationId=1 attempt=1 totalElapsedMs=26
01:07 +1639 ~10: /Users/avayroy/Optivus/test/ah_f004_auth_identity_isolation_test.dart: AH-F004 async stale work protections delayed coach AI response does not write after account reset              01:07 +1640 ~10: /Users/avayroy/Optivus/test/ah_f004_auth_identity_isolation_test.dart: AH-F004 async stale work protections delayed coach AI response does not write after account reset              01:07 +1641 ~10: /Users/avayroy/Optivus/test/ah_f004_auth_identity_isolation_test.dart: AH-F004 async stale work protections delayed coach AI response does not write after account reset              01:07 +1642 ~10: /Users/avayroy/Optivus/test/ah_f004_auth_identity_isolation_test.dart: AH-F004 async stale work protections delayed coach AI response does not write after account reset              01:07 +1643 ~10: /Users/avayroy/Optivus/test/ah_f004_auth_identity_isolation_test.dart: AH-F004 async stale work protections delayed coach AI response does not write after account reset              01:07 +1644 ~10: /Users/avayroy/Optivus/test/ah_f004_auth_identity_isolation_test.dart: AH-F004 async stale work protections delayed coach AI response does not write after account reset              01:07 +1645 ~10: /Users/avayroy/Optivus/test/ah_f004_auth_identity_isolation_test.dart: AH-F004 async stale work protections delayed coach AI response does not write after account reset              01:07 +1646 ~10: /Users/avayroy/Optivus/test/group_d_issues_16_to_21_test.dart: ... data leak prevention across user scopes immediate atomic reset prevents data leaks during account switching latency01:07 +1647 ~10: /Users/avayroy/Optivus/test/group_d_issues_16_to_21_test.dart: ... data leak prevention across user scopes immediate atomic reset prevents data leaks during account switching latency01:07 +1648 ~10: /Users/avayroy/Optivus/test/group_d_issues_16_to_21_test.dart: ... data leak prevention across user scopes immediate atomic reset prevents data leaks during account switching latency01:07 +1649 ~10: /Users/avayroy/Optivus/test/group_d_issues_16_to_21_test.dart: ... data leak prevention across user scopes immediate atomic reset prevents data leaks during account switching latency01:07 +1650 ~10: /Users/avayroy/Optivus/test/group_d_issues_16_to_21_test.dart: ... data leak prevention across user scopes immediate atomic reset prevents data leaks during account switching latency01:07 +1650 ~10: /Users/avayroy/Optivus/test/ah_f013_completion_terminalization_test.dart: AH-F013 completion service closure and durable verification normal closure and repeated retry produce one coherent terminal state
[SystemWakeLock] Acquired wake lock claim.
[CompletionTiming] validateInput=0ms
[CompletionTiming] persistDraft=0ms
[CompletionTiming] verifyDraft=0ms
[CompletionTiming] persistBundle=0ms
[CompletionTiming] verifyBundle=0ms
[CompletionTiming] reconcileRoutines=5ms
[CompletionTiming] verifyRoutines=0ms
[CompletionTiming] projectRoutineHistory=1ms
[CompletionTiming] verifyRoutineHistory=0ms
[CompletionTiming] reconcileHabitSystems=0ms
[CompletionTiming] verifyHabitSystems=0ms
[CompletionTiming] reloadControllers=0ms
[CompletionTiming] verifyFrontendState=0ms
[CompletionTiming] finalizeProfile=0ms
[CompletionTiming] total=24ms
[SystemWakeLock] Released wake lock claim.
[SystemWakeLock] Acquired wake lock claim.
[SystemWakeLock] Released wake lock claim.
01:07 +1651 ~10: /Users/avayroy/Optivus/test/group_d_issues_16_to_21_test.dart: ... data leak prevention across user scopes immediate atomic reset prevents data leaks during account switching latency01:07 +1651 ~10: /Users/avayroy/Optivus/test/ah_f013_completion_terminalization_test.dart: AH-F013 completion service closure and durable verification two concurrent terminalizers deduplicate output work
[SystemWakeLock] Acquired wake lock claim.
[CompletionTiming] validateInput=0ms
[CompletionTiming] persistDraft=0ms
[CompletionTiming] verifyDraft=0ms
[CompletionTiming] persistBundle=0ms
[CompletionTiming] verifyBundle=0ms
[CompletionTiming] reconcileRoutines=0ms
[CompletionTiming] verifyRoutines=0ms
[CompletionTiming] projectRoutineHistory=0ms
[CompletionTiming] verifyRoutineHistory=0ms
[CompletionTiming] reconcileHabitSystems=0ms
[CompletionTiming] verifyHabitSystems=0ms
[CompletionTiming] reloadControllers=0ms
[CompletionTiming] verifyFrontendState=0ms
[CompletionTiming] finalizeProfile=0ms
[CompletionTiming] total=3ms
[SystemWakeLock] Released wake lock claim.
01:07 +1652 ~10: /Users/avayroy/Optivus/test/group_d_issues_16_to_21_test.dart: ... data leak prevention across user scopes immediate atomic reset prevents data leaks during account switching latency01:07 +1652 ~10: /Users/avayroy/Optivus/test/ah_f013_completion_terminalization_test.dart: AH-F013 completion service closure and durable verification invalid projection receipt blocks terminalization
[SystemWakeLock] Acquired wake lock claim.
01:07 +1653 ~10: /Users/avayroy/Optivus/test/group_d_issues_16_to_21_test.dart: ... data leak prevention across user scopes immediate atomic reset prevents data leaks during account switching latency01:07 +1653 ~10: /Users/avayroy/Optivus/test/ah_f013_completion_terminalization_test.dart: AH-F013 completion service closure and durable verification invalid projection receipt blocks terminalization
[CompletionTiming] validateInput=0ms
[CompletionTiming] persistDraft=0ms
[CompletionTiming] verifyDraft=0ms
[CompletionTiming] persistBundle=0ms
[CompletionTiming] verifyBundle=0ms
[CompletionTiming] reconcileRoutines=2ms
[CompletionTiming] verifyRoutines=0ms
[CompletionFailure] stage=projectRoutineHistory code=state_error category=validation_failed retryable=false
[SystemWakeLock] Released wake lock claim.
01:07 +1654 ~10: /Users/avayroy/Optivus/test/group_d_issues_16_to_21_test.dart: ... data leak prevention across user scopes immediate atomic reset prevents data leaks during account switching latency01:07 +1655 ~10: /Users/avayroy/Optivus/test/group_d_issues_16_to_21_test.dart: ... data leak prevention across user scopes immediate atomic reset prevents data leaks during account switching latency01:07 +1656 ~10: /Users/avayroy/Optivus/test/group_d_issues_16_to_21_test.dart: ... data leak prevention across user scopes immediate atomic reset prevents data leaks during account switching latency01:07 +1656 ~10: /Users/avayroy/Optivus/test/ah_f013_completion_terminalization_test.dart: AH-F013 completion service closure and durable verification missing projected history record blocks terminalization
[SystemWakeLock] Acquired wake lock claim.
[CompletionFailure] stage=validateInput code=state_error category=validation_failed retryable=false
[SystemWakeLock] Released wake lock claim.
01:07 +1657 ~10: /Users/avayroy/Optivus/test/group_d_issues_16_to_21_test.dart: ... data leak prevention across user scopes immediate atomic reset prevents data leaks during account switching latency01:07 +1658 ~10: /Users/avayroy/Optivus/test/group_d_issues_16_to_21_test.dart: ... data leak prevention across user scopes immediate atomic reset prevents data leaks during account switching latency01:07 +1659 ~10: /Users/avayroy/Optivus/test/group_d_issues_16_to_21_test.dart: ... data leak prevention across user scopes immediate atomic reset prevents data leaks during account switching latency01:07 +1660 ~10: /Users/avayroy/Optivus/test/group_d_issues_16_to_21_test.dart: ... data leak prevention across user scopes immediate atomic reset prevents data leaks during account switching latency01:07 +1661 ~10: /Users/avayroy/Optivus/test/group_d_issues_16_to_21_test.dart: ... data leak prevention across user scopes immediate atomic reset prevents data leaks during account switching latency01:07 +1661 ~10: /Users/avayroy/Optivus/test/ah_f013_completion_terminalization_test.dart: AH-F013 completion service closure and durable verification fatally failed job cannot be terminalized       
[SystemWakeLock] Acquired wake lock claim.
01:07 +1662 ~10: /Users/avayroy/Optivus/test/group_d_issues_16_to_21_test.dart: ... data leak prevention across user scopes immediate atomic reset prevents data leaks during account switching latency01:07 +1662 ~10: /Users/avayroy/Optivus/test/ah_f013_completion_terminalization_test.dart: AH-F013 completion service closure and durable verification fatally failed job cannot be terminalized       
[SystemWakeLock] Released wake lock claim.
01:07 +1663 ~10: /Users/avayroy/Optivus/test/group_d_issues_16_to_21_test.dart: ... data leak prevention across user scopes immediate atomic reset prevents data leaks during account switching latency01:07 +1664 ~10: /Users/avayroy/Optivus/test/group_d_issues_16_to_21_test.dart: ... data leak prevention across user scopes immediate atomic reset prevents data leaks during account switching latency01:07 +1665 ~10: /Users/avayroy/Optivus/test/group_d_issues_16_to_21_test.dart: ... data leak prevention across user scopes immediate atomic reset prevents data leaks during account switching latency01:07 +1666 ~10: /Users/avayroy/Optivus/test/group_d_issues_16_to_21_test.dart: ... data leak prevention across user scopes immediate atomic reset prevents data leaks during account switching latency01:07 +1667 ~10: /Users/avayroy/Optivus/test/group_d_issues_16_to_21_test.dart: ... data leak prevention across user scopes immediate atomic reset prevents data leaks during account switching latency01:07 +1668 ~10: /Users/avayroy/Optivus/test/group_d_issues_16_to_21_test.dart: ... data leak prevention across user scopes immediate atomic reset prevents data leaks during account switching latency01:07 +1669 ~10: /Users/avayroy/Optivus/test/group_d_issues_16_to_21_test.dart: ... data leak prevention across user scopes immediate atomic reset prevents data leaks during account switching latency01:07 +1670 ~10: /Users/avayroy/Optivus/test/group_d_issues_16_to_21_test.dart: ... data leak prevention across user scopes immediate atomic reset prevents data leaks during account switching latency01:07 +1671 ~10: /Users/avayroy/Optivus/test/group_d_issues_16_to_21_test.dart: ... data leak prevention across user scopes immediate atomic reset prevents data leaks during account switching latency01:07 +1672 ~10: /Users/avayroy/Optivus/test/group_d_issues_16_to_21_test.dart: ... data leak prevention across user scopes immediate atomic reset prevents data leaks during account switching latency01:07 +1673 ~10: /Users/avayroy/Optivus/test/group_d_issues_16_to_21_test.dart: ... data leak prevention across user scopes immediate atomic reset prevents data leaks during account switching latency01:07 +1674 ~10: /Users/avayroy/Optivus/test/group_d_issues_16_to_21_test.dart: ... data leak prevention across user scopes immediate atomic reset prevents data leaks during account switching latency01:08 +1674 ~10: /Users/avayroy/Optivus/test/group_d_issues_16_to_21_test.dart: ... data leak prevention across user scopes immediate atomic reset prevents data leaks during account switching latency01:08 +1674 ~10: /Users/avayroy/Optivus/test/group_d_issues_16_to_21_test.dart: Group D - Issue 18: Account switching data leak prevention across user scopes immediate atomic reset prevents data leaks during account switching latency
[Reconstruction] event=operation_started operationId=2
[Reconstruction] event=attempt_started operationId=2 attempt=1
[DeviceCountryService] Detection failed safely (MissingPluginException).
01:08 +1675 ~10: /Users/avayroy/Optivus/test/group_d_issues_16_to_21_test.dart: ... data leak prevention across user scopes immediate atomic reset prevents data leaks during account switching latency01:08 +1675 ~10: /Users/avayroy/Optivus/test/group_d_issues_16_to_21_test.dart: Group D - Issue 18: Account switching data leak prevention across user scopes immediate atomic reset prevents data leaks during account switching latency
[Reconstruction] event=classified operationId=2 attempt=1 totalElapsedMs=13
01:08 +1676 ~10: /Users/avayroy/Optivus/test/group_d_issues_16_to_21_test.dart: ... data leak prevention across user scopes immediate atomic reset prevents data leaks during account switching latency01:08 +1677 ~10: /Users/avayroy/Optivus/test/group_d_issues_16_to_21_test.dart: ... data leak prevention across user scopes immediate atomic reset prevents data leaks during account switching latency01:08 +1678 ~10: /Users/avayroy/Optivus/test/group_d_issues_16_to_21_test.dart: ... data leak prevention across user scopes immediate atomic reset prevents data leaks during account switching latency01:08 +1679 ~10: /Users/avayroy/Optivus/test/group_d_issues_16_to_21_test.dart: ... data leak prevention across user scopes immediate atomic reset prevents data leaks during account switching latency01:08 +1680 ~10: /Users/avayroy/Optivus/test/group_d_issues_16_to_21_test.dart: ... data leak prevention across user scopes immediate atomic reset prevents data leaks during account switching latency01:08 +1681 ~10: /Users/avayroy/Optivus/test/group_d_issues_16_to_21_test.dart: ... data leak prevention across user scopes immediate atomic reset prevents data leaks during account switching latency01:08 +1682 ~10: /Users/avayroy/Optivus/test/group_d_issues_16_to_21_test.dart: ... data leak prevention across user scopes immediate atomic reset prevents data leaks during account switching latency01:08 +1683 ~10: /Users/avayroy/Optivus/test/group_d_issues_16_to_21_test.dart: ... data leak prevention across user scopes immediate atomic reset prevents data leaks during account switching latency01:08 +1684 ~10: /Users/avayroy/Optivus/test/group_d_issues_16_to_21_test.dart: ... data leak prevention across user scopes immediate atomic reset prevents data leaks during account switching latency01:08 +1685 ~10: /Users/avayroy/Optivus/test/group_d_issues_16_to_21_test.dart: ... data leak prevention across user scopes immediate atomic reset prevents data leaks during account switching latency01:08 +1686 ~10: /Users/avayroy/Optivus/test/group_d_issues_16_to_21_test.dart: ... data leak prevention across user scopes immediate atomic reset prevents data leaks during account switching latency01:08 +1687 ~10: /Users/avayroy/Optivus/test/group_d_issues_16_to_21_test.dart: ... data leak prevention across user scopes immediate atomic reset prevents data leaks during account switching latency01:08 +1688 ~10: /Users/avayroy/Optivus/test/group_d_issues_16_to_21_test.dart: ... data leak prevention across user scopes immediate atomic reset prevents data leaks during account switching latency01:08 +1689 ~10: /Users/avayroy/Optivus/test/group_d_issues_16_to_21_test.dart: ... data leak prevention across user scopes immediate atomic reset prevents data leaks during account switching latency01:08 +1690 ~10: /Users/avayroy/Optivus/test/group_d_issues_16_to_21_test.dart: ... data leak prevention across user scopes immediate atomic reset prevents data leaks during account switching latency01:08 +1691 ~10: /Users/avayroy/Optivus/test/group_d_issues_16_to_21_test.dart: ... data leak prevention across user scopes immediate atomic reset prevents data leaks during account switching latency01:08 +1692 ~10: /Users/avayroy/Optivus/test/group_d_issues_16_to_21_test.dart: ... data leak prevention across user scopes immediate atomic reset prevents data leaks during account switching latency01:08 +1693 ~10: /Users/avayroy/Optivus/test/group_d_issues_16_to_21_test.dart: ... data leak prevention across user scopes immediate atomic reset prevents data leaks during account switching latency01:08 +1694 ~10: /Users/avayroy/Optivus/test/group_d_issues_16_to_21_test.dart: ... data leak prevention across user scopes immediate atomic reset prevents data leaks during account switching latency01:08 +1695 ~10: /Users/avayroy/Optivus/test/group_d_issues_16_to_21_test.dart: ... data leak prevention across user scopes immediate atomic reset prevents data leaks during account switching latency01:08 +1696 ~10: /Users/avayroy/Optivus/test/group_d_issues_16_to_21_test.dart: ... data leak prevention across user scopes immediate atomic reset prevents data leaks during account switching latency01:08 +1697 ~10: /Users/avayroy/Optivus/test/group_d_issues_16_to_21_test.dart: ... data leak prevention across user scopes immediate atomic reset prevents data leaks during account switching latency01:08 +1698 ~10: /Users/avayroy/Optivus/test/group_d_issues_16_to_21_test.dart: ... data leak prevention across user scopes immediate atomic reset prevents data leaks during account switching latency01:08 +1699 ~10: /Users/avayroy/Optivus/test/group_d_issues_16_to_21_test.dart: ... data leak prevention across user scopes immediate atomic reset prevents data leaks during account switching latency01:08 +1700 ~10: /Users/avayroy/Optivus/test/group_d_issues_16_to_21_test.dart: ... data leak prevention across user scopes immediate atomic reset prevents data leaks during account switching latency01:08 +1701 ~10: /Users/avayroy/Optivus/test/group_d_issues_16_to_21_test.dart: ... data leak prevention across user scopes immediate atomic reset prevents data leaks during account switching latency01:08 +1702 ~10: /Users/avayroy/Optivus/test/group_d_issues_16_to_21_test.dart: ... data leak prevention across user scopes immediate atomic reset prevents data leaks during account switching latency01:08 +1703 ~10: /Users/avayroy/Optivus/test/group_d_issues_16_to_21_test.dart: ... data leak prevention across user scopes immediate atomic reset prevents data leaks during account switching latency01:08 +1704 ~10: /Users/avayroy/Optivus/test/group_d_issues_16_to_21_test.dart: ... data leak prevention across user scopes immediate atomic reset prevents data leaks during account switching latency01:08 +1705 ~10: /Users/avayroy/Optivus/test/group_d_issues_16_to_21_test.dart: ... data leak prevention across user scopes immediate atomic reset prevents data leaks during account switching latency01:08 +1706 ~10: /Users/avayroy/Optivus/test/group_d_issues_16_to_21_test.dart: ... data leak prevention across user scopes immediate atomic reset prevents data leaks during account switching latency01:08 +1707 ~10: /Users/avayroy/Optivus/test/group_d_issues_16_to_21_test.dart: ... data leak prevention across user scopes immediate atomic reset prevents data leaks during account switching latency01:08 +1708 ~10: /Users/avayroy/Optivus/test/group_d_issues_16_to_21_test.dart: ... data leak prevention across user scopes immediate atomic reset prevents data leaks during account switching latency01:08 +1709 ~10: /Users/avayroy/Optivus/test/group_d_issues_16_to_21_test.dart: ... data leak prevention across user scopes immediate atomic reset prevents data leaks during account switching latency01:08 +1710 ~10: /Users/avayroy/Optivus/test/group_d_issues_16_to_21_test.dart: ... data leak prevention across user scopes immediate atomic reset prevents data leaks during account switching latency01:08 +1711 ~10: /Users/avayroy/Optivus/test/group_d_issues_16_to_21_test.dart: ... data leak prevention across user scopes immediate atomic reset prevents data leaks during account switching latency01:08 +1712 ~10: /Users/avayroy/Optivus/test/group_d_issues_16_to_21_test.dart: ... data leak prevention across user scopes immediate atomic reset prevents data leaks during account switching latency01:08 +1713 ~10: /Users/avayroy/Optivus/test/group_d_issues_16_to_21_test.dart: ... data leak prevention across user scopes immediate atomic reset prevents data leaks during account switching latency01:08 +1714 ~10: /Users/avayroy/Optivus/test/group_d_issues_16_to_21_test.dart: ... data leak prevention across user scopes immediate atomic reset prevents data leaks during account switching latency01:08 +1715 ~10: /Users/avayroy/Optivus/test/group_d_issues_16_to_21_test.dart: ... data leak prevention across user scopes immediate atomic reset prevents data leaks during account switching latency01:08 +1716 ~10: /Users/avayroy/Optivus/test/ah_f004_auth_identity_isolation_test.dart: AH-F004 repository UID isolation fake repositories isolate data strictly by Firebase UID                       01:08 +1717 ~10: /Users/avayroy/Optivus/test/ah_f004_auth_identity_isolation_test.dart: AH-F004 repository UID isolation fake repositories isolate data strictly by Firebase UID                       01:08 +1717 ~10: /Users/avayroy/Optivus/test/ah_f010_restore_uploaded_asset_test.dart: AH-F010 Restore Uploaded Asset State AA: AH-F007 server reconstruction publishes destination without awaiting preview bytes
[Reconstruction] event=operation_started operationId=1
[Reconstruction] event=attempt_started operationId=1 attempt=1
01:08 +1718 ~10: /Users/avayroy/Optivus/test/ah_f004_auth_identity_isolation_test.dart: AH-F004 repository UID isolation fake repositories isolate data strictly by Firebase UID                       01:08 +1719 ~10: /Users/avayroy/Optivus/test/ah_f004_auth_identity_isolation_test.dart: AH-F004 repository UID isolation fake repositories isolate data strictly by Firebase UID                       01:08 +1720 ~10: /Users/avayroy/Optivus/test/ah_f004_auth_identity_isolation_test.dart: AH-F004 repository UID isolation fake repositories isolate data strictly by Firebase UID                       01:08 +1721 ~10: /Users/avayroy/Optivus/test/ah_f004_auth_identity_isolation_test.dart: AH-F004 repository UID isolation fake repositories isolate data strictly by Firebase UID                       01:08 +1722 ~10: /Users/avayroy/Optivus/test/ah_f004_auth_identity_isolation_test.dart: AH-F004 repository UID isolation fake repositories isolate data strictly by Firebase UID                       01:08 +1723 ~10: /Users/avayroy/Optivus/test/ah_f004_auth_identity_isolation_test.dart: AH-F004 repository UID isolation fake repositories isolate data strictly by Firebase UID                       01:08 +1724 ~10: /Users/avayroy/Optivus/test/ah_f004_auth_identity_isolation_test.dart: AH-F004 repository UID isolation fake repositories isolate data strictly by Firebase UID                       01:08 +1725 ~10: /Users/avayroy/Optivus/test/ah_f004_auth_identity_isolation_test.dart: AH-F004 repository UID isolation fake repositories isolate data strictly by Firebase UID                       01:08 +1726 ~10: /Users/avayroy/Optivus/test/ah_f004_auth_identity_isolation_test.dart: AH-F004 repository UID isolation fake repositories isolate data strictly by Firebase UID                       01:08 +1727 ~10: /Users/avayroy/Optivus/test/ah_f010_restore_uploaded_asset_test.dart: ... Uploaded Asset State AA: AH-F007 server reconstruction publishes destination without awaiting preview bytes 01:08 +1728 ~10: /Users/avayroy/Optivus/test/ah_f010_restore_uploaded_asset_test.dart: ... Uploaded Asset State AA: AH-F007 server reconstruction publishes destination without awaiting preview bytes 01:08 +1729 ~10: /Users/avayroy/Optivus/test/ah_f010_restore_uploaded_asset_test.dart: ... Uploaded Asset State AA: AH-F007 server reconstruction publishes destination without awaiting preview bytes 01:08 +1730 ~10: /Users/avayroy/Optivus/test/ah_f010_restore_uploaded_asset_test.dart: ... Uploaded Asset State AA: AH-F007 server reconstruction publishes destination without awaiting preview bytes 01:08 +1731 ~10: /Users/avayroy/Optivus/test/ah_f010_restore_uploaded_asset_test.dart: ... Uploaded Asset State AA: AH-F007 server reconstruction publishes destination without awaiting preview bytes 01:08 +1731 ~10: /Users/avayroy/Optivus/test/ah_f010_restore_uploaded_asset_test.dart: AH-F010 Restore Uploaded Asset State AA: AH-F007 server reconstruction publishes destination without awaiting preview bytes
[DeviceCountryService] Detection failed safely (MissingPluginException).
[Reconstruction] started uid=***
[Reconstruction] classified uid=*** lifecycle=incomplete durationMs=33
[OnboardingRestore] {schemaVersion: 4, detectedTopology: current15, migrationAction: none, originalAcknowledgedCompletionBoundary: 3, durableValidatorResult: step_4_save_not_acknowledged, uploadReconciliation: valid, affectedStep: 4, finalResumeStep: 4, reasonCode: step_4_save_not_acknowledged, resumeStep: 4, validThroughStep: 3, reason: durableCompletionNotRecorded, diagnosticCode: step_4_save_not_acknowledged}
[Reconstruction] event=classified operationId=1 attempt=1 totalElapsedMs=153
01:08 +1732 ~10: /Users/avayroy/Optivus/test/group_d_issues_16_to_21_test.dart: Group D - Issue 20: Email verification step enforcement unverified password users cannot mark onboarding complete      01:09 +1732 ~10: /Users/avayroy/Optivus/test/group_d_issues_16_to_21_test.dart: Group D - Issue 20: Email verification step enforcement unverified password users cannot mark onboarding complete      01:09 +1733 ~10: /Users/avayroy/Optivus/test/group_d_issues_16_to_21_test.dart: Group D - Issue 20: Email verification step enforcement unverified password users cannot mark onboarding complete      01:09 +1734 ~10: /Users/avayroy/Optivus/test/group_d_issues_16_to_21_test.dart: Group D - Issue 20: Email verification step enforcement unverified password users cannot mark onboarding complete      01:09 +1735 ~10: /Users/avayroy/Optivus/test/group_d_issues_16_to_21_test.dart: Group D - Issue 20: Email verification step enforcement unverified password users cannot mark onboarding complete      01:09 +1736 ~10: /Users/avayroy/Optivus/test/group_d_issues_16_to_21_test.dart: Group D - Issue 20: Email verification step enforcement unverified password users cannot mark onboarding complete      01:09 +1737 ~10: /Users/avayroy/Optivus/test/group_d_issues_16_to_21_test.dart: Group D - Issue 20: Email verification step enforcement unverified password users cannot mark onboarding complete      01:09 +1738 ~10: /Users/avayroy/Optivus/test/group_d_issues_16_to_21_test.dart: Group D - Issue 20: Email verification step enforcement unverified password users cannot mark onboarding complete      01:09 +1739 ~10: /Users/avayroy/Optivus/test/group_d_issues_16_to_21_test.dart: Group D - Issue 20: Email verification step enforcement unverified password users cannot mark onboarding complete      01:09 +1740 ~10: /Users/avayroy/Optivus/test/group_d_issues_16_to_21_test.dart: Group D - Issue 20: Email verification step enforcement unverified password users cannot mark onboarding complete      01:09 +1741 ~10: /Users/avayroy/Optivus/test/group_d_issues_16_to_21_test.dart: Group D - Issue 20: Email verification step enforcement unverified password users cannot mark onboarding complete      01:09 +1742 ~10: /Users/avayroy/Optivus/test/group_d_issues_16_to_21_test.dart: Group D - Issue 20: Email verification step enforcement unverified password users cannot mark onboarding complete      01:09 +1743 ~10: /Users/avayroy/Optivus/test/group_d_issues_16_to_21_test.dart: Group D - Issue 20: Email verification step enforcement unverified password users cannot mark onboarding complete      01:09 +1744 ~10: /Users/avayroy/Optivus/test/group_d_issues_16_to_21_test.dart: Group D - Issue 20: Email verification step enforcement unverified password users cannot mark onboarding complete      01:09 +1745 ~10: /Users/avayroy/Optivus/test/group_d_issues_16_to_21_test.dart: Group D - Issue 20: Email verification step enforcement unverified password users cannot mark onboarding complete      01:09 +1746 ~10: /Users/avayroy/Optivus/test/group_d_issues_16_to_21_test.dart: Group D - Issue 20: Email verification step enforcement unverified password users cannot mark onboarding complete      01:09 +1747 ~10: /Users/avayroy/Optivus/test/group_d_issues_16_to_21_test.dart: Group D - Issue 20: Email verification step enforcement unverified password users cannot mark onboarding complete      01:09 +1748 ~10: /Users/avayroy/Optivus/test/group_d_issues_16_to_21_test.dart: Group D - Issue 20: Email verification step enforcement unverified password users cannot mark onboarding complete      01:09 +1749 ~10: /Users/avayroy/Optivus/test/group_d_issues_16_to_21_test.dart: Group D - Issue 20: Email verification step enforcement unverified password users cannot mark onboarding complete      01:09 +1750 ~10: /Users/avayroy/Optivus/test/group_d_issues_16_to_21_test.dart: Group D - Issue 20: Email verification step enforcement unverified password users cannot mark onboarding complete      01:09 +1751 ~10: /Users/avayroy/Optivus/test/group_d_issues_16_to_21_test.dart: Group D - Issue 20: Email verification step enforcement unverified password users cannot mark onboarding complete      01:09 +1752 ~10: /Users/avayroy/Optivus/test/group_d_issues_16_to_21_test.dart: Group D - Issue 20: Email verification step enforcement unverified password users cannot mark onboarding complete      01:09 +1753 ~10: /Users/avayroy/Optivus/test/group_d_issues_16_to_21_test.dart: Group D - Issue 20: Email verification step enforcement unverified password users cannot mark onboarding complete      01:09 +1754 ~10: /Users/avayroy/Optivus/test/group_d_issues_16_to_21_test.dart: Group D - Issue 20: Email verification step enforcement unverified password users cannot mark onboarding complete      01:09 +1755 ~10: /Users/avayroy/Optivus/test/group_d_issues_16_to_21_test.dart: Group D - Issue 20: Email verification step enforcement unverified password users cannot mark onboarding complete      01:09 +1756 ~10: /Users/avayroy/Optivus/test/group_d_issues_16_to_21_test.dart: Group D - Issue 20: Email verification step enforcement unverified password users cannot mark onboarding complete      01:09 +1757 ~10: /Users/avayroy/Optivus/test/group_d_issues_16_to_21_test.dart: Group D - Issue 20: Email verification step enforcement unverified password users cannot mark onboarding complete      01:09 +1758 ~10: /Users/avayroy/Optivus/test/group_d_issues_16_to_21_test.dart: Group D - Issue 20: Email verification step enforcement unverified password users cannot mark onboarding complete      01:09 +1759 ~10: /Users/avayroy/Optivus/test/group_d_issues_16_to_21_test.dart: Group D - Issue 20: Email verification step enforcement unverified password users cannot mark onboarding complete      01:09 +1760 ~10: /Users/avayroy/Optivus/test/group_d_issues_16_to_21_test.dart: Group D - Issue 20: Email verification step enforcement unverified password users cannot mark onboarding complete      01:09 +1761 ~10: /Users/avayroy/Optivus/test/group_d_issues_16_to_21_test.dart: Group D - Issue 20: Email verification step enforcement unverified password users cannot mark onboarding complete      01:09 +1762 ~10: /Users/avayroy/Optivus/test/group_d_issues_16_to_21_test.dart: Group D - Issue 20: Email verification step enforcement unverified password users cannot mark onboarding complete      01:09 +1763 ~10: /Users/avayroy/Optivus/test/group_d_issues_16_to_21_test.dart: Group D - Issue 20: Email verification step enforcement unverified password users cannot mark onboarding complete      01:09 +1764 ~10: /Users/avayroy/Optivus/test/group_d_issues_16_to_21_test.dart: Group D - Issue 20: Email verification step enforcement unverified password users cannot mark onboarding complete      01:09 +1765 ~10: /Users/avayroy/Optivus/test/group_d_issues_16_to_21_test.dart: Group D - Issue 20: Email verification step enforcement unverified password users cannot mark onboarding complete      01:09 +1766 ~10: /Users/avayroy/Optivus/test/group_d_issues_16_to_21_test.dart: Group D - Issue 20: Email verification step enforcement unverified password users cannot mark onboarding complete      01:09 +1767 ~10: /Users/avayroy/Optivus/test/group_d_issues_16_to_21_test.dart: Group D - Issue 20: Email verification step enforcement unverified password users cannot mark onboarding complete      01:09 +1768 ~10: /Users/avayroy/Optivus/test/ah_f010_restore_uploaded_asset_test.dart: AH-F010 Restore Uploaded Asset State Step 7 does not accept failed draft-only photo metadata                    01:09 +1769 ~10: /Users/avayroy/Optivus/test/ah_f016_ai_generation_lifecycle_test.dart: AH-F016 Timeout Architecture L. timeout timer after back/cancel does not mutate abandoned screen               01:09 +1770 ~10: /Users/avayroy/Optivus/test/group_d_issues_16_to_21_test.dart: ... account link state preservation signInAnonymously and linkAnonymousWithEmail transition states cleanly             01:09 +1771 ~10: /Users/avayroy/Optivus/test/group_d_issues_16_to_21_test.dart: ... account link state preservation signInAnonymously and linkAnonymousWithEmail transition states cleanly             01:09 +1772 ~10: /Users/avayroy/Optivus/test/group_d_issues_16_to_21_test.dart: ... account link state preservation signInAnonymously and linkAnonymousWithEmail transition states cleanly             01:09 +1773 ~10: /Users/avayroy/Optivus/test/group_d_issues_16_to_21_test.dart: ... account link state preservation signInAnonymously and linkAnonymousWithEmail transition states cleanly             01:09 +1774 ~10: /Users/avayroy/Optivus/test/group_d_issues_16_to_21_test.dart: ... account link state preservation signInAnonymously and linkAnonymousWithEmail transition states cleanly             01:09 +1775 ~10: /Users/avayroy/Optivus/test/group_d_issues_16_to_21_test.dart: ... account link state preservation signInAnonymously and linkAnonymousWithEmail transition states cleanly             01:09 +1776 ~10: /Users/avayroy/Optivus/test/group_d_issues_16_to_21_test.dart: ... account link state preservation signInAnonymously and linkAnonymousWithEmail transition states cleanly             01:09 +1777 ~10: /Users/avayroy/Optivus/test/group_d_issues_16_to_21_test.dart: ... account link state preservation signInAnonymously and linkAnonymousWithEmail transition states cleanly             01:10 +1777 ~10: /Users/avayroy/Optivus/test/group_d_issues_16_to_21_test.dart: ... account link state preservation signInAnonymously and linkAnonymousWithEmail transition states cleanly             01:10 +1778 ~10: /Users/avayroy/Optivus/test/group_d_issues_16_to_21_test.dart: ... account link state preservation signInAnonymously and linkAnonymousWithEmail transition states cleanly             01:10 +1779 ~10: /Users/avayroy/Optivus/test/group_d_issues_16_to_21_test.dart: ... account link state preservation signInAnonymously and linkAnonymousWithEmail transition states cleanly             01:10 +1780 ~10: /Users/avayroy/Optivus/test/group_d_issues_16_to_21_test.dart: ... account link state preservation signInAnonymously and linkAnonymousWithEmail transition states cleanly             01:10 +1781 ~10: /Users/avayroy/Optivus/test/group_d_issues_16_to_21_test.dart: ... account link state preservation signInAnonymously and linkAnonymousWithEmail transition states cleanly             01:10 +1782 ~10: /Users/avayroy/Optivus/test/group_d_issues_16_to_21_test.dart: ... account link state preservation signInAnonymously and linkAnonymousWithEmail transition states cleanly             01:10 +1783 ~10: /Users/avayroy/Optivus/test/group_d_issues_16_to_21_test.dart: ... account link state preservation signInAnonymously and linkAnonymousWithEmail transition states cleanly             01:10 +1784 ~10: /Users/avayroy/Optivus/test/group_d_issues_16_to_21_test.dart: ... account link state preservation signInAnonymously and linkAnonymousWithEmail transition states cleanly             01:10 +1785 ~10: /Users/avayroy/Optivus/test/group_d_issues_16_to_21_test.dart: ... account link state preservation signInAnonymously and linkAnonymousWithEmail transition states cleanly             01:10 +1786 ~10: /Users/avayroy/Optivus/test/group_d_issues_16_to_21_test.dart: ... account link state preservation signInAnonymously and linkAnonymousWithEmail transition states cleanly             01:10 +1787 ~10: /Users/avayroy/Optivus/test/group_d_issues_16_to_21_test.dart: ... account link state preservation signInAnonymously and linkAnonymousWithEmail transition states cleanly             01:10 +1788 ~10: /Users/avayroy/Optivus/test/group_d_issues_16_to_21_test.dart: ... account link state preservation signInAnonymously and linkAnonymousWithEmail transition states cleanly             01:10 +1789 ~10: /Users/avayroy/Optivus/test/group_d_issues_16_to_21_test.dart: ... account link state preservation signInAnonymously and linkAnonymousWithEmail transition states cleanly             01:10 +1790 ~10: /Users/avayroy/Optivus/test/group_d_issues_16_to_21_test.dart: ... account link state preservation signInAnonymously and linkAnonymousWithEmail transition states cleanly             01:10 +1791 ~10: /Users/avayroy/Optivus/test/group_d_issues_16_to_21_test.dart: ... account link state preservation signInAnonymously and linkAnonymousWithEmail transition states cleanly             01:10 +1792 ~10: /Users/avayroy/Optivus/test/group_d_issues_16_to_21_test.dart: ... account link state preservation signInAnonymously and linkAnonymousWithEmail transition states cleanly             01:10 +1793 ~10: /Users/avayroy/Optivus/test/group_d_issues_16_to_21_test.dart: ... account link state preservation signInAnonymously and linkAnonymousWithEmail transition states cleanly             01:10 +1794 ~10: /Users/avayroy/Optivus/test/group_d_issues_16_to_21_test.dart: ... account link state preservation signInAnonymously and linkAnonymousWithEmail transition states cleanly             01:10 +1795 ~10: /Users/avayroy/Optivus/test/group_d_issues_16_to_21_test.dart: ... account link state preservation signInAnonymously and linkAnonymousWithEmail transition states cleanly             01:10 +1796 ~10: /Users/avayroy/Optivus/test/group_d_issues_16_to_21_test.dart: ... account link state preservation signInAnonymously and linkAnonymousWithEmail transition states cleanly             01:10 +1796 ~10: /Users/avayroy/Optivus/test/group_d_issues_16_to_21_test.dart: Group D - Issue 21: Anonymous-to-authenticated account link state preservation signInAnonymously and linkAnonymousWithEmail transition states cleanly
[Reconstruction] event=operation_started operationId=1
[Reconstruction] event=attempt_started operationId=1 attempt=1
01:10 +1797 ~10: /Users/avayroy/Optivus/test/group_d_issues_16_to_21_test.dart: ... account link state preservation signInAnonymously and linkAnonymousWithEmail transition states cleanly             01:10 +1798 ~10: /Users/avayroy/Optivus/test/group_d_issues_16_to_21_test.dart: ... account link state preservation signInAnonymously and linkAnonymousWithEmail transition states cleanly             01:10 +1799 ~10: /Users/avayroy/Optivus/test/group_d_issues_16_to_21_test.dart: ... account link state preservation signInAnonymously and linkAnonymousWithEmail transition states cleanly             01:10 +1799 ~10: /Users/avayroy/Optivus/test/group_d_issues_16_to_21_test.dart: Group D - Issue 21: Anonymous-to-authenticated account link state preservation signInAnonymously and linkAnonymousWithEmail transition states cleanly
[DeviceCountryService] Detection failed safely (MissingPluginException).
01:10 +1800 ~10: /Users/avayroy/Optivus/test/group_d_issues_16_to_21_test.dart: ... account link state preservation signInAnonymously and linkAnonymousWithEmail transition states cleanly             01:10 +1800 ~10: /Users/avayroy/Optivus/test/group_d_issues_16_to_21_test.dart: Group D - Issue 21: Anonymous-to-authenticated account link state preservation signInAnonymously and linkAnonymousWithEmail transition states cleanly
[Reconstruction] event=classified operationId=1 attempt=1 totalElapsedMs=30
01:10 +1801 ~10: /Users/avayroy/Optivus/test/group_d_issues_16_to_21_test.dart: ... account link state preservation signInAnonymously and linkAnonymousWithEmail transition states cleanly             01:10 +1802 ~10: /Users/avayroy/Optivus/test/group_d_issues_16_to_21_test.dart: ... account link state preservation signInAnonymously and linkAnonymousWithEmail transition states cleanly             01:10 +1803 ~10: /Users/avayroy/Optivus/test/group_d_issues_16_to_21_test.dart: ... account link state preservation signInAnonymously and linkAnonymousWithEmail transition states cleanly             01:10 +1804 ~10: /Users/avayroy/Optivus/test/group_d_issues_16_to_21_test.dart: ... account link state preservation signInAnonymously and linkAnonymousWithEmail transition states cleanly             01:10 +1805 ~10: /Users/avayroy/Optivus/test/group_d_issues_16_to_21_test.dart: ... account link state preservation signInAnonymously and linkAnonymousWithEmail transition states cleanly             01:10 +1806 ~10: /Users/avayroy/Optivus/test/group_d_issues_16_to_21_test.dart: ... account link state preservation signInAnonymously and linkAnonymousWithEmail transition states cleanly             01:10 +1807 ~10: /Users/avayroy/Optivus/test/group_d_issues_16_to_21_test.dart: ... account link state preservation signInAnonymously and linkAnonymousWithEmail transition states cleanly             01:10 +1808 ~10: /Users/avayroy/Optivus/test/group_d_issues_16_to_21_test.dart: ... account link state preservation signInAnonymously and linkAnonymousWithEmail transition states cleanly             01:10 +1809 ~10: /Users/avayroy/Optivus/test/group_d_issues_16_to_21_test.dart: ... account link state preservation signInAnonymously and linkAnonymousWithEmail transition states cleanly             01:10 +1810 ~10: /Users/avayroy/Optivus/test/group_d_issues_16_to_21_test.dart: ... account link state preservation signInAnonymously and linkAnonymousWithEmail transition states cleanly             01:10 +1811 ~10: /Users/avayroy/Optivus/test/group_d_issues_16_to_21_test.dart: ... account link state preservation signInAnonymously and linkAnonymousWithEmail transition states cleanly             01:10 +1812 ~10: /Users/avayroy/Optivus/test/group_d_issues_16_to_21_test.dart: ... account link state preservation signInAnonymously and linkAnonymousWithEmail transition states cleanly             01:10 +1813 ~10: /Users/avayroy/Optivus/test/group_d_issues_16_to_21_test.dart: ... account link state preservation signInAnonymously and linkAnonymousWithEmail transition states cleanly             01:10 +1814 ~10: /Users/avayroy/Optivus/test/ah_f016_ai_generation_lifecycle_test.dart: AH-F016 Orb / Status UI stable orb with rotating delay hints                                                   01:10 +1815 ~10: /Users/avayroy/Optivus/test/ah_f016_ai_generation_lifecycle_test.dart: AH-F016 Orb / Status UI stable orb with rotating delay hints                                                   01:10 +1816 ~10: /Users/avayroy/Optivus/test/ah_f016_ai_generation_lifecycle_test.dart: AH-F016 Orb / Status UI stable orb with rotating delay hints                                                   01:10 +1817 ~10: /Users/avayroy/Optivus/test/ah_f016_ai_generation_lifecycle_test.dart: AH-F016 Orb / Status UI stable orb with rotating delay hints                                                   01:10 +1818 ~10: /Users/avayroy/Optivus/test/ah_f016_ai_generation_lifecycle_test.dart: AH-F016 Orb / Status UI stable orb with rotating delay hints                                                   01:10 +1819 ~10: /Users/avayroy/Optivus/test/ah_f016_ai_generation_lifecycle_test.dart: AH-F016 Orb / Status UI stable orb with rotating delay hints                                                   01:10 +1820 ~10: /Users/avayroy/Optivus/test/ah_f016_ai_generation_lifecycle_test.dart: AH-F016 Orb / Status UI stable orb with rotating delay hints                                                   01:10 +1821 ~10: /Users/avayroy/Optivus/test/ah_f016_ai_generation_lifecycle_test.dart: AH-F016 Orb / Status UI stable orb with rotating delay hints                                                   01:10 +1822 ~10: /Users/avayroy/Optivus/test/ah_f016_ai_generation_lifecycle_test.dart: AH-F016 Orb / Status UI stable orb with rotating delay hints                                                   01:10 +1823 ~10: /Users/avayroy/Optivus/test/ah_f016_ai_generation_lifecycle_test.dart: AH-F016 Orb / Status UI stable orb with rotating delay hints                                                   01:10 +1824 ~10: /Users/avayroy/Optivus/test/onboarding_foundation_restore_matrix_test.dart: ... Durable Restore Matrix Step 6 (fixed schedule - sleep + bath) completed restores to Step 7 (skin care)01:10 +1825 ~10: /Users/avayroy/Optivus/test/ah_f016_ai_generation_lifecycle_test.dart: AH-F016 Orb / Status UI error shows message and accessible retry button                                        01:10 +1826 ~10: /Users/avayroy/Optivus/test/ah_f016_ai_generation_lifecycle_test.dart: AH-F016 Orb / Status UI error shows message and accessible retry button                                        01:10 +1827 ~10: /Users/avayroy/Optivus/test/ah_f016_ai_generation_lifecycle_test.dart: AH-F016 Orb / Status UI error shows message and accessible retry button                                        01:10 +1828 ~10: /Users/avayroy/Optivus/test/ah_f016_ai_generation_lifecycle_test.dart: AH-F016 Orb / Status UI error shows message and accessible retry button                                        01:11 +1829 ~10: /Users/avayroy/Optivus/test/ah_f016_ai_generation_lifecycle_test.dart: AH-F016 Orb / Status UI error shows message and accessible retry button                                        01:11 +1830 ~10: /Users/avayroy/Optivus/test/ah_f016_ai_generation_lifecycle_test.dart: AH-F016 Orb / Status UI error shows message and accessible retry button                                        01:11 +1831 ~10: /Users/avayroy/Optivus/test/ah_f016_ai_generation_lifecycle_test.dart: AH-F016 Orb / Status UI error shows message and accessible retry button                                        01:11 +1832 ~10: /Users/avayroy/Optivus/test/ah_f016_ai_generation_lifecycle_test.dart: AH-F016 Orb / Status UI error shows message and accessible retry button                                        01:11 +1833 ~10: /Users/avayroy/Optivus/test/ah_f016_ai_generation_lifecycle_test.dart: AH-F016 Orb / Status UI error shows message and accessible retry button                                        01:11 +1834 ~10: /Users/avayroy/Optivus/test/ah_f016_ai_generation_lifecycle_test.dart: AH-F016 Orb / Status UI error shows message and accessible retry button                                        01:11 +1835 ~10: /Users/avayroy/Optivus/test/ah_f016_ai_generation_lifecycle_test.dart: AH-F016 Orb / Status UI error shows message and accessible retry button                                        01:11 +1836 ~10: /Users/avayroy/Optivus/test/ah_f016_ai_generation_lifecycle_test.dart: AH-F016 Orb / Status UI error shows message and accessible retry button                                        01:11 +1837 ~10: /Users/avayroy/Optivus/test/ah_f016_ai_generation_lifecycle_test.dart: AH-F016 Orb / Status UI error shows message and accessible retry button                                        01:11 +1838 ~10: /Users/avayroy/Optivus/test/ah_f016_ai_generation_lifecycle_test.dart: AH-F016 Orb / Status UI error shows message and accessible retry button                                        01:11 +1839 ~10: /Users/avayroy/Optivus/test/ah_f016_ai_generation_lifecycle_test.dart: AH-F016 Orb / Status UI error shows message and accessible retry button                                        01:11 +1840 ~10: /Users/avayroy/Optivus/test/ah_f016_ai_generation_lifecycle_test.dart: AH-F016 Orb / Status UI error shows message and accessible retry button                                        01:11 +1841 ~10: /Users/avayroy/Optivus/test/ah_f016_ai_generation_lifecycle_test.dart: AH-F016 Orb / Status UI error shows message and accessible retry button                                        01:11 +1842 ~10: /Users/avayroy/Optivus/test/ah_f016_ai_generation_lifecycle_test.dart: AH-F016 Orb / Status UI error shows message and accessible retry button                                        01:11 +1843 ~10: /Users/avayroy/Optivus/test/ah_f016_ai_generation_lifecycle_test.dart: AH-F016 Orb / Status UI error shows message and accessible retry button                                        01:11 +1844 ~10: /Users/avayroy/Optivus/test/ah_f016_ai_generation_lifecycle_test.dart: AH-F016 Orb / Status UI error shows message and accessible retry button                                        01:11 +1845 ~10: /Users/avayroy/Optivus/test/ah_f016_ai_generation_lifecycle_test.dart: AH-F016 Orb / Status UI error shows message and accessible retry button                                        01:11 +1846 ~10: /Users/avayroy/Optivus/test/ah_f016_ai_generation_lifecycle_test.dart: AH-F016 Orb / Status UI error shows message and accessible retry button                                        01:11 +1847 ~10: /Users/avayroy/Optivus/test/ah_f016_ai_generation_lifecycle_test.dart: AH-F016 Orb / Status UI error shows message and accessible retry button                                        01:11 +1848 ~10: /Users/avayroy/Optivus/test/ah_f016_ai_generation_lifecycle_test.dart: AH-F016 Orb / Status UI error shows message and accessible retry button                                        01:11 +1849 ~10: /Users/avayroy/Optivus/test/ah_f016_ai_generation_lifecycle_test.dart: AH-F016 Orb / Status UI error shows message and accessible retry button                                        01:11 +1849 ~10: /Users/avayroy/Optivus/test/ah_f016_ai_generation_lifecycle_test.dart: AH-F016 Orb / Status UI no retry button when canRetry=false                                                    01:11 +1850 ~10: /Users/avayroy/Optivus/test/ah_f016_ai_generation_lifecycle_test.dart: AH-F016 Orb / Status UI no retry button when canRetry=false                                                    01:11 +1850 ~10: /Users/avayroy/Optivus/test/ah_f016_ai_generation_lifecycle_test.dart: AH-F016 Orb / Status UI idle state shows nothing                                                               01:11 +1851 ~10: /Users/avayroy/Optivus/test/ah_f016_ai_generation_lifecycle_test.dart: AH-F016 Orb / Status UI idle state shows nothing                                                               01:11 +1851 ~10: /Users/avayroy/Optivus/test/ah_f016_ai_generation_lifecycle_test.dart: AH-F016 Orb / Status UI success state shows nothing (orb collapses)                                            01:11 +1852 ~10: /Users/avayroy/Optivus/test/ah_f016_ai_generation_lifecycle_test.dart: AH-F016 Orb / Status UI success state shows nothing (orb collapses)                                            01:11 +1852 ~10: /Users/avayroy/Optivus/test/ah_f016_ai_generation_lifecycle_test.dart: AH-F016 Orb / Status UI AiThinkingCard compatibility mode (isActive bool) works without state                  01:11 +1853 ~10: /Users/avayroy/Optivus/test/ah_f016_ai_generation_lifecycle_test.dart: AH-F016 Orb / Status UI AiThinkingCard compatibility mode (isActive bool) works without state                  01:11 +1853 ~10: /Users/avayroy/Optivus/test/ah_f016_ai_generation_lifecycle_test.dart: AH-F016 Infinite Spinner Fault Sweep exception at every async boundary terminates active state                 01:11 +1854 ~10: /Users/avayroy/Optivus/test/ah_f016_ai_generation_lifecycle_test.dart: AH-F016 Infinite Spinner Fault Sweep exception at every async boundary terminates active state                 01:11 +1854 ~10: /Users/avayroy/Optivus/test/ah_f016_ai_generation_lifecycle_test.dart: AH-F016 Scope & Backend Integrity AF. lifecycle model does not contain upload repository logic                 01:11 +1855 ~10: /Users/avayroy/Optivus/test/ah_f016_ai_generation_lifecycle_test.dart: AH-F016 Scope & Backend Integrity AF. lifecycle model does not contain upload repository logic                 01:11 +1855 ~10: loading /Users/avayroy/Optivus/test/group_f_issues_29_to_30_test.dart                                                                                                                 01:11 +1855 ~10: /Users/avayroy/Optivus/test/group_f_issues_29_to_30_test.dart: ... and Spacing Validation validateMealScheduleDensity fails when meals on same day are spaced < 120 minutes apart     01:11 +1856 ~10: /Users/avayroy/Optivus/test/work_package_d_remediation_test.dart: Work Package D Remediation Tests PATH3-12-01: optivusAuthRedirect precedence prevents infinite loops                01:11 +1857 ~10: /Users/avayroy/Optivus/test/work_package_d_remediation_test.dart: Work Package D Remediation Tests PATH3-12-01: optivusAuthRedirect precedence prevents infinite loops                01:11 +1858 ~10: /Users/avayroy/Optivus/test/work_package_d_remediation_test.dart: Work Package D Remediation Tests PATH3-12-01: optivusAuthRedirect precedence prevents infinite loops                01:11 +1859 ~10: /Users/avayroy/Optivus/test/work_package_d_remediation_test.dart: Work Package D Remediation Tests PATH3-12-01: optivusAuthRedirect precedence prevents infinite loops                01:11 +1860 ~10: /Users/avayroy/Optivus/test/group_f_issues_29_to_30_test.dart: ... Density and Spacing Validation RoutineValidationService validates meal density and spacing for eating items        01:11 +1861 ~10: /Users/avayroy/Optivus/test/work_package_d_remediation_test.dart: Work Package D Remediation Tests FINDING-P1-06: _loadOrCreateJob resets status to pending on fingerprint mismatch   01:12 +1861 ~10: /Users/avayroy/Optivus/test/work_package_d_remediation_test.dart: Work Package D Remediation Tests FINDING-P1-06: _loadOrCreateJob resets status to pending on fingerprint mismatch   01:12 +1862 ~10: /Users/avayroy/Optivus/test/work_package_d_remediation_test.dart: Work Package D Remediation Tests FINDING-P1-06: _loadOrCreateJob resets status to pending on fingerprint mismatch   01:12 +1862 ~10: /Users/avayroy/Optivus/test/work_package_d_remediation_test.dart: Work Package D Remediation Tests FINDING-P1-06: _loadOrCreateJob resets status to pending on fingerprint mismatch   
[SystemWakeLock] Acquired wake lock claim.
01:12 +1863 ~10: /Users/avayroy/Optivus/test/work_package_d_remediation_test.dart: Work Package D Remediation Tests FINDING-P1-06: _loadOrCreateJob resets status to pending on fingerprint mismatch   01:12 +1863 ~10: /Users/avayroy/Optivus/test/work_package_d_remediation_test.dart: Work Package D Remediation Tests FINDING-P1-06: _loadOrCreateJob resets status to pending on fingerprint mismatch   
[CompletionTiming] validateInput=14ms
[CompletionTiming] persistDraft=1ms
[CompletionTiming] verifyDraft=2ms
[CompletionTiming] persistBundle=3ms
[CompletionTiming] verifyBundle=2ms
[CompletionTiming] reconcileRoutines=6ms
[CompletionTiming] verifyRoutines=0ms
[CompletionTiming] projectRoutineHistory=1ms
[CompletionTiming] verifyRoutineHistory=0ms
[CompletionTiming] reconcileHabitSystems=0ms
[CompletionTiming] verifyHabitSystems=0ms
[CompletionTiming] reloadControllers=0ms
[CompletionTiming] verifyFrontendState=0ms
[CompletionTiming] finalizeProfile=0ms
[CompletionTiming] total=85ms
[SystemWakeLock] Released wake lock claim.
01:12 +1864 ~10: /Users/avayroy/Optivus/test/work_package_d_remediation_test.dart: Work Package D Remediation Tests FINDING-P1-06: _loadOrCreateJob resets status to pending on fingerprint mismatch   01:12 +1864 ~10: /Users/avayroy/Optivus/test/work_package_d_remediation_test.dart: Work Package D Remediation Tests PATH3-17-02: DiagnosticBundleService.redactPii redacts system paths and tokens     01:12 +1865 ~10: /Users/avayroy/Optivus/test/work_package_d_remediation_test.dart: Work Package D Remediation Tests PATH3-17-02: DiagnosticBundleService.redactPii redacts system paths and tokens     01:12 +1865 ~10: loading /Users/avayroy/Optivus/test/onboarding_step5_regeneration_test.dart                                                                                                           01:12 +1865 ~10: /Users/avayroy/Optivus/test/onboarding_step5_regeneration_test.dart: ... & Atomic Replacement Plan A (3 meals, 21 blocks) -> change to 4 meals -> Plan B (28 blocks) replaces Plan A  01:12 +1866 ~10: /Users/avayroy/Optivus/test/onboarding_step5_regeneration_test.dart: ... & Atomic Replacement Plan A (3 meals, 21 blocks) -> change to 4 meals -> Plan B (28 blocks) replaces Plan A  01:12 +1867 ~10: /Users/avayroy/Optivus/test/onboarding_step5_regeneration_test.dart: ... & Atomic Replacement Plan A (3 meals, 21 blocks) -> change to 4 meals -> Plan B (28 blocks) replaces Plan A  01:12 +1868 ~10: /Users/avayroy/Optivus/test/onboarding_step5_regeneration_test.dart: ... & Atomic Replacement Plan A (3 meals, 21 blocks) -> change to 4 meals -> Plan B (28 blocks) replaces Plan A  01:12 +1869 ~10: /Users/avayroy/Optivus/test/onboarding_step5_regeneration_test.dart: ... & Atomic Replacement Plan A (3 meals, 21 blocks) -> change to 4 meals -> Plan B (28 blocks) replaces Plan A  01:12 +1870 ~10: /Users/avayroy/Optivus/test/onboarding_step5_regeneration_test.dart: ... & Atomic Replacement Plan A (3 meals, 21 blocks) -> change to 4 meals -> Plan B (28 blocks) replaces Plan A  01:12 +1871 ~10: /Users/avayroy/Optivus/test/onboarding_step5_regeneration_test.dart: ... & Atomic Replacement Plan A (3 meals, 21 blocks) -> change to 4 meals -> Plan B (28 blocks) replaces Plan A  01:12 +1872 ~10: /Users/avayroy/Optivus/test/onboarding_step5_regeneration_test.dart: ... & Atomic Replacement Plan A (3 meals, 21 blocks) -> change to 4 meals -> Plan B (28 blocks) replaces Plan A  01:12 +1873 ~10: /Users/avayroy/Optivus/test/onboarding_step5_regeneration_test.dart: ... & Atomic Replacement Plan A (3 meals, 21 blocks) -> change to 4 meals -> Plan B (28 blocks) replaces Plan A  01:12 +1874 ~10: /Users/avayroy/Optivus/test/onboarding_step5_regeneration_test.dart: ... & Atomic Replacement Plan A (3 meals, 21 blocks) -> change to 4 meals -> Plan B (28 blocks) replaces Plan A  01:12 +1875 ~10: /Users/avayroy/Optivus/test/onboarding_step5_regeneration_test.dart: ... & Atomic Replacement Plan A (3 meals, 21 blocks) -> change to 4 meals -> Plan B (28 blocks) replaces Plan A  01:12 +1876 ~10: /Users/avayroy/Optivus/test/onboarding_step5_regeneration_test.dart: ... & Atomic Replacement Plan A (3 meals, 21 blocks) -> change to 4 meals -> Plan B (28 blocks) replaces Plan A  01:12 +1877 ~10: /Users/avayroy/Optivus/test/onboarding_step5_regeneration_test.dart: ... & Atomic Replacement Plan A (3 meals, 21 blocks) -> change to 4 meals -> Plan B (28 blocks) replaces Plan A  01:12 +1878 ~10: /Users/avayroy/Optivus/test/onboarding_step5_regeneration_test.dart: ... & Atomic Replacement Plan A (3 meals, 21 blocks) -> change to 4 meals -> Plan B (28 blocks) replaces Plan A  01:12 +1879 ~10: /Users/avayroy/Optivus/test/onboarding_step5_regeneration_test.dart: ... & Atomic Replacement Plan A (3 meals, 21 blocks) -> change to 4 meals -> Plan B (28 blocks) replaces Plan A  01:12 +1880 ~10: /Users/avayroy/Optivus/test/onboarding_step5_regeneration_test.dart: ... & Atomic Replacement Plan A (3 meals, 21 blocks) -> change to 4 meals -> Plan B (28 blocks) replaces Plan A  01:12 +1881 ~10: /Users/avayroy/Optivus/test/onboarding_step5_regeneration_test.dart: ... & Atomic Replacement Plan A (3 meals, 21 blocks) -> change to 4 meals -> Plan B (28 blocks) replaces Plan A  01:12 +1882 ~10: /Users/avayroy/Optivus/test/onboarding_step5_regeneration_test.dart: ... & Atomic Replacement Plan A (3 meals, 21 blocks) -> change to 4 meals -> Plan B (28 blocks) replaces Plan A  01:12 +1883 ~10: /Users/avayroy/Optivus/test/onboarding_step5_regeneration_test.dart: ... & Atomic Replacement Plan A (3 meals, 21 blocks) -> change to 4 meals -> Plan B (28 blocks) replaces Plan A  01:12 +1884 ~10: /Users/avayroy/Optivus/test/onboarding_step5_regeneration_test.dart: ... & Atomic Replacement Plan A (3 meals, 21 blocks) -> change to 4 meals -> Plan B (28 blocks) replaces Plan A  01:12 +1885 ~10: /Users/avayroy/Optivus/test/onboarding_step5_regeneration_test.dart: ... & Atomic Replacement Plan A (3 meals, 21 blocks) -> change to 4 meals -> Plan B (28 blocks) replaces Plan A  01:12 +1886 ~10: /Users/avayroy/Optivus/test/onboarding_step5_regeneration_test.dart: ... & Atomic Replacement Plan A (3 meals, 21 blocks) -> change to 4 meals -> Plan B (28 blocks) replaces Plan A  01:13 +1886 ~10: /Users/avayroy/Optivus/test/onboarding_step5_regeneration_test.dart: ... & Atomic Replacement Plan A (3 meals, 21 blocks) -> change to 4 meals -> Plan B (28 blocks) replaces Plan A  01:13 +1887 ~10: /Users/avayroy/Optivus/test/onboarding_step5_regeneration_test.dart: ... & Atomic Replacement Plan A (3 meals, 21 blocks) -> change to 4 meals -> Plan B (28 blocks) replaces Plan A  01:13 +1888 ~10: /Users/avayroy/Optivus/test/onboarding_step5_regeneration_test.dart: ... & Atomic Replacement Plan A (3 meals, 21 blocks) -> change to 4 meals -> Plan B (28 blocks) replaces Plan A  01:13 +1889 ~10: /Users/avayroy/Optivus/test/onboarding_step5_regeneration_test.dart: ... & Atomic Replacement Plan A (3 meals, 21 blocks) -> change to 4 meals -> Plan B (28 blocks) replaces Plan A  01:13 +1890 ~10: /Users/avayroy/Optivus/test/onboarding_step5_regeneration_test.dart: ... & Atomic Replacement Plan A (3 meals, 21 blocks) -> change to 4 meals -> Plan B (28 blocks) replaces Plan A  01:13 +1891 ~10: /Users/avayroy/Optivus/test/onboarding_step5_regeneration_test.dart: ... & Atomic Replacement Plan A (3 meals, 21 blocks) -> change to 4 meals -> Plan B (28 blocks) replaces Plan A  01:13 +1892 ~10: /Users/avayroy/Optivus/test/onboarding_step5_regeneration_test.dart: ... & Atomic Replacement Plan A (3 meals, 21 blocks) -> change to 4 meals -> Plan B (28 blocks) replaces Plan A  01:13 +1893 ~10: /Users/avayroy/Optivus/test/onboarding_step5_regeneration_test.dart: ... & Atomic Replacement Plan A (3 meals, 21 blocks) -> change to 4 meals -> Plan B (28 blocks) replaces Plan A  01:13 +1894 ~10: /Users/avayroy/Optivus/test/onboarding_step5_regeneration_test.dart: ... & Atomic Replacement Plan A (3 meals, 21 blocks) -> change to 4 meals -> Plan B (28 blocks) replaces Plan A  01:13 +1895 ~10: /Users/avayroy/Optivus/test/onboarding_step5_regeneration_test.dart: ... & Atomic Replacement Plan A (3 meals, 21 blocks) -> change to 4 meals -> Plan B (28 blocks) replaces Plan A  01:13 +1896 ~10: /Users/avayroy/Optivus/test/onboarding_step5_regeneration_test.dart: ... & Atomic Replacement Plan A (3 meals, 21 blocks) -> change to 4 meals -> Plan B (28 blocks) replaces Plan A  01:13 +1897 ~10: /Users/avayroy/Optivus/test/onboarding_step5_regeneration_test.dart: ... & Atomic Replacement Plan A (3 meals, 21 blocks) -> change to 4 meals -> Plan B (28 blocks) replaces Plan A  01:13 +1898 ~10: /Users/avayroy/Optivus/test/onboarding_step5_regeneration_test.dart: ... & Atomic Replacement Plan A (3 meals, 21 blocks) -> change to 4 meals -> Plan B (28 blocks) replaces Plan A  01:13 +1899 ~10: /Users/avayroy/Optivus/test/onboarding_step5_regeneration_test.dart: ... & Atomic Replacement Plan A (3 meals, 21 blocks) -> change to 4 meals -> Plan B (28 blocks) replaces Plan A  01:13 +1900 ~10: /Users/avayroy/Optivus/test/onboarding_step5_regeneration_test.dart: ... & Atomic Replacement Plan A (3 meals, 21 blocks) -> change to 4 meals -> Plan B (28 blocks) replaces Plan A  01:13 +1901 ~10: /Users/avayroy/Optivus/test/onboarding_step5_regeneration_test.dart: ... & Atomic Replacement Plan A (3 meals, 21 blocks) -> change to 4 meals -> Plan B (28 blocks) replaces Plan A  01:13 +1902 ~10: /Users/avayroy/Optivus/test/onboarding_step5_regeneration_test.dart: ... & Atomic Replacement Plan A (3 meals, 21 blocks) -> change to 4 meals -> Plan B (28 blocks) replaces Plan A  01:13 +1903 ~10: /Users/avayroy/Optivus/test/onboarding_step5_regeneration_test.dart: ... & Atomic Replacement Plan A (3 meals, 21 blocks) -> change to 4 meals -> Plan B (28 blocks) replaces Plan A  01:13 +1904 ~10: /Users/avayroy/Optivus/test/onboarding_step5_regeneration_test.dart: ... & Atomic Replacement Plan A (3 meals, 21 blocks) -> change to 4 meals -> Plan B (28 blocks) replaces Plan A  01:13 +1905 ~10: /Users/avayroy/Optivus/test/onboarding_step5_regeneration_test.dart: ... & Atomic Replacement Plan A (3 meals, 21 blocks) -> change to 4 meals -> Plan B (28 blocks) replaces Plan A  01:13 +1906 ~10: /Users/avayroy/Optivus/test/onboarding_step5_regeneration_test.dart: ... & Atomic Replacement Plan A (3 meals, 21 blocks) -> change to 4 meals -> Plan B (28 blocks) replaces Plan A  01:13 +1907 ~10: /Users/avayroy/Optivus/test/onboarding_step5_regeneration_test.dart: ... & Atomic Replacement Plan A (3 meals, 21 blocks) -> change to 4 meals -> Plan B (28 blocks) replaces Plan A  01:13 +1907 ~10: /Users/avayroy/Optivus/test/onboarding_step5_regeneration_test.dart: Step 5 Eating Regeneration — Preference Changes & Atomic Replacement Plan A (3 meals, 21 blocks) -> change to 4 meals -> Plan B (28 blocks) replaces Plan A
[Onboarding5] GENERATE source=create hasBodyBasics=true
01:13 +1908 ~10: /Users/avayroy/Optivus/test/onboarding_step5_regeneration_test.dart: ... & Atomic Replacement Plan A (3 meals, 21 blocks) -> change to 4 meals -> Plan B (28 blocks) replaces Plan A  01:13 +1909 ~10: /Users/avayroy/Optivus/test/onboarding_step5_regeneration_test.dart: ... & Atomic Replacement Plan A (3 meals, 21 blocks) -> change to 4 meals -> Plan B (28 blocks) replaces Plan A  01:13 +1910 ~10: /Users/avayroy/Optivus/test/onboarding_step5_regeneration_test.dart: ... & Atomic Replacement Plan A (3 meals, 21 blocks) -> change to 4 meals -> Plan B (28 blocks) replaces Plan A  01:13 +1911 ~10: /Users/avayroy/Optivus/test/onboarding_step5_regeneration_test.dart: ... & Atomic Replacement Plan A (3 meals, 21 blocks) -> change to 4 meals -> Plan B (28 blocks) replaces Plan A  01:13 +1912 ~10: /Users/avayroy/Optivus/test/onboarding_step5_regeneration_test.dart: ... & Atomic Replacement Plan A (3 meals, 21 blocks) -> change to 4 meals -> Plan B (28 blocks) replaces Plan A  01:13 +1913 ~10: /Users/avayroy/Optivus/test/onboarding_step5_regeneration_test.dart: ... & Atomic Replacement Plan A (3 meals, 21 blocks) -> change to 4 meals -> Plan B (28 blocks) replaces Plan A  01:13 +1914 ~10: /Users/avayroy/Optivus/test/onboarding_step5_regeneration_test.dart: ... & Atomic Replacement Plan A (3 meals, 21 blocks) -> change to 4 meals -> Plan B (28 blocks) replaces Plan A  01:13 +1915 ~10: /Users/avayroy/Optivus/test/onboarding_step5_regeneration_test.dart: ... & Atomic Replacement Plan A (3 meals, 21 blocks) -> change to 4 meals -> Plan B (28 blocks) replaces Plan A  01:13 +1916 ~10: /Users/avayroy/Optivus/test/onboarding_step5_regeneration_test.dart: ... & Atomic Replacement Plan A (3 meals, 21 blocks) -> change to 4 meals -> Plan B (28 blocks) replaces Plan A  01:13 +1917 ~10: /Users/avayroy/Optivus/test/onboarding_step5_regeneration_test.dart: ... & Atomic Replacement Plan A (3 meals, 21 blocks) -> change to 4 meals -> Plan B (28 blocks) replaces Plan A  01:14 +1917 ~10: /Users/avayroy/Optivus/test/onboarding_step5_regeneration_test.dart: ... & Atomic Replacement Plan A (3 meals, 21 blocks) -> change to 4 meals -> Plan B (28 blocks) replaces Plan A  01:14 +1918 ~10: /Users/avayroy/Optivus/test/onboarding_step5_regeneration_test.dart: ... & Atomic Replacement Plan A (3 meals, 21 blocks) -> change to 4 meals -> Plan B (28 blocks) replaces Plan A  01:14 +1919 ~10: /Users/avayroy/Optivus/test/onboarding_step5_regeneration_test.dart: ... & Atomic Replacement Plan A (3 meals, 21 blocks) -> change to 4 meals -> Plan B (28 blocks) replaces Plan A  01:14 +1920 ~10: /Users/avayroy/Optivus/test/ah_f018_timeline_foundation_test.dart: ... Verification S. TimelineDayChips renders all 7 days with accessible semantics and toggles selection            01:14 +1920 ~10: /Users/avayroy/Optivus/test/onboarding_step5_regeneration_test.dart: Step 5 Eating Regeneration — Preference Changes & Atomic Replacement Plan A (4 meals, 28 blocks) -> change to 3 meals -> Plan B (21 blocks) replaces Plan A
[Onboarding5] GENERATE source=create hasBodyBasics=true
01:14 +1921 ~10: /Users/avayroy/Optivus/test/ah_f018_timeline_foundation_test.dart: ... Verification S. TimelineDayChips renders all 7 days with accessible semantics and toggles selection            01:14 +1922 ~10: /Users/avayroy/Optivus/test/onboarding_step5_regeneration_test.dart: ... & Atomic Replacement Plan A (4 meals, 28 blocks) -> change to 5 meals -> Plan B (35 blocks) replaces Plan A  01:14 +1922 ~10: /Users/avayroy/Optivus/test/onboarding_step5_regeneration_test.dart: Step 5 Eating Regeneration — Preference Changes & Atomic Replacement Plan A (4 meals, 28 blocks) -> change to 5 meals -> Plan B (35 blocks) replaces Plan A
[Onboarding5] GENERATE source=create hasBodyBasics=true
01:14 +1923 ~10: /Users/avayroy/Optivus/test/onboarding_step5_regeneration_test.dart: ... & Atomic Replacement Plan A (4 meals, 28 blocks) -> change to 5 meals -> Plan B (35 blocks) replaces Plan A  01:14 +1924 ~10: /Users/avayroy/Optivus/test/ah_f018_timeline_foundation_test.dart: ... Verification U. FullScreenTimelineScaffold renders previewReadOnly mode without triggering edit taps           01:14 +1925 ~10: /Users/avayroy/Optivus/test/ah_f018_timeline_foundation_test.dart: ... Verification U. FullScreenTimelineScaffold renders previewReadOnly mode without triggering edit taps           01:14 +1926 ~10: /Users/avayroy/Optivus/test/ah_f018_timeline_foundation_test.dart: ... Verification U. FullScreenTimelineScaffold renders previewReadOnly mode without triggering edit taps           01:14 +1927 ~10: /Users/avayroy/Optivus/test/ah_f018_timeline_foundation_test.dart: ... Verification U. FullScreenTimelineScaffold renders previewReadOnly mode without triggering edit taps           01:14 +1928 ~10: /Users/avayroy/Optivus/test/onboarding_step5_regeneration_test.dart: ... Changes & Atomic Replacement Plan A -> Goal change (Gain -> Maintain) regenerates with new fingerprint       01:14 +1928 ~10: /Users/avayroy/Optivus/test/onboarding_step5_regeneration_test.dart: Step 5 Eating Regeneration — Preference Changes & Atomic Replacement Plan A -> Goal change (Gain -> Maintain) regenerates with new fingerprint
[Onboarding5] GENERATE source=create hasBodyBasics=true
01:14 +1928 ~10: /Users/avayroy/Optivus/test/ah_f003_google_auth_test.dart: shared notifier flow new Google user uses normal backend create and destination path                                       
[Reconstruction] event=operation_started operationId=1
[Reconstruction] event=attempt_started operationId=1 attempt=1
[DeviceCountryService] Detection failed safely (MissingPluginException).
[Reconstruction] started uid=goo…uid
[Reconstruction] classified uid=goo…uid lifecycle=fresh durationMs=26
[OnboardingRestore] {migrationAction: none, uploadReconciliation: valid, finalResumeStep: 0, reasonCode: fresh_account}
[Reconstruction] event=classified operationId=1 attempt=1 totalElapsedMs=52
01:15 +1929 ~10: /Users/avayroy/Optivus/test/onboarding_step5_regeneration_test.dart: ... Changes & Atomic Replacement Plan A -> Goal change (Gain -> Maintain) regenerates with new fingerprint       01:15 +1930 ~10: /Users/avayroy/Optivus/test/ah_f018_timeline_foundation_test.dart: ... Verification V. Responsive widths (360px, 393px, 412px) layout smoothly without RenderFlex overflows           01:15 +1930 ~10: /Users/avayroy/Optivus/test/ah_f003_google_auth_test.dart: shared notifier flow returning Google user is loaded by UID without overwrite or duplicate                                 
[Reconstruction] event=operation_started operationId=1
[Reconstruction] event=attempt_started operationId=1 attempt=1
[DeviceCountryService] Detection failed safely (MissingPluginException).
[Reconstruction] started uid=goo…uid
[Reconstruction] classified uid=goo…uid lifecycle=incomplete durationMs=6
01:15 +1931 ~10: /Users/avayroy/Optivus/test/auth_ux_hotfix_01_test.dart: AUTH-UX-HOTFIX-01: Logo Animation & Header Transitions TEST A: SignupScreen normal state has expanded logo and header        01:15 +1931 ~10: /Users/avayroy/Optivus/test/ah_f003_google_auth_test.dart: shared notifier flow returning Google user is loaded by UID without overwrite or duplicate                                 
[OnboardingRestore] {schemaVersion: 4, detectedTopology: current15, migrationAction: none, originalAcknowledgedCompletionBoundary: 3, durableValidatorResult: step_4_save_not_acknowledged, uploadReconciliation: valid, affectedStep: 4, finalResumeStep: 4, reasonCode: step_4_save_not_acknowledged, resumeStep: 4, validThroughStep: 3, reason: durableCompletionNotRecorded, diagnosticCode: step_4_save_not_acknowledged}
[Reconstruction] event=classified operationId=1 attempt=1 totalElapsedMs=19
01:15 +1932 ~10: /Users/avayroy/Optivus/test/auth_ux_hotfix_01_test.dart: AUTH-UX-HOTFIX-01: Logo Animation & Header Transitions TEST A: SignupScreen normal state has expanded logo and header        01:15 +1932 ~10: /Users/avayroy/Optivus/test/ah_f003_google_auth_test.dart: shared notifier flow cancel resets loading, stays signed out, and permits retry                                            
[Reconstruction] event=operation_started operationId=1
[Reconstruction] event=attempt_started operationId=1 attempt=1
[DeviceCountryService] Detection failed safely (MissingPluginException).
[Reconstruction] event=classified operationId=1 attempt=1 totalElapsedMs=40
01:15 +1933 ~10: /Users/avayroy/Optivus/test/auth_ux_hotfix_01_test.dart: AUTH-UX-HOTFIX-01: Logo Animation & Header Transitions TEST A: SignupScreen normal state has expanded logo and header        01:15 +1934 ~10: /Users/avayroy/Optivus/test/auth_ux_hotfix_01_test.dart: AUTH-UX-HOTFIX-01: Logo Animation & Header Transitions TEST A: SignupScreen normal state has expanded logo and header        01:15 +1935 ~10: /Users/avayroy/Optivus/test/auth_ux_hotfix_01_test.dart: AUTH-UX-HOTFIX-01: Logo Animation & Header Transitions TEST A: SignupScreen normal state has expanded logo and header        01:15 +1936 ~10: /Users/avayroy/Optivus/test/auth_ux_hotfix_01_test.dart: AUTH-UX-HOTFIX-01: Logo Animation & Header Transitions TEST A: SignupScreen normal state has expanded logo and header        01:15 +1936 ~10: /Users/avayroy/Optivus/test/ah_f003_google_auth_test.dart: shared notifier flow logout and a later Google login do not retain the prior owner                                         
[Reconstruction] event=operation_started operationId=1
[Reconstruction] event=attempt_started operationId=1 attempt=1
[DeviceCountryService] Detection failed safely (MissingPluginException).
[Reconstruction] event=classified operationId=1 attempt=1 totalElapsedMs=10
[Reconstruction] event=operation_started operationId=2
[Reconstruction] event=attempt_started operationId=2 attempt=1
[DeviceCountryService] Detection failed safely (MissingPluginException).
[Reconstruction] event=classified operationId=2 attempt=1 totalElapsedMs=4
01:15 +1937 ~10: /Users/avayroy/Optivus/test/auth_ux_hotfix_01_test.dart: AUTH-UX-HOTFIX-01: Logo Animation & Header Transitions TEST A: SignupScreen normal state has expanded logo and header        01:15 +1938 ~10: /Users/avayroy/Optivus/test/auth_ux_hotfix_01_test.dart: AUTH-UX-HOTFIX-01: Logo Animation & Header Transitions TEST A: SignupScreen normal state has expanded logo and header        01:15 +1938 ~10: /Users/avayroy/Optivus/test/onboarding_step5_regeneration_test.dart: Step 5 Eating Regeneration — Preference Changes & Atomic Replacement Plan A -> Food type change (Veg -> Non-veg) regenerates successfully
[Onboarding5] GENERATE source=create hasBodyBasics=true
01:15 +1939 ~10: /Users/avayroy/Optivus/test/auth_ux_hotfix_01_test.dart: AUTH-UX-HOTFIX-01: Logo Animation & Header Transitions TEST A: SignupScreen normal state has expanded logo and header        01:15 +1939 ~10: /Users/avayroy/Optivus/test/onboarding_step5_regeneration_test.dart: Step 5 Eating Regeneration — Preference Changes & Atomic Replacement Plan A -> Meal times change regenerates with updated startMinutes
[Onboarding5] GENERATE source=create hasBodyBasics=true
01:15 +1940 ~10: /Users/avayroy/Optivus/test/auth_ux_hotfix_01_test.dart: AUTH-UX-HOTFIX-01: Logo Animation & Header Transitions TEST A: SignupScreen normal state has expanded logo and header        01:15 +1941 ~10: /Users/avayroy/Optivus/test/auth_ux_hotfix_01_test.dart: AUTH-UX-HOTFIX-01: Logo Animation & Header Transitions TEST A: SignupScreen normal state has expanded logo and header        01:15 +1942 ~10: /Users/avayroy/Optivus/test/auth_ux_hotfix_01_test.dart: AUTH-UX-HOTFIX-01: Logo Animation & Header Transitions TEST A: SignupScreen normal state has expanded logo and header        01:15 +1943 ~10: /Users/avayroy/Optivus/test/auth_ux_hotfix_01_test.dart: AUTH-UX-HOTFIX-01: Logo Animation & Header Transitions TEST A: SignupScreen normal state has expanded logo and header        01:15 +1944 ~10: /Users/avayroy/Optivus/test/auth_ux_hotfix_01_test.dart: AUTH-UX-HOTFIX-01: Logo Animation & Header Transitions TEST A: SignupScreen normal state has expanded logo and header        01:16 +1944 ~10: /Users/avayroy/Optivus/test/auth_ux_hotfix_01_test.dart: AUTH-UX-HOTFIX-01: Logo Animation & Header Transitions TEST A: SignupScreen normal state has expanded logo and header        01:16 +1944 ~10: /Users/avayroy/Optivus/test/onboarding_step5_regeneration_test.dart: Step 5 Eating Regeneration — Preference Changes & Atomic Replacement Plan A -> Multiple simultaneous changes (meals, goal, foodType, times) regenerate correctly
[Onboarding5] GENERATE source=create hasBodyBasics=true
01:16 +1945 ~10: /Users/avayroy/Optivus/test/auth_ux_hotfix_01_test.dart: AUTH-UX-HOTFIX-01: Logo Animation & Header Transitions TEST A: SignupScreen normal state has expanded logo and header        01:16 +1946 ~10: /Users/avayroy/Optivus/test/auth_ux_hotfix_01_test.dart: AUTH-UX-HOTFIX-01: Logo Animation & Header Transitions TEST A: SignupScreen normal state has expanded logo and header        01:16 +1947 ~10: /Users/avayroy/Optivus/test/auth_ux_hotfix_01_test.dart: AUTH-UX-HOTFIX-01: Logo Animation & Header Transitions TEST A: SignupScreen normal state has expanded logo and header        01:16 +1948 ~10: /Users/avayroy/Optivus/test/auth_ux_hotfix_01_test.dart: AUTH-UX-HOTFIX-01: Logo Animation & Header Transitions TEST A: SignupScreen normal state has expanded logo and header        01:16 +1949 ~10: /Users/avayroy/Optivus/test/auth_ux_hotfix_01_test.dart: AUTH-UX-HOTFIX-01: Logo Animation & Header Transitions TEST A: SignupScreen normal state has expanded logo and header        01:16 +1950 ~10: /Users/avayroy/Optivus/test/ah_f003_google_auth_test.dart: auth entry screens Auth Choice Google button invokes shared notifier action                                                01:16 +1951 ~10: /Users/avayroy/Optivus/test/ah_f018_timeline_foundation_test.dart: ... & Back/Re-entry Invariant Verification AI. Step 4 generated timeline mounts without re-triggering AI generation01:16 +1952 ~10: /Users/avayroy/Optivus/test/onboarding_step5_regeneration_test.dart: ... Retention & Error Handling AI failure preserves Plan A and displays specific safe reason AND retention notice01:16 +1952 ~10: /Users/avayroy/Optivus/test/onboarding_step5_regeneration_test.dart: Step 5 Eating Regeneration — Safety, Retention & Error Handling AI failure preserves Plan A and displays specific safe reason AND retention notice
[Onboarding5] GENERATE source=create hasBodyBasics=true
[Onboarding5Regeneration] stage=worker code=provider_target_mismatch retainedPlan=true
01:16 +1953 ~10: /Users/avayroy/Optivus/test/onboarding_step5_regeneration_test.dart: ... Retention & Error Handling AI failure preserves Plan A and displays specific safe reason AND retention notice01:16 +1954 ~10: /Users/avayroy/Optivus/test/onboarding_step5_regeneration_test.dart: ... Retention & Error Handling AI failure preserves Plan A and displays specific safe reason AND retention notice01:16 +1955 ~10: /Users/avayroy/Optivus/test/ah_f003_google_auth_test.dart: auth entry screens Auth Choice awaits Google failure, clears loading, and shows friendly error                             01:16 +1956 ~10: /Users/avayroy/Optivus/test/auth_ux_hotfix_01_test.dart: ... Logo Animation & Header Transitions TEST C: SignupScreen returning viewInsets.bottom to zero restores expanded layout    01:17 +1956 ~10: /Users/avayroy/Optivus/test/auth_ux_hotfix_01_test.dart: ... Logo Animation & Header Transitions TEST C: SignupScreen returning viewInsets.bottom to zero restores expanded layout    01:17 +1957 ~10: /Users/avayroy/Optivus/test/auth_ux_hotfix_01_test.dart: ... Logo Animation & Header Transitions TEST C: SignupScreen returning viewInsets.bottom to zero restores expanded layout    01:17 +1957 ~10: /Users/avayroy/Optivus/test/onboarding_step5_regeneration_test.dart: Step 5 Eating Regeneration — Safety, Retention & Error Handling AI provider incomplete week error displays specific message and retains Plan A
[Onboarding5] GENERATE source=create hasBodyBasics=true
[Onboarding5Regeneration] stage=worker code=provider_incomplete_week retainedPlan=true
01:17 +1958 ~10: /Users/avayroy/Optivus/test/onboarding_step5_regeneration_test.dart: ... Retention & Error Handling AI provider incomplete week error displays specific message and retains Plan A    01:17 +1959 ~10: /Users/avayroy/Optivus/test/ah_f003_google_auth_test.dart: auth entry screens Login Google button invokes the same notifier action                                                    01:17 +1960 ~10: /Users/avayroy/Optivus/test/ah_f003_google_auth_test.dart: auth entry screens Login Google button invokes the same notifier action                                                    01:17 +1960 ~10: /Users/avayroy/Optivus/test/onboarding_step5_regeneration_test.dart: Step 5 Eating Regeneration — Safety, Retention & Error Handling Stale in-flight generation response is discarded when user edits while generation is active
[Onboarding5] GENERATE source=create hasBodyBasics=true
01:17 +1961 ~10: /Users/avayroy/Optivus/test/auth_ux_hotfix_01_test.dart: ... Logo Animation & Header Transitions TEST D: LoginScreen transitions smoothly between expanded and compact states         01:17 +1961 ~10: /Users/avayroy/Optivus/test/onboarding_step5_regeneration_test.dart: Step 5 Eating Regeneration — Safety, Retention & Error Handling Stale in-flight generation response is discarded when user edits while generation is active
[Onboarding5Regeneration] Discarding stale generation response currentFingerprint=v2|h:175.0|w:70.0|age:30|gen:male|ex:|role:student|bmi:22.9|bmr:1649|maint:2144|goal:gain|tmode:mild_surplus|cal:2444|prot:140|type:mixed|mode:india|custom:|meals:4|b:480|ms:0|l:780|as:1020|d:1230|c: expectedFingerprint=v2|h:175.0|w:70.0|age:30|gen:male|ex:|role:student|bmi:22.9|bmr:1649|maint:2144|goal:maintain|tmode:maintenance|cal:2144|prot:140|type:mixed|mode:india|custom:|meals:4|b:480|ms:0|l:780|as:1020|d:1230|c:
01:17 +1962 ~10: /Users/avayroy/Optivus/test/auth_ux_hotfix_01_test.dart: ... Logo Animation & Header Transitions TEST D: LoginScreen transitions smoothly between expanded and compact states         01:17 +1963 ~10: /Users/avayroy/Optivus/test/onboarding_step5_regeneration_test.dart: ... & Error Handling Stale in-flight generation response is discarded when user edits while generation is active 01:17 +1964 ~10: /Users/avayroy/Optivus/test/ah_f003_google_auth_test.dart: auth entry screens fake repository keeps deterministic Google contract parity                                              01:17 +1965 ~10: /Users/avayroy/Optivus/test/ah_f003_google_auth_test.dart: auth entry screens fake repository keeps deterministic Google contract parity                                              01:17 +1966 ~10: /Users/avayroy/Optivus/test/ah_f003_google_auth_test.dart: auth entry screens fake repository keeps deterministic Google contract parity                                              01:18 +1966 ~10: /Users/avayroy/Optivus/test/ah_f003_google_auth_test.dart: auth entry screens fake repository keeps deterministic Google contract parity                                              01:18 +1967 ~10: /Users/avayroy/Optivus/test/ah_f003_google_auth_test.dart: auth entry screens fake repository keeps deterministic Google contract parity                                              01:18 +1968 ~10: /Users/avayroy/Optivus/test/ah_f003_google_auth_test.dart: auth entry screens fake repository keeps deterministic Google contract parity                                              01:18 +1969 ~10: /Users/avayroy/Optivus/test/auth_ux_hotfix_01_test.dart: ... Background & Scaffolding Architecture TEST K & L: Scaffold has non-transparent Auth background painting full window      01:18 +1970 ~10: /Users/avayroy/Optivus/test/auth_ux_hotfix_01_test.dart: ... Background & Scaffolding Architecture TEST K & L: Scaffold has non-transparent Auth background painting full window      01:18 +1971 ~10: /Users/avayroy/Optivus/test/auth_ux_hotfix_01_test.dart: ... Background & Scaffolding Architecture TEST K & L: Scaffold has non-transparent Auth background painting full window      01:18 +1972 ~10: /Users/avayroy/Optivus/test/auth_ux_hotfix_01_test.dart: ... Background & Scaffolding Architecture TEST K & L: Scaffold has non-transparent Auth background painting full window      01:18 +1973 ~10: /Users/avayroy/Optivus/test/auth_ux_hotfix_01_test.dart: ... Background & Scaffolding Architecture TEST K & L: Scaffold has non-transparent Auth background painting full window      01:18 +1974 ~10: /Users/avayroy/Optivus/test/ah_f022_visual_perf_a11y_test.dart: ... Continuity & No Redundant Docks LoginScreen has single continuous scroll surface and no detached lower dock       01:18 +1975 ~10: /Users/avayroy/Optivus/test/ah_f022_visual_perf_a11y_test.dart: ... Continuity & No Redundant Docks LoginScreen has single continuous scroll surface and no detached lower dock       01:18 +1976 ~10: /Users/avayroy/Optivus/test/ah_f022_visual_perf_a11y_test.dart: ... Continuity & No Redundant Docks LoginScreen has single continuous scroll surface and no detached lower dock       01:18 +1977 ~10: /Users/avayroy/Optivus/test/ah_f022_visual_perf_a11y_test.dart: ... Continuity & No Redundant Docks LoginScreen has single continuous scroll surface and no detached lower dock       01:18 +1978 ~10: /Users/avayroy/Optivus/test/ah_f022_visual_perf_a11y_test.dart: ... Continuity & No Redundant Docks LoginScreen has single continuous scroll surface and no detached lower dock       01:18 +1979 ~10: /Users/avayroy/Optivus/test/ah_f022_visual_perf_a11y_test.dart: ... Continuity & No Redundant Docks LoginScreen has single continuous scroll surface and no detached lower dock       01:18 +1980 ~10: /Users/avayroy/Optivus/test/ah_f022_visual_perf_a11y_test.dart: ... Continuity & No Redundant Docks LoginScreen has single continuous scroll surface and no detached lower dock       01:18 +1981 ~10: /Users/avayroy/Optivus/test/ah_f022_visual_perf_a11y_test.dart: ... Continuity & No Redundant Docks LoginScreen has single continuous scroll surface and no detached lower dock       01:18 +1982 ~10: /Users/avayroy/Optivus/test/ah_f022_visual_perf_a11y_test.dart: ... Continuity & No Redundant Docks LoginScreen has single continuous scroll surface and no detached lower dock       01:18 +1982 ~10: /Users/avayroy/Optivus/test/ah_f007_server_reconstruction_test.dart: AH-F007 typed server classification missing profile with returning durable state is Recovery without create      
[Reconstruction] started uid=ah-…ner
01:18 +1983 ~10: /Users/avayroy/Optivus/test/ah_f022_visual_perf_a11y_test.dart: ... Continuity & No Redundant Docks LoginScreen has single continuous scroll surface and no detached lower dock       01:18 +1984 ~10: /Users/avayroy/Optivus/test/ah_f022_visual_perf_a11y_test.dart: ... Continuity & No Redundant Docks LoginScreen has single continuous scroll surface and no detached lower dock       01:18 +1985 ~10: /Users/avayroy/Optivus/test/ah_f022_visual_perf_a11y_test.dart: ... Continuity & No Redundant Docks LoginScreen has single continuous scroll surface and no detached lower dock       01:18 +1985 ~10: /Users/avayroy/Optivus/test/ah_f007_server_reconstruction_test.dart: AH-F007 bootstrap failures never become Fresh J transient backend read failure is retryable bootstrap failure    
[Reconstruction] started uid=ah-…ner
01:18 +1986 ~10: /Users/avayroy/Optivus/test/ah_f022_visual_perf_a11y_test.dart: ... Continuity & No Redundant Docks LoginScreen has single continuous scroll surface and no detached lower dock       01:18 +1986 ~10: /Users/avayroy/Optivus/test/ah_f007_server_reconstruction_test.dart: AH-F007 bootstrap failures never become Fresh K permission-denied is a bootstrap failure, never Fresh            
[Reconstruction] started uid=ah-…ner
01:18 +1987 ~10: /Users/avayroy/Optivus/test/ah_f022_visual_perf_a11y_test.dart: ... Continuity & No Redundant Docks LoginScreen has single continuous scroll surface and no detached lower dock       01:18 +1987 ~10: /Users/avayroy/Optivus/test/ah_f007_server_reconstruction_test.dart: AH-F007 bootstrap failures never become Fresh unknown bootstrap errors fail closed                               
[Reconstruction] started uid=ah-…ner
01:18 +1988 ~10: /Users/avayroy/Optivus/test/ah_f022_visual_perf_a11y_test.dart: ... Continuity & No Redundant Docks LoginScreen has single continuous scroll surface and no detached lower dock       01:18 +1989 ~10: /Users/avayroy/Optivus/test/ah_f022_visual_perf_a11y_test.dart: ... Continuity & No Redundant Docks LoginScreen has single continuous scroll surface and no detached lower dock       01:18 +1990 ~10: /Users/avayroy/Optivus/test/ah_f022_visual_perf_a11y_test.dart: ... Continuity & No Redundant Docks LoginScreen has single continuous scroll surface and no detached lower dock       01:18 +1990 ~10: /Users/avayroy/Optivus/test/ah_f007_server_reconstruction_test.dart: AH-F007 same server state and zero-cache contract zero-cache reinstall completed user reconstructs Completed to Home
[Reconstruction] started uid=ah-…ner
[Reconstruction] classified uid=ah-…ner lifecycle=completed durationMs=0
01:18 +1991 ~10: /Users/avayroy/Optivus/test/ah_f022_visual_perf_a11y_test.dart: ... Continuity & No Redundant Docks LoginScreen has single continuous scroll surface and no detached lower dock       01:18 +1991 ~10: /Users/avayroy/Optivus/test/ah_f007_server_reconstruction_test.dart: AH-F007 same server state and zero-cache contract completed cold reconstruction restores routine and habit state before Home
[Reconstruction] event=operation_started operationId=1
[Reconstruction] event=attempt_started operationId=1 attempt=1
01:19 +1992 ~10: /Users/avayroy/Optivus/test/ah_f022_visual_perf_a11y_test.dart: ... Continuity & No Redundant Docks LoginScreen has single continuous scroll surface and no detached lower dock       01:19 +1992 ~10: /Users/avayroy/Optivus/test/ah_f007_server_reconstruction_test.dart: AH-F007 same server state and zero-cache contract completed cold reconstruction restores routine and habit state before Home
[DeviceCountryService] Detection failed safely (FlutterError).
[Reconstruction] started uid=ah-…ner
[Reconstruction] classified uid=ah-…ner lifecycle=completed durationMs=3
[OnboardingRestore] {schemaVersion: 4, detectedTopology: current15, migrationAction: none, originalAcknowledgedCompletionBoundary: 14, durableValidatorResult: verified_completion_bundle, uploadReconciliation: valid, finalResumeStep: home, reasonCode: completed_onboarding}
[Reconstruction] event=classified operationId=1 attempt=1 totalElapsedMs=197
01:19 +1993 ~10: /Users/avayroy/Optivus/test/ah_f022_visual_perf_a11y_test.dart: ... Continuity & No Redundant Docks LoginScreen has single continuous scroll surface and no detached lower dock       01:19 +1994 ~10: /Users/avayroy/Optivus/test/ah_f022_visual_perf_a11y_test.dart: ... Continuity & No Redundant Docks LoginScreen has single continuous scroll surface and no detached lower dock       01:19 +1994 ~10: /Users/avayroy/Optivus/test/ah_f007_server_reconstruction_test.dart: AH-F007 same server state and zero-cache contract zero-cache reinstall incomplete user uses server step, not local step 10
[Reconstruction] started uid=ah-…ner
[Reconstruction] classified uid=ah-…ner lifecycle=incomplete durationMs=0
01:19 +1995 ~10: /Users/avayroy/Optivus/test/ah_f022_visual_perf_a11y_test.dart: ... Continuity & No Redundant Docks LoginScreen has single continuous scroll surface and no detached lower dock       01:19 +1995 ~10: /Users/avayroy/Optivus/test/ah_f007_server_reconstruction_test.dart: AH-F007 same server state and zero-cache contract old local completion flag cannot override server Fresh         
[Reconstruction] started uid=ah-…ner
[Reconstruction] classified uid=ah-…ner lifecycle=fresh durationMs=0
01:19 +1996 ~10: /Users/avayroy/Optivus/test/ah_f022_visual_perf_a11y_test.dart: ... Continuity & No Redundant Docks LoginScreen has single continuous scroll surface and no detached lower dock       01:19 +1997 ~10: /Users/avayroy/Optivus/test/ah_f022_visual_perf_a11y_test.dart: ... Continuity & No Redundant Docks LoginScreen has single continuous scroll surface and no detached lower dock       01:19 +1997 ~10: /Users/avayroy/Optivus/test/ah_f007_server_reconstruction_test.dart: AH-F007 hydration and async session safety Q/R classified draft hydrates before destination is published         
[Reconstruction] event=operation_started operationId=1
[Reconstruction] event=attempt_started operationId=1 attempt=1
[DeviceCountryService] Detection failed safely (FlutterError).
[Reconstruction] started uid=ah-…ner
[Reconstruction] classified uid=ah-…ner lifecycle=incomplete durationMs=0
[OnboardingRestore] {schemaVersion: 4, detectedTopology: current15, migrationAction: none, originalAcknowledgedCompletionBoundary: 3, durableValidatorResult: step_4_save_not_acknowledged, uploadReconciliation: valid, affectedStep: 4, finalResumeStep: 4, reasonCode: step_4_save_not_acknowledged, resumeStep: 4, validThroughStep: 3, reason: durableCompletionNotRecorded, diagnosticCode: step_4_save_not_acknowledged}
[Reconstruction] event=classified operationId=1 attempt=1 totalElapsedMs=12
01:19 +1998 ~10: /Users/avayroy/Optivus/test/ah_f022_visual_perf_a11y_test.dart: ... Continuity & No Redundant Docks LoginScreen has single continuous scroll surface and no detached lower dock       01:19 +1998 ~10: /Users/avayroy/Optivus/test/ah_f007_server_reconstruction_test.dart: AH-F007 hydration and async session safety S/T/U finishing, completed, and recovery hydrate without fabrication  
[Reconstruction] event=operation_started operationId=1
[Reconstruction] event=attempt_started operationId=1 attempt=1
[DeviceCountryService] Detection failed safely (FlutterError).
[Reconstruction] started uid=ah-…ner
[Reconstruction] classified uid=ah-…ner lifecycle=finishing durationMs=0
[OnboardingRestore] {schemaVersion: 4, detectedTopology: current15, migrationAction: none, originalAcknowledgedCompletionBoundary: 14, durableValidatorResult: step_8_bad_habits_invalid, uploadReconciliation: valid, affectedStep: 8, finalResumeStep: 8, reasonCode: step_8_bad_habits_invalid, resumeStep: 8, validThroughStep: 7, reason: durableStepInvalid, diagnosticCode: step_8_bad_habits_invalid}
[Reconstruction] event=classified operationId=1 attempt=1 totalElapsedMs=21
[Reconstruction] event=operation_started operationId=1
[Reconstruction] event=attempt_started operationId=1 attempt=1
[DeviceCountryService] Detection failed safely (FlutterError).
[Reconstruction] started uid=ah-…ner
[Reconstruction] classified uid=ah-…ner lifecycle=completed durationMs=1
[OnboardingRestore] {schemaVersion: 4, detectedTopology: current15, migrationAction: none, originalAcknowledgedCompletionBoundary: 14, durableValidatorResult: verified_completion_bundle, uploadReconciliation: valid, finalResumeStep: home, reasonCode: completed_onboarding}
[Reconstruction] event=classified operationId=1 attempt=1 totalElapsedMs=11
[Reconstruction] event=operation_started operationId=1
[Reconstruction] event=attempt_started operationId=1 attempt=1
[DeviceCountryService] Detection failed safely (FlutterError).
[Reconstruction] started uid=ah-…ner
[Reconstruction] classified uid=ah-…ner lifecycle=recovery durationMs=0
[OnboardingRestore] {code: current_run_dangling}
[Reconstruction] event=classified operationId=1 attempt=1 totalElapsedMs=8
01:19 +1999 ~10: /Users/avayroy/Optivus/test/ah_f022_visual_perf_a11y_test.dart: ... Continuity & No Redundant Docks LoginScreen has single continuous scroll surface and no detached lower dock       01:19 +1999 ~10: /Users/avayroy/Optivus/test/ah_f007_server_reconstruction_test.dart: AH-F007 hydration and async session safety V/W/X late A result is ignored and B result applies                   
[Reconstruction] event=operation_started operationId=1
[Reconstruction] event=attempt_started operationId=1 attempt=1
[DeviceCountryService] Detection failed safely (FlutterError).
[Reconstruction] started uid=acc…t-a
[Reconstruction] event=operation_started operationId=2
[Reconstruction] event=attempt_started operationId=2 attempt=1
[DeviceCountryService] Detection failed safely (FlutterError).
[Reconstruction] started uid=acc…t-b
[Reconstruction] classified uid=acc…t-b lifecycle=fresh durationMs=4
[OnboardingRestore] {migrationAction: none, uploadReconciliation: valid, finalResumeStep: 0, reasonCode: fresh_account}
[Reconstruction] event=classified operationId=2 attempt=1 totalElapsedMs=11
[Reconstruction] classified uid=acc…t-a lifecycle=fresh durationMs=20
01:19 +2000 ~10: /Users/avayroy/Optivus/test/ah_f022_visual_perf_a11y_test.dart: ... Continuity & No Redundant Docks LoginScreen has single continuous scroll surface and no detached lower dock       01:19 +2000 ~10: /Users/avayroy/Optivus/test/ah_f007_server_reconstruction_test.dart: AH-F007 hydration and async session safety upload owner integrity mismatch reaches controlled recovery           
[Reconstruction] event=operation_started operationId=1
[Reconstruction] event=attempt_started operationId=1 attempt=1
[DeviceCountryService] Detection failed safely (FlutterError).
[Reconstruction] started uid=ah-…ner
[Reconstruction] classified uid=ah-…ner lifecycle=incomplete durationMs=1
[OnboardingRestore] {schemaVersion: 4, detectedTopology: current15, migrationAction: none, originalAcknowledgedCompletionBoundary: 4, durableValidatorResult: step_2_role_lifestyle_invalid, uploadReconciliation: integrity_failure, uploadReasonCodes: [restored_uploads_owner_mismatch], affectedStep: 2, finalResumeStep: 2, reasonCode: step_2_role_lifestyle_invalid, resumeStep: 2, validThroughStep: 1, reason: durableStepInvalid, diagnosticCode: step_2_role_lifestyle_invalid, code: restored_uploads_owner_mismatch}
[Reconstruction] event=classified operationId=1 attempt=1 totalElapsedMs=16
01:19 +2001 ~10: /Users/avayroy/Optivus/test/ah_f022_visual_perf_a11y_test.dart: ... Continuity & No Redundant Docks LoginScreen has single continuous scroll surface and no detached lower dock       01:19 +2001 ~10: /Users/avayroy/Optivus/test/ah_f007_server_reconstruction_test.dart: AH-F007 hydration and async session safety upload hydration error reaches reconnect actions                      
[Reconstruction] event=operation_started operationId=1
[Reconstruction] event=attempt_started operationId=1 attempt=1
[DeviceCountryService] Detection failed safely (FlutterError).
[Reconstruction] started uid=ah-…ner
[Reconstruction] classified uid=ah-…ner lifecycle=incomplete durationMs=0
[Reconstruction] event=classified operationId=1 attempt=1 totalElapsedMs=62
01:19 +2002 ~10: /Users/avayroy/Optivus/test/ah_f022_visual_perf_a11y_test.dart: ... Continuity & No Redundant Docks LoginScreen has single continuous scroll surface and no detached lower dock       01:19 +2003 ~10: /Users/avayroy/Optivus/test/ah_f022_visual_perf_a11y_test.dart: ... Continuity & No Redundant Docks LoginScreen has single continuous scroll surface and no detached lower dock       01:19 +2003 ~10: /Users/avayroy/Optivus/test/ah_f007_server_reconstruction_test.dart: AH-F007 hydration and async session safety Y/Z same UID refresh and repeated unresolved event launch one read    
[Reconstruction] event=operation_started operationId=1
[Reconstruction] event=attempt_started operationId=1 attempt=1
[DeviceCountryService] Detection failed safely (FlutterError).
[Reconstruction] started uid=ah-…ner
[Reconstruction] classified uid=ah-…ner lifecycle=fresh durationMs=1
[OnboardingRestore] {migrationAction: none, uploadReconciliation: valid, finalResumeStep: 0, reasonCode: fresh_account}
[Reconstruction] event=classified operationId=1 attempt=1 totalElapsedMs=6
01:19 +2004 ~10: /Users/avayroy/Optivus/test/ah_f022_visual_perf_a11y_test.dart: ... Continuity & No Redundant Docks LoginScreen has single continuous scroll surface and no detached lower dock       01:19 +2004 ~10: /Users/avayroy/Optivus/test/ah_f007_server_reconstruction_test.dart: AH-F007 hydration and async session safety Google sign-in and password login converge on identical ReconstructionResult
[Reconstruction] event=operation_started operationId=1
[Reconstruction] event=attempt_started operationId=1 attempt=1
[DeviceCountryService] Detection failed safely (FlutterError).
[Reconstruction] started uid=ah-…ner
[Reconstruction] classified uid=ah-…ner lifecycle=incomplete durationMs=0
[OnboardingRestore] {schemaVersion: 4, detectedTopology: current15, migrationAction: none, originalAcknowledgedCompletionBoundary: 3, durableValidatorResult: step_4_save_not_acknowledged, uploadReconciliation: valid, affectedStep: 4, finalResumeStep: 4, reasonCode: step_4_save_not_acknowledged, resumeStep: 4, validThroughStep: 3, reason: durableCompletionNotRecorded, diagnosticCode: step_4_save_not_acknowledged}
[Reconstruction] event=classified operationId=1 attempt=1 totalElapsedMs=15
[Reconstruction] event=operation_started operationId=1
[Reconstruction] event=attempt_started operationId=1 attempt=1
[DeviceCountryService] Detection failed safely (FlutterError).
[Reconstruction] started uid=ah-…ner
[Reconstruction] classified uid=ah-…ner lifecycle=incomplete durationMs=0
[OnboardingRestore] {schemaVersion: 4, detectedTopology: current15, migrationAction: none, originalAcknowledgedCompletionBoundary: 3, durableValidatorResult: step_4_save_not_acknowledged, uploadReconciliation: valid, affectedStep: 4, finalResumeStep: 4, reasonCode: step_4_save_not_acknowledged, resumeStep: 4, validThroughStep: 3, reason: durableCompletionNotRecorded, diagnosticCode: step_4_save_not_acknowledged}
[Reconstruction] event=classified operationId=1 attempt=1 totalElapsedMs=5
01:19 +2005 ~10: /Users/avayroy/Optivus/test/ah_f022_visual_perf_a11y_test.dart: ... Continuity & No Redundant Docks LoginScreen has single continuous scroll surface and no detached lower dock       01:19 +2005 ~10: /Users/avayroy/Optivus/test/ah_f007_server_reconstruction_test.dart: AH-F007 hydration and async session safety adversarial stale A completed state does not pollute B incomplete reconstruction
[Reconstruction] event=operation_started operationId=1
[Reconstruction] event=attempt_started operationId=1 attempt=1
[DeviceCountryService] Detection failed safely (FlutterError).
[Reconstruction] started uid=acc…t-a
[Reconstruction] classified uid=acc…t-a lifecycle=completed durationMs=1
[OnboardingRestore] {schemaVersion: 4, detectedTopology: current15, migrationAction: none, originalAcknowledgedCompletionBoundary: 14, durableValidatorResult: verified_completion_bundle, uploadReconciliation: valid, finalResumeStep: home, reasonCode: completed_onboarding}
[Reconstruction] event=classified operationId=1 attempt=1 totalElapsedMs=11
[Reconstruction] event=operation_started operationId=2
[Reconstruction] event=attempt_started operationId=2 attempt=1
[DeviceCountryService] Detection failed safely (FlutterError).
[Reconstruction] started uid=acc…t-b
[Reconstruction] classified uid=acc…t-b lifecycle=incomplete durationMs=0
[OnboardingRestore] {schemaVersion: 4, detectedTopology: current15, migrationAction: none, originalAcknowledgedCompletionBoundary: 3, durableValidatorResult: step_4_save_not_acknowledged, uploadReconciliation: valid, affectedStep: 4, finalResumeStep: 4, reasonCode: step_4_save_not_acknowledged, resumeStep: 4, validThroughStep: 3, reason: durableCompletionNotRecorded, diagnosticCode: step_4_save_not_acknowledged}
[Reconstruction] event=classified operationId=2 attempt=1 totalElapsedMs=2
01:19 +2006 ~10: /Users/avayroy/Optivus/test/ah_f022_visual_perf_a11y_test.dart: ... Continuity & No Redundant Docks LoginScreen has single continuous scroll surface and no detached lower dock       01:19 +2006 ~10: /Users/avayroy/Optivus/test/ah_f007_server_reconstruction_test.dart: AH-F007 hydration and async session safety email verification success handoff converges into server reconstruction
[Reconstruction] event=operation_started operationId=1
[Reconstruction] event=attempt_started operationId=1 attempt=1
[DeviceCountryService] Detection failed safely (FlutterError).
[Reconstruction] started uid=ah-…ner
[Reconstruction] classified uid=ah-…ner lifecycle=incomplete durationMs=0
[OnboardingRestore] {schemaVersion: 4, detectedTopology: current15, migrationAction: none, originalAcknowledgedCompletionBoundary: 3, durableValidatorResult: step_4_save_not_acknowledged, uploadReconciliation: valid, affectedStep: 4, finalResumeStep: 4, reasonCode: step_4_save_not_acknowledged, resumeStep: 4, validThroughStep: 3, reason: durableCompletionNotRecorded, diagnosticCode: step_4_save_not_acknowledged}
[Reconstruction] event=classified operationId=1 attempt=1 totalElapsedMs=1
01:19 +2007 ~10: /Users/avayroy/Optivus/test/ah_f022_visual_perf_a11y_test.dart: ... Continuity & No Redundant Docks LoginScreen has single continuous scroll surface and no detached lower dock       01:19 +2007 ~10: /Users/avayroy/Optivus/test/ah_f007_server_reconstruction_test.dart: AH-F007 hydration and async session safety transient reconstruction failure followed by retry recovers cleanly   
[Reconstruction] event=operation_started operationId=1
[Reconstruction] event=attempt_started operationId=1 attempt=1
[DeviceCountryService] Detection failed safely (FlutterError).
[Reconstruction] started uid=ah-…ner
[Reconstruction] event=attempt_failed operationId=1 attempt=1 failureKind=firestore_unavailable elapsedMs=8
[Reconstruction] event=retry_scheduled operationId=1 attempt=2 delayMs=0
[Reconstruction] event=attempt_started operationId=1 attempt=2
[DeviceCountryService] Detection failed safely (FlutterError).
[Reconstruction] started uid=ah-…ner
[Reconstruction] classified uid=ah-…ner lifecycle=incomplete durationMs=0
[OnboardingRestore] {schemaVersion: 4, detectedTopology: current15, migrationAction: none, originalAcknowledgedCompletionBoundary: 3, durableValidatorResult: step_4_save_not_acknowledged, uploadReconciliation: valid, affectedStep: 4, finalResumeStep: 4, reasonCode: step_4_save_not_acknowledged, resumeStep: 4, validThroughStep: 3, reason: durableCompletionNotRecorded, diagnosticCode: step_4_save_not_acknowledged}
[Reconstruction] event=classified operationId=1 attempt=2 totalElapsedMs=21
01:19 +2008 ~10: /Users/avayroy/Optivus/test/ah_f022_visual_perf_a11y_test.dart: ... Continuity & No Redundant Docks LoginScreen has single continuous scroll surface and no detached lower dock       01:19 +2009 ~10: /Users/avayroy/Optivus/test/ah_f022_visual_perf_a11y_test.dart: ... Continuity & No Redundant Docks LoginScreen has single continuous scroll surface and no detached lower dock       01:19 +2009 ~10: /Users/avayroy/Optivus/test/onboarding_completion_group_a_stress_test.dart: Group A Stress Tests: Multi-stage Idempotency & Failure Injection JobService resumes correctly when stage 1 and 2 are pre-completed
[SystemWakeLock] Acquired wake lock claim.
[CompletionTiming] validateInput=2ms
[CompletionTiming] persistDraft=2ms
[CompletionTiming] verifyDraft=3ms
[CompletionTiming] persistBundle=0ms
[CompletionTiming] verifyBundle=1ms
[CompletionTiming] reconcileRoutines=9ms
[CompletionTiming] verifyRoutines=0ms
[CompletionTiming] projectRoutineHistory=1ms
[CompletionTiming] verifyRoutineHistory=0ms
[CompletionTiming] reconcileHabitSystems=0ms
[CompletionTiming] verifyHabitSystems=0ms
[CompletionTiming] reloadControllers=0ms
[CompletionTiming] verifyFrontendState=0ms
[CompletionTiming] finalizeProfile=0ms
01:19 +2010 ~10: /Users/avayroy/Optivus/test/ah_f022_visual_perf_a11y_test.dart: ... Continuity & No Redundant Docks LoginScreen has single continuous scroll surface and no detached lower dock       01:19 +2010 ~10: /Users/avayroy/Optivus/test/onboarding_completion_group_a_stress_test.dart: Group A Stress Tests: Multi-stage Idempotency & Failure Injection JobService resumes correctly when stage 1 and 2 are pre-completed
[CompletionTiming] total=49ms
[SystemWakeLock] Released wake lock claim.
01:19 +2011 ~10: /Users/avayroy/Optivus/test/ah_f022_visual_perf_a11y_test.dart: ... Continuity & No Redundant Docks LoginScreen has single continuous scroll surface and no detached lower dock       01:19 +2011 ~10: /Users/avayroy/Optivus/test/onboarding_completion_group_a_stress_test.dart: Group A Stress Tests: Multi-stage Idempotency & Failure Injection JobService handles injected failure during atomic routine projection
[SystemWakeLock] Acquired wake lock claim.
[CompletionTiming] validateInput=0ms
[CompletionTiming] persistDraft=0ms
[CompletionTiming] verifyDraft=0ms
[CompletionTiming] persistBundle=0ms
[CompletionTiming] verifyBundle=0ms
[CompletionFailure] stage=reconcileRoutines code=retry_required category=transient_failure retryable=true
[SystemWakeLock] Released wake lock claim.
[SystemWakeLock] Acquired wake lock claim.
[CompletionTiming] reconcileRoutines=0ms
[CompletionTiming] verifyRoutines=0ms
[CompletionTiming] projectRoutineHistory=0ms
[CompletionTiming] verifyRoutineHistory=0ms
[CompletionTiming] reconcileHabitSystems=0ms
[CompletionTiming] verifyHabitSystems=0ms
[CompletionTiming] reloadControllers=0ms
[CompletionTiming] verifyFrontendState=0ms
[CompletionTiming] finalizeProfile=0ms
[CompletionTiming] total=20ms
[SystemWakeLock] Released wake lock claim.
01:19 +2012 ~10: /Users/avayroy/Optivus/test/ah_f022_visual_perf_a11y_test.dart: ... Continuity & No Redundant Docks LoginScreen has single continuous scroll surface and no detached lower dock       01:19 +2012 ~10: /Users/avayroy/Optivus/test/onboarding_completion_group_a_stress_test.dart: Group A Stress Tests: Multi-stage Idempotency & Failure Injection JobService retry preserves persisted stage progress after failure
[SystemWakeLock] Acquired wake lock claim.
[CompletionTiming] validateInput=0ms
[CompletionTiming] persistDraft=1ms
[CompletionTiming] verifyDraft=30ms
[CompletionTiming] persistBundle=0ms
[CompletionTiming] verifyBundle=0ms
[CompletionFailure] stage=reconcileRoutines code=retry_required category=transient_failure retryable=true
[SystemWakeLock] Released wake lock claim.
[SystemWakeLock] Acquired wake lock claim.
[CompletionTiming] reconcileRoutines=0ms
[CompletionTiming] verifyRoutines=0ms
[CompletionTiming] projectRoutineHistory=0ms
[CompletionTiming] verifyRoutineHistory=0ms
[CompletionTiming] reconcileHabitSystems=0ms
[CompletionTiming] verifyHabitSystems=0ms
[CompletionTiming] reloadControllers=0ms
[CompletionTiming] verifyFrontendState=0ms
[CompletionTiming] finalizeProfile=0ms
[CompletionTiming] total=61ms
[SystemWakeLock] Released wake lock claim.
01:19 +2013 ~10: /Users/avayroy/Optivus/test/ah_f022_visual_perf_a11y_test.dart: ... Continuity & No Redundant Docks LoginScreen has single continuous scroll surface and no detached lower dock       01:19 +2013 ~10: /Users/avayroy/Optivus/test/onboarding_completion_group_a_stress_test.dart: Group A Stress Tests: Multi-stage Idempotency & Failure Injection JobService fails habit stage when frontend hydration is required and reader is absent
[SystemWakeLock] Acquired wake lock claim.
[CompletionTiming] validateInput=0ms
[CompletionTiming] persistDraft=0ms
[CompletionTiming] verifyDraft=0ms
[CompletionTiming] persistBundle=0ms
[CompletionTiming] verifyBundle=0ms
[CompletionTiming] reconcileRoutines=0ms
[CompletionTiming] verifyRoutines=0ms
[CompletionTiming] projectRoutineHistory=0ms
[CompletionTiming] verifyRoutineHistory=0ms
[CompletionFailure] stage=reconcileHabitSystems code=state_error category=validation_failed retryable=false
[SystemWakeLock] Released wake lock claim.
01:19 +2014 ~10: /Users/avayroy/Optivus/test/ah_f022_visual_perf_a11y_test.dart: ... Continuity & No Redundant Docks LoginScreen has single continuous scroll surface and no detached lower dock       01:19 +2015 ~10: /Users/avayroy/Optivus/test/ah_f022_visual_perf_a11y_test.dart: ... Continuity & No Redundant Docks LoginScreen has single continuous scroll surface and no detached lower dock       01:19 +2016 ~10: /Users/avayroy/Optivus/test/ah_f022_visual_perf_a11y_test.dart: ... Continuity & No Redundant Docks LoginScreen has single continuous scroll surface and no detached lower dock       01:20 +2016 ~10: /Users/avayroy/Optivus/test/ah_f022_visual_perf_a11y_test.dart: ... Continuity & No Redundant Docks LoginScreen has single continuous scroll surface and no detached lower dock       01:20 +2017 ~10: /Users/avayroy/Optivus/test/ah_f022_visual_perf_a11y_test.dart: ... Continuity & No Redundant Docks LoginScreen has single continuous scroll surface and no detached lower dock       01:20 +2018 ~10: /Users/avayroy/Optivus/test/ah_f022_visual_perf_a11y_test.dart: ... Continuity & No Redundant Docks LoginScreen has single continuous scroll surface and no detached lower dock       01:20 +2019 ~10: /Users/avayroy/Optivus/test/ah_f022_visual_perf_a11y_test.dart: ... Continuity & No Redundant Docks LoginScreen has single continuous scroll surface and no detached lower dock       01:20 +2020 ~10: /Users/avayroy/Optivus/test/ah_f022_visual_perf_a11y_test.dart: ... Continuity & No Redundant Docks LoginScreen has single continuous scroll surface and no detached lower dock       01:20 +2021 ~10: /Users/avayroy/Optivus/test/ah_f022_visual_perf_a11y_test.dart: ... Continuity & No Redundant Docks LoginScreen has single continuous scroll surface and no detached lower dock       01:20 +2022 ~10: /Users/avayroy/Optivus/test/ah_f022_visual_perf_a11y_test.dart: ... Continuity & No Redundant Docks LoginScreen has single continuous scroll surface and no detached lower dock       01:20 +2023 ~10: /Users/avayroy/Optivus/test/ah_f022_visual_perf_a11y_test.dart: ... Continuity & No Redundant Docks LoginScreen has single continuous scroll surface and no detached lower dock       01:20 +2024 ~10: /Users/avayroy/Optivus/test/ah_f022_visual_perf_a11y_test.dart: ... Continuity & No Redundant Docks LoginScreen has single continuous scroll surface and no detached lower dock       01:20 +2025 ~10: /Users/avayroy/Optivus/test/ah_f022_visual_perf_a11y_test.dart: ... Continuity & No Redundant Docks LoginScreen has single continuous scroll surface and no detached lower dock       01:20 +2026 ~10: /Users/avayroy/Optivus/test/ah_f022_visual_perf_a11y_test.dart: ... Continuity & No Redundant Docks LoginScreen has single continuous scroll surface and no detached lower dock       01:20 +2027 ~10: /Users/avayroy/Optivus/test/onboarding_completion_group_a_stress_test.dart: ... & Recovery UI Router routes needsAction to /onboarding/recovery rendering OnboardingRecoveryScreen    01:20 +2028 ~10: /Users/avayroy/Optivus/test/onboarding_completion_group_a_stress_test.dart: ... & Recovery UI Router routes needsAction to /onboarding/recovery rendering OnboardingRecoveryScreen    01:20 +2029 ~10: /Users/avayroy/Optivus/test/onboarding_completion_group_a_stress_test.dart: ... & Recovery UI Router routes needsAction to /onboarding/recovery rendering OnboardingRecoveryScreen    01:20 +2030 ~10: /Users/avayroy/Optivus/test/onboarding_completion_group_a_stress_test.dart: ... & Recovery UI Router routes needsAction to /onboarding/recovery rendering OnboardingRecoveryScreen    01:20 +2031 ~10: /Users/avayroy/Optivus/test/onboarding_completion_group_a_stress_test.dart: ... & Recovery UI Router routes needsAction to /onboarding/recovery rendering OnboardingRecoveryScreen    01:20 +2032 ~10: /Users/avayroy/Optivus/test/onboarding_completion_group_a_stress_test.dart: ... & Recovery UI Router routes needsAction to /onboarding/recovery rendering OnboardingRecoveryScreen    01:20 +2032 ~10: /Users/avayroy/Optivus/test/routine_import_ai_phase2d_test.dart: Worker AI client handles invalid JSON safely                                                                         
[RoutineImportAiClient] invalid worker response: reason=missing result id uidMatches=false source=classes expectedSource=classes hasCandidatesList=false candidateCount=n/a
01:20 +2033 ~10: /Users/avayroy/Optivus/test/onboarding_completion_group_a_stress_test.dart: ... & Recovery UI Router routes needsAction to /onboarding/recovery rendering OnboardingRecoveryScreen    01:20 +2034 ~10: /Users/avayroy/Optivus/test/onboarding_completion_group_a_stress_test.dart: ... & Recovery UI Router routes needsAction to /onboarding/recovery rendering OnboardingRecoveryScreen    01:20 +2035 ~10: /Users/avayroy/Optivus/test/onboarding_completion_group_a_stress_test.dart: ... & Recovery UI Router routes needsAction to /onboarding/recovery rendering OnboardingRecoveryScreen    01:20 +2036 ~10: /Users/avayroy/Optivus/test/onboarding_completion_group_a_stress_test.dart: ... & Recovery UI Router routes needsAction to /onboarding/recovery rendering OnboardingRecoveryScreen    01:20 +2037 ~10: /Users/avayroy/Optivus/test/onboarding_completion_group_a_stress_test.dart: ... & Recovery UI Router routes needsAction to /onboarding/recovery rendering OnboardingRecoveryScreen    01:20 +2038 ~10: /Users/avayroy/Optivus/test/onboarding_completion_group_a_stress_test.dart: ... & Recovery UI Router routes needsAction to /onboarding/recovery rendering OnboardingRecoveryScreen    01:20 +2039 ~10: /Users/avayroy/Optivus/test/onboarding_completion_group_a_stress_test.dart: ... & Recovery UI Router routes needsAction to /onboarding/recovery rendering OnboardingRecoveryScreen    01:20 +2040 ~10: /Users/avayroy/Optivus/test/onboarding_completion_group_a_stress_test.dart: ... & Recovery UI Router routes needsAction to /onboarding/recovery rendering OnboardingRecoveryScreen    01:20 +2041 ~10: /Users/avayroy/Optivus/test/onboarding_completion_group_a_stress_test.dart: ... & Recovery UI Router routes needsAction to /onboarding/recovery rendering OnboardingRecoveryScreen    01:20 +2042 ~10: /Users/avayroy/Optivus/test/onboarding_completion_group_a_stress_test.dart: ... & Recovery UI Router routes needsAction to /onboarding/recovery rendering OnboardingRecoveryScreen    01:20 +2043 ~10: /Users/avayroy/Optivus/test/onboarding_completion_group_a_stress_test.dart: ... & Recovery UI Router routes needsAction to /onboarding/recovery rendering OnboardingRecoveryScreen    01:20 +2044 ~10: /Users/avayroy/Optivus/test/onboarding_completion_group_a_stress_test.dart: ... & Recovery UI Router routes needsAction to /onboarding/recovery rendering OnboardingRecoveryScreen    01:20 +2044 ~10: /Users/avayroy/Optivus/test/routine_import_ai_phase2d_test.dart: Flutter rejects Worker response with wrong uid                                                                       
[RoutineImportAiClient] invalid worker response: reason=uid mismatch uidMatches=false source=classes expectedSource=classes hasCandidatesList=true candidateCount=1
01:20 +2045 ~10: /Users/avayroy/Optivus/test/onboarding_completion_group_a_stress_test.dart: ... & Recovery UI Router routes needsAction to /onboarding/recovery rendering OnboardingRecoveryScreen    01:20 +2045 ~10: /Users/avayroy/Optivus/test/routine_import_ai_phase2d_test.dart: Flutter rejects Worker response with wrong source                                                                    
[RoutineImportAiClient] invalid worker response: reason=source mismatch uidMatches=true source=work expectedSource=classes hasCandidatesList=true candidateCount=1
01:20 +2046 ~10: /Users/avayroy/Optivus/test/onboarding_completion_group_a_stress_test.dart: ... & Recovery UI Router routes needsAction to /onboarding/recovery rendering OnboardingRecoveryScreen    01:20 +2046 ~10: /Users/avayroy/Optivus/test/routine_import_ai_phase2d_test.dart: Flutter rejects Worker response with wrong sourceR2Key                                                               
[RoutineImportAiClient] invalid worker response: reason=sourceR2Key mismatch uidMatches=true source=classes expectedSource=classes hasCandidatesList=true candidateCount=1
01:20 +2047 ~10: /Users/avayroy/Optivus/test/onboarding_completion_group_a_stress_test.dart: ... & Recovery UI Router routes needsAction to /onboarding/recovery rendering OnboardingRecoveryScreen    01:20 +2047 ~10: /Users/avayroy/Optivus/test/routine_import_ai_phase2d_test.dart: Flutter rejects candidate with mismatched sourceR2Key                                                                
[RoutineImportAiClient] invalid worker response: reason=candidate invalid at index 0: sourceR2Key mismatch uidMatches=true source=classes expectedSource=classes hasCandidatesList=true candidateCount=1
01:20 +2048 ~10: /Users/avayroy/Optivus/test/onboarding_completion_group_a_stress_test.dart: ... & Recovery UI Router routes needsAction to /onboarding/recovery rendering OnboardingRecoveryScreen    01:20 +2049 ~10: /Users/avayroy/Optivus/test/onboarding_completion_group_a_stress_test.dart: ... & Recovery UI Router routes needsAction to /onboarding/recovery rendering OnboardingRecoveryScreen    01:21 +2049 ~10: /Users/avayroy/Optivus/test/onboarding_completion_group_a_stress_test.dart: ... & Recovery UI Router routes needsAction to /onboarding/recovery rendering OnboardingRecoveryScreen    01:21 +2050 ~10: /Users/avayroy/Optivus/test/onboarding_completion_group_a_stress_test.dart: ... & Recovery UI Router routes needsAction to /onboarding/recovery rendering OnboardingRecoveryScreen    01:21 +2051 ~10: /Users/avayroy/Optivus/test/onboarding_completion_group_a_stress_test.dart: ... & Recovery UI Router routes needsAction to /onboarding/recovery rendering OnboardingRecoveryScreen    01:21 +2052 ~10: /Users/avayroy/Optivus/test/onboarding_completion_group_a_stress_test.dart: ... & Recovery UI Router routes needsAction to /onboarding/recovery rendering OnboardingRecoveryScreen    01:21 +2053 ~10: /Users/avayroy/Optivus/test/onboarding_completion_group_a_stress_test.dart: ... & Recovery UI Router routes needsAction to /onboarding/recovery rendering OnboardingRecoveryScreen    01:21 +2054 ~10: /Users/avayroy/Optivus/test/onboarding_completion_group_a_stress_test.dart: ... & Recovery UI Router routes needsAction to /onboarding/recovery rendering OnboardingRecoveryScreen    01:21 +2055 ~10: /Users/avayroy/Optivus/test/onboarding_completion_group_a_stress_test.dart: ... & Recovery UI Router routes needsAction to /onboarding/recovery rendering OnboardingRecoveryScreen    01:21 +2056 ~10: /Users/avayroy/Optivus/test/onboarding_completion_group_a_stress_test.dart: ... & Recovery UI Router routes needsAction to /onboarding/recovery rendering OnboardingRecoveryScreen    01:21 +2057 ~10: /Users/avayroy/Optivus/test/onboarding_completion_group_a_stress_test.dart: ... & Recovery UI Router routes needsAction to /onboarding/recovery rendering OnboardingRecoveryScreen    01:21 +2058 ~10: /Users/avayroy/Optivus/test/onboarding_completion_group_a_stress_test.dart: ... & Recovery UI Router routes needsAction to /onboarding/recovery rendering OnboardingRecoveryScreen    01:21 +2059 ~10: /Users/avayroy/Optivus/test/onboarding_completion_group_a_stress_test.dart: ... & Recovery UI Router routes needsAction to /onboarding/recovery rendering OnboardingRecoveryScreen    01:21 +2060 ~10: /Users/avayroy/Optivus/test/onboarding_completion_group_a_stress_test.dart: ... & Recovery UI Router routes needsAction to /onboarding/recovery rendering OnboardingRecoveryScreen    01:21 +2061 ~10: /Users/avayroy/Optivus/test/onboarding_completion_group_a_stress_test.dart: ... & Recovery UI Router routes needsAction to /onboarding/recovery rendering OnboardingRecoveryScreen    01:21 +2062 ~10: /Users/avayroy/Optivus/test/onboarding_completion_group_a_stress_test.dart: ... & Recovery UI Router routes needsAction to /onboarding/recovery rendering OnboardingRecoveryScreen    01:21 +2062 ~10: /Users/avayroy/Optivus/test/ah_f022_visual_perf_a11y_test.dart: AH-F022: Auth Screens Surface Continuity & No Redundant Docks VerifyEmailScreen is continuous and sets auth overlay style
[EmailVerification] stage=verify_screen_entered initialSendState=pending
[VerificationLifecycle] event=poll_cancelled reason=dispose
01:21 +2063 ~10: /Users/avayroy/Optivus/test/onboarding_completion_group_a_stress_test.dart: ... & Recovery UI Router routes needsAction to /onboarding/recovery rendering OnboardingRecoveryScreen    01:21 +2064 ~10: /Users/avayroy/Optivus/test/ah_f022_visual_perf_a11y_test.dart: ... Continuity & No Redundant Docks WelcomeScreen has continuous layout, auth overlay, and >=48dp login link target   01:21 +2065 ~10: /Users/avayroy/Optivus/test/ah_f022_visual_perf_a11y_test.dart: ... Continuity & No Redundant Docks WelcomeScreen has continuous layout, auth overlay, and >=48dp login link target   01:21 +2065 ~10: /Users/avayroy/Optivus/test/ah_f022_visual_perf_a11y_test.dart: ... Auth Screens Surface Continuity & No Redundant Docks LoadingScreen provides continuous layout and auth overlay    01:21 +2066 ~10: /Users/avayroy/Optivus/test/ah_f022_visual_perf_a11y_test.dart: ... Auth Screens Surface Continuity & No Redundant Docks LoadingScreen provides continuous layout and auth overlay    01:21 +2066 ~10: /Users/avayroy/Optivus/test/ah_f022_visual_perf_a11y_test.dart: ... Surface Continuity & No Redundant Docks OnboardingRecoveryScreen provides continuous layout and auth overlay      01:21 +2067 ~10: /Users/avayroy/Optivus/test/ah_f022_visual_perf_a11y_test.dart: ... Surface Continuity & No Redundant Docks OnboardingRecoveryScreen provides continuous layout and auth overlay      01:21 +2067 ~10: /Users/avayroy/Optivus/test/ah_f022_visual_perf_a11y_test.dart: AH-F022: Standard Gray Structural Borders & Controls AuthBackButton has minimum touch target >=48dp                   01:21 +2068 ~10: /Users/avayroy/Optivus/test/ah_f022_visual_perf_a11y_test.dart: AH-F022: Standard Gray Structural Borders & Controls AuthBackButton has minimum touch target >=48dp                   01:21 +2068 ~10: /Users/avayroy/Optivus/test/ah_f022_visual_perf_a11y_test.dart: ... Standard Gray Structural Borders & Controls AuthTextField has 48dp hit constraints on eye button and gray border  01:21 +2069 ~10: /Users/avayroy/Optivus/test/ah_f022_visual_perf_a11y_test.dart: ... Standard Gray Structural Borders & Controls AuthTextField has 48dp hit constraints on eye button and gray border  01:21 +2069 ~10: /Users/avayroy/Optivus/test/ah_f022_visual_perf_a11y_test.dart: ... Borders & Controls TimelineBlockCard renders with high-performance styling and without per-block BackdropFilter   01:21 +2070 ~10: /Users/avayroy/Optivus/test/ah_f022_visual_perf_a11y_test.dart: ... Borders & Controls TimelineBlockCard renders with high-performance styling and without per-block BackdropFilter   01:21 +2070 ~10: /Users/avayroy/Optivus/test/ah_f022_visual_perf_a11y_test.dart: ... Standard Gray Structural Borders & Controls TimelineDayChips uses borderNeutral and allows 1-indexed day selection01:22 +2070 ~10: /Users/avayroy/Optivus/test/ah_f022_visual_perf_a11y_test.dart: ... Standard Gray Structural Borders & Controls TimelineDayChips uses borderNeutral and allows 1-indexed day selection01:22 +2071 ~10: /Users/avayroy/Optivus/test/gate5_static_architecture_test.dart: ... & Contract Enforcement (R1, R2, R3, R6) R1: Zero active occurrences of forbidden legacy identifiers in lib/      01:22 +2072 ~10: /Users/avayroy/Optivus/test/gate5_static_architecture_test.dart: ... & Contract Enforcement (R1, R2, R3, R6) R1: Zero active occurrences of forbidden legacy identifiers in lib/      01:22 +2073 ~10: /Users/avayroy/Optivus/test/ah_f022_visual_perf_a11y_test.dart: ... TalkBack Semantics & Text Scaling Text scaling up to 1.6x renders without overflow in AuthChoiceScreen            01:22 +2074 ~10: /Users/avayroy/Optivus/test/ah_f022_visual_perf_a11y_test.dart: ... TalkBack Semantics & Text Scaling Text scaling up to 1.6x renders without overflow in AuthChoiceScreen            01:22 +2075 ~10: /Users/avayroy/Optivus/test/ah_f022_visual_perf_a11y_test.dart: ... TalkBack Semantics & Text Scaling Text scaling up to 1.6x renders without overflow in AuthChoiceScreen            01:22 +2076 ~10: /Users/avayroy/Optivus/test/routine_history_screen_test.dart: shows valid history while surfacing corrupt entries separately                                                          01:22 +2077 ~10: /Users/avayroy/Optivus/test/routine_history_screen_test.dart: shows valid history while surfacing corrupt entries separately                                                          01:22 +2078 ~10: /Users/avayroy/Optivus/test/routine_history_screen_test.dart: shows valid history while surfacing corrupt entries separately                                                          01:22 +2079 ~10: /Users/avayroy/Optivus/test/routine_history_screen_test.dart: shows valid history while surfacing corrupt entries separately                                                          01:22 +2080 ~10: /Users/avayroy/Optivus/test/routine_history_screen_test.dart: shows valid history while surfacing corrupt entries separately                                                          01:22 +2081 ~10: /Users/avayroy/Optivus/test/routine_history_screen_test.dart: shows valid history while surfacing corrupt entries separately                                                          01:22 +2082 ~10: /Users/avayroy/Optivus/test/routine_history_screen_test.dart: shows valid history while surfacing corrupt entries separately                                                          01:22 +2083 ~10: /Users/avayroy/Optivus/test/routine_history_screen_test.dart: shows valid history while surfacing corrupt entries separately                                                          01:22 +2084 ~10: /Users/avayroy/Optivus/test/routine_history_screen_test.dart: shows valid history while surfacing corrupt entries separately                                                          01:22 +2085 ~10: /Users/avayroy/Optivus/test/routine_history_screen_test.dart: shows valid history while surfacing corrupt entries separately                                                          01:22 +2086 ~10: /Users/avayroy/Optivus/test/routine_history_screen_test.dart: shows valid history while surfacing corrupt entries separately                                                          01:22 +2087 ~10: /Users/avayroy/Optivus/test/routine_history_screen_test.dart: shows valid history while surfacing corrupt entries separately                                                          01:22 +2088 ~10: /Users/avayroy/Optivus/test/routine_history_screen_test.dart: shows valid history while surfacing corrupt entries separately                                                          01:22 +2089 ~10: /Users/avayroy/Optivus/test/routine_history_screen_test.dart: shows valid history while surfacing corrupt entries separately                                                          01:23 +2089 ~10: /Users/avayroy/Optivus/test/routine_history_screen_test.dart: shows valid history while surfacing corrupt entries separately                                                          01:23 +2090 ~10: /Users/avayroy/Optivus/test/gate7_routine_production_foundation_test.dart: Gate 7: Routine Production Foundation Tests Routine CRUD with operation logging and idempotency            01:23 +2091 ~10: /Users/avayroy/Optivus/test/routine_history_screen_test.dart: deduplicates event IDs across lifecycle sections                                                                        01:23 +2092 ~10: /Users/avayroy/Optivus/test/routine_history_screen_test.dart: deduplicates event IDs across lifecycle sections                                                                        01:23 +2093 ~10: /Users/avayroy/Optivus/test/gate7_routine_production_foundation_test.dart: ... Production Foundation Tests Routine -> Tracker boundary: Firebase mode prevents unbacked mock mutations01:23 +2094 ~10: /Users/avayroy/Optivus/test/routine_history_screen_test.dart: renders each lifecycle event exactly once                                                                               01:23 +2095 ~10: /Users/avayroy/Optivus/test/routine_history_screen_test.dart: renders each lifecycle event exactly once                                                                               01:23 +2096 ~10: /Users/avayroy/Optivus/test/routine_history_screen_test.dart: renders each lifecycle event exactly once                                                                               01:23 +2097 ~10: /Users/avayroy/Optivus/test/routine_history_screen_test.dart: renders each lifecycle event exactly once                                                                               01:23 +2098 ~10: /Users/avayroy/Optivus/test/routine_history_screen_test.dart: renders each lifecycle event exactly once                                                                               01:23 +2098 ~10: 10 skipped tests.                                                                                                                                                                     
01:23 +2098 ~10: All other tests passed!                                                                                                                                                               
